[2026-07-07 14:36:16] server listening on 169.254.230.148:8000

[2026-07-07 14:36:16] kicking off experiment 2: {'mixing_temp': 25, 'bath_temp': 5, 'weight_percent': 17, 'volume': 1000, 'pullcast_speed': 10, 'nitrogen': False, 'coupon_to_bath_wait_time': 60, 'nips_bath_wait_time': 60, 'additive_percent': 1}

[2026-07-07 14:36:16] Python recieved!

[2026-07-07 14:36:16] Exact payload being sent: {"mixing_temp": 25, "bath_temp": 5, "weight_percent": 17, "volume": 1000, "pullcast_speed": 10, "nitrogen": false, "coupon_to_bath_wait_time": 60, "nips_bath_wait_time": 60, "additive_percent": 1}

[2026-07-07 14:36:16] Opentrons response: Creating Membrane with following parameters: {"mixing_temp": 25, "bath_temp": 5, "weight_percent": 17, "volume": 1000, "pullcast_speed": 10, "nitrogen": false, "coupon_to_bath_wait_time": 60, "nips_bath_wait_time": 60, "additive_percent": 1}

[2026-07-07 14:36:16] robot started — loop running. Ctrl+C to stop.

[2026-07-07 16:00:44] [DONE] received signal for additive=1  count=1

[2026-07-07 16:00:44] [NEXT] sending additive=2  (count now 2)

[2026-07-07 16:00:44] Python recieved!

[2026-07-07 16:00:44] Exact payload being sent: {"mixing_temp": 25, "bath_temp": 5, "weight_percent": 17, "volume": 1000, "pullcast_speed": 10, "nitrogen": false, "coupon_to_bath_wait_time": 60, "nips_bath_wait_time": 60, "additive_percent": 2}

[2026-07-07 16:00:44] Opentrons response: Creating Membrane with following parameters: {"mixing_temp": 25, "bath_temp": 5, "weight_percent": 17, "volume": 1000, "pullcast_speed": 10, "nitrogen": false, "coupon_to_bath_wait_time": 60, "nips_bath_wait_time": 60, "additive_percent": 2}

[2026-07-07 17:25:56] [DONE] received signal for additive=2  count=2

[2026-07-07 17:25:56] [NEXT] sending additive=3  (count now 3)

[2026-07-07 17:25:56] Python recieved!

[2026-07-07 17:25:56] Exact payload being sent: {"mixing_temp": 25, "bath_temp": 5, "weight_percent": 17, "volume": 1000, "pullcast_speed": 10, "nitrogen": false, "coupon_to_bath_wait_time": 60, "nips_bath_wait_time": 60, "additive_percent": 3}

[2026-07-07 17:25:56] Opentrons response: Creating Membrane with following parameters: {"mixing_temp": 25, "bath_temp": 5, "weight_percent": 17, "volume": 1000, "pullcast_speed": 10, "nitrogen": false, "coupon_to_bath_wait_time": 60, "nips_bath_wait_time": 60, "additive_percent": 3}

[2026-07-07 18:51:20] [DONE] received signal for additive=3  count=3

[2026-07-07 18:51:20] [NEXT] sending additive=4  (count now 4)

[2026-07-07 18:51:20] Python recieved!

[2026-07-07 18:51:20] Exact payload being sent: {"mixing_temp": 25, "bath_temp": 5, "weight_percent": 17, "volume": 1000, "pullcast_speed": 10, "nitrogen": false, "coupon_to_bath_wait_time": 60, "nips_bath_wait_time": 60, "additive_percent": 4}

[2026-07-07 18:51:20] Opentrons response: Creating Membrane with following parameters: {"mixing_temp": 25, "bath_temp": 5, "weight_percent": 17, "volume": 1000, "pullcast_speed": 10, "nitrogen": false, "coupon_to_bath_wait_time": 60, "nips_bath_wait_time": 60, "additive_percent": 4}

[2026-07-08 11:37:41] 
stopping server...

