[2026-07-29 16:32:29] The "mixing_temp" can be between 25 and 80 degrees Celsius. The "bath_temp" can be between 5 and 25 degrees Celsius. The "weight_percent" can be between 10 and 17 percent. The "pullcast_speed" can be between 1 and 20 mm/s. The "coupon_to_bath_wait_time" can be between 0 and 600 seconds. The "nips_bath_wait_time" can be between 1200 and 1800seconds. The "nitrogen" can be either True or False. The "polymer_wt" maximum is 21.0 and the "additive_wt" maximum is 4.0. The "polymer_wt" and "additive_wt" should be within the triangular bounds [(21.0, 0.0), (21.0, 4.0), (0.0, 0.0)].

[2026-07-29 16:32:38] [master_processing] active branches: ['image_processing']

[2026-07-29 16:32:38] server listening on 169.254.230.148:8000

[2026-07-29 16:32:38] kicking off first experiment: {'mixing_temp': 25, 'bath_temp': 5, 'pullcast_speed': 10, 'nitrogen': True, 'coupon_to_bath_wait_time': 60, 'nips_bath_wait_time': 101, 'polymer_wt': 21.0, 'additive_wt': 0.0, 'stock_metadata': {'polymer_stock_wt_percent': 21.0, 'additive_stock_polymer_wt_percent': 21.0, 'additive_stock_additive_wt_percent': 4.0}}

[2026-07-29 16:32:38] Python recieved!

[2026-07-29 16:32:38] Exact payload being sent: {"mixing_temp": 25, "bath_temp": 5, "pullcast_speed": 10, "nitrogen": true, "coupon_to_bath_wait_time": 60, "nips_bath_wait_time": 101, "polymer_wt": 21.0, "additive_wt": 0.0, "stock_metadata": {"polymer_stock_wt_percent": 21.0, "additive_stock_polymer_wt_percent": 21.0, "additive_stock_additive_wt_percent": 4.0}}

[2026-07-29 16:32:38] Opentrons response: Creating Membrane with following parameters: {"mixing_temp": 25, "bath_temp": 5, "pullcast_speed": 10, "nitrogen": true, "coupon_to_bath_wait_time": 60, "nips_bath_wait_time": 101, "polymer_wt": 21.0, "additive_wt": 0.0, "stock_metadata": {"polymer_stock_wt_percent": 21.0, "additive_stock_polymer_wt_percent": 21.0, "additive_stock_additive_wt_percent": 4.0}}

[2026-07-29 16:32:38] robot started — loop running. Ctrl+C to stop.

[2026-07-29 16:49:39] ── PROTOCOL LOG (Opentrons) ────────────────────────────────────────

[2026-07-29 16:49:39] [2026-07-29 20:32:49] Recievied request for membrane with following parameters:

[2026-07-29 16:49:39] [2026-07-29 20:32:49] {'mixing_temp': 25, 'bath_temp': 5, 'pullcast_speed': 10, 'nitrogen': True, 'coupon_to_bath_wait_time': 60, 'nips_bath_wait_time': 101, 'polymer_wt': 21.0, 'additive_wt': 0.0, 'stock_metadata': {'polymer_stock_wt_percent': 21.0, 'additive_stock_polymer_wt_percent': 21.0, 'additive_stock_additive_wt_percent': 4.0}}

[2026-07-29 16:49:39] [2026-07-29 20:32:49] Bath chilling process started.

[2026-07-29 16:49:39] [2026-07-29 20:32:49] Simulating zero tests.

[2026-07-29 16:49:39] [2026-07-29 20:32:49] Beginning zero tests on coupons.

[2026-07-29 16:49:39] [2026-07-29 20:32:49] Opentrons process started.

[2026-07-29 16:49:39] [2026-07-29 20:32:49] 
Target recipe

[2026-07-29 16:49:39] [2026-07-29 20:32:49] -------------

[2026-07-29 16:49:39] [2026-07-29 20:32:49] Total volume:      1000.00 uL

[2026-07-29 16:49:39] [2026-07-29 20:32:49] Target polymer:    21 wt%

[2026-07-29 16:49:39] [2026-07-29 20:32:49] Target additive:   0 wt%

[2026-07-29 16:49:39] [2026-07-29 20:32:49] 
Required volumes

[2026-07-29 16:49:39] [2026-07-29 20:32:49] ----------------

[2026-07-29 16:49:39] [2026-07-29 20:32:49] Normal polymer stock:      1000.00 uL

[2026-07-29 16:49:39] [2026-07-29 20:32:49] Polymer-additive stock:    0.00 uL

[2026-07-29 16:49:39] [2026-07-29 20:32:49] Pure solvent:              0.00 uL

[2026-07-29 16:49:39] [2026-07-29 20:32:49] Total:                     1000.00 uL

[2026-07-29 16:49:39] [2026-07-29 20:32:49] 
Final composition check

[2026-07-29 16:49:39] [2026-07-29 20:32:49] -----------------------

[2026-07-29 16:49:39] [2026-07-29 20:32:49] Polymer:    21.0000 wt%

[2026-07-29 16:49:39] [2026-07-29 20:32:49] Additive:   0.0000 wt%

[2026-07-29 16:49:39] [2026-07-29 20:32:49] Solvent:    79.0000 wt%

[2026-07-29 16:49:39] [2026-07-29 20:32:49] Solution will be pulled from stock polymer bottle.

[2026-07-29 16:49:39] [2026-07-29 20:32:49] 14.13

[2026-07-29 16:49:39] [2026-07-29 20:32:50] 14.09

[2026-07-29 16:49:39] [2026-07-29 20:32:52] 14.03

[2026-07-29 16:49:39] [2026-07-29 20:32:53] 13.98

[2026-07-29 16:49:39] [2026-07-29 20:32:54] 13.94

[2026-07-29 16:49:39] [2026-07-29 20:32:55] 13.89

[2026-07-29 16:49:39] [2026-07-29 20:32:56] 13.84

[2026-07-29 16:49:39] [2026-07-29 20:32:57] 13.79

[2026-07-29 16:49:39] [2026-07-29 20:32:58] 13.74

[2026-07-29 16:49:39] [2026-07-29 20:32:59] 13.7

[2026-07-29 16:49:39] [2026-07-29 20:33:00] 13.65

[2026-07-29 16:49:39] [2026-07-29 20:33:02] 13.6

[2026-07-29 16:49:39] [2026-07-29 20:33:03] 13.55

[2026-07-29 16:49:39] [2026-07-29 20:33:04] 13.5

[2026-07-29 16:49:39] [2026-07-29 20:33:05] 13.46

[2026-07-29 16:49:39] [2026-07-29 20:33:06] 13.4

[2026-07-29 16:49:39] [2026-07-29 20:33:07] 13.36

[2026-07-29 16:49:39] [2026-07-29 20:33:08] 13.31

[2026-07-29 16:49:39] [2026-07-29 20:33:09] 13.26

[2026-07-29 16:49:39] [2026-07-29 20:33:10] 13.21

[2026-07-29 16:49:39] [2026-07-29 20:33:12] 13.16

[2026-07-29 16:49:39] [2026-07-29 20:33:13] 13.12

[2026-07-29 16:49:39] [2026-07-29 20:33:14] 13.07

[2026-07-29 16:49:39] [2026-07-29 20:33:15] 13.02

[2026-07-29 16:49:39] [2026-07-29 20:33:16] 12.97

[2026-07-29 16:49:39] [2026-07-29 20:33:17] 12.92

[2026-07-29 16:49:39] [2026-07-29 20:33:18] 12.87

[2026-07-29 16:49:39] [2026-07-29 20:33:19] 12.82

[2026-07-29 16:49:39] [2026-07-29 20:33:20] 12.77

[2026-07-29 16:49:39] [2026-07-29 20:33:21] 12.72

[2026-07-29 16:49:39] [2026-07-29 20:33:23] 12.68

[2026-07-29 16:49:39] [2026-07-29 20:33:24] 12.62

[2026-07-29 16:49:39] [2026-07-29 20:33:25] 12.58

[2026-07-29 16:49:39] [2026-07-29 20:33:26] 12.53

[2026-07-29 16:49:39] [2026-07-29 20:33:27] 12.48

[2026-07-29 16:49:39] [2026-07-29 20:33:28] 12.44

[2026-07-29 16:49:39] [2026-07-29 20:33:29] 12.39

[2026-07-29 16:49:39] [2026-07-29 20:33:30] 12.35

[2026-07-29 16:49:39] [2026-07-29 20:33:31] 12.29

[2026-07-29 16:49:39] [2026-07-29 20:33:32] 12.25

[2026-07-29 16:49:39] [2026-07-29 20:33:34] 12.2

[2026-07-29 16:49:39] [2026-07-29 20:33:35] 12.15

[2026-07-29 16:49:39] [2026-07-29 20:33:36] 12.11

[2026-07-29 16:49:39] [2026-07-29 20:33:37] 12.06

[2026-07-29 16:49:39] [2026-07-29 20:33:38] 12.02

[2026-07-29 16:49:39] [2026-07-29 20:33:39] 11.97

[2026-07-29 16:49:39] [2026-07-29 20:33:40] 11.93

[2026-07-29 16:49:39] [2026-07-29 20:33:41] 11.88

[2026-07-29 16:49:39] [2026-07-29 20:33:42] 11.83

[2026-07-29 16:49:39] [2026-07-29 20:33:44] 11.79

[2026-07-29 16:49:39] [2026-07-29 20:33:45] 11.74

[2026-07-29 16:49:39] [2026-07-29 20:33:46] 11.7

[2026-07-29 16:49:39] [2026-07-29 20:33:47] 11.65

[2026-07-29 16:49:39] [2026-07-29 20:33:48] 11.61

[2026-07-29 16:49:39] [2026-07-29 20:33:49] 11.56

[2026-07-29 16:49:39] [2026-07-29 20:33:50] 11.51

[2026-07-29 16:49:39] [2026-07-29 20:33:51] 11.47

[2026-07-29 16:49:39] [2026-07-29 20:33:52] 11.42

[2026-07-29 16:49:39] [2026-07-29 20:33:53] 11.38

[2026-07-29 16:49:39] [2026-07-29 20:33:55] 11.33

[2026-07-29 16:49:39] [2026-07-29 20:33:56] 11.28

[2026-07-29 16:49:39] [2026-07-29 20:33:57] 11.24

[2026-07-29 16:49:39] [2026-07-29 20:33:58] 11.19

[2026-07-29 16:49:39] [2026-07-29 20:33:59] 11.15

[2026-07-29 16:49:39] [2026-07-29 20:34:00] 11.1

[2026-07-29 16:49:39] [2026-07-29 20:34:01] 11.06

[2026-07-29 16:49:39] [2026-07-29 20:34:02] 11.01

[2026-07-29 16:49:39] [2026-07-29 20:34:03] 10.96

[2026-07-29 16:49:39] [2026-07-29 20:34:04] 10.92

[2026-07-29 16:49:39] [2026-07-29 20:34:06] 10.87

[2026-07-29 16:49:39] [2026-07-29 20:34:07] 10.83

[2026-07-29 16:49:39] [2026-07-29 20:34:08] 10.78

[2026-07-29 16:49:39] [2026-07-29 20:34:09] 10.74

[2026-07-29 16:49:39] [2026-07-29 20:34:10] 10.69

[2026-07-29 16:49:39] [2026-07-29 20:34:11] 10.65

[2026-07-29 16:49:39] [2026-07-29 20:34:12] 10.61

[2026-07-29 16:49:39] [2026-07-29 20:34:13] 10.56

[2026-07-29 16:49:39] [2026-07-29 20:34:14] 10.52

[2026-07-29 16:49:39] [2026-07-29 20:34:16] 10.47

[2026-07-29 16:49:39] [2026-07-29 20:34:17] 10.43

[2026-07-29 16:49:39] [2026-07-29 20:34:18] 10.38

[2026-07-29 16:49:39] [2026-07-29 20:34:19] 10.33

[2026-07-29 16:49:39] [2026-07-29 20:34:20] 10.29

[2026-07-29 16:49:39] [2026-07-29 20:34:21] 10.24

[2026-07-29 16:49:39] [2026-07-29 20:34:22] 10.2

[2026-07-29 16:49:39] [2026-07-29 20:34:23] 10.15

[2026-07-29 16:49:39] [2026-07-29 20:34:24] 10.11

[2026-07-29 16:49:39] [2026-07-29 20:34:25] 10.06

[2026-07-29 16:49:39] [2026-07-29 20:34:27] 10.02

[2026-07-29 16:49:39] [2026-07-29 20:34:28] 9.98

[2026-07-29 16:49:39] [2026-07-29 20:34:29] 9.93

[2026-07-29 16:49:39] [2026-07-29 20:34:30] 9.89

[2026-07-29 16:49:39] [2026-07-29 20:34:31] 9.84

[2026-07-29 16:49:39] [2026-07-29 20:34:32] 9.8

[2026-07-29 16:49:39] [2026-07-29 20:34:33] 9.76

[2026-07-29 16:49:39] [2026-07-29 20:34:34] 9.71

[2026-07-29 16:49:39] [2026-07-29 20:34:35] 9.67

[2026-07-29 16:49:39] [2026-07-29 20:34:37] 9.63

[2026-07-29 16:49:39] [2026-07-29 20:34:38] 9.59

[2026-07-29 16:49:39] [2026-07-29 20:34:39] 9.54

[2026-07-29 16:49:39] [2026-07-29 20:34:40] 9.5

[2026-07-29 16:49:39] [2026-07-29 20:34:41] 9.46

[2026-07-29 16:49:39] [2026-07-29 20:34:42] 9.41

[2026-07-29 16:49:39] [2026-07-29 20:34:43] 9.37

[2026-07-29 16:49:39] [2026-07-29 20:34:44] 9.32

[2026-07-29 16:49:39] [2026-07-29 20:34:45] 9.28

[2026-07-29 16:49:39] [2026-07-29 20:34:46] 9.24

[2026-07-29 16:49:39] [2026-07-29 20:34:48] 9.19

[2026-07-29 16:49:39] [2026-07-29 20:34:49] 9.15

[2026-07-29 16:49:39] [2026-07-29 20:34:50] 9.1

[2026-07-29 16:49:39] [2026-07-29 20:34:51] 9.06

[2026-07-29 16:49:39] [2026-07-29 20:34:52] 9.02

[2026-07-29 16:49:39] [2026-07-29 20:34:53] 8.98

[2026-07-29 16:49:39] [2026-07-29 20:34:54] 8.93

[2026-07-29 16:49:39] [2026-07-29 20:34:55] 8.89

[2026-07-29 16:49:39] [2026-07-29 20:34:56] 8.85

[2026-07-29 16:49:39] [2026-07-29 20:34:57] 8.81

[2026-07-29 16:49:39] [2026-07-29 20:34:59] 8.77

[2026-07-29 16:49:39] [2026-07-29 20:35:00] 8.72

[2026-07-29 16:49:39] [2026-07-29 20:35:01] 8.68

[2026-07-29 16:49:39] [2026-07-29 20:35:02] 8.64

[2026-07-29 16:49:39] [2026-07-29 20:35:03] 8.59

[2026-07-29 16:49:39] [2026-07-29 20:35:04] 8.55

[2026-07-29 16:49:39] [2026-07-29 20:35:05] 8.51

[2026-07-29 16:49:39] [2026-07-29 20:35:06] 8.47

[2026-07-29 16:49:39] [2026-07-29 20:35:07] 8.42

[2026-07-29 16:49:39] [2026-07-29 20:35:08] 8.38

[2026-07-29 16:49:39] [2026-07-29 20:35:10] 8.34

[2026-07-29 16:49:39] [2026-07-29 20:35:11] 8.29

[2026-07-29 16:49:39] [2026-07-29 20:35:12] 8.25

[2026-07-29 16:49:39] [2026-07-29 20:35:13] 8.21

[2026-07-29 16:49:39] [2026-07-29 20:35:14] 8.17

[2026-07-29 16:49:39] [2026-07-29 20:35:15] 8.13

[2026-07-29 16:49:39] [2026-07-29 20:35:16] 8.09

[2026-07-29 16:49:39] [2026-07-29 20:35:17] 8.04

[2026-07-29 16:49:39] [2026-07-29 20:35:18] 8.0

[2026-07-29 16:49:39] [2026-07-29 20:35:20] 7.96

[2026-07-29 16:49:39] [2026-07-29 20:35:21] 7.91

[2026-07-29 16:49:39] [2026-07-29 20:35:22] 7.87

[2026-07-29 16:49:39] [2026-07-29 20:35:23] 7.83

[2026-07-29 16:49:39] [2026-07-29 20:35:24] 7.79

[2026-07-29 16:49:39] [2026-07-29 20:35:25] 7.75

[2026-07-29 16:49:39] [2026-07-29 20:35:26] 7.7

[2026-07-29 16:49:39] [2026-07-29 20:35:27] 7.66

[2026-07-29 16:49:39] [2026-07-29 20:35:28] 7.62

[2026-07-29 16:49:39] [2026-07-29 20:35:29] 7.59

[2026-07-29 16:49:39] [2026-07-29 20:35:31] 7.54

[2026-07-29 16:49:39] [2026-07-29 20:35:32] 7.51

[2026-07-29 16:49:39] [2026-07-29 20:35:33] 7.46

[2026-07-29 16:49:39] [2026-07-29 20:35:34] 7.42

[2026-07-29 16:49:39] [2026-07-29 20:35:35] 7.39

[2026-07-29 16:49:39] [2026-07-29 20:35:36] 7.34

[2026-07-29 16:49:39] [2026-07-29 20:35:37] 7.31

[2026-07-29 16:49:39] [2026-07-29 20:35:38] 7.26

[2026-07-29 16:49:39] [2026-07-29 20:35:39] 7.22

[2026-07-29 16:49:39] [2026-07-29 20:35:41] 7.19

[2026-07-29 16:49:39] [2026-07-29 20:35:42] 7.14

[2026-07-29 16:49:39] [2026-07-29 20:35:43] 7.11

[2026-07-29 16:49:39] [2026-07-29 20:35:44] 7.06

[2026-07-29 16:49:39] [2026-07-29 20:35:45] 7.02

[2026-07-29 16:49:39] [2026-07-29 20:35:46] 6.98

[2026-07-29 16:49:39] [2026-07-29 20:35:47] 6.94

[2026-07-29 16:49:39] [2026-07-29 20:35:48] 6.9

[2026-07-29 16:49:39] [2026-07-29 20:35:49] 6.86

[2026-07-29 16:49:39] [2026-07-29 20:35:50] 6.83

[2026-07-29 16:49:39] [2026-07-29 20:35:52] 6.78

[2026-07-29 16:49:39] [2026-07-29 20:35:53] 6.75

[2026-07-29 16:49:39] [2026-07-29 20:35:54] 6.7

[2026-07-29 16:49:39] [2026-07-29 20:35:55] 6.66

[2026-07-29 16:49:39] [2026-07-29 20:35:56] 6.63

[2026-07-29 16:49:39] [2026-07-29 20:35:57] 6.59

[2026-07-29 16:49:39] [2026-07-29 20:35:58] 6.55

[2026-07-29 16:49:39] [2026-07-29 20:35:59] 6.51

[2026-07-29 16:49:39] [2026-07-29 20:36:00] 6.47

[2026-07-29 16:49:39] [2026-07-29 20:36:01] 6.43

[2026-07-29 16:49:39] [2026-07-29 20:36:03] 6.39

[2026-07-29 16:49:39] [2026-07-29 20:36:04] 6.35

[2026-07-29 16:49:39] [2026-07-29 20:36:05] 6.31

[2026-07-29 16:49:39] [2026-07-29 20:36:06] 6.28

[2026-07-29 16:49:39] [2026-07-29 20:36:07] 6.23

[2026-07-29 16:49:39] [2026-07-29 20:36:08] 6.2

[2026-07-29 16:49:39] [2026-07-29 20:36:09] 6.15

[2026-07-29 16:49:39] [2026-07-29 20:36:10] 6.11

[2026-07-29 16:49:39] [2026-07-29 20:36:11] 6.08

[2026-07-29 16:49:39] [2026-07-29 20:36:13] 6.04

[2026-07-29 16:49:39] [2026-07-29 20:36:14] 6.0

[2026-07-29 16:49:39] [2026-07-29 20:36:15] 5.96

[2026-07-29 16:49:39] [2026-07-29 20:36:16] 5.93

[2026-07-29 16:49:39] [2026-07-29 20:36:17] 5.88

[2026-07-29 16:49:39] [2026-07-29 20:36:18] 5.84

[2026-07-29 16:49:39] [2026-07-29 20:36:19] 5.81

[2026-07-29 16:49:39] [2026-07-29 20:36:20] 5.77

[2026-07-29 16:49:39] [2026-07-29 20:36:21] 5.73

[2026-07-29 16:49:39] [2026-07-29 20:36:22] 5.7

[2026-07-29 16:49:39] [2026-07-29 20:36:24] 5.66

[2026-07-29 16:49:39] [2026-07-29 20:36:25] 5.62

[2026-07-29 16:49:39] [2026-07-29 20:36:26] 5.58

[2026-07-29 16:49:39] [2026-07-29 20:36:27] 5.55

[2026-07-29 16:49:39] [2026-07-29 20:36:28] 5.51

[2026-07-29 16:49:39] [2026-07-29 20:36:29] 5.48

[2026-07-29 16:49:39] [2026-07-29 20:36:30] 5.44

[2026-07-29 16:49:39] [2026-07-29 20:36:31] 5.4

[2026-07-29 16:49:39] [2026-07-29 20:36:32] 5.37

[2026-07-29 16:49:39] [2026-07-29 20:36:33] 5.33

[2026-07-29 16:49:39] [2026-07-29 20:36:35] 5.29

[2026-07-29 16:49:39] [2026-07-29 20:36:36] 5.25

[2026-07-29 16:49:39] [2026-07-29 20:36:37] 5.22

[2026-07-29 16:49:39] [2026-07-29 20:36:38] 5.18

[2026-07-29 16:49:39] [2026-07-29 20:36:39] 5.14

[2026-07-29 16:49:39] [2026-07-29 20:36:40] 5.11

[2026-07-29 16:49:39] [2026-07-29 20:39:48] entered if statement!!!

[2026-07-29 16:49:39] [2026-07-29 20:42:06] Joined both subprocesses.

[2026-07-29 16:49:39] [2026-07-29 20:42:55] Pullcast complete.

[2026-07-29 16:49:39] [2026-07-29 20:42:55] Nitrogen on.

[2026-07-29 16:49:39] [2026-07-29 20:44:08] Nitrogen off.

[2026-07-29 16:49:39] [2026-07-29 20:44:17] Membrane sitting in bath for 101 seconds.

[2026-07-29 16:49:39] [2026-07-29 20:44:27] Nitrogen cap has been put away.

[2026-07-29 16:49:39] [2026-07-29 20:44:42] Ring has been placed on the coupon.

[2026-07-29 16:49:39] [2026-07-29 20:46:32] Initial membrane picture taken.

[2026-07-29 16:49:39] [2026-07-29 20:46:52] Simulating compression tests.

[2026-07-29 16:49:39] [2026-07-29 20:47:46] Final membrane picture taken.

[2026-07-29 16:49:39] [2026-07-29 20:48:04] Coupon successfully discarded.

[2026-07-29 16:49:39] [2026-07-29 20:48:04] Cleaning knife

[2026-07-29 16:49:39] [2026-07-29 20:49:05] Knife cleaning finished.

[2026-07-29 16:49:39] [2026-07-29 20:49:49] Done

[2026-07-29 16:49:39] ── END PROTOCOL LOG ───────────────────────────────────────────────

[2026-07-29 16:49:39] 
[1/5] organising files...

[2026-07-29 16:49:39] Condition already tested. New folder: 21.0-0.0add-5deg-60s-N2-101s_run2

[2026-07-29 16:49:39] [START] condition=21.0-0.0add-5deg-60s-N2-101s_run2

[2026-07-29 16:49:39] [2/5] processing pipeline for: 21.0-0.0add-5deg-60s-N2-101s_run2

[2026-07-29 16:49:54] [3/5] generating initial report...

[2026-07-29 16:49:54] [4/5] additive iteration mode — skipping active learning...

[2026-07-29 16:49:54]   JSON result: C:\Users\opentrons\Documents\Auto-Membranes\llm_result_21.0-0.0add-5deg-60s-N2-101s_run2.json

[2026-07-29 16:49:54] [5/5] next params: {'mixing_temp': 25, 'bath_temp': 5, 'pullcast_speed': 10, 'nitrogen': True, 'coupon_to_bath_wait_time': 60, 'nips_bath_wait_time': 101, 'polymer_wt': 21.0, 'additive_wt': 0.5, 'stock_metadata': {'polymer_stock_wt_percent': 21.0, 'additive_stock_polymer_wt_percent': 21.0, 'additive_stock_additive_wt_percent': 4.0}}

[2026-07-29 16:49:54] Python recieved!

[2026-07-29 16:49:54] Exact payload being sent: {"mixing_temp": 25, "bath_temp": 5, "pullcast_speed": 10, "nitrogen": true, "coupon_to_bath_wait_time": 60, "nips_bath_wait_time": 101, "polymer_wt": 21.0, "additive_wt": 0.5, "stock_metadata": {"polymer_stock_wt_percent": 21.0, "additive_stock_polymer_wt_percent": 21.0, "additive_stock_additive_wt_percent": 4.0}}

[2026-07-29 16:49:54] Opentrons response: Creating Membrane with following parameters: {"mixing_temp": 25, "bath_temp": 5, "pullcast_speed": 10, "nitrogen": true, "coupon_to_bath_wait_time": 60, "nips_bath_wait_time": 101, "polymer_wt": 21.0, "additive_wt": 0.5, "stock_metadata": {"polymer_stock_wt_percent": 21.0, "additive_stock_polymer_wt_percent": 21.0, "additive_stock_additive_wt_percent": 4.0}}

[2026-07-29 16:49:54] [DONE] 21.0-0.0add-5deg-60s-N2-101s_run2  elapsed=15.0s

[2026-07-29 18:07:18] ── PROTOCOL LOG (Opentrons) ────────────────────────────────────────

[2026-07-29 18:07:18] [2026-07-29 20:50:04] Recievied request for membrane with following parameters:

[2026-07-29 18:07:18] [2026-07-29 20:50:04] {'mixing_temp': 25, 'bath_temp': 5, 'pullcast_speed': 10, 'nitrogen': True, 'coupon_to_bath_wait_time': 60, 'nips_bath_wait_time': 101, 'polymer_wt': 21.0, 'additive_wt': 0.5, 'stock_metadata': {'polymer_stock_wt_percent': 21.0, 'additive_stock_polymer_wt_percent': 21.0, 'additive_stock_additive_wt_percent': 4.0}}

[2026-07-29 18:07:18] [2026-07-29 20:50:04] Bath chilling process started.

[2026-07-29 18:07:18] [2026-07-29 20:50:04] Simulating zero tests.

[2026-07-29 18:07:18] [2026-07-29 20:50:04] Beginning zero tests on coupons.

[2026-07-29 18:07:18] [2026-07-29 20:50:04] Opentrons process started.

[2026-07-29 18:07:18] [2026-07-29 20:50:04] 
Target recipe

[2026-07-29 18:07:18] [2026-07-29 20:50:04] -------------

[2026-07-29 18:07:18] [2026-07-29 20:50:04] Total volume:      1000.00 uL

[2026-07-29 18:07:18] [2026-07-29 20:50:04] Target polymer:    21 wt%

[2026-07-29 18:07:18] [2026-07-29 20:50:04] Target additive:   0.5 wt%

[2026-07-29 18:07:18] [2026-07-29 20:50:04] 
Required volumes

[2026-07-29 18:07:18] [2026-07-29 20:50:04] ----------------

[2026-07-29 18:07:18] [2026-07-29 20:50:04] Normal polymer stock:      877.00 uL

[2026-07-29 18:07:18] [2026-07-29 20:50:04] Polymer-additive stock:    123.00 uL

[2026-07-29 18:07:18] [2026-07-29 20:50:04] Pure solvent:              0.00 uL

[2026-07-29 18:07:18] [2026-07-29 20:50:04] Total:                     1000.00 uL

[2026-07-29 18:07:18] [2026-07-29 20:50:04] 
Final composition check

[2026-07-29 18:07:18] [2026-07-29 20:50:04] -----------------------

[2026-07-29 18:07:18] [2026-07-29 20:50:04] Polymer:    21.0000 wt%

[2026-07-29 18:07:18] [2026-07-29 20:50:04] Additive:   0.4998 wt%

[2026-07-29 18:07:18] [2026-07-29 20:50:04] Solvent:    78.5002 wt%

[2026-07-29 18:07:18] [2026-07-29 20:50:05] 4.77

[2026-07-29 18:07:18] [2026-07-29 20:50:06] 4.76

[2026-07-29 18:07:18] [2026-07-29 20:50:07] 4.75

[2026-07-29 18:07:18] [2026-07-29 20:50:08] 4.74

[2026-07-29 18:07:18] [2026-07-29 20:50:09] 4.74

[2026-07-29 18:07:18] [2026-07-29 20:50:10] 4.73

[2026-07-29 18:07:18] [2026-07-29 20:50:11] 4.72

[2026-07-29 18:07:18] [2026-07-29 20:50:12] 4.7

[2026-07-29 18:07:18] [2026-07-29 20:50:14] 4.69

[2026-07-29 18:07:18] [2026-07-29 20:50:15] 4.67

[2026-07-29 18:07:18] [2026-07-29 20:50:16] 4.65

[2026-07-29 18:07:18] [2026-07-29 20:50:17] 4.64

[2026-07-29 18:07:18] [2026-07-29 20:50:18] 4.62

[2026-07-29 18:07:18] [2026-07-29 20:50:19] 4.62

[2026-07-29 18:07:18] [2026-07-29 20:50:20] 4.61

[2026-07-29 18:07:18] [2026-07-29 20:50:21] 4.61

[2026-07-29 18:07:18] [2026-07-29 20:50:22] 4.61

[2026-07-29 18:07:18] [2026-07-29 20:50:23] 4.61

[2026-07-29 18:07:18] [2026-07-29 20:50:25] 4.61

[2026-07-29 18:07:18] [2026-07-29 20:50:26] 4.62

[2026-07-29 18:07:18] [2026-07-29 20:50:27] 4.63

[2026-07-29 18:07:18] [2026-07-29 20:50:28] 4.64

[2026-07-29 18:07:18] [2026-07-29 20:50:29] 4.66

[2026-07-29 18:07:18] [2026-07-29 20:50:30] 4.68

[2026-07-29 18:07:18] [2026-07-29 20:50:31] 4.7

[2026-07-29 18:07:18] [2026-07-29 20:50:32] 4.72

[2026-07-29 18:07:18] [2026-07-29 20:50:33] 4.74

[2026-07-29 18:07:18] [2026-07-29 20:50:34] 4.76

[2026-07-29 18:07:18] [2026-07-29 20:50:36] 4.79

[2026-07-29 18:07:18] [2026-07-29 20:50:37] 4.81

[2026-07-29 18:07:18] [2026-07-29 20:50:38] 4.84

[2026-07-29 18:07:18] [2026-07-29 20:50:39] 4.87

[2026-07-29 18:07:18] [2026-07-29 20:50:40] 4.89

[2026-07-29 18:07:18] [2026-07-29 20:50:54] Temperature set to 25.

[2026-07-29 18:07:18] [2026-07-29 20:51:57] entered if statement!!!

[2026-07-29 18:07:18] [2026-07-29 21:02:44] entered if statement!!!

[2026-07-29 18:07:18] [2026-07-29 21:14:04] aspirate

[2026-07-29 18:07:18] [2026-07-29 21:14:04] 0

[2026-07-29 18:07:18] [2026-07-29 21:14:04] 10

[2026-07-29 18:07:18] [2026-07-29 21:16:23] dispense

[2026-07-29 18:07:18] [2026-07-29 21:16:23] 0

[2026-07-29 18:07:18] [2026-07-29 21:16:23] 10

[2026-07-29 18:07:18] [2026-07-29 21:17:52] aspirate

[2026-07-29 18:07:18] [2026-07-29 21:17:52] 1

[2026-07-29 18:07:18] [2026-07-29 21:17:52] 10

[2026-07-29 18:07:18] [2026-07-29 21:20:10] dispense

[2026-07-29 18:07:18] [2026-07-29 21:20:10] 1

[2026-07-29 18:07:18] [2026-07-29 21:20:10] 10

[2026-07-29 18:07:18] [2026-07-29 21:21:39] aspirate

[2026-07-29 18:07:18] [2026-07-29 21:21:39] 2

[2026-07-29 18:07:18] [2026-07-29 21:21:39] 10

[2026-07-29 18:07:18] [2026-07-29 21:23:58] dispense

[2026-07-29 18:07:18] [2026-07-29 21:23:58] 2

[2026-07-29 18:07:18] [2026-07-29 21:23:58] 10

[2026-07-29 18:07:18] [2026-07-29 21:25:27] aspirate

[2026-07-29 18:07:18] [2026-07-29 21:25:27] 3

[2026-07-29 18:07:18] [2026-07-29 21:25:27] 10

[2026-07-29 18:07:18] [2026-07-29 21:27:45] dispense

[2026-07-29 18:07:18] [2026-07-29 21:27:45] 3

[2026-07-29 18:07:18] [2026-07-29 21:27:45] 10

[2026-07-29 18:07:18] [2026-07-29 21:29:14] aspirate

[2026-07-29 18:07:18] [2026-07-29 21:29:14] 4

[2026-07-29 18:07:18] [2026-07-29 21:29:14] 10

[2026-07-29 18:07:18] [2026-07-29 21:32:09] dispense

[2026-07-29 18:07:18] [2026-07-29 21:32:09] 4

[2026-07-29 18:07:18] [2026-07-29 21:32:09] 10

[2026-07-29 18:07:18] [2026-07-29 21:33:39] aspirate

[2026-07-29 18:07:18] [2026-07-29 21:33:39] 5

[2026-07-29 18:07:18] [2026-07-29 21:33:39] 10

[2026-07-29 18:07:18] [2026-07-29 21:35:57] dispense

[2026-07-29 18:07:18] [2026-07-29 21:35:57] 5

[2026-07-29 18:07:18] [2026-07-29 21:35:57] 10

[2026-07-29 18:07:18] [2026-07-29 21:37:26] aspirate

[2026-07-29 18:07:18] [2026-07-29 21:37:26] 6

[2026-07-29 18:07:18] [2026-07-29 21:37:26] 10

[2026-07-29 18:07:18] [2026-07-29 21:39:45] dispense

[2026-07-29 18:07:18] [2026-07-29 21:39:45] 6

[2026-07-29 18:07:18] [2026-07-29 21:39:45] 10

[2026-07-29 18:07:18] [2026-07-29 21:41:14] aspirate

[2026-07-29 18:07:18] [2026-07-29 21:41:14] 7

[2026-07-29 18:07:18] [2026-07-29 21:41:14] 10

[2026-07-29 18:07:18] [2026-07-29 21:43:32] dispense

[2026-07-29 18:07:18] [2026-07-29 21:43:32] 7

[2026-07-29 18:07:18] [2026-07-29 21:43:32] 10

[2026-07-29 18:07:18] [2026-07-29 21:45:01] aspirate

[2026-07-29 18:07:18] [2026-07-29 21:45:01] 8

[2026-07-29 18:07:18] [2026-07-29 21:45:01] 10

[2026-07-29 18:07:18] [2026-07-29 21:47:20] dispense

[2026-07-29 18:07:18] [2026-07-29 21:47:20] 8

[2026-07-29 18:07:18] [2026-07-29 21:47:20] 10

[2026-07-29 18:07:18] [2026-07-29 21:48:49] aspirate

[2026-07-29 18:07:18] [2026-07-29 21:48:49] 9

[2026-07-29 18:07:18] [2026-07-29 21:48:49] 10

[2026-07-29 18:07:18] [2026-07-29 21:51:23] dispense

[2026-07-29 18:07:18] [2026-07-29 21:51:23] 9

[2026-07-29 18:07:18] [2026-07-29 21:51:23] 10

[2026-07-29 18:07:18] [2026-07-29 21:51:23] 2328.4044511429965

[2026-07-29 18:07:18] [2026-07-29 21:58:15] entered if statement!!!

[2026-07-29 18:07:18] [2026-07-29 21:59:46] Joined both subprocesses.

[2026-07-29 18:07:18] [2026-07-29 22:00:35] Pullcast complete.

[2026-07-29 18:07:18] [2026-07-29 22:00:35] Nitrogen on.

[2026-07-29 18:07:18] [2026-07-29 22:01:48] Nitrogen off.

[2026-07-29 18:07:18] [2026-07-29 22:01:57] Membrane sitting in bath for 101 seconds.

[2026-07-29 18:07:18] [2026-07-29 22:02:07] Nitrogen cap has been put away.

[2026-07-29 18:07:18] [2026-07-29 22:02:22] Ring has been placed on the coupon.

[2026-07-29 18:07:18] [2026-07-29 22:04:12] Initial membrane picture taken.

[2026-07-29 18:07:18] [2026-07-29 22:04:32] Simulating compression tests.

[2026-07-29 18:07:18] [2026-07-29 22:05:26] Final membrane picture taken.

[2026-07-29 18:07:18] [2026-07-29 22:05:43] Coupon successfully discarded.

[2026-07-29 18:07:18] [2026-07-29 22:05:43] Cleaning knife

[2026-07-29 18:07:18] [2026-07-29 22:06:44] Knife cleaning finished.

[2026-07-29 18:07:18] [2026-07-29 22:07:29] Done

[2026-07-29 18:07:18] ── END PROTOCOL LOG ───────────────────────────────────────────────

[2026-07-29 18:07:18] 
[1/5] organising files...

[2026-07-29 18:07:18] Condition already tested. New folder: 21.0-0.5add-25degMix-5deg-60s-N2-101s_run2

[2026-07-29 18:07:18] [START] condition=21.0-0.5add-25degMix-5deg-60s-N2-101s_run2

[2026-07-29 18:07:18] [2/5] processing pipeline for: 21.0-0.5add-25degMix-5deg-60s-N2-101s_run2

[2026-07-29 18:07:32] [3/5] generating initial report...

[2026-07-29 18:07:32] [4/5] additive iteration mode — skipping active learning...

[2026-07-29 18:07:32]   JSON result: C:\Users\opentrons\Documents\Auto-Membranes\llm_result_21.0-0.5add-25degMix-5deg-60s-N2-101s_run2.json

[2026-07-29 18:07:32] [5/5] next params: {'mixing_temp': 25, 'bath_temp': 5, 'pullcast_speed': 10, 'nitrogen': True, 'coupon_to_bath_wait_time': 60, 'nips_bath_wait_time': 101, 'polymer_wt': 21.0, 'additive_wt': 1.0, 'stock_metadata': {'polymer_stock_wt_percent': 21.0, 'additive_stock_polymer_wt_percent': 21.0, 'additive_stock_additive_wt_percent': 4.0}}

[2026-07-29 18:07:32] Python recieved!

[2026-07-29 18:07:32] Exact payload being sent: {"mixing_temp": 25, "bath_temp": 5, "pullcast_speed": 10, "nitrogen": true, "coupon_to_bath_wait_time": 60, "nips_bath_wait_time": 101, "polymer_wt": 21.0, "additive_wt": 1.0, "stock_metadata": {"polymer_stock_wt_percent": 21.0, "additive_stock_polymer_wt_percent": 21.0, "additive_stock_additive_wt_percent": 4.0}}

[2026-07-29 18:07:32] Opentrons response: Creating Membrane with following parameters: {"mixing_temp": 25, "bath_temp": 5, "pullcast_speed": 10, "nitrogen": true, "coupon_to_bath_wait_time": 60, "nips_bath_wait_time": 101, "polymer_wt": 21.0, "additive_wt": 1.0, "stock_metadata": {"polymer_stock_wt_percent": 21.0, "additive_stock_polymer_wt_percent": 21.0, "additive_stock_additive_wt_percent": 4.0}}

[2026-07-29 18:07:32] [DONE] 21.0-0.5add-25degMix-5deg-60s-N2-101s_run2  elapsed=14.4s

[2026-07-29 19:24:58] ── PROTOCOL LOG (Opentrons) ────────────────────────────────────────

[2026-07-29 19:24:58] [2026-07-29 22:07:43] Recievied request for membrane with following parameters:

[2026-07-29 19:24:58] [2026-07-29 22:07:43] {'mixing_temp': 25, 'bath_temp': 5, 'pullcast_speed': 10, 'nitrogen': True, 'coupon_to_bath_wait_time': 60, 'nips_bath_wait_time': 101, 'polymer_wt': 21.0, 'additive_wt': 1.0, 'stock_metadata': {'polymer_stock_wt_percent': 21.0, 'additive_stock_polymer_wt_percent': 21.0, 'additive_stock_additive_wt_percent': 4.0}}

[2026-07-29 19:24:58] [2026-07-29 22:07:43] Bath chilling process started.

[2026-07-29 19:24:58] [2026-07-29 22:07:43] Simulating zero tests.

[2026-07-29 19:24:58] [2026-07-29 22:07:43] Beginning zero tests on coupons.

[2026-07-29 19:24:58] [2026-07-29 22:07:43] Opentrons process started.

[2026-07-29 19:24:58] [2026-07-29 22:07:43] 
Target recipe

[2026-07-29 19:24:58] [2026-07-29 22:07:43] -------------

[2026-07-29 19:24:58] [2026-07-29 22:07:43] Total volume:      1000.00 uL

[2026-07-29 19:24:58] [2026-07-29 22:07:43] Target polymer:    21 wt%

[2026-07-29 19:24:58] [2026-07-29 22:07:43] Target additive:   1 wt%

[2026-07-29 19:24:58] [2026-07-29 22:07:43] 
Required volumes

[2026-07-29 19:24:58] [2026-07-29 22:07:43] ----------------

[2026-07-29 19:24:58] [2026-07-29 22:07:43] Normal polymer stock:      753.00 uL

[2026-07-29 19:24:58] [2026-07-29 22:07:43] Polymer-additive stock:    247.00 uL

[2026-07-29 19:24:58] [2026-07-29 22:07:43] Pure solvent:              0.00 uL

[2026-07-29 19:24:58] [2026-07-29 22:07:43] Total:                     1000.00 uL

[2026-07-29 19:24:58] [2026-07-29 22:07:43] 
Final composition check

[2026-07-29 19:24:58] [2026-07-29 22:07:43] -----------------------

[2026-07-29 19:24:58] [2026-07-29 22:07:43] Polymer:    21.0000 wt%

[2026-07-29 19:24:58] [2026-07-29 22:07:43] Additive:   1.0015 wt%

[2026-07-29 19:24:58] [2026-07-29 22:07:43] Solvent:    77.9985 wt%

[2026-07-29 19:24:58] [2026-07-29 22:07:43] 4.73

[2026-07-29 19:24:58] [2026-07-29 22:07:45] 4.72

[2026-07-29 19:24:58] [2026-07-29 22:07:46] 4.72

[2026-07-29 19:24:58] [2026-07-29 22:07:47] 4.71

[2026-07-29 19:24:58] [2026-07-29 22:07:48] 4.71

[2026-07-29 19:24:58] [2026-07-29 22:07:49] 4.7

[2026-07-29 19:24:58] [2026-07-29 22:07:50] 4.69

[2026-07-29 19:24:58] [2026-07-29 22:07:51] 4.68

[2026-07-29 19:24:58] [2026-07-29 22:07:52] 4.66

[2026-07-29 19:24:58] [2026-07-29 22:07:53] 4.65

[2026-07-29 19:24:58] [2026-07-29 22:07:55] 4.63

[2026-07-29 19:24:58] [2026-07-29 22:07:56] 4.62

[2026-07-29 19:24:58] [2026-07-29 22:07:57] 4.61

[2026-07-29 19:24:58] [2026-07-29 22:07:58] 4.6

[2026-07-29 19:24:58] [2026-07-29 22:07:59] 4.6

[2026-07-29 19:24:58] [2026-07-29 22:08:00] 4.59

[2026-07-29 19:24:58] [2026-07-29 22:08:01] 4.59

[2026-07-29 19:24:58] [2026-07-29 22:08:02] 4.59

[2026-07-29 19:24:58] [2026-07-29 22:08:03] 4.6

[2026-07-29 19:24:58] [2026-07-29 22:08:04] 4.61

[2026-07-29 19:24:58] [2026-07-29 22:08:06] 4.62

[2026-07-29 19:24:58] [2026-07-29 22:08:07] 4.63

[2026-07-29 19:24:58] [2026-07-29 22:08:08] 4.64

[2026-07-29 19:24:58] [2026-07-29 22:08:09] 4.66

[2026-07-29 19:24:58] [2026-07-29 22:08:10] 4.68

[2026-07-29 19:24:58] [2026-07-29 22:08:11] 4.7

[2026-07-29 19:24:58] [2026-07-29 22:08:12] 4.72

[2026-07-29 19:24:58] [2026-07-29 22:08:13] 4.74

[2026-07-29 19:24:58] [2026-07-29 22:08:14] 4.76

[2026-07-29 19:24:58] [2026-07-29 22:08:16] 4.78

[2026-07-29 19:24:58] [2026-07-29 22:08:17] 4.8

[2026-07-29 19:24:58] [2026-07-29 22:08:18] 4.83

[2026-07-29 19:24:58] [2026-07-29 22:08:19] 4.85

[2026-07-29 19:24:58] [2026-07-29 22:08:20] 4.87

[2026-07-29 19:24:58] [2026-07-29 22:08:21] 4.89

[2026-07-29 19:24:58] [2026-07-29 22:08:35] Temperature set to 25.

[2026-07-29 19:24:58] [2026-07-29 22:10:24] entered if statement!!!

[2026-07-29 19:24:58] [2026-07-29 22:21:10] entered if statement!!!

[2026-07-29 19:24:58] [2026-07-29 22:31:45] aspirate

[2026-07-29 19:24:58] [2026-07-29 22:31:45] 0

[2026-07-29 19:24:58] [2026-07-29 22:31:45] 10

[2026-07-29 19:24:58] [2026-07-29 22:34:03] dispense

[2026-07-29 19:24:58] [2026-07-29 22:34:03] 0

[2026-07-29 19:24:58] [2026-07-29 22:34:03] 10

[2026-07-29 19:24:58] [2026-07-29 22:35:32] aspirate

[2026-07-29 19:24:58] [2026-07-29 22:35:32] 1

[2026-07-29 19:24:58] [2026-07-29 22:35:32] 10

[2026-07-29 19:24:58] [2026-07-29 22:37:51] dispense

[2026-07-29 19:24:58] [2026-07-29 22:37:51] 1

[2026-07-29 19:24:58] [2026-07-29 22:37:51] 10

[2026-07-29 19:24:58] [2026-07-29 22:39:20] aspirate

[2026-07-29 19:24:58] [2026-07-29 22:39:20] 2

[2026-07-29 19:24:58] [2026-07-29 22:39:20] 10

[2026-07-29 19:24:58] [2026-07-29 22:41:38] dispense

[2026-07-29 19:24:58] [2026-07-29 22:41:38] 2

[2026-07-29 19:24:58] [2026-07-29 22:41:38] 10

[2026-07-29 19:24:58] [2026-07-29 22:43:07] aspirate

[2026-07-29 19:24:58] [2026-07-29 22:43:07] 3

[2026-07-29 19:24:58] [2026-07-29 22:43:07] 10

[2026-07-29 19:24:58] [2026-07-29 22:45:26] dispense

[2026-07-29 19:24:58] [2026-07-29 22:45:26] 3

[2026-07-29 19:24:58] [2026-07-29 22:45:26] 10

[2026-07-29 19:24:58] [2026-07-29 22:46:55] aspirate

[2026-07-29 19:24:58] [2026-07-29 22:46:55] 4

[2026-07-29 19:24:58] [2026-07-29 22:46:55] 10

[2026-07-29 19:24:58] [2026-07-29 22:49:50] dispense

[2026-07-29 19:24:58] [2026-07-29 22:49:50] 4

[2026-07-29 19:24:58] [2026-07-29 22:49:50] 10

[2026-07-29 19:24:58] [2026-07-29 22:51:19] aspirate

[2026-07-29 19:24:58] [2026-07-29 22:51:19] 5

[2026-07-29 19:24:58] [2026-07-29 22:51:19] 10

[2026-07-29 19:24:58] [2026-07-29 22:53:37] dispense

[2026-07-29 19:24:58] [2026-07-29 22:53:37] 5

[2026-07-29 19:24:58] [2026-07-29 22:53:37] 10

[2026-07-29 19:24:58] [2026-07-29 22:55:06] aspirate

[2026-07-29 19:24:58] [2026-07-29 22:55:06] 6

[2026-07-29 19:24:58] [2026-07-29 22:55:06] 10

[2026-07-29 19:24:58] [2026-07-29 22:57:25] dispense

[2026-07-29 19:24:58] [2026-07-29 22:57:25] 6

[2026-07-29 19:24:58] [2026-07-29 22:57:25] 10

[2026-07-29 19:24:58] [2026-07-29 22:58:54] aspirate

[2026-07-29 19:24:58] [2026-07-29 22:58:54] 7

[2026-07-29 19:24:58] [2026-07-29 22:58:54] 10

[2026-07-29 19:24:58] [2026-07-29 23:01:12] dispense

[2026-07-29 19:24:58] [2026-07-29 23:01:12] 7

[2026-07-29 19:24:58] [2026-07-29 23:01:12] 10

[2026-07-29 19:24:58] [2026-07-29 23:02:41] aspirate

[2026-07-29 19:24:58] [2026-07-29 23:02:41] 8

[2026-07-29 19:24:58] [2026-07-29 23:02:41] 10

[2026-07-29 19:24:58] [2026-07-29 23:05:00] dispense

[2026-07-29 19:24:58] [2026-07-29 23:05:00] 8

[2026-07-29 19:24:58] [2026-07-29 23:05:00] 10

[2026-07-29 19:24:58] [2026-07-29 23:06:29] aspirate

[2026-07-29 19:24:58] [2026-07-29 23:06:29] 9

[2026-07-29 19:24:58] [2026-07-29 23:06:29] 10

[2026-07-29 19:24:58] [2026-07-29 23:09:04] dispense

[2026-07-29 19:24:58] [2026-07-29 23:09:04] 9

[2026-07-29 19:24:58] [2026-07-29 23:09:04] 10

[2026-07-29 19:24:58] [2026-07-29 23:09:04] 2328.139685882721

[2026-07-29 19:24:58] [2026-07-29 23:15:55] entered if statement!!!

[2026-07-29 19:24:58] [2026-07-29 23:17:26] Joined both subprocesses.

[2026-07-29 19:24:58] [2026-07-29 23:18:15] Pullcast complete.

[2026-07-29 19:24:58] [2026-07-29 23:18:15] Nitrogen on.

[2026-07-29 19:24:58] [2026-07-29 23:19:28] Nitrogen off.

[2026-07-29 19:24:58] [2026-07-29 23:19:37] Membrane sitting in bath for 101 seconds.

[2026-07-29 19:24:58] [2026-07-29 23:19:47] Nitrogen cap has been put away.

[2026-07-29 19:24:58] [2026-07-29 23:20:02] Ring has been placed on the coupon.

[2026-07-29 19:24:58] [2026-07-29 23:21:51] Initial membrane picture taken.

[2026-07-29 19:24:58] [2026-07-29 23:22:12] Simulating compression tests.

[2026-07-29 19:24:58] [2026-07-29 23:23:06] Final membrane picture taken.

[2026-07-29 19:24:58] [2026-07-29 23:23:23] Coupon successfully discarded.

[2026-07-29 19:24:58] [2026-07-29 23:23:23] Cleaning knife

[2026-07-29 19:24:58] [2026-07-29 23:24:24] Knife cleaning finished.

[2026-07-29 19:24:58] [2026-07-29 23:25:08] Done

[2026-07-29 19:24:58] ── END PROTOCOL LOG ───────────────────────────────────────────────

[2026-07-29 19:24:58] 
[1/5] organising files...

[2026-07-29 19:24:58] Condition already tested. New folder: 21.0-1.0add-25degMix-5deg-60s-N2-101s_run2

[2026-07-29 19:24:58] [START] condition=21.0-1.0add-25degMix-5deg-60s-N2-101s_run2

[2026-07-29 19:24:58] [2/5] processing pipeline for: 21.0-1.0add-25degMix-5deg-60s-N2-101s_run2

[2026-07-29 19:25:45] [3/5] generating initial report...

[2026-07-29 19:25:45] [4/5] additive iteration mode — skipping active learning...

[2026-07-29 19:25:45]   JSON result: C:\Users\opentrons\Documents\Auto-Membranes\llm_result_21.0-1.0add-25degMix-5deg-60s-N2-101s_run2.json

[2026-07-29 19:25:45] [5/5] next params: {'mixing_temp': 25, 'bath_temp': 5, 'pullcast_speed': 10, 'nitrogen': True, 'coupon_to_bath_wait_time': 60, 'nips_bath_wait_time': 101, 'polymer_wt': 21.0, 'additive_wt': 1.5, 'stock_metadata': {'polymer_stock_wt_percent': 21.0, 'additive_stock_polymer_wt_percent': 21.0, 'additive_stock_additive_wt_percent': 4.0}}

[2026-07-29 19:25:45] Python recieved!

[2026-07-29 19:25:45] Exact payload being sent: {"mixing_temp": 25, "bath_temp": 5, "pullcast_speed": 10, "nitrogen": true, "coupon_to_bath_wait_time": 60, "nips_bath_wait_time": 101, "polymer_wt": 21.0, "additive_wt": 1.5, "stock_metadata": {"polymer_stock_wt_percent": 21.0, "additive_stock_polymer_wt_percent": 21.0, "additive_stock_additive_wt_percent": 4.0}}

[2026-07-29 19:25:45] Opentrons response: Creating Membrane with following parameters: {"mixing_temp": 25, "bath_temp": 5, "pullcast_speed": 10, "nitrogen": true, "coupon_to_bath_wait_time": 60, "nips_bath_wait_time": 101, "polymer_wt": 21.0, "additive_wt": 1.5, "stock_metadata": {"polymer_stock_wt_percent": 21.0, "additive_stock_polymer_wt_percent": 21.0, "additive_stock_additive_wt_percent": 4.0}}

[2026-07-29 19:25:45] [DONE] 21.0-1.0add-25degMix-5deg-60s-N2-101s_run2  elapsed=47.2s

[2026-07-29 20:43:08] ── PROTOCOL LOG (Opentrons) ────────────────────────────────────────

[2026-07-29 20:43:08] [2026-07-29 23:25:56] Recievied request for membrane with following parameters:

[2026-07-29 20:43:08] [2026-07-29 23:25:56] {'mixing_temp': 25, 'bath_temp': 5, 'pullcast_speed': 10, 'nitrogen': True, 'coupon_to_bath_wait_time': 60, 'nips_bath_wait_time': 101, 'polymer_wt': 21.0, 'additive_wt': 1.5, 'stock_metadata': {'polymer_stock_wt_percent': 21.0, 'additive_stock_polymer_wt_percent': 21.0, 'additive_stock_additive_wt_percent': 4.0}}

[2026-07-29 20:43:08] [2026-07-29 23:25:56] Bath chilling process started.

[2026-07-29 20:43:08] [2026-07-29 23:25:56] Simulating zero tests.

[2026-07-29 20:43:08] [2026-07-29 23:25:56] Beginning zero tests on coupons.

[2026-07-29 20:43:08] [2026-07-29 23:25:56] Opentrons process started.

[2026-07-29 20:43:08] [2026-07-29 23:25:56] 
Target recipe

[2026-07-29 20:43:08] [2026-07-29 23:25:56] -------------

[2026-07-29 20:43:08] [2026-07-29 23:25:56] Total volume:      1000.00 uL

[2026-07-29 20:43:08] [2026-07-29 23:25:56] Target polymer:    21 wt%

[2026-07-29 20:43:08] [2026-07-29 23:25:56] Target additive:   1.5 wt%

[2026-07-29 20:43:08] [2026-07-29 23:25:56] 
Required volumes

[2026-07-29 20:43:08] [2026-07-29 23:25:56] ----------------

[2026-07-29 20:43:08] [2026-07-29 23:25:56] Normal polymer stock:      629.00 uL

[2026-07-29 20:43:08] [2026-07-29 23:25:56] Polymer-additive stock:    371.00 uL

[2026-07-29 20:43:08] [2026-07-29 23:25:56] Pure solvent:              0.00 uL

[2026-07-29 20:43:08] [2026-07-29 23:25:56] Total:                     1000.00 uL

[2026-07-29 20:43:08] [2026-07-29 23:25:56] 
Final composition check

[2026-07-29 20:43:08] [2026-07-29 23:25:56] -----------------------

[2026-07-29 20:43:08] [2026-07-29 23:25:56] Polymer:    21.0000 wt%

[2026-07-29 20:43:08] [2026-07-29 23:25:56] Additive:   1.5009 wt%

[2026-07-29 20:43:08] [2026-07-29 23:25:56] Solvent:    77.4991 wt%

[2026-07-29 20:43:08] [2026-07-29 23:25:56] 4.42

[2026-07-29 20:43:08] [2026-07-29 23:25:57] 4.4

[2026-07-29 20:43:08] [2026-07-29 23:25:58] 4.39

[2026-07-29 20:43:08] [2026-07-29 23:25:59] 4.37

[2026-07-29 20:43:08] [2026-07-29 23:26:00] 4.35

[2026-07-29 20:43:08] [2026-07-29 23:26:02] 4.35

[2026-07-29 20:43:08] [2026-07-29 23:26:03] 4.36

[2026-07-29 20:43:08] [2026-07-29 23:26:04] 4.38

[2026-07-29 20:43:08] [2026-07-29 23:26:05] 4.4

[2026-07-29 20:43:08] [2026-07-29 23:26:06] 4.42

[2026-07-29 20:43:08] [2026-07-29 23:26:07] 4.44

[2026-07-29 20:43:08] [2026-07-29 23:26:08] 4.47

[2026-07-29 20:43:08] [2026-07-29 23:26:09] 4.5

[2026-07-29 20:43:08] [2026-07-29 23:26:10] 4.53

[2026-07-29 20:43:08] [2026-07-29 23:26:12] 4.56

[2026-07-29 20:43:08] [2026-07-29 23:26:13] 4.6

[2026-07-29 20:43:08] [2026-07-29 23:26:14] 4.63

[2026-07-29 20:43:08] [2026-07-29 23:26:15] 4.67

[2026-07-29 20:43:08] [2026-07-29 23:26:16] 4.7

[2026-07-29 20:43:08] [2026-07-29 23:26:17] 4.74

[2026-07-29 20:43:08] [2026-07-29 23:26:18] 4.78

[2026-07-29 20:43:08] [2026-07-29 23:26:19] 4.81

[2026-07-29 20:43:08] [2026-07-29 23:26:20] 4.85

[2026-07-29 20:43:08] [2026-07-29 23:26:21] 4.89

[2026-07-29 20:43:08] [2026-07-29 23:26:46] Temperature set to 25.

[2026-07-29 20:43:08] [2026-07-29 23:29:20] entered if statement!!!

[2026-07-29 20:43:08] [2026-07-29 23:40:06] entered if statement!!!

[2026-07-29 20:43:08] [2026-07-29 23:49:55] aspirate

[2026-07-29 20:43:08] [2026-07-29 23:49:55] 0

[2026-07-29 20:43:08] [2026-07-29 23:49:55] 10

[2026-07-29 20:43:08] [2026-07-29 23:52:13] dispense

[2026-07-29 20:43:08] [2026-07-29 23:52:13] 0

[2026-07-29 20:43:08] [2026-07-29 23:52:13] 10

[2026-07-29 20:43:08] [2026-07-29 23:53:42] aspirate

[2026-07-29 20:43:08] [2026-07-29 23:53:42] 1

[2026-07-29 20:43:08] [2026-07-29 23:53:42] 10

[2026-07-29 20:43:08] [2026-07-29 23:56:01] dispense

[2026-07-29 20:43:08] [2026-07-29 23:56:01] 1

[2026-07-29 20:43:08] [2026-07-29 23:56:01] 10

[2026-07-29 20:43:08] [2026-07-29 23:57:30] aspirate

[2026-07-29 20:43:08] [2026-07-29 23:57:30] 2

[2026-07-29 20:43:08] [2026-07-29 23:57:30] 10

[2026-07-29 20:43:08] [2026-07-29 23:59:48] dispense

[2026-07-29 20:43:08] [2026-07-29 23:59:48] 2

[2026-07-29 20:43:08] [2026-07-29 23:59:48] 10

[2026-07-29 20:43:08] [2026-07-30 00:01:17] aspirate

[2026-07-29 20:43:08] [2026-07-30 00:01:17] 3

[2026-07-29 20:43:08] [2026-07-30 00:01:17] 10

[2026-07-29 20:43:08] [2026-07-30 00:03:36] dispense

[2026-07-29 20:43:08] [2026-07-30 00:03:36] 3

[2026-07-29 20:43:08] [2026-07-30 00:03:36] 10

[2026-07-29 20:43:08] [2026-07-30 00:05:05] aspirate

[2026-07-29 20:43:08] [2026-07-30 00:05:05] 4

[2026-07-29 20:43:08] [2026-07-30 00:05:05] 10

[2026-07-29 20:43:08] [2026-07-30 00:08:00] dispense

[2026-07-29 20:43:08] [2026-07-30 00:08:00] 4

[2026-07-29 20:43:08] [2026-07-30 00:08:00] 10

[2026-07-29 20:43:08] [2026-07-30 00:09:29] aspirate

[2026-07-29 20:43:08] [2026-07-30 00:09:29] 5

[2026-07-29 20:43:08] [2026-07-30 00:09:29] 10

[2026-07-29 20:43:08] [2026-07-30 00:11:48] dispense

[2026-07-29 20:43:08] [2026-07-30 00:11:48] 5

[2026-07-29 20:43:08] [2026-07-30 00:11:48] 10

[2026-07-29 20:43:08] [2026-07-30 00:13:17] aspirate

[2026-07-29 20:43:08] [2026-07-30 00:13:17] 6

[2026-07-29 20:43:08] [2026-07-30 00:13:17] 10

[2026-07-29 20:43:08] [2026-07-30 00:15:35] dispense

[2026-07-29 20:43:08] [2026-07-30 00:15:35] 6

[2026-07-29 20:43:08] [2026-07-30 00:15:35] 10

[2026-07-29 20:43:08] [2026-07-30 00:17:04] aspirate

[2026-07-29 20:43:08] [2026-07-30 00:17:04] 7

[2026-07-29 20:43:08] [2026-07-30 00:17:04] 10

[2026-07-29 20:43:08] [2026-07-30 00:19:23] dispense

[2026-07-29 20:43:08] [2026-07-30 00:19:23] 7

[2026-07-29 20:43:08] [2026-07-30 00:19:23] 10

[2026-07-29 20:43:08] [2026-07-30 00:20:52] aspirate

[2026-07-29 20:43:08] [2026-07-30 00:20:52] 8

[2026-07-29 20:43:08] [2026-07-30 00:20:52] 10

[2026-07-29 20:43:08] [2026-07-30 00:23:10] dispense

[2026-07-29 20:43:08] [2026-07-30 00:23:10] 8

[2026-07-29 20:43:08] [2026-07-30 00:23:10] 10

[2026-07-29 20:43:08] [2026-07-30 00:24:39] aspirate

[2026-07-29 20:43:08] [2026-07-30 00:24:39] 9

[2026-07-29 20:43:08] [2026-07-30 00:24:39] 10

[2026-07-29 20:43:08] [2026-07-30 00:27:14] dispense

[2026-07-29 20:43:08] [2026-07-30 00:27:14] 9

[2026-07-29 20:43:08] [2026-07-30 00:27:14] 10

[2026-07-29 20:43:08] [2026-07-30 00:27:14] 2327.8826313521713

[2026-07-29 20:43:08] [2026-07-30 00:34:05] entered if statement!!!

[2026-07-29 20:43:08] [2026-07-30 00:35:36] Joined both subprocesses.

[2026-07-29 20:43:08] [2026-07-30 00:36:25] Pullcast complete.

[2026-07-29 20:43:08] [2026-07-30 00:36:25] Nitrogen on.

[2026-07-29 20:43:08] [2026-07-30 00:37:38] Nitrogen off.

[2026-07-29 20:43:08] [2026-07-30 00:37:47] Membrane sitting in bath for 101 seconds.

[2026-07-29 20:43:08] [2026-07-30 00:37:57] Nitrogen cap has been put away.

[2026-07-29 20:43:08] [2026-07-30 00:38:12] Ring has been placed on the coupon.

[2026-07-29 20:43:08] [2026-07-30 00:40:02] Initial membrane picture taken.

[2026-07-29 20:43:08] [2026-07-30 00:40:22] Simulating compression tests.

[2026-07-29 20:43:08] [2026-07-30 00:41:16] Final membrane picture taken.

[2026-07-29 20:43:08] [2026-07-30 00:41:33] Coupon successfully discarded.

[2026-07-29 20:43:08] [2026-07-30 00:41:33] Cleaning knife

[2026-07-29 20:43:08] [2026-07-30 00:42:34] Knife cleaning finished.

[2026-07-29 20:43:08] [2026-07-30 00:43:19] Done

[2026-07-29 20:43:08] ── END PROTOCOL LOG ───────────────────────────────────────────────

[2026-07-29 20:43:08] 
[1/5] organising files...

[2026-07-29 20:43:08] Condition already tested. New folder: 21.0-1.5add-25degMix-5deg-60s-N2-101s_run2

[2026-07-29 20:43:08] [START] condition=21.0-1.5add-25degMix-5deg-60s-N2-101s_run2

[2026-07-29 20:43:08] [2/5] processing pipeline for: 21.0-1.5add-25degMix-5deg-60s-N2-101s_run2

[2026-07-29 20:43:20] [3/5] generating initial report...

[2026-07-29 20:43:20] [4/5] additive iteration mode — skipping active learning...

[2026-07-29 20:43:20]   JSON result: C:\Users\opentrons\Documents\Auto-Membranes\llm_result_21.0-1.5add-25degMix-5deg-60s-N2-101s_run2.json

[2026-07-29 20:43:20] [5/5] next params: {'mixing_temp': 25, 'bath_temp': 5, 'pullcast_speed': 10, 'nitrogen': True, 'coupon_to_bath_wait_time': 60, 'nips_bath_wait_time': 101, 'polymer_wt': 21.0, 'additive_wt': 2.0, 'stock_metadata': {'polymer_stock_wt_percent': 21.0, 'additive_stock_polymer_wt_percent': 21.0, 'additive_stock_additive_wt_percent': 4.0}}

[2026-07-29 20:43:20] Python recieved!

[2026-07-29 20:43:20] Exact payload being sent: {"mixing_temp": 25, "bath_temp": 5, "pullcast_speed": 10, "nitrogen": true, "coupon_to_bath_wait_time": 60, "nips_bath_wait_time": 101, "polymer_wt": 21.0, "additive_wt": 2.0, "stock_metadata": {"polymer_stock_wt_percent": 21.0, "additive_stock_polymer_wt_percent": 21.0, "additive_stock_additive_wt_percent": 4.0}}

[2026-07-29 20:43:20] Opentrons response: Creating Membrane with following parameters: {"mixing_temp": 25, "bath_temp": 5, "pullcast_speed": 10, "nitrogen": true, "coupon_to_bath_wait_time": 60, "nips_bath_wait_time": 101, "polymer_wt": 21.0, "additive_wt": 2.0, "stock_metadata": {"polymer_stock_wt_percent": 21.0, "additive_stock_polymer_wt_percent": 21.0, "additive_stock_additive_wt_percent": 4.0}}

[2026-07-29 20:43:20] [DONE] 21.0-1.5add-25degMix-5deg-60s-N2-101s_run2  elapsed=12.1s

[2026-07-29 22:00:45] ── PROTOCOL LOG (Opentrons) ────────────────────────────────────────

[2026-07-29 22:00:45] [2026-07-30 00:43:31] Recievied request for membrane with following parameters:

[2026-07-29 22:00:45] [2026-07-30 00:43:31] {'mixing_temp': 25, 'bath_temp': 5, 'pullcast_speed': 10, 'nitrogen': True, 'coupon_to_bath_wait_time': 60, 'nips_bath_wait_time': 101, 'polymer_wt': 21.0, 'additive_wt': 2.0, 'stock_metadata': {'polymer_stock_wt_percent': 21.0, 'additive_stock_polymer_wt_percent': 21.0, 'additive_stock_additive_wt_percent': 4.0}}

[2026-07-29 22:00:45] [2026-07-30 00:43:31] Bath chilling process started.

[2026-07-29 22:00:45] [2026-07-30 00:43:31] Simulating zero tests.

[2026-07-29 22:00:45] [2026-07-30 00:43:31] Beginning zero tests on coupons.

[2026-07-29 22:00:45] [2026-07-30 00:43:31] Opentrons process started.

[2026-07-29 22:00:45] [2026-07-30 00:43:31] 
Target recipe

[2026-07-29 22:00:45] [2026-07-30 00:43:31] -------------

[2026-07-29 22:00:45] [2026-07-30 00:43:31] Total volume:      1000.00 uL

[2026-07-29 22:00:45] [2026-07-30 00:43:31] Target polymer:    21 wt%

[2026-07-29 22:00:45] [2026-07-30 00:43:31] Target additive:   2 wt%

[2026-07-29 22:00:45] [2026-07-30 00:43:31] 
Required volumes

[2026-07-29 22:00:45] [2026-07-30 00:43:31] ----------------

[2026-07-29 22:00:45] [2026-07-30 00:43:31] Normal polymer stock:      505.00 uL

[2026-07-29 22:00:45] [2026-07-30 00:43:31] Polymer-additive stock:    495.00 uL

[2026-07-29 22:00:45] [2026-07-30 00:43:31] Pure solvent:              0.00 uL

[2026-07-29 22:00:45] [2026-07-30 00:43:31] Total:                     1000.00 uL

[2026-07-29 22:00:45] [2026-07-30 00:43:31] 
Final composition check

[2026-07-29 22:00:45] [2026-07-30 00:43:31] -----------------------

[2026-07-29 22:00:45] [2026-07-30 00:43:31] Polymer:    21.0000 wt%

[2026-07-29 22:00:45] [2026-07-30 00:43:31] Additive:   1.9980 wt%

[2026-07-29 22:00:45] [2026-07-30 00:43:31] Solvent:    77.0020 wt%

[2026-07-29 22:00:45] [2026-07-30 00:43:31] 4.73

[2026-07-29 22:00:45] [2026-07-30 00:43:33] 4.7

[2026-07-29 22:00:45] [2026-07-30 00:43:34] 4.69

[2026-07-29 22:00:45] [2026-07-30 00:43:35] 4.67

[2026-07-29 22:00:45] [2026-07-30 00:43:36] 4.66

[2026-07-29 22:00:45] [2026-07-30 00:43:37] 4.65

[2026-07-29 22:00:45] [2026-07-30 00:43:38] 4.64

[2026-07-29 22:00:45] [2026-07-30 00:43:39] 4.62

[2026-07-29 22:00:45] [2026-07-30 00:43:40] 4.61

[2026-07-29 22:00:45] [2026-07-30 00:43:41] 4.6

[2026-07-29 22:00:45] [2026-07-30 00:43:42] 4.59

[2026-07-29 22:00:45] [2026-07-30 00:43:44] 4.58

[2026-07-29 22:00:45] [2026-07-30 00:43:45] 4.57

[2026-07-29 22:00:45] [2026-07-30 00:43:46] 4.57

[2026-07-29 22:00:45] [2026-07-30 00:43:47] 4.56

[2026-07-29 22:00:45] [2026-07-30 00:43:48] 4.56

[2026-07-29 22:00:45] [2026-07-30 00:43:49] 4.57

[2026-07-29 22:00:45] [2026-07-30 00:43:50] 4.57

[2026-07-29 22:00:45] [2026-07-30 00:43:51] 4.57

[2026-07-29 22:00:45] [2026-07-30 00:43:52] 4.58

[2026-07-29 22:00:45] [2026-07-30 00:43:54] 4.59

[2026-07-29 22:00:45] [2026-07-30 00:43:55] 4.6

[2026-07-29 22:00:45] [2026-07-30 00:43:56] 4.62

[2026-07-29 22:00:45] [2026-07-30 00:43:57] 4.63

[2026-07-29 22:00:45] [2026-07-30 00:43:58] 4.65

[2026-07-29 22:00:45] [2026-07-30 00:43:59] 4.66

[2026-07-29 22:00:45] [2026-07-30 00:44:00] 4.68

[2026-07-29 22:00:45] [2026-07-30 00:44:01] 4.7

[2026-07-29 22:00:45] [2026-07-30 00:44:02] 4.73

[2026-07-29 22:00:45] [2026-07-30 00:44:03] 4.75

[2026-07-29 22:00:45] [2026-07-30 00:44:05] 4.77

[2026-07-29 22:00:45] [2026-07-30 00:44:06] 4.79

[2026-07-29 22:00:45] [2026-07-30 00:44:07] 4.81

[2026-07-29 22:00:45] [2026-07-30 00:44:08] 4.83

[2026-07-29 22:00:45] [2026-07-30 00:44:09] 4.85

[2026-07-29 22:00:45] [2026-07-30 00:44:10] 4.87

[2026-07-29 22:00:45] [2026-07-30 00:44:11] 4.89

[2026-07-29 22:00:45] [2026-07-30 00:44:22] Temperature set to 25.

[2026-07-29 22:00:45] [2026-07-30 00:47:41] entered if statement!!!

[2026-07-29 22:00:45] [2026-07-30 00:58:28] entered if statement!!!

[2026-07-29 22:00:45] [2026-07-30 01:07:32] aspirate

[2026-07-29 22:00:45] [2026-07-30 01:07:32] 0

[2026-07-29 22:00:45] [2026-07-30 01:07:32] 10

[2026-07-29 22:00:45] [2026-07-30 01:09:51] dispense

[2026-07-29 22:00:45] [2026-07-30 01:09:51] 0

[2026-07-29 22:00:45] [2026-07-30 01:09:51] 10

[2026-07-29 22:00:45] [2026-07-30 01:11:20] aspirate

[2026-07-29 22:00:45] [2026-07-30 01:11:20] 1

[2026-07-29 22:00:45] [2026-07-30 01:11:20] 10

[2026-07-29 22:00:45] [2026-07-30 01:13:39] dispense

[2026-07-29 22:00:45] [2026-07-30 01:13:39] 1

[2026-07-29 22:00:45] [2026-07-30 01:13:39] 10

[2026-07-29 22:00:45] [2026-07-30 01:15:08] aspirate

[2026-07-29 22:00:45] [2026-07-30 01:15:08] 2

[2026-07-29 22:00:45] [2026-07-30 01:15:08] 10

[2026-07-29 22:00:45] [2026-07-30 01:17:26] dispense

[2026-07-29 22:00:45] [2026-07-30 01:17:26] 2

[2026-07-29 22:00:45] [2026-07-30 01:17:26] 10

[2026-07-29 22:00:45] [2026-07-30 01:18:55] aspirate

[2026-07-29 22:00:45] [2026-07-30 01:18:55] 3

[2026-07-29 22:00:45] [2026-07-30 01:18:55] 10

[2026-07-29 22:00:45] [2026-07-30 01:21:14] dispense

[2026-07-29 22:00:45] [2026-07-30 01:21:14] 3

[2026-07-29 22:00:45] [2026-07-30 01:21:14] 10

[2026-07-29 22:00:45] [2026-07-30 01:22:43] aspirate

[2026-07-29 22:00:45] [2026-07-30 01:22:43] 4

[2026-07-29 22:00:45] [2026-07-30 01:22:43] 10

[2026-07-29 22:00:45] [2026-07-30 01:25:38] dispense

[2026-07-29 22:00:45] [2026-07-30 01:25:38] 4

[2026-07-29 22:00:45] [2026-07-30 01:25:38] 10

[2026-07-29 22:00:45] [2026-07-30 01:27:06] aspirate

[2026-07-29 22:00:45] [2026-07-30 01:27:06] 5

[2026-07-29 22:00:45] [2026-07-30 01:27:06] 10

[2026-07-29 22:00:45] [2026-07-30 01:29:25] dispense

[2026-07-29 22:00:45] [2026-07-30 01:29:25] 5

[2026-07-29 22:00:45] [2026-07-30 01:29:25] 10

[2026-07-29 22:00:45] [2026-07-30 01:30:54] aspirate

[2026-07-29 22:00:45] [2026-07-30 01:30:54] 6

[2026-07-29 22:00:45] [2026-07-30 01:30:54] 10

[2026-07-29 22:00:45] [2026-07-30 01:33:13] dispense

[2026-07-29 22:00:45] [2026-07-30 01:33:13] 6

[2026-07-29 22:00:45] [2026-07-30 01:33:13] 10

[2026-07-29 22:00:45] [2026-07-30 01:34:42] aspirate

[2026-07-29 22:00:45] [2026-07-30 01:34:42] 7

[2026-07-29 22:00:45] [2026-07-30 01:34:42] 10

[2026-07-29 22:00:45] [2026-07-30 01:37:00] dispense

[2026-07-29 22:00:45] [2026-07-30 01:37:00] 7

[2026-07-29 22:00:45] [2026-07-30 01:37:00] 10

[2026-07-29 22:00:45] [2026-07-30 01:38:29] aspirate

[2026-07-29 22:00:45] [2026-07-30 01:38:29] 8

[2026-07-29 22:00:45] [2026-07-30 01:38:29] 10

[2026-07-29 22:00:45] [2026-07-30 01:40:48] dispense

[2026-07-29 22:00:45] [2026-07-30 01:40:48] 8

[2026-07-29 22:00:45] [2026-07-30 01:40:48] 10

[2026-07-29 22:00:45] [2026-07-30 01:42:17] aspirate

[2026-07-29 22:00:45] [2026-07-30 01:42:17] 9

[2026-07-29 22:00:45] [2026-07-30 01:42:17] 10

[2026-07-29 22:00:45] [2026-07-30 01:44:51] dispense

[2026-07-29 22:00:45] [2026-07-30 01:44:51] 9

[2026-07-29 22:00:45] [2026-07-30 01:44:51] 10

[2026-07-29 22:00:45] [2026-07-30 01:44:51] 2327.8729396853596

[2026-07-29 22:00:45] [2026-07-30 01:51:42] entered if statement!!!

[2026-07-29 22:00:45] [2026-07-30 01:53:14] Joined both subprocesses.

[2026-07-29 22:00:45] [2026-07-30 01:54:02] Pullcast complete.

[2026-07-29 22:00:45] [2026-07-30 01:54:02] Nitrogen on.

[2026-07-29 22:00:45] [2026-07-30 01:55:15] Nitrogen off.

[2026-07-29 22:00:45] [2026-07-30 01:55:25] Membrane sitting in bath for 101 seconds.

[2026-07-29 22:00:45] [2026-07-30 01:55:35] Nitrogen cap has been put away.

[2026-07-29 22:00:45] [2026-07-30 01:55:49] Ring has been placed on the coupon.

[2026-07-29 22:00:45] [2026-07-30 01:57:39] Initial membrane picture taken.

[2026-07-29 22:00:45] [2026-07-30 01:57:59] Simulating compression tests.

[2026-07-29 22:00:45] [2026-07-30 01:58:53] Final membrane picture taken.

[2026-07-29 22:00:45] [2026-07-30 01:59:10] Coupon successfully discarded.

[2026-07-29 22:00:45] [2026-07-30 01:59:10] Cleaning knife

[2026-07-29 22:00:45] [2026-07-30 02:00:11] Knife cleaning finished.

[2026-07-29 22:00:45] [2026-07-30 02:00:56] Done

[2026-07-29 22:00:45] ── END PROTOCOL LOG ───────────────────────────────────────────────

[2026-07-29 22:00:45] 
[1/5] organising files...

[2026-07-29 22:00:45] Condition already tested. New folder: 21.0-2.0add-25degMix-5deg-60s-N2-101s_run2

[2026-07-29 22:00:45] [START] condition=21.0-2.0add-25degMix-5deg-60s-N2-101s_run2

[2026-07-29 22:00:45] [2/5] processing pipeline for: 21.0-2.0add-25degMix-5deg-60s-N2-101s_run2

[2026-07-29 22:01:04] [3/5] generating initial report...

[2026-07-29 22:01:04] [4/5] additive iteration mode — skipping active learning...

[2026-07-29 22:01:04]   JSON result: C:\Users\opentrons\Documents\Auto-Membranes\llm_result_21.0-2.0add-25degMix-5deg-60s-N2-101s_run2.json

[2026-07-29 22:01:04] [5/5] next params: {'mixing_temp': 25, 'bath_temp': 5, 'pullcast_speed': 10, 'nitrogen': True, 'coupon_to_bath_wait_time': 60, 'nips_bath_wait_time': 101, 'polymer_wt': 21.0, 'additive_wt': 2.5, 'stock_metadata': {'polymer_stock_wt_percent': 21.0, 'additive_stock_polymer_wt_percent': 21.0, 'additive_stock_additive_wt_percent': 4.0}}

[2026-07-29 22:01:04] Python recieved!

[2026-07-29 22:01:04] Exact payload being sent: {"mixing_temp": 25, "bath_temp": 5, "pullcast_speed": 10, "nitrogen": true, "coupon_to_bath_wait_time": 60, "nips_bath_wait_time": 101, "polymer_wt": 21.0, "additive_wt": 2.5, "stock_metadata": {"polymer_stock_wt_percent": 21.0, "additive_stock_polymer_wt_percent": 21.0, "additive_stock_additive_wt_percent": 4.0}}

[2026-07-29 22:01:04] Opentrons response: Creating Membrane with following parameters: {"mixing_temp": 25, "bath_temp": 5, "pullcast_speed": 10, "nitrogen": true, "coupon_to_bath_wait_time": 60, "nips_bath_wait_time": 101, "polymer_wt": 21.0, "additive_wt": 2.5, "stock_metadata": {"polymer_stock_wt_percent": 21.0, "additive_stock_polymer_wt_percent": 21.0, "additive_stock_additive_wt_percent": 4.0}}

[2026-07-29 22:01:04] [DONE] 21.0-2.0add-25degMix-5deg-60s-N2-101s_run2  elapsed=19.0s

[2026-07-29 23:16:39] ── PROTOCOL LOG (Opentrons) ────────────────────────────────────────

[2026-07-29 23:16:39] [2026-07-30 02:01:15] Recievied request for membrane with following parameters:

[2026-07-29 23:16:39] [2026-07-30 02:01:15] {'mixing_temp': 25, 'bath_temp': 5, 'pullcast_speed': 10, 'nitrogen': True, 'coupon_to_bath_wait_time': 60, 'nips_bath_wait_time': 101, 'polymer_wt': 21.0, 'additive_wt': 2.5, 'stock_metadata': {'polymer_stock_wt_percent': 21.0, 'additive_stock_polymer_wt_percent': 21.0, 'additive_stock_additive_wt_percent': 4.0}}

[2026-07-29 23:16:39] [2026-07-30 02:01:15] Bath chilling process started.

[2026-07-29 23:16:39] [2026-07-30 02:01:15] Simulating zero tests.

[2026-07-29 23:16:39] [2026-07-30 02:01:15] Beginning zero tests on coupons.

[2026-07-29 23:16:39] [2026-07-30 02:01:15] Opentrons process started.

[2026-07-29 23:16:39] [2026-07-30 02:01:15] 
Target recipe

[2026-07-29 23:16:39] [2026-07-30 02:01:15] -------------

[2026-07-29 23:16:39] [2026-07-30 02:01:15] Total volume:      1000.00 uL

[2026-07-29 23:16:39] [2026-07-30 02:01:15] Target polymer:    21 wt%

[2026-07-29 23:16:39] [2026-07-30 02:01:15] Target additive:   2.5 wt%

[2026-07-29 23:16:39] [2026-07-30 02:01:15] 
Required volumes

[2026-07-29 23:16:39] [2026-07-30 02:01:15] ----------------

[2026-07-29 23:16:39] [2026-07-30 02:01:15] Normal polymer stock:      379.00 uL

[2026-07-29 23:16:39] [2026-07-30 02:01:15] Polymer-additive stock:    621.00 uL

[2026-07-29 23:16:39] [2026-07-30 02:01:15] Pure solvent:              0.00 uL

[2026-07-29 23:16:39] [2026-07-30 02:01:15] Total:                     1000.00 uL

[2026-07-29 23:16:39] [2026-07-30 02:01:15] 
Final composition check

[2026-07-29 23:16:39] [2026-07-30 02:01:15] -----------------------

[2026-07-29 23:16:39] [2026-07-30 02:01:15] Polymer:    21.0000 wt%

[2026-07-29 23:16:39] [2026-07-30 02:01:15] Additive:   2.5009 wt%

[2026-07-29 23:16:39] [2026-07-30 02:01:15] Solvent:    76.4991 wt%

[2026-07-29 23:16:39] [2026-07-30 02:02:06] Temperature set to 25.

[2026-07-29 23:16:39] [2026-07-30 02:06:11] entered if statement!!!

[2026-07-29 23:16:39] [2026-07-30 02:16:57] entered if statement!!!

[2026-07-29 23:16:39] [2026-07-30 02:25:16] aspirate

[2026-07-29 23:16:39] [2026-07-30 02:25:16] 0

[2026-07-29 23:16:39] [2026-07-30 02:25:16] 10

[2026-07-29 23:16:39] [2026-07-30 02:27:34] dispense

[2026-07-29 23:16:39] [2026-07-30 02:27:34] 0

[2026-07-29 23:16:39] [2026-07-30 02:27:34] 10

[2026-07-29 23:16:39] [2026-07-30 02:29:03] aspirate

[2026-07-29 23:16:39] [2026-07-30 02:29:03] 1

[2026-07-29 23:16:39] [2026-07-30 02:29:03] 10

[2026-07-29 23:16:39] [2026-07-30 02:31:22] dispense

[2026-07-29 23:16:39] [2026-07-30 02:31:22] 1

[2026-07-29 23:16:39] [2026-07-30 02:31:22] 10

[2026-07-29 23:16:39] [2026-07-30 02:32:51] aspirate

[2026-07-29 23:16:39] [2026-07-30 02:32:51] 2

[2026-07-29 23:16:39] [2026-07-30 02:32:51] 10

[2026-07-29 23:16:39] [2026-07-30 02:35:09] dispense

[2026-07-29 23:16:39] [2026-07-30 02:35:09] 2

[2026-07-29 23:16:39] [2026-07-30 02:35:09] 10

[2026-07-29 23:16:39] [2026-07-30 02:36:38] aspirate

[2026-07-29 23:16:39] [2026-07-30 02:36:38] 3

[2026-07-29 23:16:39] [2026-07-30 02:36:38] 10

[2026-07-29 23:16:39] [2026-07-30 02:38:57] dispense

[2026-07-29 23:16:39] [2026-07-30 02:38:57] 3

[2026-07-29 23:16:39] [2026-07-30 02:38:57] 10

[2026-07-29 23:16:39] [2026-07-30 02:40:26] aspirate

[2026-07-29 23:16:39] [2026-07-30 02:40:26] 4

[2026-07-29 23:16:39] [2026-07-30 02:40:26] 10

[2026-07-29 23:16:39] [2026-07-30 02:43:21] dispense

[2026-07-29 23:16:39] [2026-07-30 02:43:21] 4

[2026-07-29 23:16:39] [2026-07-30 02:43:21] 10

[2026-07-29 23:16:39] [2026-07-30 02:44:50] aspirate

[2026-07-29 23:16:39] [2026-07-30 02:44:50] 5

[2026-07-29 23:16:39] [2026-07-30 02:44:50] 10

[2026-07-29 23:16:39] [2026-07-30 02:47:08] dispense

[2026-07-29 23:16:39] [2026-07-30 02:47:08] 5

[2026-07-29 23:16:39] [2026-07-30 02:47:08] 10

[2026-07-29 23:16:39] [2026-07-30 02:48:37] aspirate

[2026-07-29 23:16:39] [2026-07-30 02:48:37] 6

[2026-07-29 23:16:39] [2026-07-30 02:48:37] 10

[2026-07-29 23:16:39] [2026-07-30 02:50:56] dispense

[2026-07-29 23:16:39] [2026-07-30 02:50:56] 6

[2026-07-29 23:16:39] [2026-07-30 02:50:56] 10

[2026-07-29 23:16:39] [2026-07-30 02:52:25] aspirate

[2026-07-29 23:16:39] [2026-07-30 02:52:25] 7

[2026-07-29 23:16:39] [2026-07-30 02:52:25] 10

[2026-07-29 23:16:39] [2026-07-30 02:54:43] dispense

[2026-07-29 23:16:39] [2026-07-30 02:54:43] 7

[2026-07-29 23:16:39] [2026-07-30 02:54:43] 10

[2026-07-29 23:16:39] [2026-07-30 02:56:12] aspirate

[2026-07-29 23:16:39] [2026-07-30 02:56:12] 8

[2026-07-29 23:16:39] [2026-07-30 02:56:12] 10

[2026-07-29 23:16:39] [2026-07-30 02:58:31] dispense

[2026-07-29 23:16:39] [2026-07-30 02:58:31] 8

[2026-07-29 23:16:39] [2026-07-30 02:58:31] 10

[2026-07-29 23:16:39] [2026-07-30 03:00:00] aspirate

[2026-07-29 23:16:39] [2026-07-30 03:00:00] 9

[2026-07-29 23:16:39] [2026-07-30 03:00:00] 10

[2026-07-29 23:16:39] [2026-07-30 03:02:35] dispense

[2026-07-29 23:16:39] [2026-07-30 03:02:35] 9

[2026-07-29 23:16:39] [2026-07-30 03:02:35] 10

[2026-07-29 23:16:39] [2026-07-30 03:02:35] 2328.195890152827

[2026-07-29 23:16:39] [2026-07-30 03:09:26] entered if statement!!!

[2026-07-29 23:16:39] [2026-07-30 03:10:57] Joined both subprocesses.

[2026-07-29 23:16:39] [2026-07-30 03:11:46] Pullcast complete.

[2026-07-29 23:16:39] [2026-07-30 03:11:46] Nitrogen on.

[2026-07-29 23:16:39] [2026-07-30 03:12:59] Nitrogen off.

[2026-07-29 23:16:39] [2026-07-30 03:13:08] Membrane sitting in bath for 101 seconds.

[2026-07-29 23:16:39] [2026-07-30 03:13:18] Nitrogen cap has been put away.

[2026-07-29 23:16:39] [2026-07-30 03:13:33] Ring has been placed on the coupon.

[2026-07-29 23:16:39] [2026-07-30 03:15:21] Initial membrane picture taken.

[2026-07-29 23:16:39] [2026-07-30 03:15:24] Simulating compression tests.

[2026-07-29 23:16:39] [2026-07-30 03:15:35] Final membrane picture taken.

[2026-07-29 23:16:39] [2026-07-30 03:15:37] Coupon successfully discarded.

[2026-07-29 23:16:39] [2026-07-30 03:16:46] Cleaning knife

[2026-07-29 23:16:39] [2026-07-30 03:16:48] Knife cleaning finished.

[2026-07-29 23:16:39] [2026-07-30 03:16:50] Done

[2026-07-29 23:16:39] ── END PROTOCOL LOG ───────────────────────────────────────────────

[2026-07-29 23:16:39] 
[1/5] organising files...

[2026-07-29 23:16:39] Condition already tested. New folder: 21.0-2.5add-25degMix-5deg-60s-N2-101s_run2

[2026-07-29 23:16:39] [START] condition=21.0-2.5add-25degMix-5deg-60s-N2-101s_run2

[2026-07-29 23:16:39] [2/5] processing pipeline for: 21.0-2.5add-25degMix-5deg-60s-N2-101s_run2

[2026-07-29 23:17:06] [3/5] generating initial report...

[2026-07-29 23:17:06] [4/5] additive iteration mode — skipping active learning...

[2026-07-29 23:17:06]   JSON result: C:\Users\opentrons\Documents\Auto-Membranes\llm_result_21.0-2.5add-25degMix-5deg-60s-N2-101s_run2.json

[2026-07-29 23:17:06] [5/5] next params: {'mixing_temp': 25, 'bath_temp': 5, 'pullcast_speed': 10, 'nitrogen': True, 'coupon_to_bath_wait_time': 60, 'nips_bath_wait_time': 101, 'polymer_wt': 21.0, 'additive_wt': 3.0, 'stock_metadata': {'polymer_stock_wt_percent': 21.0, 'additive_stock_polymer_wt_percent': 21.0, 'additive_stock_additive_wt_percent': 4.0}}

[2026-07-29 23:17:06] Python recieved!

[2026-07-29 23:17:06] Exact payload being sent: {"mixing_temp": 25, "bath_temp": 5, "pullcast_speed": 10, "nitrogen": true, "coupon_to_bath_wait_time": 60, "nips_bath_wait_time": 101, "polymer_wt": 21.0, "additive_wt": 3.0, "stock_metadata": {"polymer_stock_wt_percent": 21.0, "additive_stock_polymer_wt_percent": 21.0, "additive_stock_additive_wt_percent": 4.0}}

[2026-07-29 23:17:06] Opentrons response: Creating Membrane with following parameters: {"mixing_temp": 25, "bath_temp": 5, "pullcast_speed": 10, "nitrogen": true, "coupon_to_bath_wait_time": 60, "nips_bath_wait_time": 101, "polymer_wt": 21.0, "additive_wt": 3.0, "stock_metadata": {"polymer_stock_wt_percent": 21.0, "additive_stock_polymer_wt_percent": 21.0, "additive_stock_additive_wt_percent": 4.0}}

[2026-07-29 23:17:06] [DONE] 21.0-2.5add-25degMix-5deg-60s-N2-101s_run2  elapsed=27.1s

[2026-07-30 00:32:22] ── PROTOCOL LOG (Opentrons) ────────────────────────────────────────

[2026-07-30 00:32:22] [2026-07-30 03:17:17] Recievied request for membrane with following parameters:

[2026-07-30 00:32:22] [2026-07-30 03:17:17] {'mixing_temp': 25, 'bath_temp': 5, 'pullcast_speed': 10, 'nitrogen': True, 'coupon_to_bath_wait_time': 60, 'nips_bath_wait_time': 101, 'polymer_wt': 21.0, 'additive_wt': 3.0, 'stock_metadata': {'polymer_stock_wt_percent': 21.0, 'additive_stock_polymer_wt_percent': 21.0, 'additive_stock_additive_wt_percent': 4.0}}

[2026-07-30 00:32:22] [2026-07-30 03:17:17] Bath chilling process started.

[2026-07-30 00:32:22] [2026-07-30 03:17:17] Simulating zero tests.

[2026-07-30 00:32:22] [2026-07-30 03:17:17] Beginning zero tests on coupons.

[2026-07-30 00:32:22] [2026-07-30 03:17:17] Opentrons process started.

[2026-07-30 00:32:22] [2026-07-30 03:17:17] 
Target recipe

[2026-07-30 00:32:22] [2026-07-30 03:17:17] -------------

[2026-07-30 00:32:22] [2026-07-30 03:17:17] Total volume:      1000.00 uL

[2026-07-30 00:32:22] [2026-07-30 03:17:17] Target polymer:    21 wt%

[2026-07-30 00:32:22] [2026-07-30 03:17:17] Target additive:   3 wt%

[2026-07-30 00:32:22] [2026-07-30 03:17:17] 
Required volumes

[2026-07-30 00:32:22] [2026-07-30 03:17:17] ----------------

[2026-07-30 00:32:22] [2026-07-30 03:17:17] Normal polymer stock:      253.00 uL

[2026-07-30 00:32:22] [2026-07-30 03:17:17] Polymer-additive stock:    747.00 uL

[2026-07-30 00:32:22] [2026-07-30 03:17:17] Pure solvent:              0.00 uL

[2026-07-30 00:32:22] [2026-07-30 03:17:17] Total:                     1000.00 uL

[2026-07-30 00:32:22] [2026-07-30 03:17:17] 
Final composition check

[2026-07-30 00:32:22] [2026-07-30 03:17:17] -----------------------

[2026-07-30 00:32:22] [2026-07-30 03:17:17] Polymer:    21.0000 wt%

[2026-07-30 00:32:22] [2026-07-30 03:17:17] Additive:   3.0016 wt%

[2026-07-30 00:32:22] [2026-07-30 03:17:17] Solvent:    75.9984 wt%

[2026-07-30 00:32:22] [2026-07-30 03:17:17] 4.89

[2026-07-30 00:32:22] [2026-07-30 03:17:18] 4.89

[2026-07-30 00:32:22] [2026-07-30 03:17:19] 4.88

[2026-07-30 00:32:22] [2026-07-30 03:17:21] 4.87

[2026-07-30 00:32:22] [2026-07-30 03:17:22] 4.87

[2026-07-30 00:32:22] [2026-07-30 03:17:23] 4.86

[2026-07-30 00:32:22] [2026-07-30 03:17:24] 4.86

[2026-07-30 00:32:22] [2026-07-30 03:17:25] 4.85

[2026-07-30 00:32:22] [2026-07-30 03:17:26] 4.85

[2026-07-30 00:32:22] [2026-07-30 03:17:27] 4.84

[2026-07-30 00:32:22] [2026-07-30 03:17:28] 4.84

[2026-07-30 00:32:22] [2026-07-30 03:17:29] 4.83

[2026-07-30 00:32:22] [2026-07-30 03:17:30] 4.83

[2026-07-30 00:32:22] [2026-07-30 03:17:32] 4.83

[2026-07-30 00:32:22] [2026-07-30 03:17:33] 4.84

[2026-07-30 00:32:22] [2026-07-30 03:17:34] 4.84

[2026-07-30 00:32:22] [2026-07-30 03:17:35] 4.85

[2026-07-30 00:32:22] [2026-07-30 03:17:36] 4.87

[2026-07-30 00:32:22] [2026-07-30 03:17:37] 4.88

[2026-07-30 00:32:22] [2026-07-30 03:17:38] 4.89

[2026-07-30 00:32:22] [2026-07-30 03:18:07] Temperature set to 25.

[2026-07-30 00:32:22] [2026-07-30 03:22:57] entered if statement!!!

[2026-07-30 00:32:22] [2026-07-30 03:33:43] entered if statement!!!

[2026-07-30 00:32:22] [2026-07-30 03:41:16] aspirate

[2026-07-30 00:32:22] [2026-07-30 03:41:16] 0

[2026-07-30 00:32:22] [2026-07-30 03:41:16] 10

[2026-07-30 00:32:22] [2026-07-30 03:43:35] dispense

[2026-07-30 00:32:22] [2026-07-30 03:43:35] 0

[2026-07-30 00:32:22] [2026-07-30 03:43:35] 10

[2026-07-30 00:32:22] [2026-07-30 03:45:04] aspirate

[2026-07-30 00:32:22] [2026-07-30 03:45:04] 1

[2026-07-30 00:32:22] [2026-07-30 03:45:04] 10

[2026-07-30 00:32:22] [2026-07-30 03:47:22] dispense

[2026-07-30 00:32:22] [2026-07-30 03:47:22] 1

[2026-07-30 00:32:22] [2026-07-30 03:47:22] 10

[2026-07-30 00:32:22] [2026-07-30 03:48:51] aspirate

[2026-07-30 00:32:22] [2026-07-30 03:48:51] 2

[2026-07-30 00:32:22] [2026-07-30 03:48:51] 10

[2026-07-30 00:32:22] [2026-07-30 03:51:10] dispense

[2026-07-30 00:32:22] [2026-07-30 03:51:10] 2

[2026-07-30 00:32:22] [2026-07-30 03:51:10] 10

[2026-07-30 00:32:22] [2026-07-30 03:52:39] aspirate

[2026-07-30 00:32:22] [2026-07-30 03:52:39] 3

[2026-07-30 00:32:22] [2026-07-30 03:52:39] 10

[2026-07-30 00:32:22] [2026-07-30 03:54:57] dispense

[2026-07-30 00:32:22] [2026-07-30 03:54:57] 3

[2026-07-30 00:32:22] [2026-07-30 03:54:57] 10

[2026-07-30 00:32:22] [2026-07-30 03:56:26] aspirate

[2026-07-30 00:32:22] [2026-07-30 03:56:26] 4

[2026-07-30 00:32:22] [2026-07-30 03:56:26] 10

[2026-07-30 00:32:22] [2026-07-30 03:59:21] dispense

[2026-07-30 00:32:22] [2026-07-30 03:59:21] 4

[2026-07-30 00:32:22] [2026-07-30 03:59:21] 10

[2026-07-30 00:32:22] [2026-07-30 04:00:50] aspirate

[2026-07-30 00:32:22] [2026-07-30 04:00:50] 5

[2026-07-30 00:32:22] [2026-07-30 04:00:50] 10

[2026-07-30 00:32:22] [2026-07-30 04:03:09] dispense

[2026-07-30 00:32:22] [2026-07-30 04:03:09] 5

[2026-07-30 00:32:22] [2026-07-30 04:03:09] 10

[2026-07-30 00:32:22] [2026-07-30 04:04:38] aspirate

[2026-07-30 00:32:22] [2026-07-30 04:04:38] 6

[2026-07-30 00:32:22] [2026-07-30 04:04:38] 10

[2026-07-30 00:32:22] [2026-07-30 04:06:56] dispense

[2026-07-30 00:32:22] [2026-07-30 04:06:56] 6

[2026-07-30 00:32:22] [2026-07-30 04:06:56] 10

[2026-07-30 00:32:22] [2026-07-30 04:08:25] aspirate

[2026-07-30 00:32:22] [2026-07-30 04:08:25] 7

[2026-07-30 00:32:22] [2026-07-30 04:08:25] 10

[2026-07-30 00:32:22] [2026-07-30 04:10:44] dispense

[2026-07-30 00:32:22] [2026-07-30 04:10:44] 7

[2026-07-30 00:32:22] [2026-07-30 04:10:44] 10

[2026-07-30 00:32:22] [2026-07-30 04:12:13] aspirate

[2026-07-30 00:32:22] [2026-07-30 04:12:13] 8

[2026-07-30 00:32:22] [2026-07-30 04:12:13] 10

[2026-07-30 00:32:22] [2026-07-30 04:14:32] dispense

[2026-07-30 00:32:22] [2026-07-30 04:14:32] 8

[2026-07-30 00:32:22] [2026-07-30 04:14:32] 10

[2026-07-30 00:32:22] [2026-07-30 04:16:00] aspirate

[2026-07-30 00:32:22] [2026-07-30 04:16:00] 9

[2026-07-30 00:32:22] [2026-07-30 04:16:00] 10

[2026-07-30 00:32:22] [2026-07-30 04:18:35] dispense

[2026-07-30 00:32:22] [2026-07-30 04:18:35] 9

[2026-07-30 00:32:22] [2026-07-30 04:18:35] 10

[2026-07-30 00:32:22] [2026-07-30 04:18:35] 2328.003617133014

[2026-07-30 00:32:22] [2026-07-30 04:25:27] entered if statement!!!

[2026-07-30 00:32:22] [2026-07-30 04:26:58] Joined both subprocesses.

[2026-07-30 00:32:22] [2026-07-30 04:27:19] Pullcast complete.

[2026-07-30 00:32:22] [2026-07-30 04:27:30] Nitrogen on.

[2026-07-30 00:32:22] [2026-07-30 04:28:31] Nitrogen off.

[2026-07-30 00:32:22] [2026-07-30 04:28:33] Membrane sitting in bath for 101 seconds.

[2026-07-30 00:32:22] [2026-07-30 04:28:34] Nitrogen cap has been put away.

[2026-07-30 00:32:22] [2026-07-30 04:28:36] Ring has been placed on the coupon.

[2026-07-30 00:32:22] [2026-07-30 04:30:20] Initial membrane picture taken.

[2026-07-30 00:32:22] [2026-07-30 04:30:23] Simulating compression tests.

[2026-07-30 00:32:22] [2026-07-30 04:30:34] Final membrane picture taken.

[2026-07-30 00:32:22] [2026-07-30 04:30:37] Coupon successfully discarded.

[2026-07-30 00:32:22] [2026-07-30 04:32:30] Cleaning knife

[2026-07-30 00:32:22] [2026-07-30 04:32:31] Knife cleaning finished.

[2026-07-30 00:32:22] [2026-07-30 04:32:33] Done

[2026-07-30 00:32:22] ── END PROTOCOL LOG ───────────────────────────────────────────────

[2026-07-30 00:32:22] 
[1/5] organising files...

[2026-07-30 00:32:22] Condition already tested. New folder: 21.0-3.0add-25degMix-5deg-60s-N2-101s_run2

[2026-07-30 00:32:23] [START] condition=21.0-3.0add-25degMix-5deg-60s-N2-101s_run2

[2026-07-30 00:32:23] [2/5] processing pipeline for: 21.0-3.0add-25degMix-5deg-60s-N2-101s_run2

[2026-07-30 00:32:39] [3/5] generating initial report...

[2026-07-30 00:32:39] [4/5] additive iteration mode — skipping active learning...

[2026-07-30 00:32:39]   JSON result: C:\Users\opentrons\Documents\Auto-Membranes\llm_result_21.0-3.0add-25degMix-5deg-60s-N2-101s_run2.json

[2026-07-30 00:32:39] [5/5] next params: {'mixing_temp': 25, 'bath_temp': 5, 'pullcast_speed': 10, 'nitrogen': True, 'coupon_to_bath_wait_time': 60, 'nips_bath_wait_time': 101, 'polymer_wt': 21.0, 'additive_wt': 3.5, 'stock_metadata': {'polymer_stock_wt_percent': 21.0, 'additive_stock_polymer_wt_percent': 21.0, 'additive_stock_additive_wt_percent': 4.0}}

[2026-07-30 00:32:39] Python recieved!

[2026-07-30 00:32:39] Exact payload being sent: {"mixing_temp": 25, "bath_temp": 5, "pullcast_speed": 10, "nitrogen": true, "coupon_to_bath_wait_time": 60, "nips_bath_wait_time": 101, "polymer_wt": 21.0, "additive_wt": 3.5, "stock_metadata": {"polymer_stock_wt_percent": 21.0, "additive_stock_polymer_wt_percent": 21.0, "additive_stock_additive_wt_percent": 4.0}}

[2026-07-30 00:32:39] Opentrons response: Creating Membrane with following parameters: {"mixing_temp": 25, "bath_temp": 5, "pullcast_speed": 10, "nitrogen": true, "coupon_to_bath_wait_time": 60, "nips_bath_wait_time": 101, "polymer_wt": 21.0, "additive_wt": 3.5, "stock_metadata": {"polymer_stock_wt_percent": 21.0, "additive_stock_polymer_wt_percent": 21.0, "additive_stock_additive_wt_percent": 4.0}}

[2026-07-30 00:32:39] [DONE] 21.0-3.0add-25degMix-5deg-60s-N2-101s_run2  elapsed=17.0s

[2026-07-30 01:47:55] ── PROTOCOL LOG (Opentrons) ────────────────────────────────────────

[2026-07-30 01:47:55] [2026-07-30 04:32:50] Recievied request for membrane with following parameters:

[2026-07-30 01:47:55] [2026-07-30 04:32:50] {'mixing_temp': 25, 'bath_temp': 5, 'pullcast_speed': 10, 'nitrogen': True, 'coupon_to_bath_wait_time': 60, 'nips_bath_wait_time': 101, 'polymer_wt': 21.0, 'additive_wt': 3.5, 'stock_metadata': {'polymer_stock_wt_percent': 21.0, 'additive_stock_polymer_wt_percent': 21.0, 'additive_stock_additive_wt_percent': 4.0}}

[2026-07-30 01:47:55] [2026-07-30 04:32:50] Bath chilling process started.

[2026-07-30 01:47:55] [2026-07-30 04:32:50] Simulating zero tests.

[2026-07-30 01:47:55] [2026-07-30 04:32:50] Beginning zero tests on coupons.

[2026-07-30 01:47:55] [2026-07-30 04:32:50] Opentrons process started.

[2026-07-30 01:47:55] [2026-07-30 04:32:50] 
Target recipe

[2026-07-30 01:47:55] [2026-07-30 04:32:50] -------------

[2026-07-30 01:47:55] [2026-07-30 04:32:50] Total volume:      1000.00 uL

[2026-07-30 01:47:55] [2026-07-30 04:32:50] Target polymer:    21 wt%

[2026-07-30 01:47:55] [2026-07-30 04:32:50] Target additive:   3.5 wt%

[2026-07-30 01:47:55] [2026-07-30 04:32:50] 
Required volumes

[2026-07-30 01:47:55] [2026-07-30 04:32:50] ----------------

[2026-07-30 01:47:55] [2026-07-30 04:32:50] Normal polymer stock:      127.00 uL

[2026-07-30 01:47:55] [2026-07-30 04:32:50] Polymer-additive stock:    873.00 uL

[2026-07-30 01:47:55] [2026-07-30 04:32:50] Pure solvent:              0.00 uL

[2026-07-30 01:47:55] [2026-07-30 04:32:50] Total:                     1000.00 uL

[2026-07-30 01:47:55] [2026-07-30 04:32:50] 
Final composition check

[2026-07-30 01:47:55] [2026-07-30 04:32:50] -----------------------

[2026-07-30 01:47:55] [2026-07-30 04:32:50] Polymer:    21.0000 wt%

[2026-07-30 01:47:55] [2026-07-30 04:32:50] Additive:   3.4999 wt%

[2026-07-30 01:47:55] [2026-07-30 04:32:50] Solvent:    75.5001 wt%

[2026-07-30 01:47:55] [2026-07-30 04:33:41] Temperature set to 25.

[2026-07-30 01:47:55] [2026-07-30 04:39:17] entered if statement!!!

[2026-07-30 01:47:55] [2026-07-30 04:50:02] entered if statement!!!

[2026-07-30 01:47:55] [2026-07-30 04:56:49] aspirate

[2026-07-30 01:47:55] [2026-07-30 04:56:49] 0

[2026-07-30 01:47:55] [2026-07-30 04:56:49] 10

[2026-07-30 01:47:55] [2026-07-30 04:59:08] dispense

[2026-07-30 01:47:55] [2026-07-30 04:59:08] 0

[2026-07-30 01:47:55] [2026-07-30 04:59:08] 10

[2026-07-30 01:47:55] [2026-07-30 05:00:37] aspirate

[2026-07-30 01:47:55] [2026-07-30 05:00:37] 1

[2026-07-30 01:47:55] [2026-07-30 05:00:37] 10

[2026-07-30 01:47:55] [2026-07-30 05:02:55] dispense

[2026-07-30 01:47:55] [2026-07-30 05:02:55] 1

[2026-07-30 01:47:55] [2026-07-30 05:02:55] 10

[2026-07-30 01:47:55] [2026-07-30 05:04:24] aspirate

[2026-07-30 01:47:55] [2026-07-30 05:04:24] 2

[2026-07-30 01:47:55] [2026-07-30 05:04:24] 10

[2026-07-30 01:47:55] [2026-07-30 05:06:43] dispense

[2026-07-30 01:47:55] [2026-07-30 05:06:43] 2

[2026-07-30 01:47:55] [2026-07-30 05:06:43] 10

[2026-07-30 01:47:55] [2026-07-30 05:08:12] aspirate

[2026-07-30 01:47:55] [2026-07-30 05:08:12] 3

[2026-07-30 01:47:55] [2026-07-30 05:08:12] 10

[2026-07-30 01:47:55] [2026-07-30 05:10:30] dispense

[2026-07-30 01:47:55] [2026-07-30 05:10:30] 3

[2026-07-30 01:47:55] [2026-07-30 05:10:30] 10

[2026-07-30 01:47:55] [2026-07-30 05:11:59] aspirate

[2026-07-30 01:47:55] [2026-07-30 05:11:59] 4

[2026-07-30 01:47:55] [2026-07-30 05:11:59] 10

[2026-07-30 01:47:55] [2026-07-30 05:14:54] dispense

[2026-07-30 01:47:55] [2026-07-30 05:14:54] 4

[2026-07-30 01:47:55] [2026-07-30 05:14:54] 10

[2026-07-30 01:47:55] [2026-07-30 05:16:23] aspirate

[2026-07-30 01:47:55] [2026-07-30 05:16:23] 5

[2026-07-30 01:47:55] [2026-07-30 05:16:23] 10

[2026-07-30 01:47:55] [2026-07-30 05:18:42] dispense

[2026-07-30 01:47:55] [2026-07-30 05:18:42] 5

[2026-07-30 01:47:55] [2026-07-30 05:18:42] 10

[2026-07-30 01:47:55] [2026-07-30 05:20:11] aspirate

[2026-07-30 01:47:55] [2026-07-30 05:20:11] 6

[2026-07-30 01:47:55] [2026-07-30 05:20:11] 10

[2026-07-30 01:47:55] [2026-07-30 05:22:29] dispense

[2026-07-30 01:47:55] [2026-07-30 05:22:29] 6

[2026-07-30 01:47:55] [2026-07-30 05:22:29] 10

[2026-07-30 01:47:55] [2026-07-30 05:23:58] aspirate

[2026-07-30 01:47:55] [2026-07-30 05:23:58] 7

[2026-07-30 01:47:55] [2026-07-30 05:23:58] 10

[2026-07-30 01:47:55] [2026-07-30 05:26:17] dispense

[2026-07-30 01:47:55] [2026-07-30 05:26:17] 7

[2026-07-30 01:47:55] [2026-07-30 05:26:17] 10

[2026-07-30 01:47:55] [2026-07-30 05:27:46] aspirate

[2026-07-30 01:47:55] [2026-07-30 05:27:46] 8

[2026-07-30 01:47:55] [2026-07-30 05:27:46] 10

[2026-07-30 01:47:55] [2026-07-30 05:30:05] dispense

[2026-07-30 01:47:55] [2026-07-30 05:30:05] 8

[2026-07-30 01:47:55] [2026-07-30 05:30:05] 10

[2026-07-30 01:47:55] [2026-07-30 05:31:33] aspirate

[2026-07-30 01:47:55] [2026-07-30 05:31:33] 9

[2026-07-30 01:47:55] [2026-07-30 05:31:33] 10

[2026-07-30 01:47:55] [2026-07-30 05:34:08] dispense

[2026-07-30 01:47:55] [2026-07-30 05:34:08] 9

[2026-07-30 01:47:55] [2026-07-30 05:34:08] 10

[2026-07-30 01:47:55] [2026-07-30 05:34:08] 2327.933192600962

[2026-07-30 01:47:55] [2026-07-30 05:40:59] entered if statement!!!

[2026-07-30 01:47:55] [2026-07-30 05:42:31] Joined both subprocesses.

[2026-07-30 01:47:55] [2026-07-30 05:42:52] Pullcast complete.

[2026-07-30 01:47:55] [2026-07-30 05:43:02] Nitrogen on.

[2026-07-30 01:47:55] [2026-07-30 05:44:04] Nitrogen off.

[2026-07-30 01:47:55] [2026-07-30 05:44:05] Membrane sitting in bath for 101 seconds.

[2026-07-30 01:47:55] [2026-07-30 05:44:07] Nitrogen cap has been put away.

[2026-07-30 01:47:55] [2026-07-30 05:44:08] Ring has been placed on the coupon.

[2026-07-30 01:47:55] [2026-07-30 05:45:52] Initial membrane picture taken.

[2026-07-30 01:47:55] [2026-07-30 05:45:56] Simulating compression tests.

[2026-07-30 01:47:55] [2026-07-30 05:46:06] Final membrane picture taken.

[2026-07-30 01:47:55] [2026-07-30 05:46:09] Coupon successfully discarded.

[2026-07-30 01:47:55] [2026-07-30 05:48:02] Cleaning knife

[2026-07-30 01:47:55] [2026-07-30 05:48:04] Knife cleaning finished.

[2026-07-30 01:47:55] [2026-07-30 05:48:06] Done

[2026-07-30 01:47:55] ── END PROTOCOL LOG ───────────────────────────────────────────────

[2026-07-30 01:47:55] 
[1/5] organising files...

[2026-07-30 01:47:55] Condition already tested. New folder: 21.0-3.5add-25degMix-5deg-60s-N2-101s_run2

[2026-07-30 01:47:55] [START] condition=21.0-3.5add-25degMix-5deg-60s-N2-101s_run2

[2026-07-30 01:47:55] [2/5] processing pipeline for: 21.0-3.5add-25degMix-5deg-60s-N2-101s_run2

[2026-07-30 01:48:27] [3/5] generating initial report...

[2026-07-30 01:48:27] [4/5] additive iteration mode — skipping active learning...

[2026-07-30 01:48:27]   JSON result: C:\Users\opentrons\Documents\Auto-Membranes\llm_result_21.0-3.5add-25degMix-5deg-60s-N2-101s_run2.json

[2026-07-30 01:48:27] [5/5] next params: {'mixing_temp': 25, 'bath_temp': 5, 'pullcast_speed': 10, 'nitrogen': True, 'coupon_to_bath_wait_time': 60, 'nips_bath_wait_time': 101, 'polymer_wt': 21.0, 'additive_wt': 4.0, 'stock_metadata': {'polymer_stock_wt_percent': 21.0, 'additive_stock_polymer_wt_percent': 21.0, 'additive_stock_additive_wt_percent': 4.0}}

[2026-07-30 01:48:27] Python recieved!

[2026-07-30 01:48:27] Exact payload being sent: {"mixing_temp": 25, "bath_temp": 5, "pullcast_speed": 10, "nitrogen": true, "coupon_to_bath_wait_time": 60, "nips_bath_wait_time": 101, "polymer_wt": 21.0, "additive_wt": 4.0, "stock_metadata": {"polymer_stock_wt_percent": 21.0, "additive_stock_polymer_wt_percent": 21.0, "additive_stock_additive_wt_percent": 4.0}}

[2026-07-30 01:48:27] Opentrons response: Creating Membrane with following parameters: {"mixing_temp": 25, "bath_temp": 5, "pullcast_speed": 10, "nitrogen": true, "coupon_to_bath_wait_time": 60, "nips_bath_wait_time": 101, "polymer_wt": 21.0, "additive_wt": 4.0, "stock_metadata": {"polymer_stock_wt_percent": 21.0, "additive_stock_polymer_wt_percent": 21.0, "additive_stock_additive_wt_percent": 4.0}}

[2026-07-30 01:48:27] [DONE] 21.0-3.5add-25degMix-5deg-60s-N2-101s_run2  elapsed=32.2s

[2026-07-30 02:03:20] ── PROTOCOL LOG (Opentrons) ────────────────────────────────────────

[2026-07-30 02:03:20] [2026-07-30 05:48:38] Recievied request for membrane with following parameters:

[2026-07-30 02:03:20] [2026-07-30 05:48:38] {'mixing_temp': 25, 'bath_temp': 5, 'pullcast_speed': 10, 'nitrogen': True, 'coupon_to_bath_wait_time': 60, 'nips_bath_wait_time': 101, 'polymer_wt': 21.0, 'additive_wt': 4.0, 'stock_metadata': {'polymer_stock_wt_percent': 21.0, 'additive_stock_polymer_wt_percent': 21.0, 'additive_stock_additive_wt_percent': 4.0}}

[2026-07-30 02:03:20] [2026-07-30 05:48:38] Bath chilling process started.

[2026-07-30 02:03:20] [2026-07-30 05:48:38] Simulating zero tests.

[2026-07-30 02:03:20] [2026-07-30 05:48:38] Beginning zero tests on coupons.

[2026-07-30 02:03:20] [2026-07-30 05:48:38] Opentrons process started.

[2026-07-30 02:03:20] [2026-07-30 05:48:38] 
Target recipe

[2026-07-30 02:03:20] [2026-07-30 05:48:38] -------------

[2026-07-30 02:03:20] [2026-07-30 05:48:38] Total volume:      1000.00 uL

[2026-07-30 02:03:20] [2026-07-30 05:48:38] Target polymer:    21 wt%

[2026-07-30 02:03:20] [2026-07-30 05:48:38] Target additive:   4 wt%

[2026-07-30 02:03:20] [2026-07-30 05:48:38] 
Required volumes

[2026-07-30 02:03:20] [2026-07-30 05:48:38] ----------------

[2026-07-30 02:03:20] [2026-07-30 05:48:38] Normal polymer stock:      0.00 uL

[2026-07-30 02:03:20] [2026-07-30 05:48:38] Polymer-additive stock:    1000.00 uL

[2026-07-30 02:03:20] [2026-07-30 05:48:38] Pure solvent:              0.00 uL

[2026-07-30 02:03:20] [2026-07-30 05:48:38] Total:                     1000.00 uL

[2026-07-30 02:03:20] [2026-07-30 05:48:38] 
Final composition check

[2026-07-30 02:03:20] [2026-07-30 05:48:38] -----------------------

[2026-07-30 02:03:20] [2026-07-30 05:48:38] Polymer:    21.0000 wt%

[2026-07-30 02:03:20] [2026-07-30 05:48:38] Additive:   4.0000 wt%

[2026-07-30 02:03:20] [2026-07-30 05:48:38] Solvent:    75.0000 wt%

[2026-07-30 02:03:20] [2026-07-30 05:48:38] Solution will be pulled from additive bottle.

[2026-07-30 02:03:20] [2026-07-30 05:48:39] 4.75

[2026-07-30 02:03:20] [2026-07-30 05:48:40] 4.73

[2026-07-30 02:03:20] [2026-07-30 05:48:41] 4.71

[2026-07-30 02:03:20] [2026-07-30 05:48:42] 4.69

[2026-07-30 02:03:20] [2026-07-30 05:48:43] 4.68

[2026-07-30 02:03:20] [2026-07-30 05:48:44] 4.68

[2026-07-30 02:03:20] [2026-07-30 05:48:45] 4.67

[2026-07-30 02:03:20] [2026-07-30 05:48:46] 4.67

[2026-07-30 02:03:20] [2026-07-30 05:48:47] 4.66

[2026-07-30 02:03:20] [2026-07-30 05:48:49] 4.66

[2026-07-30 02:03:20] [2026-07-30 05:48:50] 4.67

[2026-07-30 02:03:20] [2026-07-30 05:48:51] 4.67

[2026-07-30 02:03:20] [2026-07-30 05:48:52] 4.68

[2026-07-30 02:03:20] [2026-07-30 05:48:53] 4.68

[2026-07-30 02:03:20] [2026-07-30 05:48:54] 4.69

[2026-07-30 02:03:20] [2026-07-30 05:48:55] 4.71

[2026-07-30 02:03:20] [2026-07-30 05:48:56] 4.72

[2026-07-30 02:03:20] [2026-07-30 05:48:57] 4.74

[2026-07-30 02:03:20] [2026-07-30 05:48:59] 4.76

[2026-07-30 02:03:20] [2026-07-30 05:49:00] 4.78

[2026-07-30 02:03:20] [2026-07-30 05:49:01] 4.8

[2026-07-30 02:03:20] [2026-07-30 05:49:02] 4.82

[2026-07-30 02:03:20] [2026-07-30 05:49:03] 4.84

[2026-07-30 02:03:20] [2026-07-30 05:49:04] 4.87

[2026-07-30 02:03:20] [2026-07-30 05:49:05] 4.89

[2026-07-30 02:03:20] [2026-07-30 05:55:38] entered if statement!!!

[2026-07-30 02:03:20] [2026-07-30 05:57:55] Joined both subprocesses.

[2026-07-30 02:03:20] [2026-07-30 05:58:17] Pullcast complete.

[2026-07-30 02:03:20] [2026-07-30 05:58:27] Nitrogen on.

[2026-07-30 02:03:20] [2026-07-30 05:59:29] Nitrogen off.

[2026-07-30 02:03:20] [2026-07-30 05:59:31] Membrane sitting in bath for 101 seconds.

[2026-07-30 02:03:20] [2026-07-30 05:59:32] Nitrogen cap has been put away.

[2026-07-30 02:03:20] [2026-07-30 05:59:34] Ring has been placed on the coupon.

[2026-07-30 02:03:20] [2026-07-30 06:01:17] Initial membrane picture taken.

[2026-07-30 02:03:20] [2026-07-30 06:01:21] Simulating compression tests.

[2026-07-30 02:03:20] [2026-07-30 06:01:31] Final membrane picture taken.

[2026-07-30 02:03:20] [2026-07-30 06:01:34] Coupon successfully discarded.

[2026-07-30 02:03:20] [2026-07-30 06:03:27] Cleaning knife

[2026-07-30 02:03:20] [2026-07-30 06:03:29] Knife cleaning finished.

[2026-07-30 02:03:20] [2026-07-30 06:03:31] Done

[2026-07-30 02:03:20] ── END PROTOCOL LOG ───────────────────────────────────────────────

[2026-07-30 02:03:20] 
[1/5] organising files...

[2026-07-30 02:03:20] Condition already tested. New folder: 21.0-4.0add-25degMix-5deg-60s-N2-101s_run2

[2026-07-30 02:03:20] [START] condition=21.0-4.0add-25degMix-5deg-60s-N2-101s_run2

[2026-07-30 02:03:20] [2/5] processing pipeline for: 21.0-4.0add-25degMix-5deg-60s-N2-101s_run2

[2026-07-30 02:04:11] [3/5] generating initial report...

[2026-07-30 02:04:11] [4/5] additive iteration mode — skipping active learning...

[2026-07-30 02:04:11] [ITERATE] all 9 additive amounts exhausted — no more experiments to send

[2026-07-30 11:08:42] 
stopping server...

