[2026-07-20 15:17:27] server listening on 169.254.230.148:8000

[2026-07-20 15:17:27] kicking off experiment 2: {
    "mixing_temp": 25,
    "bath_temp": 5,
    "pullcast_speed": 10,
    "nitrogen": false,
    "coupon_to_bath_wait_time": 60,
    "nips_bath_wait_time": 101,
    "polymer_wt": 21.0,
    "additive_wt": 4.0,
    "stock_metadata": {
        "polymer_stock_wt_percent": 17.0,
        "additive_stock_polymer_wt_percent": 21.0,
        "additive_stock_additive_wt_percent": 4.0
    }
}

[2026-07-20 15:17:27] Python recieved!

[2026-07-20 15:17:27] Exact payload being sent: {"mixing_temp": 25, "bath_temp": 5, "pullcast_speed": 10, "nitrogen": false, "coupon_to_bath_wait_time": 60, "nips_bath_wait_time": 101, "polymer_wt": 21.0, "additive_wt": 4.0, "stock_metadata": {"polymer_stock_wt_percent": 17.0, "additive_stock_polymer_wt_percent": 21.0, "additive_stock_additive_wt_percent": 4.0}}

[2026-07-20 15:17:27] Opentrons response: Creating Membrane with following parameters: {"mixing_temp": 25, "bath_temp": 5, "pullcast_speed": 10, "nitrogen": false, "coupon_to_bath_wait_time": 60, "nips_bath_wait_time": 101, "polymer_wt": 21.0, "additive_wt": 4.0, "stock_metadata": {"polymer_stock_wt_percent": 17.0, "additive_stock_polymer_wt_percent": 21.0, "additive_stock_additive_wt_percent": 4.0}}

[2026-07-20 15:17:27] robot started — loop running. Ctrl+C to stop.

[2026-07-20 17:07:13] 
stopping server...

