[2026-07-08 11:40:50] server listening on 169.254.230.148:8000

[2026-07-08 11:40:50] kicking off experiment 2: {'mixing_temp': 25, 'bath_temp': 5, 'weight_percent': 17, 'volume': 1000, 'pullcast_speed': 10, 'nitrogen': False, 'coupon_to_bath_wait_time': 60, 'nips_bath_wait_time': 60, 'additive_percent': 1}

[2026-07-08 11:40:50] Python recieved!

[2026-07-08 11:40:50] Exact payload being sent: {"mixing_temp": 25, "bath_temp": 5, "weight_percent": 17, "volume": 1000, "pullcast_speed": 10, "nitrogen": false, "coupon_to_bath_wait_time": 60, "nips_bath_wait_time": 60, "additive_percent": 1}

[2026-07-08 11:40:50] Opentrons response: Creating Membrane with following parameters: {"mixing_temp": 25, "bath_temp": 5, "weight_percent": 17, "volume": 1000, "pullcast_speed": 10, "nitrogen": false, "coupon_to_bath_wait_time": 60, "nips_bath_wait_time": 60, "additive_percent": 1}

[2026-07-08 11:40:50] robot started — loop running. Ctrl+C to stop.

[2026-07-08 13:06:09] [DONE] received signal for additive=1  count=1

[2026-07-08 13:06:09] [NEXT] sending additive=2  (count now 2)

[2026-07-08 13:06:09] Python recieved!

[2026-07-08 13:06:09] Exact payload being sent: {"mixing_temp": 25, "bath_temp": 5, "weight_percent": 17, "volume": 1000, "pullcast_speed": 10, "nitrogen": false, "coupon_to_bath_wait_time": 60, "nips_bath_wait_time": 60, "additive_percent": 2}

[2026-07-08 13:06:09] Opentrons response: Creating Membrane with following parameters: {"mixing_temp": 25, "bath_temp": 5, "weight_percent": 17, "volume": 1000, "pullcast_speed": 10, "nitrogen": false, "coupon_to_bath_wait_time": 60, "nips_bath_wait_time": 60, "additive_percent": 2}

[2026-07-08 14:31:27] [DONE] received signal for additive=2  count=2

[2026-07-08 14:31:27] [NEXT] sending additive=3  (count now 3)

[2026-07-08 14:31:27] Python recieved!

[2026-07-08 14:31:27] Exact payload being sent: {"mixing_temp": 25, "bath_temp": 5, "weight_percent": 17, "volume": 1000, "pullcast_speed": 10, "nitrogen": false, "coupon_to_bath_wait_time": 60, "nips_bath_wait_time": 60, "additive_percent": 3}

[2026-07-08 14:31:27] Opentrons response: Creating Membrane with following parameters: {"mixing_temp": 25, "bath_temp": 5, "weight_percent": 17, "volume": 1000, "pullcast_speed": 10, "nitrogen": false, "coupon_to_bath_wait_time": 60, "nips_bath_wait_time": 60, "additive_percent": 3}

[2026-07-08 15:56:46] [DONE] received signal for additive=3  count=3

[2026-07-08 15:56:46] [NEXT] sending additive=4  (count now 4)

[2026-07-08 15:56:46] Python recieved!

[2026-07-08 15:56:46] Exact payload being sent: {"mixing_temp": 25, "bath_temp": 5, "weight_percent": 17, "volume": 1000, "pullcast_speed": 10, "nitrogen": false, "coupon_to_bath_wait_time": 60, "nips_bath_wait_time": 60, "additive_percent": 4}

[2026-07-08 15:56:46] Opentrons response: Creating Membrane with following parameters: {"mixing_temp": 25, "bath_temp": 5, "weight_percent": 17, "volume": 1000, "pullcast_speed": 10, "nitrogen": false, "coupon_to_bath_wait_time": 60, "nips_bath_wait_time": 60, "additive_percent": 4}

