[2026-08-13 19:31:04] [master_processing] active branches: ['curve_segmentation', 'image_processing']

[2026-08-13 19:31:04] server listening on 169.254.230.148:8000

[2026-08-13 19:31:04] kicking off first experiment: {'mixing_temp': 25, 'bath_temp': 5, 'pullcast_speed': 10, 'nitrogen': True, 'coupon_to_bath_wait_time': 6, 'nips_bath_wait_time': 121, 'polymer_wt': 10, 'additive_wt': 0, 'stock_metadata': {'polymer_stock_wt_percent': 17.0, 'additive_stock_polymer_wt_percent': 17.0, 'additive_stock_additive_wt_percent': 4.0}}

[2026-08-13 19:31:04] Python recieved!

[2026-08-13 19:31:04] Exact payload being sent: {"mixing_temp": 25, "bath_temp": 5, "pullcast_speed": 10, "nitrogen": true, "coupon_to_bath_wait_time": 6, "nips_bath_wait_time": 121, "polymer_wt": 10, "additive_wt": 0, "stock_metadata": {"polymer_stock_wt_percent": 17.0, "additive_stock_polymer_wt_percent": 17.0, "additive_stock_additive_wt_percent": 4.0}}

[2026-08-13 19:31:04] Opentrons response: Creating Membrane with following parameters: {"mixing_temp": 25, "bath_temp": 5, "pullcast_speed": 10, "nitrogen": true, "coupon_to_bath_wait_time": 6, "nips_bath_wait_time": 121, "polymer_wt": 10, "additive_wt": 0, "stock_metadata": {"polymer_stock_wt_percent": 17.0, "additive_stock_polymer_wt_percent": 17.0, "additive_stock_additive_wt_percent": 4.0}}

[2026-08-13 19:31:04] robot started — loop running. Ctrl+C to stop.

[2026-08-13 21:02:24] ── PROTOCOL LOG (Opentrons) ────────────────────────────────────────

[2026-08-13 21:02:24] [2026-08-13 23:31:23] Recievied request for membrane with following parameters:

[2026-08-13 21:02:24] [2026-08-13 23:31:23] {'mixing_temp': 25, 'bath_temp': 5, 'pullcast_speed': 10, 'nitrogen': True, 'coupon_to_bath_wait_time': 6, 'nips_bath_wait_time': 121, 'polymer_wt': 10, 'additive_wt': 0, 'stock_metadata': {'polymer_stock_wt_percent': 17.0, 'additive_stock_polymer_wt_percent': 17.0, 'additive_stock_additive_wt_percent': 4.0}}

[2026-08-13 21:02:24] [2026-08-13 23:31:23] Bath chilling process started.

[2026-08-13 21:02:24] [2026-08-13 23:31:23] Beginning zero tests on coupons.

[2026-08-13 21:02:24] [2026-08-13 23:31:23] Opentrons process started.

[2026-08-13 21:02:24] [2026-08-13 23:31:23] 
Target recipe

[2026-08-13 21:02:24] [2026-08-13 23:31:23] -------------

[2026-08-13 21:02:24] [2026-08-13 23:31:23] Total volume:      1000.00 uL

[2026-08-13 21:02:24] [2026-08-13 23:31:23] Target polymer:    10 wt%

[2026-08-13 21:02:24] [2026-08-13 23:31:23] Target additive:   0 wt%

[2026-08-13 21:02:24] [2026-08-13 23:31:23] 
Required volumes

[2026-08-13 21:02:24] [2026-08-13 23:31:23] ----------------

[2026-08-13 21:02:24] [2026-08-13 23:31:23] Normal polymer stock:      572.00 uL

[2026-08-13 21:02:24] [2026-08-13 23:31:23] Polymer-additive stock:    0.00 uL

[2026-08-13 21:02:24] [2026-08-13 23:31:23] Pure solvent:              428.00 uL

[2026-08-13 21:02:24] [2026-08-13 23:31:23] Total:                     1000.00 uL

[2026-08-13 21:02:24] [2026-08-13 23:31:23] 
Final composition check

[2026-08-13 21:02:24] [2026-08-13 23:31:23] -----------------------

[2026-08-13 21:02:24] [2026-08-13 23:31:23] Polymer:    10.0043 wt%

[2026-08-13 21:02:24] [2026-08-13 23:31:23] Additive:   0.0000 wt%

[2026-08-13 21:02:24] [2026-08-13 23:31:23] Solvent:    89.9957 wt%

[2026-08-13 21:02:24] [2026-08-13 23:31:23] Temperature set to 25.

[2026-08-13 21:02:24] [2026-08-13 23:31:36] entered if statement!!!

[2026-08-13 21:02:24] [2026-08-13 23:31:50] Test has started!

[2026-08-13 21:02:24] [2026-08-13 23:34:54] Test complete!

[2026-08-13 21:02:24] [2026-08-13 23:34:59] Safe: True

[2026-08-13 21:02:24] [2026-08-13 23:34:59] Recent: True

[2026-08-13 21:02:24] [2026-08-13 23:34:59] Time: 1786664099.6276627

[2026-08-13 21:02:24] [2026-08-13 23:34:59] mTime: 1786664070.5233452

[2026-08-13 21:02:24] [2026-08-13 23:35:12] Test has started!

[2026-08-13 21:02:24] [2026-08-13 23:36:01] entered if statement!!!

[2026-08-13 21:02:24] [2026-08-13 23:38:08] Test complete!

[2026-08-13 21:02:24] [2026-08-13 23:38:13] Safe: True

[2026-08-13 21:02:24] [2026-08-13 23:38:13] Recent: True

[2026-08-13 21:02:24] [2026-08-13 23:38:13] Time: 1786664293.571024

[2026-08-13 21:02:24] [2026-08-13 23:38:13] mTime: 1786664264.528852

[2026-08-13 21:02:24] [2026-08-13 23:38:26] Test has started!

[2026-08-13 21:02:24] [2026-08-13 23:41:21] Test complete!

[2026-08-13 21:02:24] [2026-08-13 23:41:26] Safe: True

[2026-08-13 21:02:24] [2026-08-13 23:41:26] Recent: True

[2026-08-13 21:02:24] [2026-08-13 23:41:26] Time: 1786664486.8173563

[2026-08-13 21:02:24] [2026-08-13 23:41:26] mTime: 1786664457.7009344

[2026-08-13 21:02:24] [2026-08-13 23:41:39] Test has started!

[2026-08-13 21:02:24] [2026-08-13 23:44:35] Test complete!

[2026-08-13 21:02:24] [2026-08-13 23:44:40] Safe: True

[2026-08-13 21:02:24] [2026-08-13 23:44:40] Recent: True

[2026-08-13 21:02:24] [2026-08-13 23:44:40] Time: 1786664680.8210583

[2026-08-13 21:02:24] [2026-08-13 23:44:40] mTime: 1786664651.594929

[2026-08-13 21:02:24] [2026-08-13 23:45:29] aspirate

[2026-08-13 21:02:24] [2026-08-13 23:45:29] 0

[2026-08-13 21:02:24] [2026-08-13 23:45:29] 10

[2026-08-13 21:02:24] [2026-08-13 23:47:48] dispense

[2026-08-13 21:02:24] [2026-08-13 23:47:48] 0

[2026-08-13 21:02:24] [2026-08-13 23:47:48] 10

[2026-08-13 21:02:24] [2026-08-13 23:49:17] aspirate

[2026-08-13 21:02:24] [2026-08-13 23:49:17] 1

[2026-08-13 21:02:24] [2026-08-13 23:49:17] 10

[2026-08-13 21:02:24] [2026-08-13 23:51:35] dispense

[2026-08-13 21:02:24] [2026-08-13 23:51:35] 1

[2026-08-13 21:02:24] [2026-08-13 23:51:35] 10

[2026-08-13 21:02:24] [2026-08-13 23:53:04] aspirate

[2026-08-13 21:02:24] [2026-08-13 23:53:04] 2

[2026-08-13 21:02:24] [2026-08-13 23:53:04] 10

[2026-08-13 21:02:24] [2026-08-13 23:55:23] dispense

[2026-08-13 21:02:24] [2026-08-13 23:55:23] 2

[2026-08-13 21:02:24] [2026-08-13 23:55:23] 10

[2026-08-13 21:02:24] [2026-08-13 23:56:52] aspirate

[2026-08-13 21:02:24] [2026-08-13 23:56:52] 3

[2026-08-13 21:02:24] [2026-08-13 23:56:52] 10

[2026-08-13 21:02:24] [2026-08-13 23:59:11] dispense

[2026-08-13 21:02:24] [2026-08-13 23:59:11] 3

[2026-08-13 21:02:24] [2026-08-13 23:59:11] 10

[2026-08-13 21:02:24] [2026-08-14 00:00:39] aspirate

[2026-08-13 21:02:24] [2026-08-14 00:00:39] 4

[2026-08-13 21:02:24] [2026-08-14 00:00:39] 10

[2026-08-13 21:02:24] [2026-08-14 00:02:58] dispense

[2026-08-13 21:02:24] [2026-08-14 00:02:58] 4

[2026-08-13 21:02:24] [2026-08-14 00:02:58] 10

[2026-08-13 21:02:24] [2026-08-14 00:04:27] aspirate

[2026-08-13 21:02:24] [2026-08-14 00:04:27] 5

[2026-08-13 21:02:24] [2026-08-14 00:04:27] 10

[2026-08-13 21:02:24] [2026-08-14 00:06:46] dispense

[2026-08-13 21:02:24] [2026-08-14 00:06:46] 5

[2026-08-13 21:02:24] [2026-08-14 00:06:46] 10

[2026-08-13 21:02:24] [2026-08-14 00:08:15] aspirate

[2026-08-13 21:02:24] [2026-08-14 00:08:15] 6

[2026-08-13 21:02:24] [2026-08-14 00:08:15] 10

[2026-08-13 21:02:24] [2026-08-14 00:10:33] dispense

[2026-08-13 21:02:24] [2026-08-14 00:10:33] 6

[2026-08-13 21:02:24] [2026-08-14 00:10:33] 10

[2026-08-13 21:02:24] [2026-08-14 00:12:02] aspirate

[2026-08-13 21:02:24] [2026-08-14 00:12:02] 7

[2026-08-13 21:02:24] [2026-08-14 00:12:02] 10

[2026-08-13 21:02:24] [2026-08-14 00:14:21] dispense

[2026-08-13 21:02:24] [2026-08-14 00:14:21] 7

[2026-08-13 21:02:24] [2026-08-14 00:14:21] 10

[2026-08-13 21:02:24] [2026-08-14 00:15:50] aspirate

[2026-08-13 21:02:24] [2026-08-14 00:15:50] 8

[2026-08-13 21:02:24] [2026-08-14 00:15:50] 10

[2026-08-13 21:02:24] [2026-08-14 00:18:08] dispense

[2026-08-13 21:02:24] [2026-08-14 00:18:08] 8

[2026-08-13 21:02:24] [2026-08-14 00:18:08] 10

[2026-08-13 21:02:24] [2026-08-14 00:19:37] aspirate

[2026-08-13 21:02:24] [2026-08-14 00:19:37] 9

[2026-08-13 21:02:24] [2026-08-14 00:19:37] 10

[2026-08-13 21:02:24] [2026-08-14 00:22:12] dispense

[2026-08-13 21:02:24] [2026-08-14 00:22:12] 9

[2026-08-13 21:02:24] [2026-08-14 00:22:12] 10

[2026-08-13 21:02:24] [2026-08-14 00:22:12] 2291.704161782749

[2026-08-13 21:02:24] [2026-08-14 00:29:03] entered if statement!!!

[2026-08-13 21:02:24] [2026-08-14 00:30:35] Joined both subprocesses.

[2026-08-13 21:02:24] [2026-08-14 00:31:23] Pullcast complete.

[2026-08-13 21:02:24] [2026-08-14 00:31:23] Nitrogen on.

[2026-08-13 21:02:24] [2026-08-14 00:31:42] Nitrogen off.

[2026-08-13 21:02:24] [2026-08-14 00:31:53] Membrane sitting in bath for 121 seconds.

[2026-08-13 21:02:24] [2026-08-14 00:32:02] Nitrogen cap has been put away.

[2026-08-13 21:02:24] [2026-08-14 00:32:18] Ring has been placed on the coupon.

[2026-08-13 21:02:24] [2026-08-14 00:36:23] Cleaning knife

[2026-08-13 21:02:24] [2026-08-14 00:37:23] Knife cleaning finished.

[2026-08-13 21:02:24] [2026-08-14 00:44:30] Initial membrane picture taken.

[2026-08-13 21:02:24] [2026-08-14 00:44:59] Test has started!

[2026-08-13 21:02:24] [2026-08-14 00:48:55] Test complete!

[2026-08-13 21:02:24] [2026-08-14 00:49:00] Safe: True

[2026-08-13 21:02:24] [2026-08-14 00:49:00] Recent: True

[2026-08-13 21:02:24] [2026-08-14 00:49:00] Time: 1786668540.1640081

[2026-08-13 21:02:24] [2026-08-14 00:49:00] mTime: 1786668510.643897

[2026-08-13 21:02:24] [2026-08-14 00:49:12] Test has started!

[2026-08-13 21:02:24] [2026-08-14 00:52:56] Test complete!

[2026-08-13 21:02:24] [2026-08-14 00:53:01] Safe: True

[2026-08-13 21:02:24] [2026-08-14 00:53:01] Recent: True

[2026-08-13 21:02:24] [2026-08-14 00:53:01] Time: 1786668781.1102955

[2026-08-13 21:02:24] [2026-08-14 00:53:01] mTime: 1786668751.7760816

[2026-08-13 21:02:24] [2026-08-14 00:53:13] Test has started!

[2026-08-13 21:02:24] [2026-08-14 00:57:04] Test complete!

[2026-08-13 21:02:24] [2026-08-14 00:57:09] Safe: True

[2026-08-13 21:02:24] [2026-08-14 00:57:09] Recent: True

[2026-08-13 21:02:24] [2026-08-14 00:57:09] Time: 1786669029.923538

[2026-08-13 21:02:24] [2026-08-14 00:57:09] mTime: 1786669000.6907868

[2026-08-13 21:02:24] [2026-08-14 00:57:22] Test has started!

[2026-08-13 21:02:24] [2026-08-14 01:01:08] Test complete!

[2026-08-13 21:02:24] [2026-08-14 01:01:13] Safe: True

[2026-08-13 21:02:24] [2026-08-14 01:01:13] Recent: True

[2026-08-13 21:02:24] [2026-08-14 01:01:13] Time: 1786669273.9368386

[2026-08-13 21:02:24] [2026-08-14 01:01:13] mTime: 1786669244.764771

[2026-08-13 21:02:24] [2026-08-14 01:01:39] Final membrane picture taken.

[2026-08-13 21:02:24] [2026-08-14 01:01:57] Coupon successfully discarded.

[2026-08-13 21:02:24] [2026-08-14 01:02:43] Done

[2026-08-13 21:02:24] [2026-08-14 01:02:43] {'temperature': '24.16', 'humidity': '47.98'}

[2026-08-13 21:02:24] ── END PROTOCOL LOG ───────────────────────────────────────────────

[2026-08-13 21:02:24] 
[1/5] organising files...

[2026-08-13 21:02:24] Condition already tested. New folder: 10-0add-5deg-6s-N2-121s_run5

[2026-08-13 21:02:24] [START] condition=10-0add-5deg-6s-N2-121s_run5

[2026-08-13 21:02:24] [2/5] processing pipeline for: 10-0add-5deg-6s-N2-121s_run5

[2026-08-13 21:02:24] ==============================================================================================================

[2026-08-13 21:02:24] Condition: 10-0add-5deg-6s-N2-121s_run5 | pairs: 4

[2026-08-13 21:02:25] 

------------ NEW REP ---------------

[2026-08-13 21:02:25] Average Standard Deviation: 68.0105384000673

[2026-08-13 21:02:27] Toe end strain (zero point): 0.0000

[2026-08-13 21:02:32] PW + Double: 0.11517985343417021

[2026-08-13 21:02:32] Piecewise Chosen! 0.10082427427250275 | Drop Calculation: 0.10554989392167846

[2026-08-13 21:02:52]   elastic_r2                          27/30  NRMSE-score=0.894 (RMSE=0.19, range=1.75)

[2026-08-13 21:02:52]   plateau_r2_start                    15/15  R²(first 40%)=0.978

[2026-08-13 21:02:52]   densification_r2                    13/15  R²=0.898

[2026-08-13 21:02:52]   yield_accuracy                      25/25  elastic tail undershoots data by 4.9% of elastic range

[2026-08-13 21:02:52]   junction_continuity                  8/15  gap=7.0%

[2026-08-13 21:02:52]   plateau_r2_full_penalty             -10/0  R²(full)=0.405

[2026-08-13 21:02:52]   elastic_modulus_penalty              0/0  E=20.8 bar ok

[2026-08-13 21:02:52]   bp1_accuracy_penalty                 0/0  GAM slope stable in early plateau (drop=25%) — ok | plateau spans 7% of remaining stress — ok

[2026-08-13 21:02:52]   changepoint_curvature_penalty        0/0  d2_norm=3.54, linear_stretch=17%

[2026-08-13 21:02:52]   slope_ratio_penalty                 -10/0  plateau/elastic slope ratio=0.71 — nearly parallel (-10 pts)

[2026-08-13 21:02:52]   DATA FLAGS (no score impact — route to goodData_eval):

[2026-08-13 21:02:52]     elastic_half_consistency: first-half R²=-0.069 vs second-half R²=0.674 (gap=0.743)

[2026-08-13 21:02:52] Score: 68/100 → FAIL

[2026-08-13 21:02:53] Good Fit: False

[2026-08-13 21:02:53] 

------------ NEW REP ---------------

[2026-08-13 21:02:53] Average Standard Deviation: 68.27293481930334

[2026-08-13 21:02:55] Toe end strain (zero point): 0.0000

[2026-08-13 21:03:05] PW + Double: None

[2026-08-13 21:03:05] Piecewise Chosen! 0.2304738041649877 | Drop Calculation: 0.2978553842730495

[2026-08-13 21:03:34]   elastic_r2                          29/30  NRMSE-score=0.958 (RMSE=0.06, range=1.53)

[2026-08-13 21:03:34]   plateau_r2_start                    10/15  R²(first 40%)=0.634

[2026-08-13 21:03:34]   densification_r2                    13/15  R²=0.859

[2026-08-13 21:03:34]   yield_accuracy                      25/25  elastic tail undershoots data by 1.3% of elastic range

[2026-08-13 21:03:34]   junction_continuity                  0/15  gap=39.2%

[2026-08-13 21:03:34]   plateau_r2_full_penalty             -10/0  R²(full)=0.299

[2026-08-13 21:03:34]   elastic_modulus_penalty             -5/0  E=5.8 bar out of range

[2026-08-13 21:03:34]   bp1_accuracy_penalty                 0/0  GAM slope stable in early plateau (drop=-106%) — ok | plateau spans 8% of remaining stress — ok

[2026-08-13 21:03:34]   changepoint_curvature_penalty        0/0  d2_norm=2.05, linear_stretch=20%

[2026-08-13 21:03:34]   catastrophic_slope_vs_modulus        0/0  slope ratio=2.79 — plateau slope ≥95% of elastic

[2026-08-13 21:03:34]   CATASTROPHIC HALVING: 62 → 31

[2026-08-13 21:03:34] Score: 31/100 → FAIL

[2026-08-13 21:03:39] PW + Double: 0.47689083191693926

[2026-08-13 21:03:39] Drop Chosen! 0.2978553842730495 | Piecewise Calculation: 0.46240674182278096

[2026-08-13 21:04:14]   elastic_r2                          28/30  NRMSE-score=0.942 (RMSE=0.08, range=1.45)

[2026-08-13 21:04:14]   plateau_r2_start                    10/15  R²(first 40%)=0.682

[2026-08-13 21:04:14]   densification_r2                    13/15  R²=0.868

[2026-08-13 21:04:14]   yield_accuracy                      25/25  elastic tail undershoots data by 1.6% of elastic range

[2026-08-13 21:04:14]   junction_continuity                  0/15  gap=28.8%

[2026-08-13 21:04:14]   plateau_r2_full_penalty             -10/0  R²(full)=0.305

[2026-08-13 21:04:14]   elastic_modulus_penalty             -5/0  E=8.8 bar out of range

[2026-08-13 21:04:14]   bp1_accuracy_penalty                 0/0  GAM slope stable in early plateau (drop=-157%) — ok | plateau spans 8% of remaining stress — ok

[2026-08-13 21:04:14]   changepoint_curvature_penalty        0/0  d2_norm=2.17, linear_stretch=20%

[2026-08-13 21:04:14]   catastrophic_slope_vs_modulus        0/0  slope ratio=2.40 — plateau slope ≥95% of elastic

[2026-08-13 21:04:14]   CATASTROPHIC HALVING: 61 → 30

[2026-08-13 21:04:14] Score: 30/100 → FAIL

[2026-08-13 21:04:14]   toe-mask retry: masked strain < 0.2305, good=False

[2026-08-13 21:04:14] Good Fit: False

[2026-08-13 21:04:15] 

------------ NEW REP ---------------

[2026-08-13 21:04:15] Average Standard Deviation: 68.22577938617606

[2026-08-13 21:04:17] Toe end strain (zero point): 0.0000

[2026-08-13 21:04:24] PW + Double: 0.08130476438402844

[2026-08-13 21:04:24] Piecewise Chosen! 0.08304496157140256 | Drop Calculation: 0.08697129618509725

[2026-08-13 21:04:51]   elastic_r2                          28/30  NRMSE-score=0.929 (RMSE=0.11, range=1.58)

[2026-08-13 21:04:51]   plateau_r2_start                    13/15  R²(first 40%)=0.879

[2026-08-13 21:04:51]   densification_r2                    13/15  R²=0.851

[2026-08-13 21:04:51]   yield_accuracy                      25/25  elastic tail undershoots data by 0.6% of elastic range

[2026-08-13 21:04:51]   junction_continuity                  0/15  gap=19.0%

[2026-08-13 21:04:51]   plateau_r2_full_penalty             -10/0  R²(full)=0.268

[2026-08-13 21:04:51]   elastic_modulus_penalty              0/0  E=19.1 bar ok

[2026-08-13 21:04:51]   bp1_accuracy_penalty                 0/0  GAM slope stable in early plateau (drop=4%) — ok | plateau spans 6% of remaining stress — ok

[2026-08-13 21:04:51]   changepoint_curvature_penalty        0/0  d2_norm=2.97, linear_stretch=20%

[2026-08-13 21:04:51]   slope_ratio_penalty                 -8/0  plateau/elastic slope ratio=0.66 — nearly parallel (-8 pts)

[2026-08-13 21:04:51]   DATA FLAGS (no score impact — route to goodData_eval):

[2026-08-13 21:04:51]     elastic_half_consistency: first-half R²=0.519 vs second-half R²=0.757 (gap=0.238)

[2026-08-13 21:04:51] Score: 61/100 → FAIL

[2026-08-13 21:04:52] Good Fit: False

[2026-08-13 21:04:52] 

------------ NEW REP ---------------

[2026-08-13 21:04:52] Average Standard Deviation: 68.37957856081732

[2026-08-13 21:04:56] Toe end strain (zero point): 0.0000

[2026-08-13 21:05:01] PW + Double: 0.28862311680286923

[2026-08-13 21:05:01] Drop Chosen! 0.09076394459115256 | Piecewise Calculation: 0.29570134388609226

[2026-08-13 21:05:39]   elastic_r2                          26/30  NRMSE-score=0.855 (RMSE=0.07, range=0.50)

[2026-08-13 21:05:39]   plateau_r2_start                    10/15  R²(first 40%)=0.654

[2026-08-13 21:05:39]   densification_r2                    13/15  R²=0.848

[2026-08-13 21:05:39]   yield_accuracy                      24/25  elastic tail undershoots data by 14.4% of elastic range

[2026-08-13 21:05:39]   junction_continuity                  0/15  gap=52.9%

[2026-08-13 21:05:39]   plateau_r2_full_penalty             -10/0  R²(full)=0.209

[2026-08-13 21:05:39]   elastic_modulus_penalty             -5/0  E=5.4 bar out of range

[2026-08-13 21:05:39]   bp1_accuracy_penalty                 0/0  GAM slope stable in early plateau (drop=-106%) — ok | plateau spans 6% of remaining stress — ok

[2026-08-13 21:05:39]   changepoint_curvature_penalty        0/0  d2_norm=3.01, linear_stretch=20%

[2026-08-13 21:05:39]   catastrophic_slope_vs_modulus        0/0  slope ratio=1.76 — plateau slope ≥95% of elastic

[2026-08-13 21:05:39]   CATASTROPHIC HALVING: 58 → 29

[2026-08-13 21:05:39]   DATA FLAGS (no score impact — route to goodData_eval):

[2026-08-13 21:05:39]     elastic_half_consistency: first-half R²=0.190 vs second-half R²=-0.583 (gap=0.773)

[2026-08-13 21:05:39] Score: 29/100 → FAIL

[2026-08-13 21:05:47] PW + Double: 0.3401265309423336

[2026-08-13 21:05:47] Drop Chosen! 0.13642883256745963 | Piecewise Calculation: 0.30941890762262775

[2026-08-13 21:06:25]   elastic_r2                          28/30  NRMSE-score=0.939 (RMSE=0.06, range=0.97)

[2026-08-13 21:06:25]   plateau_r2_start                    11/15  R²(first 40%)=0.740

[2026-08-13 21:06:25]   densification_r2                    13/15  R²=0.851

[2026-08-13 21:06:25]   yield_accuracy                      25/25  elastic tail undershoots data by 2.4% of elastic range

[2026-08-13 21:06:25]   junction_continuity                  0/15  gap=35.8%

[2026-08-13 21:06:25]   plateau_r2_full_penalty             -10/0  R²(full)=0.198

[2026-08-13 21:06:25]   elastic_modulus_penalty             -5/0  E=5.0 bar out of range

[2026-08-13 21:06:25]   bp1_accuracy_penalty                 0/0  GAM slope stable in early plateau (drop=-135%) — ok | plateau spans 6% of remaining stress — ok

[2026-08-13 21:06:25]   changepoint_curvature_penalty        0/0  d2_norm=2.74, linear_stretch=20%

[2026-08-13 21:06:25]   catastrophic_slope_vs_modulus        0/0  slope ratio=2.41 — plateau slope ≥95% of elastic

[2026-08-13 21:06:25]   CATASTROPHIC HALVING: 62 → 31

[2026-08-13 21:06:25] Score: 31/100 → FAIL

[2026-08-13 21:06:25]   toe-mask retry: masked strain < 0.0345, good=False

[2026-08-13 21:06:26] Good Fit: False

[2026-08-13 21:06:26] CV (10-0add-5deg-6s-N2-121s_run5) [preDiscard]: 0.07748452708544028

[2026-08-13 21:06:27] CV (10-0add-5deg-6s-N2-121s_run5) [postDiscard]: nan

[2026-08-13 21:06:27] 

------------ NEW REP ---------------

[2026-08-13 21:06:27] Average Standard Deviation: 43.857454334545274

[2026-08-13 21:06:28] Toe end strain (zero point): 0.0000

[2026-08-13 21:06:30] PW + Double: 0.2980898153038519

[2026-08-13 21:06:30] Drop Chosen! 0.16775207152318702 | Piecewise Calculation: 0.2796520035570326

[2026-08-13 21:07:00]   elastic_r2                          29/30  NRMSE-score=0.978 (RMSE=0.04, range=1.76)

[2026-08-13 21:07:00]   plateau_r2_start                    10/15  R²(first 40%)=0.659

[2026-08-13 21:07:00]   densification_r2                    14/15  R²=0.916

[2026-08-13 21:07:00]   yield_accuracy                      25/25  elastic tail undershoots data by 0.7% of elastic range

[2026-08-13 21:07:00]   junction_continuity                  0/15  gap=63.6%

[2026-08-13 21:07:00]   plateau_r2_full_penalty             -10/0  R²(full)=-0.557

[2026-08-13 21:07:00]   elastic_modulus_penalty             -5/0  E=8.8 bar out of range

[2026-08-13 21:07:00]   bp1_accuracy_penalty                 0/0  GAM slope stable in early plateau (drop=-59%) — ok | plateau spans 9% of remaining stress — ok

[2026-08-13 21:07:00]   changepoint_curvature_penalty        0/0  d2_norm=1.86, linear_stretch=20%

[2026-08-13 21:07:00]   catastrophic_slope_vs_modulus        0/0  slope ratio=2.34 — plateau slope ≥95% of elastic

[2026-08-13 21:07:00]   CATASTROPHIC HALVING: 63 → 32

[2026-08-13 21:07:00] Score: 32/100 → FAIL

[2026-08-13 21:07:01] Good Fit: False

[2026-08-13 21:07:01]   All fits failed for 10-0add-5deg-6s-N2-121s_run5 — postDiscard row built from all-discarded reps

[2026-08-13 21:07:08] [3/5] generating initial report...

[2026-08-13 21:07:08] [4/5] running active learning...

[2026-08-13 21:07:35]   JSON result: C:\Users\opentrons\Documents\Auto-Membranes\data\llm_results\llm_result_10-0add-5deg-6s-N2-121s_run5.json

[2026-08-13 21:07:35] [5/5] next params: {'mixing_temp': 65, 'bath_temp': 5, 'pullcast_speed': 3, 'nitrogen': True, 'coupon_to_bath_wait_time': 20, 'nips_bath_wait_time': 1800, 'polymer_wt': 17.0, 'additive_wt': 0.0, 'stock_metadata': {'polymer_stock_wt_percent': 17.0, 'additive_stock_polymer_wt_percent': 17.0, 'additive_stock_additive_wt_percent': 4.0}}

[2026-08-13 21:07:35] Python recieved!

[2026-08-13 21:07:35] Exact payload being sent: {"mixing_temp": 65, "bath_temp": 5, "pullcast_speed": 3, "nitrogen": true, "coupon_to_bath_wait_time": 20, "nips_bath_wait_time": 1800, "polymer_wt": 17.0, "additive_wt": 0.0, "stock_metadata": {"polymer_stock_wt_percent": 17.0, "additive_stock_polymer_wt_percent": 17.0, "additive_stock_additive_wt_percent": 4.0}}

[2026-08-13 21:07:35] Opentrons response: Creating Membrane with following parameters: {"mixing_temp": 65, "bath_temp": 5, "pullcast_speed": 3, "nitrogen": true, "coupon_to_bath_wait_time": 20, "nips_bath_wait_time": 1800, "polymer_wt": 17.0, "additive_wt": 0.0, "stock_metadata": {"polymer_stock_wt_percent": 17.0, "additive_stock_polymer_wt_percent": 17.0, "additive_stock_additive_wt_percent": 4.0}}

[2026-08-13 21:07:35] [DONE] 10-0add-5deg-6s-N2-121s_run5  elapsed=311.2s

[2026-08-14 08:55:27] 
stopping server...

