[2026-07-21 12:58:17] server listening on 169.254.230.148:8000

[2026-07-21 12:58:17] 
-----------------------------------
Set params out of range -- (21, 0)

[2026-07-21 12:58:17] CLOSEST POINT: | 19.00 pwt% | 2.00 awt% |
-----------------------------------

[2026-07-21 12:58:17] kicking off experiment 2: {
    "mixing_temp": 25,
    "bath_temp": 5,
    "pullcast_speed": 10,
    "nitrogen": false,
    "coupon_to_bath_wait_time": 60,
    "nips_bath_wait_time": 101,
    "polymer_wt": 19.0,
    "additive_wt": 2.0,
    "stock_metadata": {
        "polymer_stock_wt_percent": 17.0,
        "additive_stock_polymer_wt_percent": 21.0,
        "additive_stock_additive_wt_percent": 4.0
    }
}

[2026-07-21 12:58:17] Python recieved!

[2026-07-21 12:58:17] Exact payload being sent: {"mixing_temp": 25, "bath_temp": 5, "pullcast_speed": 10, "nitrogen": false, "coupon_to_bath_wait_time": 60, "nips_bath_wait_time": 101, "polymer_wt": 19.0, "additive_wt": 2.0, "stock_metadata": {"polymer_stock_wt_percent": 17.0, "additive_stock_polymer_wt_percent": 21.0, "additive_stock_additive_wt_percent": 4.0}}

[2026-07-21 12:58:18] Opentrons response: Creating Membrane with following parameters: {"mixing_temp": 25, "bath_temp": 5, "pullcast_speed": 10, "nitrogen": false, "coupon_to_bath_wait_time": 60, "nips_bath_wait_time": 101, "polymer_wt": 19.0, "additive_wt": 2.0, "stock_metadata": {"polymer_stock_wt_percent": 17.0, "additive_stock_polymer_wt_percent": 21.0, "additive_stock_additive_wt_percent": 4.0}}

[2026-07-21 12:58:18] robot started — loop running. Ctrl+C to stop.

[2026-07-21 14:23:10] [DONE] received signal for additive=None  count=1

[2026-07-21 14:23:10] [NEXT] sending additive=0.5  (count now 2)

[2026-07-21 14:23:10] Python recieved!

[2026-07-21 14:23:10] Exact payload being sent: {"mixing_temp": 25, "bath_temp": 5, "pullcast_speed": 10, "nitrogen": false, "coupon_to_bath_wait_time": 60, "nips_bath_wait_time": 101, "polymer_wt": 21, "additive_wt": 4, "additive_percent": 0.5}

[2026-07-21 14:23:10] Opentrons response: Creating Membrane with following parameters: {"mixing_temp": 25, "bath_temp": 5, "pullcast_speed": 10, "nitrogen": false, "coupon_to_bath_wait_time": 60, "nips_bath_wait_time": 101, "polymer_wt": 21, "additive_wt": 4, "additive_percent": 0.5}

[2026-07-21 14:51:38] [DONE] received signal for additive=0.5  count=2

[2026-07-21 14:51:38] [NEXT] sending additive=1  (count now 3)

[2026-07-21 14:51:38] Python recieved!

[2026-07-21 14:51:38] Exact payload being sent: {"mixing_temp": 25, "bath_temp": 5, "pullcast_speed": 10, "nitrogen": false, "coupon_to_bath_wait_time": 60, "nips_bath_wait_time": 101, "polymer_wt": 21, "additive_wt": 4, "additive_percent": 1}

[2026-07-21 14:51:39] Opentrons response: Creating Membrane with following parameters: {"mixing_temp": 25, "bath_temp": 5, "pullcast_speed": 10, "nitrogen": false, "coupon_to_bath_wait_time": 60, "nips_bath_wait_time": 101, "polymer_wt": 21, "additive_wt": 4, "additive_percent": 1}

[2026-07-21 15:20:05] [DONE] received signal for additive=1  count=3

[2026-07-21 15:20:05] [NEXT] sending additive=1.5  (count now 4)

[2026-07-21 15:20:05] Python recieved!

[2026-07-21 15:20:05] Exact payload being sent: {"mixing_temp": 25, "bath_temp": 5, "pullcast_speed": 10, "nitrogen": false, "coupon_to_bath_wait_time": 60, "nips_bath_wait_time": 101, "polymer_wt": 21, "additive_wt": 4, "additive_percent": 1.5}

[2026-07-21 15:20:05] Opentrons response: Creating Membrane with following parameters: {"mixing_temp": 25, "bath_temp": 5, "pullcast_speed": 10, "nitrogen": false, "coupon_to_bath_wait_time": 60, "nips_bath_wait_time": 101, "polymer_wt": 21, "additive_wt": 4, "additive_percent": 1.5}

[2026-07-21 15:48:54] [DONE] received signal for additive=1.5  count=4

[2026-07-21 15:48:54] [NEXT] sending additive=2  (count now 5)

[2026-07-21 15:48:54] Python recieved!

[2026-07-21 15:48:54] Exact payload being sent: {"mixing_temp": 25, "bath_temp": 5, "pullcast_speed": 10, "nitrogen": false, "coupon_to_bath_wait_time": 60, "nips_bath_wait_time": 101, "polymer_wt": 21, "additive_wt": 4, "additive_percent": 2}

[2026-07-21 15:48:54] Opentrons response: Creating Membrane with following parameters: {"mixing_temp": 25, "bath_temp": 5, "pullcast_speed": 10, "nitrogen": false, "coupon_to_bath_wait_time": 60, "nips_bath_wait_time": 101, "polymer_wt": 21, "additive_wt": 4, "additive_percent": 2}

[2026-07-21 16:17:39] [DONE] received signal for additive=2  count=5

[2026-07-21 16:17:39] [NEXT] sending additive=2.5  (count now 6)

[2026-07-21 16:17:39] Python recieved!

[2026-07-21 16:17:39] Exact payload being sent: {"mixing_temp": 25, "bath_temp": 5, "pullcast_speed": 10, "nitrogen": false, "coupon_to_bath_wait_time": 60, "nips_bath_wait_time": 101, "polymer_wt": 21, "additive_wt": 4, "additive_percent": 2.5}

[2026-07-21 16:17:39] Opentrons response: Creating Membrane with following parameters: {"mixing_temp": 25, "bath_temp": 5, "pullcast_speed": 10, "nitrogen": false, "coupon_to_bath_wait_time": 60, "nips_bath_wait_time": 101, "polymer_wt": 21, "additive_wt": 4, "additive_percent": 2.5}

[2026-07-21 16:46:18] [DONE] received signal for additive=2.5  count=6

[2026-07-21 16:46:18] [NEXT] sending additive=3  (count now 7)

[2026-07-21 16:46:18] Python recieved!

[2026-07-21 16:46:18] Exact payload being sent: {"mixing_temp": 25, "bath_temp": 5, "pullcast_speed": 10, "nitrogen": false, "coupon_to_bath_wait_time": 60, "nips_bath_wait_time": 101, "polymer_wt": 21, "additive_wt": 4, "additive_percent": 3}

[2026-07-21 16:46:18] Opentrons response: Creating Membrane with following parameters: {"mixing_temp": 25, "bath_temp": 5, "pullcast_speed": 10, "nitrogen": false, "coupon_to_bath_wait_time": 60, "nips_bath_wait_time": 101, "polymer_wt": 21, "additive_wt": 4, "additive_percent": 3}

[2026-07-21 17:15:06] [DONE] received signal for additive=3  count=7

[2026-07-21 17:15:06] [NEXT] sending additive=3.5  (count now 8)

[2026-07-21 17:15:06] Python recieved!

[2026-07-21 17:15:06] Exact payload being sent: {"mixing_temp": 25, "bath_temp": 5, "pullcast_speed": 10, "nitrogen": false, "coupon_to_bath_wait_time": 60, "nips_bath_wait_time": 101, "polymer_wt": 21, "additive_wt": 4, "additive_percent": 3.5}

[2026-07-21 17:15:06] Opentrons response: Creating Membrane with following parameters: {"mixing_temp": 25, "bath_temp": 5, "pullcast_speed": 10, "nitrogen": false, "coupon_to_bath_wait_time": 60, "nips_bath_wait_time": 101, "polymer_wt": 21, "additive_wt": 4, "additive_percent": 3.5}

[2026-07-21 17:40:03] [DONE] received signal for additive=3.5  count=8

[2026-07-21 17:40:03] [NEXT] sending additive=4  (count now 9)

[2026-07-21 17:40:03] Python recieved!

[2026-07-21 17:40:03] Exact payload being sent: {"mixing_temp": 25, "bath_temp": 5, "pullcast_speed": 10, "nitrogen": false, "coupon_to_bath_wait_time": 60, "nips_bath_wait_time": 101, "polymer_wt": 21, "additive_wt": 4, "additive_percent": 4}

[2026-07-21 17:40:03] Opentrons response: Creating Membrane with following parameters: {"mixing_temp": 25, "bath_temp": 5, "pullcast_speed": 10, "nitrogen": false, "coupon_to_bath_wait_time": 60, "nips_bath_wait_time": 101, "polymer_wt": 21, "additive_wt": 4, "additive_percent": 4}

[2026-07-21 18:05:12] [DONE] received signal for additive=4  count=9

[2026-07-21 18:05:12] [DONE] all adtv_amts exhausted — no more experiments to send

[2026-07-22 11:00:45] 
stopping server...

