[2026-08-19 16:01:02] [master_processing] active branches: ['curve_segmentation', 'image_processing']

[2026-08-19 16:01:02] server listening on 169.254.230.148:8000

[2026-08-19 16:01:02] Resuming campaign 2026-08-19 from llm_result_17-0add-5deg-30s-N2-125s_run6.json

[2026-08-19 16:01:02] kicking off first experiment: {'mixing_temp': 25, 'bath_temp': 5, 'pullcast_speed': 15, 'nitrogen': True, 'coupon_to_bath_wait_time': 30, 'nips_bath_wait_time': 1200, 'polymer_wt': 17.0, 'additive_wt': 0, 'stock_metadata': {'polymer_stock_wt_percent': 17.0, 'additive_stock_polymer_wt_percent': 17.0, 'additive_stock_additive_wt_percent': 4.0}}

[2026-08-19 16:01:02] Python recieved!

[2026-08-19 16:01:02] Exact payload being sent: {"mixing_temp": 25, "bath_temp": 5, "pullcast_speed": 15, "nitrogen": true, "coupon_to_bath_wait_time": 30, "nips_bath_wait_time": 1200, "polymer_wt": 17.0, "additive_wt": 0, "stock_metadata": {"polymer_stock_wt_percent": 17.0, "additive_stock_polymer_wt_percent": 17.0, "additive_stock_additive_wt_percent": 4.0}}

[2026-08-19 16:01:02] Opentrons response: Creating Membrane with following parameters: {"mixing_temp": 25, "bath_temp": 5, "pullcast_speed": 15, "nitrogen": true, "coupon_to_bath_wait_time": 30, "nips_bath_wait_time": 1200, "polymer_wt": 17.0, "additive_wt": 0, "stock_metadata": {"polymer_stock_wt_percent": 17.0, "additive_stock_polymer_wt_percent": 17.0, "additive_stock_additive_wt_percent": 4.0}}

[2026-08-19 16:01:02] robot started — loop running. Ctrl+C to stop.

[2026-08-19 17:40:51] ── PROTOCOL LOG (Opentrons) ────────────────────────────────────────

[2026-08-19 17:40:51] [2026-08-19 20:00:08] Ready to begin experiments.

[2026-08-19 17:40:51] [2026-08-19 20:01:24] Recievied request for membrane with following parameters:

[2026-08-19 17:40:51] [2026-08-19 20:01:24] {'mixing_temp': 25, 'bath_temp': 5, 'pullcast_speed': 15, 'nitrogen': True, 'coupon_to_bath_wait_time': 30, 'nips_bath_wait_time': 1200, 'polymer_wt': 17.0, 'additive_wt': 0, 'stock_metadata': {'polymer_stock_wt_percent': 17.0, 'additive_stock_polymer_wt_percent': 17.0, 'additive_stock_additive_wt_percent': 4.0}}

[2026-08-19 17:40:51] [2026-08-19 20:01:24] Bath chilling process started.

[2026-08-19 17:40:51] [2026-08-19 20:01:24] Beginning zero tests on coupons.

[2026-08-19 17:40:51] [2026-08-19 20:01:24] Opentrons process started.

[2026-08-19 17:40:51] [2026-08-19 20:01:24] 
Target recipe

[2026-08-19 17:40:51] [2026-08-19 20:01:24] -------------

[2026-08-19 17:40:51] [2026-08-19 20:01:24] Total volume:      1000.00 uL

[2026-08-19 17:40:51] [2026-08-19 20:01:24] Target polymer:    17 wt%

[2026-08-19 17:40:51] [2026-08-19 20:01:24] Target additive:   0 wt%

[2026-08-19 17:40:51] [2026-08-19 20:01:24] 
Required volumes

[2026-08-19 17:40:51] [2026-08-19 20:01:24] ----------------

[2026-08-19 17:40:51] [2026-08-19 20:01:24] Normal polymer stock:      1000.00 uL

[2026-08-19 17:40:51] [2026-08-19 20:01:24] Polymer-additive stock:    0.00 uL

[2026-08-19 17:40:51] [2026-08-19 20:01:24] Pure solvent:              0.00 uL

[2026-08-19 17:40:51] [2026-08-19 20:01:24] Total:                     1000.00 uL

[2026-08-19 17:40:51] [2026-08-19 20:01:24] 
Final composition check

[2026-08-19 17:40:51] [2026-08-19 20:01:24] -----------------------

[2026-08-19 17:40:51] [2026-08-19 20:01:24] Polymer:    17.0000 wt%

[2026-08-19 17:40:51] [2026-08-19 20:01:24] Additive:   0.0000 wt%

[2026-08-19 17:40:51] [2026-08-19 20:01:24] Solvent:    83.0000 wt%

[2026-08-19 17:40:51] [2026-08-19 20:01:24] Solution will be pulled from stock polymer bottle.

[2026-08-19 17:40:51] [2026-08-19 20:01:24] Current bath temperature: 4.85 C

[2026-08-19 17:40:51] [2026-08-19 20:01:34] Reached target temperature of 5.

[2026-08-19 17:40:51] [2026-08-19 20:01:51] Test has started!

[2026-08-19 17:40:51] [2026-08-19 20:08:24] entered if statement!!!

[2026-08-19 17:40:51] [2026-08-19 20:10:00] Test complete!

[2026-08-19 17:40:51] [2026-08-19 20:10:05] Safe: True

[2026-08-19 17:40:51] [2026-08-19 20:10:05] Recent: True

[2026-08-19 17:40:51] [2026-08-19 20:10:05] Current Time: 1787170184.4738245

[2026-08-19 17:40:51] [2026-08-19 20:10:05] Data Time: 1787170173.3035164

[2026-08-19 17:40:51] [2026-08-19 20:10:05] Age: 11.170308113098145

[2026-08-19 17:40:51] [2026-08-19 20:10:18] Test has started!

[2026-08-19 17:40:51] [2026-08-19 20:18:24] Test complete!

[2026-08-19 17:40:51] [2026-08-19 20:18:30] Safe: True

[2026-08-19 17:40:51] [2026-08-19 20:18:30] Recent: True

[2026-08-19 17:40:51] [2026-08-19 20:18:30] Current Time: 1787170688.8346014

[2026-08-19 17:40:51] [2026-08-19 20:18:30] Data Time: 1787170677.6619964

[2026-08-19 17:40:51] [2026-08-19 20:18:30] Age: 11.172605037689209

[2026-08-19 17:40:51] [2026-08-19 20:18:43] Test has started!

[2026-08-19 17:40:51] [2026-08-19 20:26:56] Test complete!

[2026-08-19 17:40:51] [2026-08-19 20:27:01] Safe: True

[2026-08-19 17:40:51] [2026-08-19 20:27:01] Recent: True

[2026-08-19 17:40:51] [2026-08-19 20:27:01] Current Time: 1787171199.8679993

[2026-08-19 17:40:51] [2026-08-19 20:27:01] Data Time: 1787171188.7446678

[2026-08-19 17:40:51] [2026-08-19 20:27:01] Age: 11.123331546783447

[2026-08-19 17:40:51] [2026-08-19 20:27:14] Test has started!

[2026-08-19 17:40:51] [2026-08-19 20:35:22] Test complete!

[2026-08-19 17:40:51] [2026-08-19 20:35:27] Safe: True

[2026-08-19 17:40:51] [2026-08-19 20:35:27] Recent: True

[2026-08-19 17:40:51] [2026-08-19 20:35:27] Current Time: 1787171706.417054

[2026-08-19 17:40:51] [2026-08-19 20:35:27] Data Time: 1787171695.35275

[2026-08-19 17:40:51] [2026-08-19 20:35:27] Age: 11.064303874969482

[2026-08-19 17:40:51] [2026-08-19 20:35:53] Joined both subprocesses.

[2026-08-19 17:40:51] [2026-08-19 20:36:38] Pullcast complete.

[2026-08-19 17:40:51] [2026-08-19 20:36:38] Nitrogen on.

[2026-08-19 17:40:51] [2026-08-19 20:37:21] Nitrogen off.

[2026-08-19 17:40:51] [2026-08-19 20:37:21] Membrane air data: {'temperature': '23.04', 'humidity': '37.44'}

[2026-08-19 17:40:51] [2026-08-19 20:37:21] Ambient air data: {'temperature': '23.39', 'humidity': '39.32'}

[2026-08-19 17:40:51] [2026-08-19 20:37:32] Membrane sitting in bath for 1200 seconds.

[2026-08-19 17:40:51] [2026-08-19 20:37:42] Nitrogen cap has been put away.

[2026-08-19 17:40:51] [2026-08-19 20:37:57] Ring has been placed on the coupon.

[2026-08-19 17:40:51] [2026-08-19 20:41:39] Cleaning knife

[2026-08-19 17:40:51] [2026-08-19 20:42:39] Knife cleaning finished.

[2026-08-19 17:40:51] [2026-08-19 21:08:06] Initial membrane picture taken.

[2026-08-19 17:40:51] [2026-08-19 21:08:35] Test has started!

[2026-08-19 17:40:51] [2026-08-19 21:16:06] Test complete!

[2026-08-19 17:40:51] [2026-08-19 21:16:11] Safe: True

[2026-08-19 17:40:51] [2026-08-19 21:16:11] Recent: True

[2026-08-19 17:40:51] [2026-08-19 21:16:11] Current Time: 1787174149.816576

[2026-08-19 17:40:51] [2026-08-19 21:16:11] Data Time: 1787174138.790037

[2026-08-19 17:40:51] [2026-08-19 21:16:11] Age: 11.026539087295532

[2026-08-19 17:40:51] [2026-08-19 21:16:24] Test has started!

[2026-08-19 17:40:51] [2026-08-19 21:23:50] Test complete!

[2026-08-19 17:40:51] [2026-08-19 21:23:55] Safe: True

[2026-08-19 17:40:51] [2026-08-19 21:23:55] Recent: True

[2026-08-19 17:40:51] [2026-08-19 21:23:55] Current Time: 1787174613.9183698

[2026-08-19 17:40:51] [2026-08-19 21:23:55] Data Time: 1787174602.930787

[2026-08-19 17:40:51] [2026-08-19 21:23:55] Age: 10.987582683563232

[2026-08-19 17:40:51] [2026-08-19 21:24:08] Test has started!

[2026-08-19 17:40:51] [2026-08-19 21:31:48] Test complete!

[2026-08-19 17:40:51] [2026-08-19 21:31:53] Safe: True

[2026-08-19 17:40:51] [2026-08-19 21:31:53] Recent: True

[2026-08-19 17:40:51] [2026-08-19 21:31:53] Current Time: 1787175092.4717748

[2026-08-19 17:40:51] [2026-08-19 21:31:53] Data Time: 1787175081.390344

[2026-08-19 17:40:51] [2026-08-19 21:31:53] Age: 11.081430912017822

[2026-08-19 17:40:51] [2026-08-19 21:32:06] Test has started!

[2026-08-19 17:40:51] [2026-08-19 21:39:38] Test complete!

[2026-08-19 17:40:51] [2026-08-19 21:39:43] Safe: True

[2026-08-19 17:40:51] [2026-08-19 21:39:43] Recent: True

[2026-08-19 17:40:51] [2026-08-19 21:39:43] Current Time: 1787175562.34966

[2026-08-19 17:40:51] [2026-08-19 21:39:43] Data Time: 1787175551.0813787

[2026-08-19 17:40:51] [2026-08-19 21:39:43] Age: 11.26828122138977

[2026-08-19 17:40:51] [2026-08-19 21:40:09] Final membrane picture taken.

[2026-08-19 17:40:51] [2026-08-19 21:40:27] Coupon successfully discarded.

[2026-08-19 17:40:51] [2026-08-19 21:41:13] Done

[2026-08-19 17:40:51] ── END PROTOCOL LOG ───────────────────────────────────────────────

[2026-08-19 17:40:51] 
[1/5] organising files...

[2026-08-19 17:40:51] [START] condition=17-0add-5deg-30s-N2-1200s

[2026-08-19 17:40:51] [2/5] processing pipeline for: 17-0add-5deg-30s-N2-1200s

[2026-08-19 17:40:51] ==============================================================================================================

[2026-08-19 17:40:51] Condition: 17-0add-5deg-30s-N2-1200s | pairs: 4

[2026-08-19 17:40:52] 

------------ NEW REP ---------------

[2026-08-19 17:40:52] Average Standard Deviation: 54.41542241196986

[2026-08-19 17:40:58] Toe end strain (zero point): 0.0000

[2026-08-19 17:41:07] PW + Double: 0.11895021568569462

[2026-08-19 17:41:07] Piecewise Chosen! 0.12623337326578604 | Drop Calculation: 0.07652841140266167

[2026-08-19 17:41:31]   elastic_r2                          28/30  NRMSE-score=0.934 (RMSE=2.03, range=30.72)

[2026-08-19 17:41:31]   plateau_r2_start                    14/15  R²(first 40%)=0.936

[2026-08-19 17:41:31]   densification_r2                    14/15  R²=0.928

[2026-08-19 17:41:31]   yield_accuracy                      25/25  elastic tail undershoots data by 0.8% of elastic range

[2026-08-19 17:41:31]   junction_continuity                 14/15  gap=0.6%

[2026-08-19 17:41:31]   plateau_r2_full_penalty              0/0  R²(full)=0.963

[2026-08-19 17:41:31]   elastic_modulus_penalty              0/0  E=227.0 bar ok

[2026-08-19 17:41:31]   bp1_accuracy_penalty                 0/0  GAM slope stable in early plateau (drop=34%) — ok | plateau spans 32% of remaining stress — ok

[2026-08-19 17:41:31]   changepoint_curvature_penalty        0/0  d2_norm=1.20, linear_stretch=20%

[2026-08-19 17:41:31]   slope_ratio_penalty                  0/0  plateau/elastic slope ratio=0.57 — good separation

[2026-08-19 17:41:31] Score: 95/100 → PASS

[2026-08-19 17:41:31] Good Fit: True

[2026-08-19 17:41:32] 

------------ NEW REP ---------------

[2026-08-19 17:41:32] Average Standard Deviation: 54.72545861110131

[2026-08-19 17:41:38] Toe end strain (zero point): 0.0000

[2026-08-19 17:41:53] PW + Double: None

[2026-08-19 17:41:53] Piecewise Chosen! 0.14343898982223185 | Drop Calculation: 0.07461420465687837

[2026-08-19 17:42:17]   elastic_r2                          28/30  NRMSE-score=0.943 (RMSE=1.87, range=33.00)

[2026-08-19 17:42:17]   plateau_r2_start                    14/15  R²(first 40%)=0.914

[2026-08-19 17:42:17]   densification_r2                    14/15  R²=0.956

[2026-08-19 17:42:17]   yield_accuracy                      25/25  elastic tail undershoots data by 1.1% of elastic range

[2026-08-19 17:42:17]   junction_continuity                 15/15  gap=0.0%

[2026-08-19 17:42:17]   plateau_r2_full_penalty              0/0  R²(full)=0.964

[2026-08-19 17:42:17]   elastic_modulus_penalty              0/0  E=220.9 bar ok

[2026-08-19 17:42:17]   bp1_accuracy_penalty                 0/0  GAM slope stable in early plateau (drop=26%) — ok | plateau spans 32% of remaining stress — ok

[2026-08-19 17:42:17]   changepoint_curvature_penalty        0/0  d2_norm=2.23, linear_stretch=13%

[2026-08-19 17:42:17]   slope_ratio_penalty                  0/0  plateau/elastic slope ratio=0.60 — good separation

[2026-08-19 17:42:17] Score: 96/100 → PASS

[2026-08-19 17:42:18] Good Fit: True

[2026-08-19 17:42:19] 

------------ NEW REP ---------------

[2026-08-19 17:42:19] Average Standard Deviation: 53.39463315308535

[2026-08-19 17:42:22] Toe end strain (zero point): 0.0000

[2026-08-19 17:42:30] PW + Double: 0.14281181810896004

[2026-08-19 17:42:30] Piecewise Chosen! 0.16222448014818133 | Drop Calculation: 0.13272991503705078

[2026-08-19 17:42:49]   elastic_r2                          28/30  NRMSE-score=0.942 (RMSE=1.99, range=34.59)

[2026-08-19 17:42:49]   plateau_r2_start                    14/15  R²(first 40%)=0.924

[2026-08-19 17:42:49]   densification_r2                    14/15  R²=0.928

[2026-08-19 17:42:49]   yield_accuracy                      25/25  elastic tail undershoots data by 1.6% of elastic range

[2026-08-19 17:42:49]   junction_continuity                 14/15  gap=0.9%

[2026-08-19 17:42:49]   plateau_r2_full_penalty              0/0  R²(full)=0.930

[2026-08-19 17:42:49]   elastic_modulus_penalty              0/0  E=220.3 bar ok

[2026-08-19 17:42:49]   bp1_accuracy_penalty                 0/0  GAM slope stable in early plateau (drop=31%) — ok | plateau spans 30% of remaining stress — ok

[2026-08-19 17:42:49]   changepoint_curvature_penalty        0/0  d2_norm=1.14, linear_stretch=23%

[2026-08-19 17:42:49]   slope_ratio_penalty                  0/0  plateau/elastic slope ratio=0.57 — good separation

[2026-08-19 17:42:49] Score: 95/100 → PASS

[2026-08-19 17:42:49] Good Fit: True

[2026-08-19 17:42:50] 

------------ NEW REP ---------------

[2026-08-19 17:42:50] Average Standard Deviation: 53.4922275288902

[2026-08-19 17:42:54] Toe end strain (zero point): 0.0000

[2026-08-19 17:43:02] PW + Double: 0.1150583257719498

[2026-08-19 17:43:02] Piecewise Chosen! 0.12390135941607765 | Drop Calculation: 0.05197819556144236

[2026-08-19 17:43:20]   elastic_r2                          28/30  NRMSE-score=0.939 (RMSE=2.06, range=33.62)

[2026-08-19 17:43:20]   plateau_r2_start                    14/15  R²(first 40%)=0.923

[2026-08-19 17:43:20]   densification_r2                    14/15  R²=0.919

[2026-08-19 17:43:20]   yield_accuracy                      25/25  elastic tail undershoots data by 1.0% of elastic range

[2026-08-19 17:43:20]   junction_continuity                 15/15  gap=0.1%

[2026-08-19 17:43:20]   plateau_r2_full_penalty              0/0  R²(full)=0.939

[2026-08-19 17:43:20]   elastic_modulus_penalty              0/0  E=238.9 bar ok

[2026-08-19 17:43:20]   bp1_accuracy_penalty                 0/0  GAM slope stable in early plateau (drop=31%) — ok | plateau spans 32% of remaining stress — ok

[2026-08-19 17:43:20]   changepoint_curvature_penalty        0/0  d2_norm=1.23, linear_stretch=23%

[2026-08-19 17:43:20]   slope_ratio_penalty                  0/0  plateau/elastic slope ratio=0.54 — good separation

[2026-08-19 17:43:20] Score: 96/100 → PASS

[2026-08-19 17:43:20] Good Fit: True

[2026-08-19 17:43:21] CV (17-0add-5deg-30s-N2-1200s): 0.04754020777647002

[2026-08-19 17:43:21] 

------------ NEW REP ---------------

[2026-08-19 17:43:21] Average Standard Deviation: 43.931597156735506

[2026-08-19 17:43:23] Toe end strain (zero point): 0.0000

[2026-08-19 17:43:29] PW + Double: 0.11570026344141951

[2026-08-19 17:43:29] Piecewise Chosen! 0.12795363947296132 | Drop Calculation: 0.11233537134733564

[2026-08-19 17:43:53]   elastic_r2                          29/30  NRMSE-score=0.971 (RMSE=0.86, range=29.76)

[2026-08-19 17:43:53]   plateau_r2_start                    15/15  R²(first 40%)=0.990

[2026-08-19 17:43:53]   densification_r2                    14/15  R²=0.958

[2026-08-19 17:43:53]   yield_accuracy                      25/25  elastic tail undershoots data by 0.1% of elastic range

[2026-08-19 17:43:53]   junction_continuity                 15/15  gap=0.4%

[2026-08-19 17:43:53]   plateau_r2_full_penalty              0/0  R²(full)=0.919

[2026-08-19 17:43:53]   elastic_modulus_penalty              0/0  E=234.6 bar ok

[2026-08-19 17:43:53]   bp1_accuracy_penalty                 0/0  GAM slope stable in early plateau (drop=32%) — ok | plateau spans 34% of remaining stress — ok

[2026-08-19 17:43:53]   changepoint_curvature_penalty        0/0  d2_norm=1.68, linear_stretch=27%

[2026-08-19 17:43:53]   slope_ratio_penalty                  0/0  plateau/elastic slope ratio=0.56 — good separation

[2026-08-19 17:43:53] Score: 98/100 → PASS

[2026-08-19 17:43:53] Good Fit: True

[2026-08-19 17:44:04] [3/5] generating initial report...

[2026-08-19 17:44:04] [4/5] running active learning...

[2026-08-19 17:44:26]   JSON result: C:\Users\opentrons\Documents\Auto-Membranes\data\llm_results\llm_result_17-0add-5deg-30s-N2-1200s.json

[2026-08-19 17:44:26] [5/5] next params: {'mixing_temp': 25, 'bath_temp': 5, 'pullcast_speed': 20, 'nitrogen': True, 'coupon_to_bath_wait_time': 30, 'nips_bath_wait_time': 1800, 'polymer_wt': 17.0, 'additive_wt': 0.0, 'stock_metadata': {'polymer_stock_wt_percent': 17.0, 'additive_stock_polymer_wt_percent': 17.0, 'additive_stock_additive_wt_percent': 4.0}}

[2026-08-19 17:44:26] Python recieved!

[2026-08-19 17:44:26] Exact payload being sent: {"mixing_temp": 25, "bath_temp": 5, "pullcast_speed": 20, "nitrogen": true, "coupon_to_bath_wait_time": 30, "nips_bath_wait_time": 1800, "polymer_wt": 17.0, "additive_wt": 0.0, "stock_metadata": {"polymer_stock_wt_percent": 17.0, "additive_stock_polymer_wt_percent": 17.0, "additive_stock_additive_wt_percent": 4.0}}

[2026-08-19 17:44:26] Opentrons response: Creating Membrane with following parameters: {"mixing_temp": 25, "bath_temp": 5, "pullcast_speed": 20, "nitrogen": true, "coupon_to_bath_wait_time": 30, "nips_bath_wait_time": 1800, "polymer_wt": 17.0, "additive_wt": 0.0, "stock_metadata": {"polymer_stock_wt_percent": 17.0, "additive_stock_polymer_wt_percent": 17.0, "additive_stock_additive_wt_percent": 4.0}}

[2026-08-19 17:44:26] [DONE] 17-0add-5deg-30s-N2-1200s  elapsed=215.2s

[2026-08-19 19:10:10] ── PROTOCOL LOG (Opentrons) ────────────────────────────────────────

[2026-08-19 19:10:10] [2026-08-19 21:44:48] Recievied request for membrane with following parameters:

[2026-08-19 19:10:10] [2026-08-19 21:44:48] {'mixing_temp': 25, 'bath_temp': 5, 'pullcast_speed': 20, 'nitrogen': True, 'coupon_to_bath_wait_time': 30, 'nips_bath_wait_time': 1800, 'polymer_wt': 17.0, 'additive_wt': 0.0, 'stock_metadata': {'polymer_stock_wt_percent': 17.0, 'additive_stock_polymer_wt_percent': 17.0, 'additive_stock_additive_wt_percent': 4.0}}

[2026-08-19 19:10:10] [2026-08-19 21:44:48] Bath chilling process started.

[2026-08-19 19:10:10] [2026-08-19 21:44:48] Beginning zero tests on coupons.

[2026-08-19 19:10:10] [2026-08-19 21:44:48] Opentrons process started.

[2026-08-19 19:10:10] [2026-08-19 21:44:48] 
Target recipe

[2026-08-19 19:10:10] [2026-08-19 21:44:48] -------------

[2026-08-19 19:10:10] [2026-08-19 21:44:48] Total volume:      1000.00 uL

[2026-08-19 19:10:10] [2026-08-19 21:44:48] Target polymer:    17 wt%

[2026-08-19 19:10:10] [2026-08-19 21:44:48] Target additive:   0 wt%

[2026-08-19 19:10:10] [2026-08-19 21:44:48] 
Required volumes

[2026-08-19 19:10:10] [2026-08-19 21:44:48] ----------------

[2026-08-19 19:10:10] [2026-08-19 21:44:48] Normal polymer stock:      1000.00 uL

[2026-08-19 19:10:10] [2026-08-19 21:44:48] Polymer-additive stock:    0.00 uL

[2026-08-19 19:10:10] [2026-08-19 21:44:48] Pure solvent:              0.00 uL

[2026-08-19 19:10:10] [2026-08-19 21:44:48] Total:                     1000.00 uL

[2026-08-19 19:10:10] [2026-08-19 21:44:48] 
Final composition check

[2026-08-19 19:10:10] [2026-08-19 21:44:48] -----------------------

[2026-08-19 19:10:10] [2026-08-19 21:44:48] Polymer:    17.0000 wt%

[2026-08-19 19:10:10] [2026-08-19 21:44:48] Additive:   0.0000 wt%

[2026-08-19 19:10:10] [2026-08-19 21:44:48] Solvent:    83.0000 wt%

[2026-08-19 19:10:10] [2026-08-19 21:44:48] Solution will be pulled from stock polymer bottle.

[2026-08-19 19:10:10] [2026-08-19 21:44:48] Current bath temperature: 4.53 C

[2026-08-19 19:10:10] [2026-08-19 21:44:58] Reached target temperature of 5.

[2026-08-19 19:10:10] [2026-08-19 21:45:15] Test has started!

[2026-08-19 19:10:10] [2026-08-19 21:50:21] Test complete!

[2026-08-19 19:10:10] [2026-08-19 21:50:26] Safe: True

[2026-08-19 19:10:10] [2026-08-19 21:50:26] Recent: True

[2026-08-19 19:10:10] [2026-08-19 21:50:26] Current Time: 1787176205.20042

[2026-08-19 19:10:10] [2026-08-19 21:50:26] Data Time: 1787176194.3365126

[2026-08-19 19:10:10] [2026-08-19 21:50:26] Age: 10.86390733718872

[2026-08-19 19:10:10] [2026-08-19 21:50:39] Test has started!

[2026-08-19 19:10:10] [2026-08-19 21:51:47] entered if statement!!!

[2026-08-19 19:10:10] [2026-08-19 21:55:44] Test complete!

[2026-08-19 19:10:10] [2026-08-19 21:55:49] Safe: True

[2026-08-19 19:10:10] [2026-08-19 21:55:49] Recent: True

[2026-08-19 19:10:10] [2026-08-19 21:55:49] Current Time: 1787176528.1417015

[2026-08-19 19:10:10] [2026-08-19 21:55:49] Data Time: 1787176517.101116

[2026-08-19 19:10:10] [2026-08-19 21:55:49] Age: 11.0405855178833

[2026-08-19 19:10:10] [2026-08-19 21:56:02] Test has started!

[2026-08-19 19:10:10] [2026-08-19 22:01:10] Test complete!

[2026-08-19 19:10:10] [2026-08-19 22:01:15] Safe: True

[2026-08-19 19:10:10] [2026-08-19 22:01:15] Recent: True

[2026-08-19 19:10:10] [2026-08-19 22:01:15] Current Time: 1787176853.8664238

[2026-08-19 19:10:10] [2026-08-19 22:01:15] Data Time: 1787176842.9921603

[2026-08-19 19:10:10] [2026-08-19 22:01:15] Age: 10.874263525009155

[2026-08-19 19:10:10] [2026-08-19 22:01:28] Test has started!

[2026-08-19 19:10:10] [2026-08-19 22:06:34] Test complete!

[2026-08-19 19:10:10] [2026-08-19 22:06:40] Safe: True

[2026-08-19 19:10:10] [2026-08-19 22:06:40] Recent: True

[2026-08-19 19:10:10] [2026-08-19 22:06:40] Current Time: 1787177178.5864143

[2026-08-19 19:10:10] [2026-08-19 22:06:40] Data Time: 1787177167.6958182

[2026-08-19 19:10:10] [2026-08-19 22:06:40] Age: 10.890596151351929

[2026-08-19 19:10:10] [2026-08-19 22:07:05] Joined both subprocesses.

[2026-08-19 19:10:10] [2026-08-19 22:07:49] Pullcast complete.

[2026-08-19 19:10:10] [2026-08-19 22:07:49] Nitrogen on.

[2026-08-19 19:10:10] [2026-08-19 22:08:31] Nitrogen off.

[2026-08-19 19:10:10] [2026-08-19 22:08:31] Membrane air data: {'temperature': '23.04', 'humidity': '43.67'}

[2026-08-19 19:10:10] [2026-08-19 22:08:31] Ambient air data: {'temperature': '23.48', 'humidity': '39.93'}

[2026-08-19 19:10:10] [2026-08-19 22:08:43] Membrane sitting in bath for 1800 seconds.

[2026-08-19 19:10:10] [2026-08-19 22:08:52] Nitrogen cap has been put away.

[2026-08-19 19:10:10] [2026-08-19 22:09:07] Ring has been placed on the coupon.

[2026-08-19 19:10:10] [2026-08-19 22:12:49] Cleaning knife

[2026-08-19 19:10:10] [2026-08-19 22:13:49] Knife cleaning finished.

[2026-08-19 19:10:10] [2026-08-19 22:49:16] Initial membrane picture taken.

[2026-08-19 19:10:10] [2026-08-19 22:49:46] Test has started!

[2026-08-19 19:10:10] [2026-08-19 22:54:19] Test complete!

[2026-08-19 19:10:10] [2026-08-19 22:54:24] Safe: True

[2026-08-19 19:10:10] [2026-08-19 22:54:24] Recent: True

[2026-08-19 19:10:10] [2026-08-19 22:54:24] Current Time: 1787180042.971459

[2026-08-19 19:10:10] [2026-08-19 22:54:24] Data Time: 1787180032.1530051

[2026-08-19 19:10:10] [2026-08-19 22:54:24] Age: 10.818453788757324

[2026-08-19 19:10:10] [2026-08-19 22:54:37] Test has started!

[2026-08-19 19:10:10] [2026-08-19 22:59:12] Test complete!

[2026-08-19 19:10:10] [2026-08-19 22:59:17] Safe: True

[2026-08-19 19:10:10] [2026-08-19 22:59:17] Recent: True

[2026-08-19 19:10:10] [2026-08-19 22:59:17] Current Time: 1787180335.9108224

[2026-08-19 19:10:10] [2026-08-19 22:59:17] Data Time: 1787180325.1634493

[2026-08-19 19:10:10] [2026-08-19 22:59:17] Age: 10.747373104095459

[2026-08-19 19:10:10] [2026-08-19 22:59:30] Test has started!

[2026-08-19 19:10:10] [2026-08-19 23:04:04] Test complete!

[2026-08-19 19:10:10] [2026-08-19 23:04:09] Safe: True

[2026-08-19 19:10:10] [2026-08-19 23:04:09] Recent: True

[2026-08-19 19:10:10] [2026-08-19 23:04:09] Current Time: 1787180628.0058107

[2026-08-19 19:10:10] [2026-08-19 23:04:09] Data Time: 1787180617.1679842

[2026-08-19 19:10:10] [2026-08-19 23:04:09] Age: 10.837826490402222

[2026-08-19 19:10:10] [2026-08-19 23:04:22] Test has started!

[2026-08-19 19:10:10] [2026-08-19 23:08:58] Test complete!

[2026-08-19 19:10:10] [2026-08-19 23:09:03] Safe: True

[2026-08-19 19:10:10] [2026-08-19 23:09:03] Recent: True

[2026-08-19 19:10:10] [2026-08-19 23:09:03] Current Time: 1787180921.793986

[2026-08-19 19:10:10] [2026-08-19 23:09:03] Data Time: 1787180910.9749608

[2026-08-19 19:10:10] [2026-08-19 23:09:03] Age: 10.81902527809143

[2026-08-19 19:10:10] [2026-08-19 23:09:29] Final membrane picture taken.

[2026-08-19 19:10:10] [2026-08-19 23:09:46] Coupon successfully discarded.

[2026-08-19 19:10:10] [2026-08-19 23:10:32] Done

[2026-08-19 19:10:10] ── END PROTOCOL LOG ───────────────────────────────────────────────

[2026-08-19 19:10:10] 
[1/5] organising files...

[2026-08-19 19:10:10] Condition already tested. New folder: 17-0add-5deg-30s-N2-1800s_run2

[2026-08-19 19:10:11] [START] condition=17-0add-5deg-30s-N2-1800s_run2

[2026-08-19 19:10:11] [2/5] processing pipeline for: 17-0add-5deg-30s-N2-1800s_run2

[2026-08-19 19:10:11] ==============================================================================================================

[2026-08-19 19:10:11] Condition: 17-0add-5deg-30s-N2-1800s_run2 | pairs: 4

[2026-08-19 19:10:11] 

------------ NEW REP ---------------

[2026-08-19 19:10:11] Average Standard Deviation: 56.52718601597287

[2026-08-19 19:10:11] Toe end strain (zero point): 0.0397

[2026-08-19 19:10:17] PW + Double: 0.04383810886296107

[2026-08-19 19:10:17] Piecewise Chosen! 0.032989792906124235 | Drop Calculation: 0.15158494107527934

[2026-08-19 19:10:45]   elastic_r2                          25/30  NRMSE-score=0.849 (RMSE=0.42, range=2.80)

[2026-08-19 19:10:45]   plateau_r2_start                    11/15  R²(first 40%)=0.729

[2026-08-19 19:10:45]   densification_r2                     1/15  R²=0.067

[2026-08-19 19:10:45]   yield_accuracy                      24/25  elastic tail undershoots data by 14.5% of elastic range

[2026-08-19 19:10:45]   junction_continuity                  0/15  gap=22.8%

[2026-08-19 19:10:45]   plateau_r2_full_penalty             -10/0  R²(full)=0.487

[2026-08-19 19:10:45]   elastic_modulus_penalty              0/0  E=31.0 bar ok

[2026-08-19 19:10:45]   bp1_accuracy_penalty                -35/0  GAM slope drops 48% in early plateau — bp1 suspect | plateau spans 92% of remaining stress — elastic peak likely wrong

[2026-08-19 19:10:45]   changepoint_curvature_penalty       -10/0  d2_norm=0.00, linear_stretch=100%

[2026-08-19 19:10:45]   catastrophic_slope_vs_modulus        0/0  slope ratio=6.42 — plateau slope ≥95% of elastic

[2026-08-19 19:10:45]   CATASTROPHIC HALVING: 6 → 3

[2026-08-19 19:10:45] Score: 3/100 → FAIL

[2026-08-19 19:10:51] PW + Double: 0.1429394256978055

[2026-08-19 19:10:51] Piecewise Chosen! 0.1550555096066061 | Drop Calculation: 0.153613476191555

[2026-08-19 19:11:17]   elastic_r2                          28/30  NRMSE-score=0.921 (RMSE=2.04, range=25.87)

[2026-08-19 19:11:17]   plateau_r2_start                    14/15  R²(first 40%)=0.921

[2026-08-19 19:11:17]   densification_r2                    14/15  R²=0.911

[2026-08-19 19:11:17]   yield_accuracy                      25/25  elastic tail undershoots data by 1.9% of elastic range

[2026-08-19 19:11:17]   junction_continuity                 13/15  gap=2.1%

[2026-08-19 19:11:17]   plateau_r2_full_penalty              0/0  R²(full)=0.928

[2026-08-19 19:11:17]   elastic_modulus_penalty              0/0  E=205.0 bar ok

[2026-08-19 19:11:17]   bp1_accuracy_penalty                -5/0  GAM slope drops 44% in early plateau — bp1 suspect | plateau spans 28% of remaining stress — ok

[2026-08-19 19:11:17]   changepoint_curvature_penalty        0/0  d2_norm=3.11, linear_stretch=20%

[2026-08-19 19:11:17]   slope_ratio_penalty                  0/0  plateau/elastic slope ratio=0.40 — good separation

[2026-08-19 19:11:17] Score: 89/100 → PASS

[2026-08-19 19:11:17]   toe-mask retry: masked strain < 0.0330, good=True

[2026-08-19 19:11:17] Good Fit: True

[2026-08-19 19:11:18] 

------------ NEW REP ---------------

[2026-08-19 19:11:18] Average Standard Deviation: 56.83273124833272

[2026-08-19 19:11:21] Toe end strain (zero point): 0.0000

[2026-08-19 19:11:28] PW + Double: 0.0960026904019445

[2026-08-19 19:11:28] Piecewise Chosen! 0.09908130374800496 | Drop Calculation: 0.09112221250399628

[2026-08-19 19:11:49]   elastic_r2                          26/30  NRMSE-score=0.882 (RMSE=2.99, range=25.32)

[2026-08-19 19:11:49]   plateau_r2_start                    13/15  R²(first 40%)=0.880

[2026-08-19 19:11:49]   densification_r2                    13/15  R²=0.886

[2026-08-19 19:11:49]   yield_accuracy                      25/25  elastic tail undershoots data by 2.6% of elastic range

[2026-08-19 19:11:49]   junction_continuity                 13/15  gap=2.1%

[2026-08-19 19:11:49]   plateau_r2_full_penalty              0/0  R²(full)=0.833

[2026-08-19 19:11:49]   elastic_modulus_penalty              0/0  E=241.1 bar ok

[2026-08-19 19:11:49]   bp1_accuracy_penalty                -5/0  GAM slope drops 44% in early plateau — bp1 suspect | plateau spans 21% of remaining stress — ok

[2026-08-19 19:11:49]   changepoint_curvature_penalty        0/0  d2_norm=2.10, linear_stretch=23%

[2026-08-19 19:11:49]   slope_ratio_penalty                  0/0  plateau/elastic slope ratio=0.23 — good separation

[2026-08-19 19:11:49]   DATA FLAGS (no score impact — route to goodData_eval):

[2026-08-19 19:11:49]     elastic_half_consistency: first-half R²=-0.359 vs second-half R²=0.581 (gap=0.940)

[2026-08-19 19:11:49] Score: 85/100 → PASS

[2026-08-19 19:11:49] Good Fit: True

[2026-08-19 19:11:50] 

------------ NEW REP ---------------

[2026-08-19 19:11:50] Average Standard Deviation: 57.53784203978028

[2026-08-19 19:11:50] Toe end strain (zero point): 0.0619

[2026-08-19 19:11:56] PW + Double: 0.19074919810595958

[2026-08-19 19:11:56] Piecewise Chosen! 0.2017845177885079 | Drop Calculation: 0.16039600069717577

[2026-08-19 19:12:13]   elastic_r2                          28/30  NRMSE-score=0.930 (RMSE=1.98, range=28.15)

[2026-08-19 19:12:13]   plateau_r2_start                    11/15  R²(first 40%)=0.745

[2026-08-19 19:12:13]   densification_r2                    13/15  R²=0.892

[2026-08-19 19:12:13]   yield_accuracy                      25/25  elastic tail undershoots data by 2.4% of elastic range

[2026-08-19 19:12:13]   junction_continuity                 13/15  gap=1.6%

[2026-08-19 19:12:13]   plateau_r2_full_penalty              0/0  R²(full)=0.777

[2026-08-19 19:12:13]   elastic_modulus_penalty              0/0  E=164.7 bar ok

[2026-08-19 19:12:13]   bp1_accuracy_penalty                 0/0  GAM slope stable in early plateau (drop=33%) — ok | plateau spans 17% of remaining stress — ok

[2026-08-19 19:12:13]   changepoint_curvature_penalty        0/0  d2_norm=0.94, linear_stretch=23%

[2026-08-19 19:12:13]   slope_ratio_penalty                  0/0  plateau/elastic slope ratio=0.36 — good separation

[2026-08-19 19:12:13]   DATA FLAGS (no score impact — route to goodData_eval):

[2026-08-19 19:12:13]     elastic_half_consistency: first-half R²=0.518 vs second-half R²=0.859 (gap=0.341)

[2026-08-19 19:12:13] Score: 90/100 → PASS

[2026-08-19 19:12:14] Good Fit: True

[2026-08-19 19:12:15] 

------------ NEW REP ---------------

[2026-08-19 19:12:15] Average Standard Deviation: 57.726383261100565

[2026-08-19 19:12:17] Toe end strain (zero point): 0.0000

[2026-08-19 19:12:23] PW + Double: 0.06877697229720894

[2026-08-19 19:12:23] Piecewise Chosen! 0.0702787489910799 | Drop Calculation: 0.07681509570083925

[2026-08-19 19:12:45]   elastic_r2                          27/30  NRMSE-score=0.885 (RMSE=2.31, range=20.09)

[2026-08-19 19:12:45]   plateau_r2_start                    14/15  R²(first 40%)=0.911

[2026-08-19 19:12:45]   densification_r2                    13/15  R²=0.872

[2026-08-19 19:12:45]   yield_accuracy                      25/25  elastic tail undershoots data by 5.2% of elastic range

[2026-08-19 19:12:45]   junction_continuity                 15/15  gap=0.3%

[2026-08-19 19:12:45]   plateau_r2_full_penalty              0/0  R²(full)=0.722

[2026-08-19 19:12:45]   elastic_modulus_penalty              0/0  E=208.2 bar ok

[2026-08-19 19:12:45]   bp1_accuracy_penalty                 0/0  GAM slope stable in early plateau (drop=20%) — ok | plateau spans 18% of remaining stress — ok

[2026-08-19 19:12:45]   changepoint_curvature_penalty        0/0  d2_norm=1.62, linear_stretch=23%

[2026-08-19 19:12:45]   slope_ratio_penalty                  0/0  plateau/elastic slope ratio=0.26 — good separation

[2026-08-19 19:12:45]   DATA FLAGS (no score impact — route to goodData_eval):

[2026-08-19 19:12:45]     elastic_half_consistency: first-half R²=0.003 vs second-half R²=0.408 (gap=0.404)

[2026-08-19 19:12:45] Score: 94/100 → PASS

[2026-08-19 19:12:46] Good Fit: True

[2026-08-19 19:12:46] CV (17-0add-5deg-30s-N2-1800s_run2): 0.06431880598131447

[2026-08-19 19:12:46] 

------------ NEW REP ---------------

[2026-08-19 19:12:46] Average Standard Deviation: 43.85277214646376

[2026-08-19 19:12:48] Toe end strain (zero point): 0.0000

[2026-08-19 19:12:53] PW + Double: 0.10552196213185866

[2026-08-19 19:12:53] Piecewise Chosen! 0.11319071917141396 | Drop Calculation: 0.1033839306205908

[2026-08-19 19:13:19]   elastic_r2                          28/30  NRMSE-score=0.945 (RMSE=1.12, range=20.39)

[2026-08-19 19:13:19]   plateau_r2_start                    15/15  R²(first 40%)=0.987

[2026-08-19 19:13:19]   densification_r2                    14/15  R²=0.926

[2026-08-19 19:13:19]   yield_accuracy                      25/25  elastic tail overshoots data by 0.1% of elastic range

[2026-08-19 19:13:19]   junction_continuity                 13/15  gap=1.5%

[2026-08-19 19:13:19]   plateau_r2_full_penalty              0/0  R²(full)=0.790

[2026-08-19 19:13:19]   elastic_modulus_penalty              0/0  E=204.2 bar ok

[2026-08-19 19:13:19]   bp1_accuracy_penalty                 0/0  GAM slope stable in early plateau (drop=36%) — ok | plateau spans 26% of remaining stress — ok

[2026-08-19 19:13:19]   changepoint_curvature_penalty        0/0  d2_norm=2.97, linear_stretch=23%

[2026-08-19 19:13:19]   slope_ratio_penalty                  0/0  plateau/elastic slope ratio=0.37 — good separation

[2026-08-19 19:13:19] Score: 95/100 → PASS

[2026-08-19 19:13:19] Good Fit: True

[2026-08-19 19:13:27] [3/5] generating initial report...

[2026-08-19 19:13:27] [4/5] running active learning...

[2026-08-19 19:13:49]   JSON result: C:\Users\opentrons\Documents\Auto-Membranes\data\llm_results\llm_result_17-0add-5deg-30s-N2-1800s_run2.json

[2026-08-19 19:13:49] [5/5] next params: {'mixing_temp': 25, 'bath_temp': 5, 'pullcast_speed': 12, 'nitrogen': True, 'coupon_to_bath_wait_time': 15, 'nips_bath_wait_time': 1800, 'polymer_wt': 17.0, 'additive_wt': 0.0, 'stock_metadata': {'polymer_stock_wt_percent': 17.0, 'additive_stock_polymer_wt_percent': 17.0, 'additive_stock_additive_wt_percent': 4.0}}

[2026-08-19 19:13:49] Python recieved!

[2026-08-19 19:13:49] Exact payload being sent: {"mixing_temp": 25, "bath_temp": 5, "pullcast_speed": 12, "nitrogen": true, "coupon_to_bath_wait_time": 15, "nips_bath_wait_time": 1800, "polymer_wt": 17.0, "additive_wt": 0.0, "stock_metadata": {"polymer_stock_wt_percent": 17.0, "additive_stock_polymer_wt_percent": 17.0, "additive_stock_additive_wt_percent": 4.0}}

[2026-08-19 19:13:49] Opentrons response: Creating Membrane with following parameters: {"mixing_temp": 25, "bath_temp": 5, "pullcast_speed": 12, "nitrogen": true, "coupon_to_bath_wait_time": 15, "nips_bath_wait_time": 1800, "polymer_wt": 17.0, "additive_wt": 0.0, "stock_metadata": {"polymer_stock_wt_percent": 17.0, "additive_stock_polymer_wt_percent": 17.0, "additive_stock_additive_wt_percent": 4.0}}

[2026-08-19 19:13:49] [DONE] 17-0add-5deg-30s-N2-1800s_run2  elapsed=218.3s

[2026-08-19 20:36:10] ── PROTOCOL LOG (Opentrons) ────────────────────────────────────────

[2026-08-19 20:36:10] [2026-08-19 23:14:10] Recievied request for membrane with following parameters:

[2026-08-19 20:36:10] [2026-08-19 23:14:10] {'mixing_temp': 25, 'bath_temp': 5, 'pullcast_speed': 12, 'nitrogen': True, 'coupon_to_bath_wait_time': 15, 'nips_bath_wait_time': 1800, 'polymer_wt': 17.0, 'additive_wt': 0.0, 'stock_metadata': {'polymer_stock_wt_percent': 17.0, 'additive_stock_polymer_wt_percent': 17.0, 'additive_stock_additive_wt_percent': 4.0}}

[2026-08-19 20:36:10] [2026-08-19 23:14:10] Bath chilling process started.

[2026-08-19 20:36:10] [2026-08-19 23:14:10] Beginning zero tests on coupons.

[2026-08-19 20:36:10] [2026-08-19 23:14:10] Opentrons process started.

[2026-08-19 20:36:10] [2026-08-19 23:14:10] 
Target recipe

[2026-08-19 20:36:10] [2026-08-19 23:14:10] -------------

[2026-08-19 20:36:10] [2026-08-19 23:14:10] Total volume:      1000.00 uL

[2026-08-19 20:36:10] [2026-08-19 23:14:10] Target polymer:    17 wt%

[2026-08-19 20:36:10] [2026-08-19 23:14:10] Target additive:   0 wt%

[2026-08-19 20:36:10] [2026-08-19 23:14:10] 
Required volumes

[2026-08-19 20:36:10] [2026-08-19 23:14:10] ----------------

[2026-08-19 20:36:10] [2026-08-19 23:14:10] Normal polymer stock:      1000.00 uL

[2026-08-19 20:36:10] [2026-08-19 23:14:10] Polymer-additive stock:    0.00 uL

[2026-08-19 20:36:10] [2026-08-19 23:14:10] Pure solvent:              0.00 uL

[2026-08-19 20:36:10] [2026-08-19 23:14:10] Total:                     1000.00 uL

[2026-08-19 20:36:10] [2026-08-19 23:14:10] 
Final composition check

[2026-08-19 20:36:10] [2026-08-19 23:14:10] -----------------------

[2026-08-19 20:36:10] [2026-08-19 23:14:10] Polymer:    17.0000 wt%

[2026-08-19 20:36:10] [2026-08-19 23:14:10] Additive:   0.0000 wt%

[2026-08-19 20:36:10] [2026-08-19 23:14:10] Solvent:    83.0000 wt%

[2026-08-19 20:36:10] [2026-08-19 23:14:10] Solution will be pulled from stock polymer bottle.

[2026-08-19 20:36:10] [2026-08-19 23:14:11] Current bath temperature: 5.2 C

[2026-08-19 20:36:10] [2026-08-19 23:14:21] Current bath temperature: 5.6 C

[2026-08-19 20:36:10] [2026-08-19 23:14:31] Current bath temperature: 6.17 C

[2026-08-19 20:36:10] [2026-08-19 23:14:37] Test has started!

[2026-08-19 20:36:10] [2026-08-19 23:14:41] Current bath temperature: 6.57 C

[2026-08-19 20:36:10] [2026-08-19 23:14:51] Current bath temperature: 6.81 C

[2026-08-19 20:36:10] [2026-08-19 23:15:01] Current bath temperature: 6.79 C

[2026-08-19 20:36:10] [2026-08-19 23:15:11] Current bath temperature: 6.24 C

[2026-08-19 20:36:10] [2026-08-19 23:15:21] Current bath temperature: 5.5 C

[2026-08-19 20:36:10] [2026-08-19 23:15:31] Current bath temperature: 4.84 C

[2026-08-19 20:36:10] [2026-08-19 23:15:42] Current bath temperature: 4.27 C

[2026-08-19 20:36:10] [2026-08-19 23:15:52] Current bath temperature: 3.82 C

[2026-08-19 20:36:10] [2026-08-19 23:16:02] Current bath temperature: 3.86 C

[2026-08-19 20:36:10] [2026-08-19 23:16:12] Current bath temperature: 4.13 C

[2026-08-19 20:36:10] [2026-08-19 23:16:22] Current bath temperature: 4.43 C

[2026-08-19 20:36:10] [2026-08-19 23:16:32] Current bath temperature: 4.69 C

[2026-08-19 20:36:10] [2026-08-19 23:16:42] Reached target temperature of 5.

[2026-08-19 20:36:10] [2026-08-19 23:19:22] Test complete!

[2026-08-19 20:36:10] [2026-08-19 23:19:27] Safe: True

[2026-08-19 20:36:10] [2026-08-19 23:19:27] Recent: True

[2026-08-19 20:36:10] [2026-08-19 23:19:27] Current Time: 1787181545.976769

[2026-08-19 20:36:10] [2026-08-19 23:19:27] Data Time: 1787181535.15967

[2026-08-19 20:36:10] [2026-08-19 23:19:27] Age: 10.81709885597229

[2026-08-19 20:36:10] [2026-08-19 23:19:39] Test has started!

[2026-08-19 20:36:10] [2026-08-19 23:21:10] entered if statement!!!

[2026-08-19 20:36:10] [2026-08-19 23:24:24] Test complete!

[2026-08-19 20:36:10] [2026-08-19 23:24:29] Safe: True

[2026-08-19 20:36:10] [2026-08-19 23:24:29] Recent: True

[2026-08-19 20:36:10] [2026-08-19 23:24:29] Current Time: 1787181847.9447145

[2026-08-19 20:36:10] [2026-08-19 23:24:29] Data Time: 1787181837.1497266

[2026-08-19 20:36:10] [2026-08-19 23:24:29] Age: 10.794987916946411

[2026-08-19 20:36:10] [2026-08-19 23:24:42] Test has started!

[2026-08-19 20:36:10] [2026-08-19 23:29:23] Test complete!

[2026-08-19 20:36:10] [2026-08-19 23:29:28] Safe: True

[2026-08-19 20:36:10] [2026-08-19 23:29:28] Recent: True

[2026-08-19 20:36:10] [2026-08-19 23:29:28] Current Time: 1787182147.196285

[2026-08-19 20:36:10] [2026-08-19 23:29:28] Data Time: 1787182136.3693902

[2026-08-19 20:36:10] [2026-08-19 23:29:28] Age: 10.826894760131836

[2026-08-19 20:36:10] [2026-08-19 23:29:41] Test has started!

[2026-08-19 20:36:10] [2026-08-19 23:34:24] Test complete!

[2026-08-19 20:36:10] [2026-08-19 23:34:29] Safe: True

[2026-08-19 20:36:10] [2026-08-19 23:34:29] Recent: True

[2026-08-19 20:36:10] [2026-08-19 23:34:29] Current Time: 1787182448.1481252

[2026-08-19 20:36:10] [2026-08-19 23:34:29] Data Time: 1787182437.2634861

[2026-08-19 20:36:10] [2026-08-19 23:34:29] Age: 10.884639024734497

[2026-08-19 20:36:10] [2026-08-19 23:34:55] Joined both subprocesses.

[2026-08-19 20:36:10] [2026-08-19 23:35:41] Pullcast complete.

[2026-08-19 20:36:10] [2026-08-19 23:35:41] Nitrogen on.

[2026-08-19 20:36:10] [2026-08-19 23:36:09] Nitrogen off.

[2026-08-19 20:36:10] [2026-08-19 23:36:09] Membrane air data: {'temperature': '22.93', 'humidity': '42.06'}

[2026-08-19 20:36:10] [2026-08-19 23:36:09] Ambient air data: {'temperature': '23.34', 'humidity': '37.20'}

[2026-08-19 20:36:10] [2026-08-19 23:36:20] Membrane sitting in bath for 1800 seconds.

[2026-08-19 20:36:10] [2026-08-19 23:36:30] Nitrogen cap has been put away.

[2026-08-19 20:36:10] [2026-08-19 23:36:45] Ring has been placed on the coupon.

[2026-08-19 20:36:10] [2026-08-19 23:40:42] Cleaning knife

[2026-08-19 20:36:10] [2026-08-19 23:41:42] Knife cleaning finished.

[2026-08-19 20:36:10] [2026-08-20 00:16:54] Initial membrane picture taken.

[2026-08-19 20:36:10] [2026-08-20 00:17:23] Test has started!

[2026-08-19 20:36:10] [2026-08-20 00:21:34] Test complete!

[2026-08-19 20:36:10] [2026-08-20 00:21:39] Safe: True

[2026-08-19 20:36:10] [2026-08-20 00:21:39] Recent: True

[2026-08-19 20:36:10] [2026-08-20 00:21:39] Current Time: 1787185278.0842378

[2026-08-19 20:36:10] [2026-08-20 00:21:39] Data Time: 1787185267.419412

[2026-08-19 20:36:10] [2026-08-20 00:21:39] Age: 10.664825916290283

[2026-08-19 20:36:10] [2026-08-20 00:21:52] Test has started!

[2026-08-19 20:36:10] [2026-08-20 00:26:04] Test complete!

[2026-08-19 20:36:10] [2026-08-20 00:26:09] Safe: True

[2026-08-19 20:36:10] [2026-08-20 00:26:09] Recent: True

[2026-08-19 20:36:10] [2026-08-20 00:26:09] Current Time: 1787185548.1399384

[2026-08-19 20:36:10] [2026-08-20 00:26:09] Data Time: 1787185537.1848807

[2026-08-19 20:36:10] [2026-08-20 00:26:09] Age: 10.955057621002197

[2026-08-19 20:36:10] [2026-08-20 00:26:22] Test has started!

[2026-08-19 20:36:10] [2026-08-20 00:30:31] Test complete!

[2026-08-19 20:36:10] [2026-08-20 00:30:36] Safe: True

[2026-08-19 20:36:10] [2026-08-20 00:30:36] Recent: True

[2026-08-19 20:36:10] [2026-08-20 00:30:36] Current Time: 1787185814.9715657

[2026-08-19 20:36:10] [2026-08-20 00:30:36] Data Time: 1787185804.2039502

[2026-08-19 20:36:10] [2026-08-20 00:30:36] Age: 10.767615556716919

[2026-08-19 20:36:10] [2026-08-20 00:30:49] Test has started!

[2026-08-19 20:36:10] [2026-08-20 00:34:58] Test complete!

[2026-08-19 20:36:10] [2026-08-20 00:35:03] Safe: True

[2026-08-19 20:36:10] [2026-08-20 00:35:03] Recent: True

[2026-08-19 20:36:10] [2026-08-20 00:35:03] Current Time: 1787186081.906439

[2026-08-19 20:36:10] [2026-08-20 00:35:03] Data Time: 1787186071.1134095

[2026-08-19 20:36:10] [2026-08-20 00:35:03] Age: 10.793029546737671

[2026-08-19 20:36:10] [2026-08-20 00:35:29] Final membrane picture taken.

[2026-08-19 20:36:10] [2026-08-20 00:35:46] Coupon successfully discarded.

[2026-08-19 20:36:10] [2026-08-20 00:36:32] Done

[2026-08-19 20:36:10] ── END PROTOCOL LOG ───────────────────────────────────────────────

[2026-08-19 20:36:10] 
[1/5] organising files...

[2026-08-19 20:36:10] Condition already tested. New folder: 17-0add-5deg-15s-N2-1800s_run2

[2026-08-19 20:36:11] [START] condition=17-0add-5deg-15s-N2-1800s_run2

[2026-08-19 20:36:11] [2/5] processing pipeline for: 17-0add-5deg-15s-N2-1800s_run2

[2026-08-19 20:36:11] ==============================================================================================================

[2026-08-19 20:36:11] Condition: 17-0add-5deg-15s-N2-1800s_run2 | pairs: 4

[2026-08-19 20:36:11] 

------------ NEW REP ---------------

[2026-08-19 20:36:11] Average Standard Deviation: 55.98516473310457

[2026-08-19 20:36:15] Toe end strain (zero point): 0.0000

[2026-08-19 20:36:22] PW + Double: 0.09133854246797618

[2026-08-19 20:36:22] Piecewise Chosen! 0.09792925560573727 | Drop Calculation: 0.07329865904593429

[2026-08-19 20:36:39]   elastic_r2                          27/30  NRMSE-score=0.910 (RMSE=2.19, range=24.30)

[2026-08-19 20:36:39]   plateau_r2_start                    13/15  R²(first 40%)=0.890

[2026-08-19 20:36:39]   densification_r2                    13/15  R²=0.876

[2026-08-19 20:36:39]   yield_accuracy                      25/25  elastic tail undershoots data by 3.2% of elastic range

[2026-08-19 20:36:39]   junction_continuity                  5/15  gap=9.6%

[2026-08-19 20:36:39]   plateau_r2_full_penalty              0/0  R²(full)=0.905

[2026-08-19 20:36:39]   elastic_modulus_penalty              0/0  E=204.2 bar ok

[2026-08-19 20:36:39]   bp1_accuracy_penalty                -5/0  GAM slope drops 56% in early plateau — bp1 suspect | plateau spans 30% of remaining stress — ok

[2026-08-19 20:36:39]   changepoint_curvature_penalty        0/0  d2_norm=1.54, linear_stretch=20%

[2026-08-19 20:36:39]   slope_ratio_penalty                  0/0  plateau/elastic slope ratio=0.38 — good separation

[2026-08-19 20:36:39]   DATA FLAGS (no score impact — route to goodData_eval):

[2026-08-19 20:36:39]     elastic_half_consistency: first-half R²=0.381 vs second-half R²=0.656 (gap=0.275)

[2026-08-19 20:36:39] Score: 78/100 → PASS

[2026-08-19 20:36:40] Good Fit: True

[2026-08-19 20:36:41] 

------------ NEW REP ---------------

[2026-08-19 20:36:41] Average Standard Deviation: 55.371623742931156

[2026-08-19 20:36:44] Toe end strain (zero point): 0.0000

[2026-08-19 20:36:49] PW + Double: 0.04720121881668665

[2026-08-19 20:36:49] Piecewise Chosen! 0.04656785989751766 | Drop Calculation: 0.16493498280295077

[2026-08-19 20:37:13]   elastic_r2                          25/30  NRMSE-score=0.845 (RMSE=1.13, range=7.29)

[2026-08-19 20:37:13]   plateau_r2_start                    12/15  R²(first 40%)=0.789

[2026-08-19 20:37:13]   densification_r2                     5/15  R²=0.338

[2026-08-19 20:37:13]   yield_accuracy                      24/25  elastic tail undershoots data by 16.7% of elastic range

[2026-08-19 20:37:13]   junction_continuity                  9/15  gap=6.2%

[2026-08-19 20:37:13]   plateau_r2_full_penalty              0/0  R²(full)=0.720

[2026-08-19 20:37:13]   elastic_modulus_penalty              0/0  E=81.2 bar ok

[2026-08-19 20:37:13]   bp1_accuracy_penalty                -35/0  GAM slope drops 44% in early plateau — bp1 suspect | plateau spans 85% of remaining stress — elastic peak likely wrong

[2026-08-19 20:37:13]   changepoint_curvature_penalty       -10/0  d2_norm=0.00, linear_stretch=100%

[2026-08-19 20:37:13]   catastrophic_slope_vs_modulus        0/0  slope ratio=2.15 — plateau slope ≥95% of elastic

[2026-08-19 20:37:13]   CATASTROPHIC HALVING: 30 → 15

[2026-08-19 20:37:13]   DATA FLAGS (no score impact — route to goodData_eval):

[2026-08-19 20:37:13]     elastic_half_consistency: first-half R²=-1.151 vs second-half R²=-0.104 (gap=1.046)

[2026-08-19 20:37:13] Score: 15/100 → FAIL

[2026-08-19 20:37:20] PW + Double: 0.1538581281605027

[2026-08-19 20:37:20] Piecewise Chosen! 0.17023639720525152 | Drop Calculation: 0.15690184803107105

[2026-08-19 20:37:44]   elastic_r2                          28/30  NRMSE-score=0.926 (RMSE=2.01, range=27.33)

[2026-08-19 20:37:44]   plateau_r2_start                    14/15  R²(first 40%)=0.912

[2026-08-19 20:37:44]   densification_r2                    13/15  R²=0.860

[2026-08-19 20:37:44]   yield_accuracy                      25/25  elastic tail undershoots data by 1.7% of elastic range

[2026-08-19 20:37:44]   junction_continuity                 14/15  gap=1.5%

[2026-08-19 20:37:44]   plateau_r2_full_penalty              0/0  R²(full)=0.884

[2026-08-19 20:37:44]   elastic_modulus_penalty              0/0  E=178.8 bar ok

[2026-08-19 20:37:44]   bp1_accuracy_penalty                 0/0  GAM slope stable in early plateau (drop=30%) — ok | plateau spans 32% of remaining stress — ok

[2026-08-19 20:37:44]   changepoint_curvature_penalty        0/0  d2_norm=1.90, linear_stretch=37%

[2026-08-19 20:37:44]   slope_ratio_penalty                  0/0  plateau/elastic slope ratio=0.49 — good separation

[2026-08-19 20:37:44] Score: 94/100 → PASS

[2026-08-19 20:37:44]   toe-mask retry: masked strain < 0.0466, good=True

[2026-08-19 20:37:45] Good Fit: True

[2026-08-19 20:37:45] 

------------ NEW REP ---------------

[2026-08-19 20:37:45] Average Standard Deviation: 58.53380014676253

[2026-08-19 20:37:45] Toe end strain (zero point): 0.1162

[2026-08-19 20:37:50] PW + Double: 0.10518999199775782

[2026-08-19 20:37:50] Piecewise Chosen! 0.09954191161770916 | Drop Calculation: 0.20249562522155892

[2026-08-19 20:38:11]   elastic_r2                          27/30  NRMSE-score=0.901 (RMSE=0.56, range=5.61)

[2026-08-19 20:38:11]   plateau_r2_start                    14/15  R²(first 40%)=0.913

[2026-08-19 20:38:11]   densification_r2                    12/15  R²=0.791

[2026-08-19 20:38:11]   yield_accuracy                      25/25  elastic tail undershoots data by 7.3% of elastic range

[2026-08-19 20:38:11]   junction_continuity                  9/15  gap=5.9%

[2026-08-19 20:38:11]   plateau_r2_full_penalty              0/0  R²(full)=0.662

[2026-08-19 20:38:11]   elastic_modulus_penalty              0/0  E=41.8 bar ok

[2026-08-19 20:38:11]   bp1_accuracy_penalty                -35/0  GAM slope drops 61% in early plateau — bp1 suspect | plateau spans 59% of remaining stress — elastic peak likely wrong

[2026-08-19 20:38:11]   changepoint_curvature_penalty        0/0  d2_norm=11.12, linear_stretch=23%

[2026-08-19 20:38:11]   catastrophic_slope_vs_modulus        0/0  slope ratio=3.60 — plateau slope ≥95% of elastic

[2026-08-19 20:38:11]   CATASTROPHIC HALVING: 52 → 26

[2026-08-19 20:38:11]   DATA FLAGS (no score impact — route to goodData_eval):

[2026-08-19 20:38:11]     elastic_half_consistency: first-half R²=-0.121 vs second-half R²=0.481 (gap=0.602)

[2026-08-19 20:38:11] Score: 26/100 → FAIL

[2026-08-19 20:38:16] PW + Double: 0.19380959120220728

[2026-08-19 20:38:16] Piecewise Chosen! 0.22126552592046314 | Drop Calculation: 0.20015950022685086

[2026-08-19 20:38:34]   elastic_r2                          28/30  NRMSE-score=0.921 (RMSE=1.69, range=21.26)

[2026-08-19 20:38:34]   plateau_r2_start                    13/15  R²(first 40%)=0.875

[2026-08-19 20:38:34]   densification_r2                    13/15  R²=0.873

[2026-08-19 20:38:34]   yield_accuracy                      25/25  elastic tail undershoots data by 1.0% of elastic range

[2026-08-19 20:38:34]   junction_continuity                 11/15  gap=4.3%

[2026-08-19 20:38:34]   plateau_r2_full_penalty              0/0  R²(full)=0.827

[2026-08-19 20:38:34]   elastic_modulus_penalty              0/0  E=158.2 bar ok

[2026-08-19 20:38:34]   bp1_accuracy_penalty                -5/0  GAM slope drops 51% in early plateau — bp1 suspect | plateau spans 22% of remaining stress — ok

[2026-08-19 20:38:34]   changepoint_curvature_penalty        0/0  d2_norm=2.19, linear_stretch=23%

[2026-08-19 20:38:34]   slope_ratio_penalty                  0/0  plateau/elastic slope ratio=0.44 — good separation

[2026-08-19 20:38:34] Score: 85/100 → PASS

[2026-08-19 20:38:34]   toe-mask retry: masked strain < 0.0995, good=True

[2026-08-19 20:38:35] Good Fit: True

[2026-08-19 20:38:36] 

------------ NEW REP ---------------

[2026-08-19 20:38:36] Average Standard Deviation: 57.59824515786888

[2026-08-19 20:38:36] Toe end strain (zero point): 0.0508

[2026-08-19 20:38:39] PW + Double: 0.05988617333546153

[2026-08-19 20:38:39] Piecewise Chosen! 0.05828539403916566 | Drop Calculation: 0.2447897449942565

[2026-08-19 20:39:04]   elastic_r2                          26/30  NRMSE-score=0.870 (RMSE=0.54, range=4.11)

[2026-08-19 20:39:04]   plateau_r2_start                    14/15  R²(first 40%)=0.957

[2026-08-19 20:39:04]   densification_r2                    13/15  R²=0.874

[2026-08-19 20:39:04]   yield_accuracy                      24/25  elastic tail undershoots data by 10.7% of elastic range

[2026-08-19 20:39:04]   junction_continuity                  9/15  gap=5.7%

[2026-08-19 20:39:04]   plateau_r2_full_penalty              0/0  R²(full)=0.897

[2026-08-19 20:39:04]   elastic_modulus_penalty              0/0  E=33.1 bar ok

[2026-08-19 20:39:04]   bp1_accuracy_penalty                -30/0  GAM slope stable in early plateau (drop=27%) — ok | plateau spans 52% of remaining stress — elastic peak likely wrong

[2026-08-19 20:39:04]   changepoint_curvature_penalty        0/0  d2_norm=4.24, linear_stretch=20%

[2026-08-19 20:39:04]   catastrophic_slope_vs_modulus        0/0  slope ratio=4.36 — plateau slope ≥95% of elastic

[2026-08-19 20:39:04]   CATASTROPHIC HALVING: 56 → 28

[2026-08-19 20:39:04]   DATA FLAGS (no score impact — route to goodData_eval):

[2026-08-19 20:39:04]     elastic_half_consistency: first-half R²=-1.026 vs second-half R²=0.223 (gap=1.249)

[2026-08-19 20:39:04] Score: 28/100 → FAIL

[2026-08-19 20:39:15] PW + Double: None

[2026-08-19 20:39:15] Drop Chosen! 0.22081049500919558 | Piecewise Calculation: None

[2026-08-19 20:39:38]   elastic_r2                          28/30  NRMSE-score=0.940 (RMSE=1.56, range=25.97)

[2026-08-19 20:39:38]   plateau_r2_start                    13/15  R²(first 40%)=0.879

[2026-08-19 20:39:38]   densification_r2                    13/15  R²=0.870

[2026-08-19 20:39:38]   yield_accuracy                      25/25  elastic tail undershoots data by 0.5% of elastic range

[2026-08-19 20:39:38]   junction_continuity                 14/15  gap=1.1%

[2026-08-19 20:39:38]   plateau_r2_full_penalty              0/0  R²(full)=0.799

[2026-08-19 20:39:38]   elastic_modulus_penalty              0/0  E=144.6 bar ok

[2026-08-19 20:39:38]   bp1_accuracy_penalty                 0/0  GAM slope stable in early plateau (drop=10%) — ok | plateau spans 24% of remaining stress — ok

[2026-08-19 20:39:38]   changepoint_curvature_penalty       -2/0  d2_norm=0.40, linear_stretch=27%

[2026-08-19 20:39:38]   slope_ratio_penalty                 -5/0  plateau/elastic slope ratio=0.61 — nearly parallel (-5 pts)

[2026-08-19 20:39:38] Score: 86/100 → PASS

[2026-08-19 20:39:38]   toe-mask retry: masked strain < 0.0583, good=True

[2026-08-19 20:39:39] Good Fit: True

[2026-08-19 20:39:39] CV (17-0add-5deg-15s-N2-1800s_run2): 0.08151939646471144

[2026-08-19 20:39:39] 

------------ NEW REP ---------------

[2026-08-19 20:39:39] Average Standard Deviation: 43.855613628127344

[2026-08-19 20:39:41] Toe end strain (zero point): 0.0000

[2026-08-19 20:39:44] PW + Double: 0.05591618752040994

[2026-08-19 20:39:44] Piecewise Chosen! 0.041014109425587385 | Drop Calculation: 0.15014787605834717

[2026-08-19 20:40:09]   elastic_r2                          27/30  NRMSE-score=0.899 (RMSE=0.30, range=3.01)

[2026-08-19 20:40:09]   plateau_r2_start                     9/15  R²(first 40%)=0.612

[2026-08-19 20:40:09]   densification_r2                    14/15  R²=0.921

[2026-08-19 20:40:09]   yield_accuracy                      25/25  elastic tail undershoots data by 8.4% of elastic range

[2026-08-19 20:40:09]   junction_continuity                  0/15  gap=16.4%

[2026-08-19 20:40:09]   plateau_r2_full_penalty              0/0  R²(full)=0.780

[2026-08-19 20:40:09]   elastic_modulus_penalty              0/0  E=55.0 bar ok

[2026-08-19 20:40:09]   bp1_accuracy_penalty                -35/0  GAM slope drops 47% in early plateau — bp1 suspect | plateau spans 70% of remaining stress — elastic peak likely wrong

[2026-08-19 20:40:09]   changepoint_curvature_penalty        0/0  d2_norm=8.03, linear_stretch=40%

[2026-08-19 20:40:09]   catastrophic_slope_vs_modulus        0/0  slope ratio=3.01 — plateau slope ≥95% of elastic

[2026-08-19 20:40:09]   CATASTROPHIC HALVING: 40 → 20

[2026-08-19 20:40:09] Score: 20/100 → FAIL

[2026-08-19 20:40:10] Good Fit: False

[2026-08-19 20:40:17] [3/5] generating initial report...

[2026-08-19 20:40:17] [4/5] running active learning...

[2026-08-19 20:40:39]   JSON result: C:\Users\opentrons\Documents\Auto-Membranes\data\llm_results\llm_result_17-0add-5deg-15s-N2-1800s_run2.json

[2026-08-19 20:40:39] [5/5] next params: {'mixing_temp': 25, 'bath_temp': 10, 'pullcast_speed': 15, 'nitrogen': True, 'coupon_to_bath_wait_time': 30, 'nips_bath_wait_time': 1200, 'polymer_wt': 17.0, 'additive_wt': 0.0, 'stock_metadata': {'polymer_stock_wt_percent': 17.0, 'additive_stock_polymer_wt_percent': 17.0, 'additive_stock_additive_wt_percent': 4.0}}

[2026-08-19 20:40:39] Python recieved!

[2026-08-19 20:40:39] Exact payload being sent: {"mixing_temp": 25, "bath_temp": 10, "pullcast_speed": 15, "nitrogen": true, "coupon_to_bath_wait_time": 30, "nips_bath_wait_time": 1200, "polymer_wt": 17.0, "additive_wt": 0.0, "stock_metadata": {"polymer_stock_wt_percent": 17.0, "additive_stock_polymer_wt_percent": 17.0, "additive_stock_additive_wt_percent": 4.0}}

[2026-08-19 20:40:40] Opentrons response: Creating Membrane with following parameters: {"mixing_temp": 25, "bath_temp": 10, "pullcast_speed": 15, "nitrogen": true, "coupon_to_bath_wait_time": 30, "nips_bath_wait_time": 1200, "polymer_wt": 17.0, "additive_wt": 0.0, "stock_metadata": {"polymer_stock_wt_percent": 17.0, "additive_stock_polymer_wt_percent": 17.0, "additive_stock_additive_wt_percent": 4.0}}

[2026-08-19 20:40:40] [DONE] 17-0add-5deg-15s-N2-1800s_run2  elapsed=269.0s

[2026-08-19 22:00:09] ── PROTOCOL LOG (Opentrons) ────────────────────────────────────────

[2026-08-19 22:00:09] [2026-08-20 00:41:01] Recievied request for membrane with following parameters:

[2026-08-19 22:00:09] [2026-08-20 00:41:01] {'mixing_temp': 25, 'bath_temp': 10, 'pullcast_speed': 15, 'nitrogen': True, 'coupon_to_bath_wait_time': 30, 'nips_bath_wait_time': 1200, 'polymer_wt': 17.0, 'additive_wt': 0.0, 'stock_metadata': {'polymer_stock_wt_percent': 17.0, 'additive_stock_polymer_wt_percent': 17.0, 'additive_stock_additive_wt_percent': 4.0}}

[2026-08-19 22:00:09] [2026-08-20 00:41:01] Bath chilling process started.

[2026-08-19 22:00:09] [2026-08-20 00:41:01] Beginning zero tests on coupons.

[2026-08-19 22:00:09] [2026-08-20 00:41:01] Opentrons process started.

[2026-08-19 22:00:09] [2026-08-20 00:41:01] 
Target recipe

[2026-08-19 22:00:09] [2026-08-20 00:41:01] -------------

[2026-08-19 22:00:09] [2026-08-20 00:41:01] Total volume:      1000.00 uL

[2026-08-19 22:00:09] [2026-08-20 00:41:01] Target polymer:    17 wt%

[2026-08-19 22:00:09] [2026-08-20 00:41:01] Target additive:   0 wt%

[2026-08-19 22:00:09] [2026-08-20 00:41:01] 
Required volumes

[2026-08-19 22:00:09] [2026-08-20 00:41:01] ----------------

[2026-08-19 22:00:09] [2026-08-20 00:41:01] Normal polymer stock:      1000.00 uL

[2026-08-19 22:00:09] [2026-08-20 00:41:01] Polymer-additive stock:    0.00 uL

[2026-08-19 22:00:09] [2026-08-20 00:41:01] Pure solvent:              0.00 uL

[2026-08-19 22:00:09] [2026-08-20 00:41:01] Total:                     1000.00 uL

[2026-08-19 22:00:09] [2026-08-20 00:41:01] 
Final composition check

[2026-08-19 22:00:09] [2026-08-20 00:41:01] -----------------------

[2026-08-19 22:00:09] [2026-08-20 00:41:01] Polymer:    17.0000 wt%

[2026-08-19 22:00:09] [2026-08-20 00:41:01] Additive:   0.0000 wt%

[2026-08-19 22:00:09] [2026-08-20 00:41:01] Solvent:    83.0000 wt%

[2026-08-19 22:00:09] [2026-08-20 00:41:01] Solution will be pulled from stock polymer bottle.

[2026-08-19 22:00:09] [2026-08-20 00:41:01] Current bath temperature: 5.73 C

[2026-08-19 22:00:09] [2026-08-20 00:41:11] Current bath temperature: 5.9 C

[2026-08-19 22:00:09] [2026-08-20 00:41:22] Current bath temperature: 6.21 C

[2026-08-19 22:00:09] [2026-08-20 00:41:27] Test has started!

[2026-08-19 22:00:09] [2026-08-20 00:41:32] Current bath temperature: 6.49 C

[2026-08-19 22:00:09] [2026-08-20 00:41:42] Current bath temperature: 6.69 C

[2026-08-19 22:00:09] [2026-08-20 00:41:52] Current bath temperature: 6.88 C

[2026-08-19 22:00:09] [2026-08-20 00:42:02] Current bath temperature: 7.07 C

[2026-08-19 22:00:09] [2026-08-20 00:42:12] Current bath temperature: 7.28 C

[2026-08-19 22:00:09] [2026-08-20 00:42:22] Current bath temperature: 7.46 C

[2026-08-19 22:00:09] [2026-08-20 00:42:32] Current bath temperature: 7.61 C

[2026-08-19 22:00:09] [2026-08-20 00:42:42] Current bath temperature: 7.72 C

[2026-08-19 22:00:09] [2026-08-20 00:42:53] Current bath temperature: 7.77 C

[2026-08-19 22:00:09] [2026-08-20 00:43:03] Current bath temperature: 7.78 C

[2026-08-19 22:00:09] [2026-08-20 00:43:13] Current bath temperature: 7.78 C

[2026-08-19 22:00:09] [2026-08-20 00:43:23] Current bath temperature: 7.79 C

[2026-08-19 22:00:09] [2026-08-20 00:43:33] Current bath temperature: 7.78 C

[2026-08-19 22:00:09] [2026-08-20 00:43:43] Current bath temperature: 7.78 C

[2026-08-19 22:00:09] [2026-08-20 00:43:53] Current bath temperature: 7.8 C

[2026-08-19 22:00:09] [2026-08-20 00:44:03] Current bath temperature: 7.77 C

[2026-08-19 22:00:09] [2026-08-20 00:44:13] Current bath temperature: 7.8 C

[2026-08-19 22:00:09] [2026-08-20 00:44:23] Current bath temperature: 7.98 C

[2026-08-19 22:00:09] [2026-08-20 00:44:34] Current bath temperature: 8.11 C

[2026-08-19 22:00:09] [2026-08-20 00:44:44] Current bath temperature: 8.26 C

[2026-08-19 22:00:09] [2026-08-20 00:44:54] Current bath temperature: 8.37 C

[2026-08-19 22:00:09] [2026-08-20 00:45:04] Current bath temperature: 8.49 C

[2026-08-19 22:00:09] [2026-08-20 00:45:14] Current bath temperature: 8.59 C

[2026-08-19 22:00:09] [2026-08-20 00:45:24] Current bath temperature: 8.68 C

[2026-08-19 22:00:09] [2026-08-20 00:45:34] Current bath temperature: 8.79 C

[2026-08-19 22:00:09] [2026-08-20 00:45:44] Current bath temperature: 8.88 C

[2026-08-19 22:00:09] [2026-08-20 00:45:54] Current bath temperature: 8.97 C

[2026-08-19 22:00:09] [2026-08-20 00:46:05] Current bath temperature: 9.07 C

[2026-08-19 22:00:09] [2026-08-20 00:46:15] Current bath temperature: 9.16 C

[2026-08-19 22:00:09] [2026-08-20 00:46:25] Current bath temperature: 9.25 C

[2026-08-19 22:00:09] [2026-08-20 00:46:35] Current bath temperature: 9.34 C

[2026-08-19 22:00:09] [2026-08-20 00:46:45] Current bath temperature: 9.42 C

[2026-08-19 22:00:09] [2026-08-20 00:46:55] Current bath temperature: 9.51 C

[2026-08-19 22:00:09] [2026-08-20 00:47:05] Test complete!

[2026-08-19 22:00:09] [2026-08-20 00:47:05] Current bath temperature: 9.59 C

[2026-08-19 22:00:09] [2026-08-20 00:47:10] Safe: True

[2026-08-19 22:00:09] [2026-08-20 00:47:10] Recent: True

[2026-08-19 22:00:09] [2026-08-20 00:47:10] Current Time: 1787186809.4190388

[2026-08-19 22:00:09] [2026-08-20 00:47:10] Data Time: 1787186798.5163574

[2026-08-19 22:00:09] [2026-08-20 00:47:10] Age: 10.902681350708008

[2026-08-19 22:00:09] [2026-08-20 00:47:15] Current bath temperature: 9.68 C

[2026-08-19 22:00:09] [2026-08-20 00:47:23] Test has started!

[2026-08-19 22:00:09] [2026-08-20 00:47:25] Current bath temperature: 9.76 C

[2026-08-19 22:00:09] [2026-08-20 00:47:36] Current bath temperature: 9.84 C

[2026-08-19 22:00:09] [2026-08-20 00:47:46] Reached target temperature of 10.

[2026-08-19 22:00:09] [2026-08-20 00:48:00] entered if statement!!!

[2026-08-19 22:00:09] [2026-08-20 00:53:00] Test complete!

[2026-08-19 22:00:09] [2026-08-20 00:53:05] Safe: True

[2026-08-19 22:00:09] [2026-08-20 00:53:05] Recent: True

[2026-08-19 22:00:09] [2026-08-20 00:53:05] Current Time: 1787187164.10788

[2026-08-19 22:00:09] [2026-08-20 00:53:05] Data Time: 1787187153.2733953

[2026-08-19 22:00:09] [2026-08-20 00:53:05] Age: 10.834484815597534

[2026-08-19 22:00:09] [2026-08-20 00:53:18] Test has started!

[2026-08-19 22:00:09] [2026-08-20 00:58:55] Test complete!

[2026-08-19 22:00:09] [2026-08-20 00:59:01] Safe: True

[2026-08-19 22:00:09] [2026-08-20 00:59:01] Recent: True

[2026-08-19 22:00:09] [2026-08-20 00:59:01] Current Time: 1787187519.6749454

[2026-08-19 22:00:09] [2026-08-20 00:59:01] Data Time: 1787187508.8416493

[2026-08-19 22:00:09] [2026-08-20 00:59:01] Age: 10.833296060562134

[2026-08-19 22:00:09] [2026-08-20 00:59:13] Test has started!

[2026-08-19 22:00:09] [2026-08-20 01:04:51] Test complete!

[2026-08-19 22:00:09] [2026-08-20 01:04:56] Safe: True

[2026-08-19 22:00:09] [2026-08-20 01:04:56] Recent: True

[2026-08-19 22:00:09] [2026-08-20 01:04:56] Current Time: 1787187874.7922688

[2026-08-19 22:00:09] [2026-08-20 01:04:56] Data Time: 1787187863.9406435

[2026-08-19 22:00:09] [2026-08-20 01:04:56] Age: 10.851625204086304

[2026-08-19 22:00:09] [2026-08-20 01:05:22] Joined both subprocesses.

[2026-08-19 22:00:09] [2026-08-20 01:06:07] Pullcast complete.

[2026-08-19 22:00:09] [2026-08-20 01:06:07] Nitrogen on.

[2026-08-19 22:00:09] [2026-08-20 01:06:49] Nitrogen off.

[2026-08-19 22:00:09] [2026-08-20 01:06:49] Membrane air data: {'temperature': '22.80', 'humidity': '38.56'}

[2026-08-19 22:00:09] [2026-08-20 01:06:49] Ambient air data: {'temperature': '23.22', 'humidity': '35.28'}

[2026-08-19 22:00:09] [2026-08-20 01:07:00] Membrane sitting in bath for 1200 seconds.

[2026-08-19 22:00:09] [2026-08-20 01:07:10] Nitrogen cap has been put away.

[2026-08-19 22:00:09] [2026-08-20 01:07:25] Ring has been placed on the coupon.

[2026-08-19 22:00:09] [2026-08-20 01:11:07] Cleaning knife

[2026-08-19 22:00:09] [2026-08-20 01:12:07] Knife cleaning finished.

[2026-08-19 22:00:09] [2026-08-20 01:37:34] Initial membrane picture taken.

[2026-08-19 22:00:09] [2026-08-20 01:38:03] Test has started!

[2026-08-19 22:00:09] [2026-08-20 01:43:09] Test complete!

[2026-08-19 22:00:09] [2026-08-20 01:43:14] Safe: True

[2026-08-19 22:00:09] [2026-08-20 01:43:14] Recent: True

[2026-08-19 22:00:09] [2026-08-20 01:43:14] Current Time: 1787190172.6120596

[2026-08-19 22:00:09] [2026-08-20 01:43:14] Data Time: 1787190161.8410578

[2026-08-19 22:00:09] [2026-08-20 01:43:14] Age: 10.771001815795898

[2026-08-19 22:00:09] [2026-08-20 01:43:26] Test has started!

[2026-08-19 22:00:09] [2026-08-20 01:48:22] Test complete!

[2026-08-19 22:00:09] [2026-08-20 01:48:27] Safe: True

[2026-08-19 22:00:09] [2026-08-20 01:48:27] Recent: True

[2026-08-19 22:00:09] [2026-08-20 01:48:27] Current Time: 1787190486.3712487

[2026-08-19 22:00:09] [2026-08-20 01:48:27] Data Time: 1787190475.3773437

[2026-08-19 22:00:09] [2026-08-20 01:48:27] Age: 10.993905067443848

[2026-08-19 22:00:09] [2026-08-20 01:48:40] Test has started!

[2026-08-19 22:00:09] [2026-08-20 01:53:44] Test complete!

[2026-08-19 22:00:09] [2026-08-20 01:53:49] Safe: True

[2026-08-19 22:00:09] [2026-08-20 01:53:49] Recent: True

[2026-08-19 22:00:09] [2026-08-20 01:53:49] Current Time: 1787190807.9852486

[2026-08-19 22:00:09] [2026-08-20 01:53:49] Data Time: 1787190797.026814

[2026-08-19 22:00:09] [2026-08-20 01:53:49] Age: 10.958434581756592

[2026-08-19 22:00:09] [2026-08-20 01:54:02] Test has started!

[2026-08-19 22:00:09] [2026-08-20 01:58:57] Test complete!

[2026-08-19 22:00:09] [2026-08-20 01:59:02] Safe: True

[2026-08-19 22:00:09] [2026-08-20 01:59:02] Recent: True

[2026-08-19 22:00:09] [2026-08-20 01:59:02] Current Time: 1787191120.6493645

[2026-08-19 22:00:09] [2026-08-20 01:59:02] Data Time: 1787191109.730128

[2026-08-19 22:00:09] [2026-08-20 01:59:02] Age: 10.919236421585083

[2026-08-19 22:00:09] [2026-08-20 01:59:28] Final membrane picture taken.

[2026-08-19 22:00:09] [2026-08-20 01:59:45] Coupon successfully discarded.

[2026-08-19 22:00:09] [2026-08-20 02:00:31] Done

[2026-08-19 22:00:09] ── END PROTOCOL LOG ───────────────────────────────────────────────

[2026-08-19 22:00:09] 
[1/5] organising files...

[2026-08-19 22:00:09] [START] condition=17-0add-10deg-30s-N2-1200s

[2026-08-19 22:00:09] [2/5] processing pipeline for: 17-0add-10deg-30s-N2-1200s

[2026-08-19 22:00:09] ==============================================================================================================

[2026-08-19 22:00:09] Condition: 17-0add-10deg-30s-N2-1200s | pairs: 4

[2026-08-19 22:00:10] 

------------ NEW REP ---------------

[2026-08-19 22:00:10] Average Standard Deviation: 55.760260428019976

[2026-08-19 22:00:10] Toe end strain (zero point): 0.0129

[2026-08-19 22:00:15] PW + Double: 0.10764195361864785

[2026-08-19 22:00:15] Piecewise Chosen! 0.1297083247399286 | Drop Calculation: 0.12545611097271556

[2026-08-19 22:00:37]   elastic_r2                          28/30  NRMSE-score=0.925 (RMSE=2.30, range=30.64)

[2026-08-19 22:00:37]   plateau_r2_start                    14/15  R²(first 40%)=0.931

[2026-08-19 22:00:37]   densification_r2                    14/15  R²=0.946

[2026-08-19 22:00:37]   yield_accuracy                      25/25  elastic tail undershoots data by 3.4% of elastic range

[2026-08-19 22:00:37]   junction_continuity                 15/15  gap=0.2%

[2026-08-19 22:00:37]   plateau_r2_full_penalty              0/0  R²(full)=0.935

[2026-08-19 22:00:37]   elastic_modulus_penalty              0/0  E=230.9 bar ok

[2026-08-19 22:00:37]   bp1_accuracy_penalty                 0/0  GAM slope stable in early plateau (drop=18%) — ok | plateau spans 33% of remaining stress — ok

[2026-08-19 22:00:37]   changepoint_curvature_penalty        0/0  d2_norm=0.93, linear_stretch=30%

[2026-08-19 22:00:37]   slope_ratio_penalty                  0/0  plateau/elastic slope ratio=0.47 — good separation

[2026-08-19 22:00:37]   DATA FLAGS (no score impact — route to goodData_eval):

[2026-08-19 22:00:37]     elastic_half_consistency: first-half R²=0.073 vs second-half R²=0.870 (gap=0.797)

[2026-08-19 22:00:37] Score: 96/100 → PASS

[2026-08-19 22:00:38] Good Fit: True

[2026-08-19 22:00:38] 

------------ NEW REP ---------------

[2026-08-19 22:00:38] Average Standard Deviation: 54.09424812923088

[2026-08-19 22:00:38] Toe end strain (zero point): 0.0174

[2026-08-19 22:00:44] PW + Double: 0.11159818584480179

[2026-08-19 22:00:44] Piecewise Chosen! 0.14053603348718136 | Drop Calculation: 0.1272250538882394

[2026-08-19 22:00:58]   elastic_r2                          28/30  NRMSE-score=0.918 (RMSE=2.65, range=32.30)

[2026-08-19 22:00:58]   plateau_r2_start                    12/15  R²(first 40%)=0.806

[2026-08-19 22:00:58]   densification_r2                    13/15  R²=0.882

[2026-08-19 22:00:58]   yield_accuracy                      25/25  elastic tail undershoots data by 2.8% of elastic range

[2026-08-19 22:00:58]   junction_continuity                 15/15  gap=0.1%

[2026-08-19 22:00:58]   plateau_r2_full_penalty              0/0  R²(full)=0.960

[2026-08-19 22:00:58]   elastic_modulus_penalty              0/0  E=234.0 bar ok

[2026-08-19 22:00:58]   bp1_accuracy_penalty                 0/0  GAM slope stable in early plateau (drop=27%) — ok | plateau spans 20% of remaining stress — ok

[2026-08-19 22:00:58]   changepoint_curvature_penalty       -1/0  d2_norm=0.32, linear_stretch=13%

[2026-08-19 22:00:58]   slope_ratio_penalty                  0/0  plateau/elastic slope ratio=0.50 — good separation

[2026-08-19 22:00:58]   DATA FLAGS (no score impact — route to goodData_eval):

[2026-08-19 22:00:58]     elastic_half_consistency: first-half R²=0.233 vs second-half R²=0.823 (gap=0.590)

[2026-08-19 22:00:58] Score: 92/100 → PASS

[2026-08-19 22:00:58] Good Fit: True

[2026-08-19 22:00:59] 

------------ NEW REP ---------------

[2026-08-19 22:00:59] Average Standard Deviation: 53.65806033481704

[2026-08-19 22:01:01] Toe end strain (zero point): 0.0000

[2026-08-19 22:01:08] PW + Double: 0.14608962564743672

[2026-08-19 22:01:08] Piecewise Chosen! 0.15135608370242012 | Drop Calculation: 0.1595816055813356

[2026-08-19 22:01:29]   elastic_r2                          28/30  NRMSE-score=0.948 (RMSE=1.66, range=31.69)

[2026-08-19 22:01:29]   plateau_r2_start                    14/15  R²(first 40%)=0.920

[2026-08-19 22:01:29]   densification_r2                    14/15  R²=0.919

[2026-08-19 22:01:29]   yield_accuracy                      25/25  elastic tail undershoots data by 0.9% of elastic range

[2026-08-19 22:01:29]   junction_continuity                 15/15  gap=0.4%

[2026-08-19 22:01:29]   plateau_r2_full_penalty              0/0  R²(full)=0.902

[2026-08-19 22:01:29]   elastic_modulus_penalty              0/0  E=209.8 bar ok

[2026-08-19 22:01:29]   bp1_accuracy_penalty                 0/0  GAM slope stable in early plateau (drop=32%) — ok | plateau spans 30% of remaining stress — ok

[2026-08-19 22:01:29]   changepoint_curvature_penalty        0/0  d2_norm=1.69, linear_stretch=30%

[2026-08-19 22:01:29]   slope_ratio_penalty                  0/0  plateau/elastic slope ratio=0.52 — good separation

[2026-08-19 22:01:29] Score: 96/100 → PASS

[2026-08-19 22:01:29] Good Fit: True

[2026-08-19 22:01:30] 

------------ NEW REP ---------------

[2026-08-19 22:01:30] Average Standard Deviation: 53.02846672901989

[2026-08-19 22:01:34] Toe end strain (zero point): 0.0000

[2026-08-19 22:01:40] PW + Double: 0.11412695164708547

[2026-08-19 22:01:40] Piecewise Chosen! 0.12544336114310983 | Drop Calculation: 0.07329344614457119

[2026-08-19 22:01:56]   elastic_r2                          28/30  NRMSE-score=0.934 (RMSE=2.06, range=31.18)

[2026-08-19 22:01:56]   plateau_r2_start                    13/15  R²(first 40%)=0.893

[2026-08-19 22:01:56]   densification_r2                    14/15  R²=0.938

[2026-08-19 22:01:56]   yield_accuracy                      25/25  elastic tail undershoots data by 1.1% of elastic range

[2026-08-19 22:01:56]   junction_continuity                 15/15  gap=0.4%

[2026-08-19 22:01:56]   plateau_r2_full_penalty              0/0  R²(full)=0.949

[2026-08-19 22:01:56]   elastic_modulus_penalty              0/0  E=242.2 bar ok

[2026-08-19 22:01:56]   bp1_accuracy_penalty                 0/0  GAM slope stable in early plateau (drop=31%) — ok | plateau spans 30% of remaining stress — ok

[2026-08-19 22:01:56]   changepoint_curvature_penalty        0/0  d2_norm=0.77, linear_stretch=20%

[2026-08-19 22:01:56]   slope_ratio_penalty                  0/0  plateau/elastic slope ratio=0.52 — good separation

[2026-08-19 22:01:56] Score: 95/100 → PASS

[2026-08-19 22:01:57] Good Fit: True

[2026-08-19 22:01:57] CV (17-0add-10deg-30s-N2-1200s): 0.085124990322013

[2026-08-19 22:01:57] 

------------ NEW REP ---------------

[2026-08-19 22:01:57] Average Standard Deviation: 43.988302449926366

[2026-08-19 22:01:59] Toe end strain (zero point): 0.0000

[2026-08-19 22:02:05] PW + Double: 0.1075982587129083

[2026-08-19 22:02:05] Piecewise Chosen! 0.12634865003635723 | Drop Calculation: 0.10134659244062003

[2026-08-19 22:02:25]   elastic_r2                          29/30  NRMSE-score=0.962 (RMSE=1.06, range=27.80)

[2026-08-19 22:02:25]   plateau_r2_start                    15/15  R²(first 40%)=0.988

[2026-08-19 22:02:25]   densification_r2                    14/15  R²=0.962

[2026-08-19 22:02:25]   yield_accuracy                      25/25  elastic tail undershoots data by 0.5% of elastic range

[2026-08-19 22:02:25]   junction_continuity                 15/15  gap=0.1%

[2026-08-19 22:02:25]   plateau_r2_full_penalty              0/0  R²(full)=0.918

[2026-08-19 22:02:25]   elastic_modulus_penalty              0/0  E=243.6 bar ok

[2026-08-19 22:02:25]   bp1_accuracy_penalty                 0/0  GAM slope stable in early plateau (drop=37%) — ok | plateau spans 33% of remaining stress — ok

[2026-08-19 22:02:25]   changepoint_curvature_penalty        0/0  d2_norm=0.92, linear_stretch=37%

[2026-08-19 22:02:25]   slope_ratio_penalty                  0/0  plateau/elastic slope ratio=0.48 — good separation

[2026-08-19 22:02:25] Score: 98/100 → PASS

[2026-08-19 22:02:26] Good Fit: True

[2026-08-19 22:02:33] [3/5] generating initial report...

[2026-08-19 22:02:33] [4/5] running active learning...

[2026-08-19 22:03:00]   JSON result: C:\Users\opentrons\Documents\Auto-Membranes\data\llm_results\llm_result_17-0add-10deg-30s-N2-1200s.json

[2026-08-19 22:03:00] [5/5] next params: {'mixing_temp': 25, 'bath_temp': 5, 'pullcast_speed': 17, 'nitrogen': True, 'coupon_to_bath_wait_time': 30, 'nips_bath_wait_time': 1200, 'polymer_wt': 17.0, 'additive_wt': 0.0, 'stock_metadata': {'polymer_stock_wt_percent': 17.0, 'additive_stock_polymer_wt_percent': 17.0, 'additive_stock_additive_wt_percent': 4.0}}

[2026-08-19 22:03:00] Python recieved!

[2026-08-19 22:03:00] Exact payload being sent: {"mixing_temp": 25, "bath_temp": 5, "pullcast_speed": 17, "nitrogen": true, "coupon_to_bath_wait_time": 30, "nips_bath_wait_time": 1200, "polymer_wt": 17.0, "additive_wt": 0.0, "stock_metadata": {"polymer_stock_wt_percent": 17.0, "additive_stock_polymer_wt_percent": 17.0, "additive_stock_additive_wt_percent": 4.0}}

[2026-08-19 22:03:00] Opentrons response: Creating Membrane with following parameters: {"mixing_temp": 25, "bath_temp": 5, "pullcast_speed": 17, "nitrogen": true, "coupon_to_bath_wait_time": 30, "nips_bath_wait_time": 1200, "polymer_wt": 17.0, "additive_wt": 0.0, "stock_metadata": {"polymer_stock_wt_percent": 17.0, "additive_stock_polymer_wt_percent": 17.0, "additive_stock_additive_wt_percent": 4.0}}

[2026-08-19 22:03:00] [DONE] 17-0add-10deg-30s-N2-1200s  elapsed=171.1s

[2026-08-20 09:51:17] 
stopping server...

