[2026-07-27 16:15:53] server listening on 169.254.230.148:8000

[2026-07-27 16:15:53] kicking off experiment 2: {
    "mixing_temp": 25,
    "bath_temp": 5,
    "pullcast_speed": 10,
    "nitrogen": false,
    "coupon_to_bath_wait_time": 60,
    "nips_bath_wait_time": 101,
    "polymer_wt": 21.0,
    "additive_wt": 0.0,
    "stock_metadata": {
        "polymer_stock_wt_percent": 21.0,
        "additive_stock_polymer_wt_percent": 21.0,
        "additive_stock_additive_wt_percent": 4.0
    }
}

[2026-07-27 16:15:53] Python recieved!

[2026-07-27 16:15:53] Exact payload being sent: {"mixing_temp": 25, "bath_temp": 5, "pullcast_speed": 10, "nitrogen": false, "coupon_to_bath_wait_time": 60, "nips_bath_wait_time": 101, "polymer_wt": 21.0, "additive_wt": 0.0, "stock_metadata": {"polymer_stock_wt_percent": 21.0, "additive_stock_polymer_wt_percent": 21.0, "additive_stock_additive_wt_percent": 4.0}}

[2026-07-27 16:15:53] Opentrons response: Creating Membrane with following parameters: {"mixing_temp": 25, "bath_temp": 5, "pullcast_speed": 10, "nitrogen": false, "coupon_to_bath_wait_time": 60, "nips_bath_wait_time": 101, "polymer_wt": 21.0, "additive_wt": 0.0, "stock_metadata": {"polymer_stock_wt_percent": 21.0, "additive_stock_polymer_wt_percent": 21.0, "additive_stock_additive_wt_percent": 4.0}}

[2026-07-27 16:15:53] robot started — loop running. Ctrl+C to stop.

[2026-07-27 16:42:29] [DONE] received signal for additive=None  count=1

[2026-07-27 16:42:29] [NEXT] sending additive=0.5  (count now 2)

[2026-07-27 16:42:29] Python recieved!

[2026-07-27 16:42:29] Exact payload being sent: {"mixing_temp": 25, "bath_temp": 5, "pullcast_speed": 10, "nitrogen": false, "coupon_to_bath_wait_time": 60, "nips_bath_wait_time": 101, "polymer_wt": 21, "additive_wt": 4, "additive_percent": 0.5}

[2026-07-27 16:42:29] Opentrons response: Creating Membrane with following parameters: {"mixing_temp": 25, "bath_temp": 5, "pullcast_speed": 10, "nitrogen": false, "coupon_to_bath_wait_time": 60, "nips_bath_wait_time": 101, "polymer_wt": 21, "additive_wt": 4, "additive_percent": 0.5}

[2026-07-27 17:09:06] [DONE] received signal for additive=0.5  count=2

[2026-07-27 17:09:06] [NEXT] sending additive=1  (count now 3)

[2026-07-27 17:09:06] Python recieved!

[2026-07-27 17:09:06] Exact payload being sent: {"mixing_temp": 25, "bath_temp": 5, "pullcast_speed": 10, "nitrogen": false, "coupon_to_bath_wait_time": 60, "nips_bath_wait_time": 101, "polymer_wt": 21, "additive_wt": 4, "additive_percent": 1}

[2026-07-27 17:09:06] Opentrons response: Creating Membrane with following parameters: {"mixing_temp": 25, "bath_temp": 5, "pullcast_speed": 10, "nitrogen": false, "coupon_to_bath_wait_time": 60, "nips_bath_wait_time": 101, "polymer_wt": 21, "additive_wt": 4, "additive_percent": 1}

[2026-07-27 17:35:42] [DONE] received signal for additive=1  count=3

[2026-07-27 17:35:42] [NEXT] sending additive=1.5  (count now 4)

[2026-07-27 17:35:42] Python recieved!

[2026-07-27 17:35:42] Exact payload being sent: {"mixing_temp": 25, "bath_temp": 5, "pullcast_speed": 10, "nitrogen": false, "coupon_to_bath_wait_time": 60, "nips_bath_wait_time": 101, "polymer_wt": 21, "additive_wt": 4, "additive_percent": 1.5}

[2026-07-27 17:35:42] Opentrons response: Creating Membrane with following parameters: {"mixing_temp": 25, "bath_temp": 5, "pullcast_speed": 10, "nitrogen": false, "coupon_to_bath_wait_time": 60, "nips_bath_wait_time": 101, "polymer_wt": 21, "additive_wt": 4, "additive_percent": 1.5}

[2026-07-27 18:02:18] [DONE] received signal for additive=1.5  count=4

[2026-07-27 18:02:18] [NEXT] sending additive=2  (count now 5)

[2026-07-27 18:02:18] Python recieved!

[2026-07-27 18:02:18] Exact payload being sent: {"mixing_temp": 25, "bath_temp": 5, "pullcast_speed": 10, "nitrogen": false, "coupon_to_bath_wait_time": 60, "nips_bath_wait_time": 101, "polymer_wt": 21, "additive_wt": 4, "additive_percent": 2}

[2026-07-27 18:02:18] Opentrons response: Creating Membrane with following parameters: {"mixing_temp": 25, "bath_temp": 5, "pullcast_speed": 10, "nitrogen": false, "coupon_to_bath_wait_time": 60, "nips_bath_wait_time": 101, "polymer_wt": 21, "additive_wt": 4, "additive_percent": 2}

[2026-07-27 18:28:54] [DONE] received signal for additive=2  count=5

[2026-07-27 18:28:54] [NEXT] sending additive=2.5  (count now 6)

[2026-07-27 18:28:54] Python recieved!

[2026-07-27 18:28:54] Exact payload being sent: {"mixing_temp": 25, "bath_temp": 5, "pullcast_speed": 10, "nitrogen": false, "coupon_to_bath_wait_time": 60, "nips_bath_wait_time": 101, "polymer_wt": 21, "additive_wt": 4, "additive_percent": 2.5}

[2026-07-27 18:28:54] Opentrons response: Creating Membrane with following parameters: {"mixing_temp": 25, "bath_temp": 5, "pullcast_speed": 10, "nitrogen": false, "coupon_to_bath_wait_time": 60, "nips_bath_wait_time": 101, "polymer_wt": 21, "additive_wt": 4, "additive_percent": 2.5}

[2026-07-27 18:55:31] [DONE] received signal for additive=2.5  count=6

[2026-07-27 18:55:31] [NEXT] sending additive=3  (count now 7)

[2026-07-27 18:55:31] Python recieved!

[2026-07-27 18:55:31] Exact payload being sent: {"mixing_temp": 25, "bath_temp": 5, "pullcast_speed": 10, "nitrogen": false, "coupon_to_bath_wait_time": 60, "nips_bath_wait_time": 101, "polymer_wt": 21, "additive_wt": 4, "additive_percent": 3}

[2026-07-27 18:55:31] Opentrons response: Creating Membrane with following parameters: {"mixing_temp": 25, "bath_temp": 5, "pullcast_speed": 10, "nitrogen": false, "coupon_to_bath_wait_time": 60, "nips_bath_wait_time": 101, "polymer_wt": 21, "additive_wt": 4, "additive_percent": 3}

[2026-07-27 19:22:07] [DONE] received signal for additive=3  count=7

[2026-07-27 19:22:07] [NEXT] sending additive=3.5  (count now 8)

[2026-07-27 19:22:07] Python recieved!

[2026-07-27 19:22:07] Exact payload being sent: {"mixing_temp": 25, "bath_temp": 5, "pullcast_speed": 10, "nitrogen": false, "coupon_to_bath_wait_time": 60, "nips_bath_wait_time": 101, "polymer_wt": 21, "additive_wt": 4, "additive_percent": 3.5}

[2026-07-27 19:22:07] Opentrons response: Creating Membrane with following parameters: {"mixing_temp": 25, "bath_temp": 5, "pullcast_speed": 10, "nitrogen": false, "coupon_to_bath_wait_time": 60, "nips_bath_wait_time": 101, "polymer_wt": 21, "additive_wt": 4, "additive_percent": 3.5}

[2026-07-27 19:48:43] [DONE] received signal for additive=3.5  count=8

[2026-07-27 19:48:43] [NEXT] sending additive=4  (count now 9)

[2026-07-27 19:48:43] Python recieved!

[2026-07-27 19:48:43] Exact payload being sent: {"mixing_temp": 25, "bath_temp": 5, "pullcast_speed": 10, "nitrogen": false, "coupon_to_bath_wait_time": 60, "nips_bath_wait_time": 101, "polymer_wt": 21, "additive_wt": 4, "additive_percent": 4}

[2026-07-27 19:48:43] Opentrons response: Creating Membrane with following parameters: {"mixing_temp": 25, "bath_temp": 5, "pullcast_speed": 10, "nitrogen": false, "coupon_to_bath_wait_time": 60, "nips_bath_wait_time": 101, "polymer_wt": 21, "additive_wt": 4, "additive_percent": 4}

[2026-07-27 20:15:18] [DONE] received signal for additive=4  count=9

[2026-07-27 20:15:18] [DONE] all adtv_amts exhausted — no more experiments to send

[2026-07-27 21:39:27] 
stopping server...

