[2026-08-12 15:49:17] [master_processing] active branches: ['curve_segmentation', 'image_processing']

[2026-08-12 15:49:17] server listening on 169.254.230.148:8000

[2026-08-12 15:49:17] kicking off first experiment: {'mixing_temp': 25, 'bath_temp': 5, 'pullcast_speed': 10, 'nitrogen': True, 'coupon_to_bath_wait_time': 6, 'nips_bath_wait_time': 121, 'polymer_wt': 10, 'additive_wt': 0, 'stock_metadata': {'polymer_stock_wt_percent': 17.0, 'additive_stock_polymer_wt_percent': 17.0, 'additive_stock_additive_wt_percent': 4.0}}

[2026-08-12 15:49:17] Python recieved!

[2026-08-12 15:49:17] Exact payload being sent: {"mixing_temp": 25, "bath_temp": 5, "pullcast_speed": 10, "nitrogen": true, "coupon_to_bath_wait_time": 6, "nips_bath_wait_time": 121, "polymer_wt": 10, "additive_wt": 0, "stock_metadata": {"polymer_stock_wt_percent": 17.0, "additive_stock_polymer_wt_percent": 17.0, "additive_stock_additive_wt_percent": 4.0}}

[2026-08-12 15:49:17] Opentrons response: Creating Membrane with following parameters: {"mixing_temp": 25, "bath_temp": 5, "pullcast_speed": 10, "nitrogen": true, "coupon_to_bath_wait_time": 6, "nips_bath_wait_time": 121, "polymer_wt": 10, "additive_wt": 0, "stock_metadata": {"polymer_stock_wt_percent": 17.0, "additive_stock_polymer_wt_percent": 17.0, "additive_stock_additive_wt_percent": 4.0}}

[2026-08-12 15:49:17] robot started — loop running. Ctrl+C to stop.

[2026-08-12 17:21:30] ── PROTOCOL LOG (Opentrons) ────────────────────────────────────────

[2026-08-12 17:21:30] [2026-08-12 19:49:35] Recievied request for membrane with following parameters:

[2026-08-12 17:21:30] [2026-08-12 19:49:35] {'mixing_temp': 25, 'bath_temp': 5, 'pullcast_speed': 10, 'nitrogen': True, 'coupon_to_bath_wait_time': 6, 'nips_bath_wait_time': 121, 'polymer_wt': 10, 'additive_wt': 0, 'stock_metadata': {'polymer_stock_wt_percent': 17.0, 'additive_stock_polymer_wt_percent': 17.0, 'additive_stock_additive_wt_percent': 4.0}}

[2026-08-12 17:21:30] [2026-08-12 19:49:35] Bath chilling process started.

[2026-08-12 17:21:30] [2026-08-12 19:49:35] Beginning zero tests on coupons.

[2026-08-12 17:21:30] [2026-08-12 19:49:35] Opentrons process started.

[2026-08-12 17:21:30] [2026-08-12 19:49:35] 
Target recipe

[2026-08-12 17:21:30] [2026-08-12 19:49:35] -------------

[2026-08-12 17:21:30] [2026-08-12 19:49:35] Total volume:      1000.00 uL

[2026-08-12 17:21:30] [2026-08-12 19:49:35] Target polymer:    10 wt%

[2026-08-12 17:21:30] [2026-08-12 19:49:35] Target additive:   0 wt%

[2026-08-12 17:21:30] [2026-08-12 19:49:35] 
Required volumes

[2026-08-12 17:21:30] [2026-08-12 19:49:35] ----------------

[2026-08-12 17:21:30] [2026-08-12 19:49:35] Normal polymer stock:      572.00 uL

[2026-08-12 17:21:30] [2026-08-12 19:49:35] Polymer-additive stock:    0.00 uL

[2026-08-12 17:21:30] [2026-08-12 19:49:35] Pure solvent:              428.00 uL

[2026-08-12 17:21:30] [2026-08-12 19:49:35] Total:                     1000.00 uL

[2026-08-12 17:21:30] [2026-08-12 19:49:35] 
Final composition check

[2026-08-12 17:21:30] [2026-08-12 19:49:35] -----------------------

[2026-08-12 17:21:30] [2026-08-12 19:49:35] Polymer:    10.0043 wt%

[2026-08-12 17:21:30] [2026-08-12 19:49:35] Additive:   0.0000 wt%

[2026-08-12 17:21:30] [2026-08-12 19:49:35] Solvent:    89.9957 wt%

[2026-08-12 17:21:30] [2026-08-12 19:49:35] 6.38

[2026-08-12 17:21:30] [2026-08-12 19:49:36] 6.37

[2026-08-12 17:21:30] [2026-08-12 19:49:37] 6.37

[2026-08-12 17:21:30] [2026-08-12 19:49:38] 6.38

[2026-08-12 17:21:30] [2026-08-12 19:49:39] 6.41

[2026-08-12 17:21:30] [2026-08-12 19:49:41] 6.44

[2026-08-12 17:21:30] [2026-08-12 19:49:42] 6.48

[2026-08-12 17:21:30] [2026-08-12 19:49:43] 6.53

[2026-08-12 17:21:30] [2026-08-12 19:49:44] 6.58

[2026-08-12 17:21:30] [2026-08-12 19:49:45] 6.66

[2026-08-12 17:21:30] [2026-08-12 19:49:46] 6.73

[2026-08-12 17:21:30] [2026-08-12 19:49:47] 6.82

[2026-08-12 17:21:30] [2026-08-12 19:49:48] 6.89

[2026-08-12 17:21:30] [2026-08-12 19:49:49] 6.97

[2026-08-12 17:21:30] [2026-08-12 19:49:51] 7.05

[2026-08-12 17:21:30] [2026-08-12 19:49:52] 7.11

[2026-08-12 17:21:30] [2026-08-12 19:49:53] 7.19

[2026-08-12 17:21:30] [2026-08-12 19:49:54] 7.26

[2026-08-12 17:21:30] [2026-08-12 19:49:55] 7.33

[2026-08-12 17:21:30] [2026-08-12 19:49:56] 7.4

[2026-08-12 17:21:30] [2026-08-12 19:49:57] 7.47

[2026-08-12 17:21:30] [2026-08-12 19:49:58] 7.56

[2026-08-12 17:21:30] [2026-08-12 19:49:59] 7.62

[2026-08-12 17:21:30] [2026-08-12 19:50:00] 7.71

[2026-08-12 17:21:30] [2026-08-12 19:50:01] Test has started!

[2026-08-12 17:21:30] [2026-08-12 19:50:02] 7.78

[2026-08-12 17:21:30] [2026-08-12 19:50:03] 7.86

[2026-08-12 17:21:30] [2026-08-12 19:50:04] 7.95

[2026-08-12 17:21:30] [2026-08-12 19:50:05] 8.02

[2026-08-12 17:21:30] [2026-08-12 19:50:06] 8.1

[2026-08-12 17:21:30] [2026-08-12 19:50:07] 8.17

[2026-08-12 17:21:30] [2026-08-12 19:50:08] 8.25

[2026-08-12 17:21:30] [2026-08-12 19:50:09] 8.31

[2026-08-12 17:21:30] [2026-08-12 19:50:10] 8.38

[2026-08-12 17:21:30] [2026-08-12 19:50:12] 8.45

[2026-08-12 17:21:30] [2026-08-12 19:50:13] 8.5

[2026-08-12 17:21:30] [2026-08-12 19:50:14] 8.56

[2026-08-12 17:21:30] [2026-08-12 19:50:15] 8.6

[2026-08-12 17:21:30] [2026-08-12 19:50:16] 8.65

[2026-08-12 17:21:30] [2026-08-12 19:50:17] 8.69

[2026-08-12 17:21:30] [2026-08-12 19:50:18] 8.73

[2026-08-12 17:21:30] [2026-08-12 19:50:19] 8.76

[2026-08-12 17:21:30] [2026-08-12 19:50:20] 8.78

[2026-08-12 17:21:30] [2026-08-12 19:50:21] 8.81

[2026-08-12 17:21:30] [2026-08-12 19:50:23] 8.82

[2026-08-12 17:21:30] [2026-08-12 19:50:24] 8.84

[2026-08-12 17:21:30] [2026-08-12 19:50:25] 8.85

[2026-08-12 17:21:30] [2026-08-12 19:50:26] 8.85

[2026-08-12 17:21:30] [2026-08-12 19:50:27] 8.85

[2026-08-12 17:21:30] [2026-08-12 19:50:28] 8.83

[2026-08-12 17:21:30] [2026-08-12 19:50:29] 8.81

[2026-08-12 17:21:30] [2026-08-12 19:50:30] 8.79

[2026-08-12 17:21:30] [2026-08-12 19:50:31] 8.75

[2026-08-12 17:21:30] [2026-08-12 19:50:32] 8.72

[2026-08-12 17:21:30] [2026-08-12 19:50:34] 8.68

[2026-08-12 17:21:30] [2026-08-12 19:50:35] 8.62

[2026-08-12 17:21:30] [2026-08-12 19:50:36] 8.58

[2026-08-12 17:21:30] [2026-08-12 19:50:37] 8.53

[2026-08-12 17:21:30] [2026-08-12 19:50:38] 8.48

[2026-08-12 17:21:30] [2026-08-12 19:50:39] 8.42

[2026-08-12 17:21:30] [2026-08-12 19:50:40] 8.37

[2026-08-12 17:21:30] [2026-08-12 19:50:41] 8.32

[2026-08-12 17:21:30] [2026-08-12 19:50:42] 8.26

[2026-08-12 17:21:30] [2026-08-12 19:50:44] 8.21

[2026-08-12 17:21:30] [2026-08-12 19:50:44] Temperature set to 25.

[2026-08-12 17:21:30] [2026-08-12 19:50:45] 8.15

[2026-08-12 17:21:30] [2026-08-12 19:50:46] 8.1

[2026-08-12 17:21:30] [2026-08-12 19:50:47] 8.04

[2026-08-12 17:21:30] [2026-08-12 19:50:48] 7.98

[2026-08-12 17:21:30] [2026-08-12 19:50:49] 7.93

[2026-08-12 17:21:30] [2026-08-12 19:50:50] 7.87

[2026-08-12 17:21:30] [2026-08-12 19:50:51] 7.81

[2026-08-12 17:21:30] [2026-08-12 19:50:52] 7.77

[2026-08-12 17:21:30] [2026-08-12 19:50:54] 7.71

[2026-08-12 17:21:30] [2026-08-12 19:50:55] 7.66

[2026-08-12 17:21:30] [2026-08-12 19:50:56] 7.6

[2026-08-12 17:21:30] [2026-08-12 19:50:57] entered if statement!!!

[2026-08-12 17:21:30] [2026-08-12 19:50:57] 7.55

[2026-08-12 17:21:30] [2026-08-12 19:50:58] 7.5

[2026-08-12 17:21:30] [2026-08-12 19:50:59] 7.44

[2026-08-12 17:21:30] [2026-08-12 19:51:00] 7.39

[2026-08-12 17:21:30] [2026-08-12 19:51:01] 7.33

[2026-08-12 17:21:30] [2026-08-12 19:51:02] 7.29

[2026-08-12 17:21:30] [2026-08-12 19:51:03] 7.23

[2026-08-12 17:21:30] [2026-08-12 19:51:05] 7.18

[2026-08-12 17:21:30] [2026-08-12 19:51:06] 7.13

[2026-08-12 17:21:30] [2026-08-12 19:51:07] 7.08

[2026-08-12 17:21:30] [2026-08-12 19:51:08] 7.03

[2026-08-12 17:21:30] [2026-08-12 19:51:09] 6.98

[2026-08-12 17:21:30] [2026-08-12 19:51:10] 6.92

[2026-08-12 17:21:30] [2026-08-12 19:51:11] 6.87

[2026-08-12 17:21:30] [2026-08-12 19:51:12] 6.82

[2026-08-12 17:21:30] [2026-08-12 19:51:13] 6.77

[2026-08-12 17:21:30] [2026-08-12 19:51:15] 6.72

[2026-08-12 17:21:30] [2026-08-12 19:51:16] 6.67

[2026-08-12 17:21:30] [2026-08-12 19:51:17] 6.62

[2026-08-12 17:21:30] [2026-08-12 19:51:18] 6.57

[2026-08-12 17:21:30] [2026-08-12 19:51:19] 6.52

[2026-08-12 17:21:30] [2026-08-12 19:51:20] 6.47

[2026-08-12 17:21:30] [2026-08-12 19:51:21] 6.42

[2026-08-12 17:21:30] [2026-08-12 19:51:22] 6.37

[2026-08-12 17:21:30] [2026-08-12 19:51:23] 6.31

[2026-08-12 17:21:30] [2026-08-12 19:51:24] 6.27

[2026-08-12 17:21:30] [2026-08-12 19:51:26] 6.22

[2026-08-12 17:21:30] [2026-08-12 19:51:27] 6.17

[2026-08-12 17:21:30] [2026-08-12 19:51:28] 6.12

[2026-08-12 17:21:30] [2026-08-12 19:51:29] 6.07

[2026-08-12 17:21:30] [2026-08-12 19:51:30] 6.03

[2026-08-12 17:21:30] [2026-08-12 19:51:31] 5.98

[2026-08-12 17:21:30] [2026-08-12 19:51:32] 5.93

[2026-08-12 17:21:30] [2026-08-12 19:51:33] 5.88

[2026-08-12 17:21:30] [2026-08-12 19:51:34] 5.83

[2026-08-12 17:21:30] [2026-08-12 19:51:36] 5.78

[2026-08-12 17:21:30] [2026-08-12 19:51:37] 5.73

[2026-08-12 17:21:30] [2026-08-12 19:51:38] 5.69

[2026-08-12 17:21:30] [2026-08-12 19:51:39] 5.64

[2026-08-12 17:21:30] [2026-08-12 19:51:40] 5.6

[2026-08-12 17:21:30] [2026-08-12 19:51:41] 5.55

[2026-08-12 17:21:30] [2026-08-12 19:51:42] 5.5

[2026-08-12 17:21:30] [2026-08-12 19:51:43] 5.46

[2026-08-12 17:21:30] [2026-08-12 19:51:44] 5.41

[2026-08-12 17:21:30] [2026-08-12 19:51:46] 5.37

[2026-08-12 17:21:30] [2026-08-12 19:51:47] 5.33

[2026-08-12 17:21:30] [2026-08-12 19:51:48] 5.29

[2026-08-12 17:21:30] [2026-08-12 19:51:49] 5.25

[2026-08-12 17:21:30] [2026-08-12 19:51:50] 5.21

[2026-08-12 17:21:30] [2026-08-12 19:51:51] 5.17

[2026-08-12 17:21:30] [2026-08-12 19:51:52] 5.12

[2026-08-12 17:21:30] [2026-08-12 19:52:55] Test complete!

[2026-08-12 17:21:30] [2026-08-12 19:53:00] Safe: True

[2026-08-12 17:21:30] [2026-08-12 19:53:00] Recent: True

[2026-08-12 17:21:30] [2026-08-12 19:53:00] Time: 1786564380.4842596

[2026-08-12 17:21:30] [2026-08-12 19:53:00] mTime: 1786564351.6374595

[2026-08-12 17:21:30] [2026-08-12 19:53:13] Test has started!

[2026-08-12 17:21:30] [2026-08-12 19:55:21] entered if statement!!!

[2026-08-12 17:21:30] [2026-08-12 19:56:06] Test complete!

[2026-08-12 17:21:30] [2026-08-12 19:56:11] Safe: True

[2026-08-12 17:21:30] [2026-08-12 19:56:11] Recent: True

[2026-08-12 17:21:30] [2026-08-12 19:56:11] Time: 1786564571.9248831

[2026-08-12 17:21:30] [2026-08-12 19:56:11] mTime: 1786564543.2445087

[2026-08-12 17:21:30] [2026-08-12 19:56:24] Test has started!

[2026-08-12 17:21:30] [2026-08-12 19:59:19] Test complete!

[2026-08-12 17:21:30] [2026-08-12 19:59:24] Safe: True

[2026-08-12 17:21:30] [2026-08-12 19:59:24] Recent: True

[2026-08-12 17:21:30] [2026-08-12 19:59:24] Time: 1786564764.530198

[2026-08-12 17:21:30] [2026-08-12 19:59:24] mTime: 1786564735.827917

[2026-08-12 17:21:30] [2026-08-12 19:59:37] Test has started!

[2026-08-12 17:21:30] [2026-08-12 20:02:31] Test complete!

[2026-08-12 17:21:30] [2026-08-12 20:02:36] Safe: True

[2026-08-12 17:21:30] [2026-08-12 20:02:36] Recent: True

[2026-08-12 17:21:30] [2026-08-12 20:02:36] Time: 1786564956.291656

[2026-08-12 17:21:30] [2026-08-12 20:02:36] mTime: 1786564927.4302156

[2026-08-12 17:21:30] [2026-08-12 20:04:50] aspirate

[2026-08-12 17:21:30] [2026-08-12 20:04:50] 0

[2026-08-12 17:21:30] [2026-08-12 20:04:50] 10

[2026-08-12 17:21:30] [2026-08-12 20:07:09] dispense

[2026-08-12 17:21:30] [2026-08-12 20:07:09] 0

[2026-08-12 17:21:30] [2026-08-12 20:07:09] 10

[2026-08-12 17:21:30] [2026-08-12 20:08:38] aspirate

[2026-08-12 17:21:30] [2026-08-12 20:08:38] 1

[2026-08-12 17:21:30] [2026-08-12 20:08:38] 10

[2026-08-12 17:21:30] [2026-08-12 20:10:57] dispense

[2026-08-12 17:21:30] [2026-08-12 20:10:57] 1

[2026-08-12 17:21:30] [2026-08-12 20:10:57] 10

[2026-08-12 17:21:30] [2026-08-12 20:12:25] aspirate

[2026-08-12 17:21:30] [2026-08-12 20:12:25] 2

[2026-08-12 17:21:30] [2026-08-12 20:12:25] 10

[2026-08-12 17:21:30] [2026-08-12 20:14:44] dispense

[2026-08-12 17:21:30] [2026-08-12 20:14:44] 2

[2026-08-12 17:21:30] [2026-08-12 20:14:44] 10

[2026-08-12 17:21:30] [2026-08-12 20:16:13] aspirate

[2026-08-12 17:21:30] [2026-08-12 20:16:13] 3

[2026-08-12 17:21:30] [2026-08-12 20:16:13] 10

[2026-08-12 17:21:30] [2026-08-12 20:18:32] dispense

[2026-08-12 17:21:30] [2026-08-12 20:18:32] 3

[2026-08-12 17:21:30] [2026-08-12 20:18:32] 10

[2026-08-12 17:21:30] [2026-08-12 20:20:01] aspirate

[2026-08-12 17:21:30] [2026-08-12 20:20:01] 4

[2026-08-12 17:21:30] [2026-08-12 20:20:01] 10

[2026-08-12 17:21:30] [2026-08-12 20:22:19] dispense

[2026-08-12 17:21:30] [2026-08-12 20:22:19] 4

[2026-08-12 17:21:30] [2026-08-12 20:22:19] 10

[2026-08-12 17:21:30] [2026-08-12 20:23:48] aspirate

[2026-08-12 17:21:30] [2026-08-12 20:23:48] 5

[2026-08-12 17:21:30] [2026-08-12 20:23:48] 10

[2026-08-12 17:21:30] [2026-08-12 20:26:07] dispense

[2026-08-12 17:21:30] [2026-08-12 20:26:07] 5

[2026-08-12 17:21:30] [2026-08-12 20:26:07] 10

[2026-08-12 17:21:30] [2026-08-12 20:27:36] aspirate

[2026-08-12 17:21:30] [2026-08-12 20:27:36] 6

[2026-08-12 17:21:30] [2026-08-12 20:27:36] 10

[2026-08-12 17:21:30] [2026-08-12 20:29:54] dispense

[2026-08-12 17:21:30] [2026-08-12 20:29:54] 6

[2026-08-12 17:21:30] [2026-08-12 20:29:54] 10

[2026-08-12 17:21:30] [2026-08-12 20:31:23] aspirate

[2026-08-12 17:21:30] [2026-08-12 20:31:23] 7

[2026-08-12 17:21:30] [2026-08-12 20:31:23] 10

[2026-08-12 17:21:30] [2026-08-12 20:33:42] dispense

[2026-08-12 17:21:30] [2026-08-12 20:33:42] 7

[2026-08-12 17:21:30] [2026-08-12 20:33:42] 10

[2026-08-12 17:21:30] [2026-08-12 20:35:11] aspirate

[2026-08-12 17:21:30] [2026-08-12 20:35:11] 8

[2026-08-12 17:21:30] [2026-08-12 20:35:11] 10

[2026-08-12 17:21:30] [2026-08-12 20:37:29] dispense

[2026-08-12 17:21:30] [2026-08-12 20:37:29] 8

[2026-08-12 17:21:30] [2026-08-12 20:37:29] 10

[2026-08-12 17:21:30] [2026-08-12 20:38:58] aspirate

[2026-08-12 17:21:30] [2026-08-12 20:38:58] 9

[2026-08-12 17:21:30] [2026-08-12 20:38:58] 10

[2026-08-12 17:21:30] [2026-08-12 20:41:33] dispense

[2026-08-12 17:21:30] [2026-08-12 20:41:33] 9

[2026-08-12 17:21:30] [2026-08-12 20:41:33] 10

[2026-08-12 17:21:30] [2026-08-12 20:41:33] 2291.380857460201

[2026-08-12 17:21:30] [2026-08-12 20:48:24] entered if statement!!!

[2026-08-12 17:21:30] [2026-08-12 20:49:55] Joined both subprocesses.

[2026-08-12 17:21:30] [2026-08-12 20:50:44] Pullcast complete.

[2026-08-12 17:21:30] [2026-08-12 20:50:44] Nitrogen on.

[2026-08-12 17:21:30] [2026-08-12 20:51:03] Nitrogen off.

[2026-08-12 17:21:30] [2026-08-12 20:51:14] Membrane sitting in bath for 121 seconds.

[2026-08-12 17:21:30] [2026-08-12 20:51:23] Nitrogen cap has been put away.

[2026-08-12 17:21:30] [2026-08-12 20:51:38] Ring has been placed on the coupon.

[2026-08-12 17:21:30] [2026-08-12 20:55:44] Cleaning knife

[2026-08-12 17:21:30] [2026-08-12 20:56:44] Knife cleaning finished.

[2026-08-12 17:21:30] [2026-08-12 21:03:50] Initial membrane picture taken.

[2026-08-12 17:21:30] [2026-08-12 21:04:20] Test has started!

[2026-08-12 17:21:30] [2026-08-12 21:08:05] Test complete!

[2026-08-12 17:21:30] [2026-08-12 21:08:10] Safe: True

[2026-08-12 17:21:30] [2026-08-12 21:08:10] Recent: True

[2026-08-12 17:21:30] [2026-08-12 21:08:10] Time: 1786568890.199518

[2026-08-12 17:21:30] [2026-08-12 21:08:10] mTime: 1786568861.2888744

[2026-08-12 17:21:30] [2026-08-12 21:08:22] Test has started!

[2026-08-12 17:21:30] [2026-08-12 21:12:10] Test complete!

[2026-08-12 17:21:30] [2026-08-12 21:12:15] Safe: True

[2026-08-12 17:21:30] [2026-08-12 21:12:15] Recent: True

[2026-08-12 17:21:30] [2026-08-12 21:12:15] Time: 1786569135.5796707

[2026-08-12 17:21:30] [2026-08-12 21:12:15] mTime: 1786569106.7775786

[2026-08-12 17:21:30] [2026-08-12 21:12:28] Test has started!

[2026-08-12 17:21:30] [2026-08-12 21:16:12] Test complete!

[2026-08-12 17:21:30] [2026-08-12 21:16:17] Safe: True

[2026-08-12 17:21:30] [2026-08-12 21:16:17] Recent: True

[2026-08-12 17:21:30] [2026-08-12 21:16:17] Time: 1786569377.2843313

[2026-08-12 17:21:30] [2026-08-12 21:16:17] mTime: 1786569348.4279578

[2026-08-12 17:21:30] [2026-08-12 21:16:30] Test has started!

[2026-08-12 17:21:30] [2026-08-12 21:20:14] Test complete!

[2026-08-12 17:21:30] [2026-08-12 21:20:19] Safe: True

[2026-08-12 17:21:30] [2026-08-12 21:20:19] Recent: True

[2026-08-12 17:21:30] [2026-08-12 21:20:19] Time: 1786569619.6245112

[2026-08-12 17:21:30] [2026-08-12 21:20:19] mTime: 1786569590.7496994

[2026-08-12 17:21:30] [2026-08-12 21:20:45] Final membrane picture taken.

[2026-08-12 17:21:30] [2026-08-12 21:21:03] Coupon successfully discarded.

[2026-08-12 17:21:30] [2026-08-12 21:21:48] Done

[2026-08-12 17:21:30] [2026-08-12 21:21:48] {'temperature': '24.70', 'humidity': '42.51'}

[2026-08-12 17:21:30] ── END PROTOCOL LOG ───────────────────────────────────────────────

[2026-08-12 17:21:30] 
[1/5] organising files...

[2026-08-12 17:21:30] Condition already tested. New folder: 10-0add-5deg-6s-N2-121s_run2

[2026-08-12 17:21:30] [START] condition=10-0add-5deg-6s-N2-121s_run2

[2026-08-12 17:21:30] [2/5] processing pipeline for: 10-0add-5deg-6s-N2-121s_run2

[2026-08-12 17:21:30] ==============================================================================================================

[2026-08-12 17:21:30] Condition: 10-0add-5deg-6s-N2-121s_run2 | pairs: 4

[2026-08-12 17:21:31] 

------------ NEW REP ---------------

[2026-08-12 17:21:31] Average Standard Deviation: 67.60373355679835

[2026-08-12 17:21:33] Toe end strain (zero point): 0.0000

[2026-08-12 17:21:38] PW + Double: 0.0417534722345231

[2026-08-12 17:21:38] Piecewise Chosen! 0.03464349219579855 | Drop Calculation: 0.04246740274171379

[2026-08-12 17:22:08]   elastic_r2                          27/30  NRMSE-score=0.896 (RMSE=0.14, range=1.31)

[2026-08-12 17:22:08]   plateau_r2_start                    11/15  R²(first 40%)=0.740

[2026-08-12 17:22:08]   densification_r2                    13/15  R²=0.882

[2026-08-12 17:22:08]   yield_accuracy                      25/25  elastic tail undershoots data by 2.9% of elastic range

[2026-08-12 17:22:08]   junction_continuity                  0/15  gap=30.6%

[2026-08-12 17:22:08]   plateau_r2_full_penalty             -10/0  R²(full)=0.320

[2026-08-12 17:22:08]   elastic_modulus_penalty              0/0  E=26.4 bar ok

[2026-08-12 17:22:08]   bp1_accuracy_penalty                 0/0  GAM slope stable in early plateau (drop=-11%) — ok | plateau spans 8% of remaining stress — ok

[2026-08-12 17:22:08]   changepoint_curvature_penalty        0/0  d2_norm=2.53, linear_stretch=20%

[2026-08-12 17:22:08]   slope_ratio_penalty                 -7/0  plateau/elastic slope ratio=0.65 — nearly parallel (-7 pts)

[2026-08-12 17:22:08]   DATA FLAGS (no score impact — route to goodData_eval):

[2026-08-12 17:22:08]     elastic_half_consistency: first-half R²=-0.045 vs second-half R²=0.424 (gap=0.469)

[2026-08-12 17:22:08] Score: 59/100 → FAIL

[2026-08-12 17:22:08] Good Fit: False

[2026-08-12 17:22:09] 

------------ NEW REP ---------------

[2026-08-12 17:22:09] Average Standard Deviation: 68.02215561419365

[2026-08-12 17:22:11] Toe end strain (zero point): 0.0000

[2026-08-12 17:22:16] PW + Double: 0.256784474917977

[2026-08-12 17:22:16] Drop Chosen! 0.06712527670460677 | Piecewise Calculation: 0.25799200307369324

[2026-08-12 17:22:52]   elastic_r2                          26/30  NRMSE-score=0.870 (RMSE=0.12, range=0.89)

[2026-08-12 17:22:52]   plateau_r2_start                     9/15  R²(first 40%)=0.601

[2026-08-12 17:22:52]   densification_r2                    13/15  R²=0.877

[2026-08-12 17:22:52]   yield_accuracy                      25/25  elastic tail undershoots data by 7.1% of elastic range

[2026-08-12 17:22:52]   junction_continuity                  0/15  gap=35.7%

[2026-08-12 17:22:52]   plateau_r2_full_penalty             -10/0  R²(full)=0.255

[2026-08-12 17:22:52]   elastic_modulus_penalty              0/0  E=14.7 bar ok

[2026-08-12 17:22:52]   bp1_accuracy_penalty                 0/0  GAM slope stable in early plateau (drop=-25%) — ok | plateau spans 6% of remaining stress — ok

[2026-08-12 17:22:52]   changepoint_curvature_penalty        0/0  d2_norm=1.89, linear_stretch=23%

[2026-08-12 17:22:52]   DATA FLAGS (no score impact — route to goodData_eval):

[2026-08-12 17:22:52]     elastic_half_consistency: first-half R²=0.060 vs second-half R²=0.473 (gap=0.413)

[2026-08-12 17:22:52] Score: 63/100 → FAIL

[2026-08-12 17:22:53] Good Fit: False

[2026-08-12 17:22:54] 

------------ NEW REP ---------------

[2026-08-12 17:22:54] Average Standard Deviation: 68.06059213728597

[2026-08-12 17:22:56] Toe end strain (zero point): 0.0000

[2026-08-12 17:23:02] PW + Double: 0.22054549392923992

[2026-08-12 17:23:02] Drop Chosen! 0.07829747448603486 | Piecewise Calculation: 0.23856320604052794

[2026-08-12 17:23:37]   elastic_r2                          26/30  NRMSE-score=0.875 (RMSE=0.11, range=0.89)

[2026-08-12 17:23:37]   plateau_r2_start                    11/15  R²(first 40%)=0.718

[2026-08-12 17:23:37]   densification_r2                    13/15  R²=0.869

[2026-08-12 17:23:37]   yield_accuracy                      25/25  elastic tail undershoots data by 4.5% of elastic range

[2026-08-12 17:23:37]   junction_continuity                  0/15  gap=38.2%

[2026-08-12 17:23:37]   plateau_r2_full_penalty             -10/0  R²(full)=0.173

[2026-08-12 17:23:37]   elastic_modulus_penalty              0/0  E=17.0 bar ok

[2026-08-12 17:23:37]   bp1_accuracy_penalty                 0/0  GAM slope stable in early plateau (drop=-37%) — ok | plateau spans 6% of remaining stress — ok

[2026-08-12 17:23:37]   changepoint_curvature_penalty        0/0  d2_norm=2.76, linear_stretch=13%

[2026-08-12 17:23:37]   slope_ratio_penalty                 -15/0  plateau/elastic slope ratio=0.84 — nearly parallel (-15 pts)

[2026-08-12 17:23:37] Score: 50/100 → FAIL

[2026-08-12 17:23:38] Good Fit: False

[2026-08-12 17:23:39] 

------------ NEW REP ---------------

[2026-08-12 17:23:39] Average Standard Deviation: 68.07244266105212

[2026-08-12 17:23:41] Toe end strain (zero point): 0.0000

[2026-08-12 17:23:53] PW + Double: None

[2026-08-12 17:23:53] Drop Chosen! 0.07545811103604672 | Piecewise Calculation: None

[2026-08-12 17:24:34]   elastic_r2                          25/30  NRMSE-score=0.817 (RMSE=0.12, range=0.68)

[2026-08-12 17:24:34]   plateau_r2_start                    11/15  R²(first 40%)=0.728

[2026-08-12 17:24:34]   densification_r2                    13/15  R²=0.879

[2026-08-12 17:24:34]   yield_accuracy                      24/25  elastic tail undershoots data by 12.5% of elastic range

[2026-08-12 17:24:34]   junction_continuity                  0/15  gap=35.1%

[2026-08-12 17:24:34]   plateau_r2_full_penalty             -10/0  R²(full)=0.147

[2026-08-12 17:24:34]   elastic_modulus_penalty              0/0  E=11.1 bar ok

[2026-08-12 17:24:34]   bp1_accuracy_penalty                 0/0  GAM slope stable in early plateau (drop=-70%) — ok | plateau spans 5% of remaining stress — ok

[2026-08-12 17:24:34]   changepoint_curvature_penalty        0/0  d2_norm=2.44, linear_stretch=23%

[2026-08-12 17:24:34]   catastrophic_slope_vs_modulus        0/0  slope ratio=1.06 — plateau slope ≥95% of elastic

[2026-08-12 17:24:34]   CATASTROPHIC HALVING: 63 → 32

[2026-08-12 17:24:34]   DATA FLAGS (no score impact — route to goodData_eval):

[2026-08-12 17:24:34]     elastic_half_consistency: first-half R²=-1.551 vs second-half R²=-0.052 (gap=1.499)

[2026-08-12 17:24:34] Score: 32/100 → FAIL

[2026-08-12 17:24:41] PW + Double: 0.23743919125501015

[2026-08-12 17:24:41] Drop Chosen! 0.07545811103604672 | Piecewise Calculation: 0.23139156556076276

[2026-08-12 17:25:27]   elastic_r2                          24/30  NRMSE-score=0.805 (RMSE=0.04, range=0.20)

[2026-08-12 17:25:27]   plateau_r2_start                    11/15  R²(first 40%)=0.747

[2026-08-12 17:25:27]   densification_r2                    13/15  R²=0.880

[2026-08-12 17:25:27]   yield_accuracy                      20/25  elastic tail undershoots data by 23.9% of elastic range

[2026-08-12 17:25:27]   junction_continuity                  0/15  gap=36.2%

[2026-08-12 17:25:27]   plateau_r2_full_penalty             -10/0  R²(full)=0.146

[2026-08-12 17:25:27]   elastic_modulus_penalty             -5/0  E=7.1 bar out of range

[2026-08-12 17:25:27]   bp1_accuracy_penalty                 0/0  GAM slope stable in early plateau (drop=-148%) — ok | plateau spans 5% of remaining stress — ok

[2026-08-12 17:25:27]   changepoint_curvature_penalty        0/0  d2_norm=2.59, linear_stretch=20%

[2026-08-12 17:25:27]   catastrophic_slope_vs_modulus        0/0  slope ratio=1.73 — plateau slope ≥95% of elastic

[2026-08-12 17:25:27]   CATASTROPHIC HALVING: 53 → 26

[2026-08-12 17:25:27]   DATA FLAGS (no score impact — route to goodData_eval):

[2026-08-12 17:25:27]     elastic_half_consistency: first-half R²=-1.737 vs second-half R²=-1.424 (gap=0.313)

[2026-08-12 17:25:27] Score: 26/100 → FAIL

[2026-08-12 17:25:27]   toe-mask retry: masked strain < 0.0526, good=False

[2026-08-12 17:25:28] Good Fit: False

[2026-08-12 17:25:28] CV (10-0add-5deg-6s-N2-121s_run2) [preDiscard]: 0.018371077879280395

[2026-08-12 17:25:29] CV (10-0add-5deg-6s-N2-121s_run2) [postDiscard]: nan

[2026-08-12 17:25:29] 

------------ NEW REP ---------------

[2026-08-12 17:25:29] Average Standard Deviation: 43.88644460280898

[2026-08-12 17:25:30] Toe end strain (zero point): 0.0000

[2026-08-12 17:25:32] PW + Double: 0.2620177535109226

[2026-08-12 17:25:32] Drop Chosen! 0.042248746314158356 | Piecewise Calculation: 0.25300289476783605

[2026-08-12 17:26:10]   elastic_r2                          25/30  NRMSE-score=0.843 (RMSE=0.08, range=0.54)

[2026-08-12 17:26:10]   plateau_r2_start                    10/15  R²(first 40%)=0.636

[2026-08-12 17:26:10]   densification_r2                    13/15  R²=0.835

[2026-08-12 17:26:10]   yield_accuracy                      25/25  elastic tail undershoots data by 6.6% of elastic range

[2026-08-12 17:26:10]   junction_continuity                  0/15  gap=224.9%

[2026-08-12 17:26:10]   plateau_r2_full_penalty             -10/0  R²(full)=-0.564

[2026-08-12 17:26:10]   elastic_modulus_penalty              0/0  E=26.2 bar ok

[2026-08-12 17:26:10]   bp1_accuracy_penalty                 0/0  GAM slope stable in early plateau (drop=-14%) — ok | plateau spans 12% of remaining stress — ok

[2026-08-12 17:26:10]   changepoint_curvature_penalty        0/0  d2_norm=3.17, linear_stretch=20%

[2026-08-12 17:26:10]   catastrophic_slope_vs_modulus        0/0  slope ratio=1.04 — plateau slope ≥95% of elastic

[2026-08-12 17:26:10]   CATASTROPHIC HALVING: 63 → 32

[2026-08-12 17:26:10]   DATA FLAGS (no score impact — route to goodData_eval):

[2026-08-12 17:26:10]     elastic_half_consistency: first-half R²=-0.453 vs second-half R²=-0.065 (gap=0.388)

[2026-08-12 17:26:10] Score: 32/100 → FAIL

[2026-08-12 17:26:11] Good Fit: False

[2026-08-12 17:26:12]   All fits failed for 10-0add-5deg-6s-N2-121s_run2 — postDiscard row built from all-discarded reps

[2026-08-12 17:26:30] [3/5] generating initial report...

[2026-08-12 17:26:30] [4/5] running active learning...

[2026-08-12 17:26:52]   JSON result: C:\Users\opentrons\Documents\Auto-Membranes\data\llm_results\llm_result_10-0add-5deg-6s-N2-121s_run2.json

[2026-08-12 17:26:52] [5/5] next params: {'mixing_temp': 60, 'bath_temp': 5, 'pullcast_speed': 3, 'nitrogen': True, 'coupon_to_bath_wait_time': 60, 'nips_bath_wait_time': 1200, 'polymer_wt': 17.0, 'additive_wt': 0.0, 'stock_metadata': {'polymer_stock_wt_percent': 17.0, 'additive_stock_polymer_wt_percent': 17.0, 'additive_stock_additive_wt_percent': 4.0}}

[2026-08-12 17:26:52] Python recieved!

[2026-08-12 17:26:52] Exact payload being sent: {"mixing_temp": 60, "bath_temp": 5, "pullcast_speed": 3, "nitrogen": true, "coupon_to_bath_wait_time": 60, "nips_bath_wait_time": 1200, "polymer_wt": 17.0, "additive_wt": 0.0, "stock_metadata": {"polymer_stock_wt_percent": 17.0, "additive_stock_polymer_wt_percent": 17.0, "additive_stock_additive_wt_percent": 4.0}}

[2026-08-12 17:27:13] Network connection issue to Opentrons: [WinError 10060] A connection attempt failed because the connected party did not properly respond after a period of time, or established connection failed because connected host has failed to respond

[2026-08-12 17:27:13] [ERROR] 10-0add-5deg-6s-N2-121s_run2  URLError: <urlopen error [WinError 10060] A connection attempt failed because the connected party did not properly respond after a period of time, or established connection failed because connected host has failed to respond>

[2026-08-12 17:27:13] Pipeline error — loop stopped: <urlopen error [WinError 10060] A connection attempt failed because the connected party did not properly respond after a period of time, or established connection failed because connected host has failed to respond>

[2026-08-12 17:27:13] Exception in thread 
[2026-08-12 17:27:13] Thread-2 (_run_pipeline_and_trigger_next)
[2026-08-12 17:27:13] :
[2026-08-12 17:27:13] Traceback (most recent call last):
[2026-08-12 17:27:13]   File [35m"C:\Program Files\WindowsApps\PythonSoftwareFoundation.Python.3.13_3.13.3824.0_x64__qbz5n2kfra8p0\Lib\urllib\request.py"[0m, line [35m1319[0m, in [35mdo_open[0m
    [31mh.request[0m[1;31m(req.get_method(), req.selector, req.data, headers,[0m
    [31m~~~~~~~~~[0m[1;31m^^^^^^^^^^^^^^^^^^^^^^^^^^^^^^^^^^^^^^^^^^^^^^^^^^^[0m
              [1;31mencode_chunked=req.has_header('Transfer-encoding'))[0m
              [1;31m^^^^^^^^^^^^^^^^^^^^^^^^^^^^^^^^^^^^^^^^^^^^^^^^^^^[0m
[2026-08-12 17:27:13]   File [35m"C:\Program Files\WindowsApps\PythonSoftwareFoundation.Python.3.13_3.13.3824.0_x64__qbz5n2kfra8p0\Lib\http\client.py"[0m, line [35m1367[0m, in [35mrequest[0m
    [31mself._send_request[0m[1;31m(method, url, body, headers, encode_chunked)[0m
    [31m~~~~~~~~~~~~~~~~~~[0m[1;31m^^^^^^^^^^^^^^^^^^^^^^^^^^^^^^^^^^^^^^^^^^^^[0m
[2026-08-12 17:27:13]   File [35m"C:\Program Files\WindowsApps\PythonSoftwareFoundation.Python.3.13_3.13.3824.0_x64__qbz5n2kfra8p0\Lib\http\client.py"[0m, line [35m1413[0m, in [35m_send_request[0m
    [31mself.endheaders[0m[1;31m(body, encode_chunked=encode_chunked)[0m
    [31m~~~~~~~~~~~~~~~[0m[1;31m^^^^^^^^^^^^^^^^^^^^^^^^^^^^^^^^^^^^^[0m
[2026-08-12 17:27:13]   File [35m"C:\Program Files\WindowsApps\PythonSoftwareFoundation.Python.3.13_3.13.3824.0_x64__qbz5n2kfra8p0\Lib\http\client.py"[0m, line [35m1362[0m, in [35mendheaders[0m
    [31mself._send_output[0m[1;31m(message_body, encode_chunked=encode_chunked)[0m
    [31m~~~~~~~~~~~~~~~~~[0m[1;31m^^^^^^^^^^^^^^^^^^^^^^^^^^^^^^^^^^^^^^^^^^^^^[0m
[2026-08-12 17:27:13]   File [35m"C:\Program Files\WindowsApps\PythonSoftwareFoundation.Python.3.13_3.13.3824.0_x64__qbz5n2kfra8p0\Lib\http\client.py"[0m, line [35m1122[0m, in [35m_send_output[0m
    [31mself.send[0m[1;31m(msg)[0m
    [31m~~~~~~~~~[0m[1;31m^^^^^[0m
[2026-08-12 17:27:13]   File [35m"C:\Program Files\WindowsApps\PythonSoftwareFoundation.Python.3.13_3.13.3824.0_x64__qbz5n2kfra8p0\Lib\http\client.py"[0m, line [35m1066[0m, in [35msend[0m
    [31mself.connect[0m[1;31m()[0m
    [31m~~~~~~~~~~~~[0m[1;31m^^[0m
[2026-08-12 17:27:13]   File [35m"C:\Program Files\WindowsApps\PythonSoftwareFoundation.Python.3.13_3.13.3824.0_x64__qbz5n2kfra8p0\Lib\http\client.py"[0m, line [35m1032[0m, in [35mconnect[0m
    self.sock = [31mself._create_connection[0m[1;31m([0m
                [31m~~~~~~~~~~~~~~~~~~~~~~~[0m[1;31m^[0m
        [1;31m(self.host,self.port), self.timeout, self.source_address)[0m
        [1;31m^^^^^^^^^^^^^^^^^^^^^^^^^^^^^^^^^^^^^^^^^^^^^^^^^^^^^^^^^[0m
[2026-08-12 17:27:13]   File [35m"C:\Program Files\WindowsApps\PythonSoftwareFoundation.Python.3.13_3.13.3824.0_x64__qbz5n2kfra8p0\Lib\socket.py"[0m, line [35m868[0m, in [35mcreate_connection[0m
    raise exceptions[0]
[2026-08-12 17:27:13]   File [35m"C:\Program Files\WindowsApps\PythonSoftwareFoundation.Python.3.13_3.13.3824.0_x64__qbz5n2kfra8p0\Lib\socket.py"[0m, line [35m853[0m, in [35mcreate_connection[0m
    [31msock.connect[0m[1;31m(sa)[0m
    [31m~~~~~~~~~~~~[0m[1;31m^^^^[0m
[2026-08-12 17:27:13] [1;35mTimeoutError[0m: [35m[WinError 10060] A connection attempt failed because the connected party did not properly respond after a period of time, or established connection failed because connected host has failed to respond[0m
[2026-08-12 17:27:13] 
During handling of the above exception, another exception occurred:

[2026-08-12 17:27:13] Traceback (most recent call last):
[2026-08-12 17:27:13]   File [35m"C:\Program Files\WindowsApps\PythonSoftwareFoundation.Python.3.13_3.13.3824.0_x64__qbz5n2kfra8p0\Lib\threading.py"[0m, line [35m1044[0m, in [35m_bootstrap_inner[0m
    [31mself.run[0m[1;31m()[0m
    [31m~~~~~~~~[0m[1;31m^^[0m
[2026-08-12 17:27:13]   File [35m"C:\Program Files\WindowsApps\PythonSoftwareFoundation.Python.3.13_3.13.3824.0_x64__qbz5n2kfra8p0\Lib\threading.py"[0m, line [35m995[0m, in [35mrun[0m
    [31mself._target[0m[1;31m(*self._args, **self._kwargs)[0m
    [31m~~~~~~~~~~~~[0m[1;31m^^^^^^^^^^^^^^^^^^^^^^^^^^^^^[0m
[2026-08-12 17:27:13]   File [35m"C:\Users\opentrons\Documents\Auto-Membranes\src\pipeline\run_loop.py"[0m, line [35m410[0m, in [35m_run_pipeline_and_trigger_next[0m
    [31murl.run_test[0m[1;31m(new_params)[0m
    [31m~~~~~~~~~~~~[0m[1;31m^^^^^^^^^^^^[0m
[2026-08-12 17:27:13]   File [35m"C:\Users\opentrons\Documents\Auto-Membranes\src\pipeline\url_29.py"[0m, line [35m33[0m, in [35mrun_test[0m
    with [31murllib.request.urlopen[0m[1;31m(req, timeout=timeout)[0m as response:
         [31m~~~~~~~~~~~~~~~~~~~~~~[0m[1;31m^^^^^^^^^^^^^^^^^^^^^^[0m
[2026-08-12 17:27:13]   File [35m"C:\Program Files\WindowsApps\PythonSoftwareFoundation.Python.3.13_3.13.3824.0_x64__qbz5n2kfra8p0\Lib\urllib\request.py"[0m, line [35m189[0m, in [35murlopen[0m
    return [31mopener.open[0m[1;31m(url, data, timeout)[0m
           [31m~~~~~~~~~~~[0m[1;31m^^^^^^^^^^^^^^^^^^^^[0m
[2026-08-12 17:27:13]   File [35m"C:\Program Files\WindowsApps\PythonSoftwareFoundation.Python.3.13_3.13.3824.0_x64__qbz5n2kfra8p0\Lib\urllib\request.py"[0m, line [35m489[0m, in [35mopen[0m
    response = self._open(req, data)
[2026-08-12 17:27:13]   File [35m"C:\Program Files\WindowsApps\PythonSoftwareFoundation.Python.3.13_3.13.3824.0_x64__qbz5n2kfra8p0\Lib\urllib\request.py"[0m, line [35m506[0m, in [35m_open[0m
    result = self._call_chain(self.handle_open, protocol, protocol +
                              '_open', req)
[2026-08-12 17:27:13]   File [35m"C:\Program Files\WindowsApps\PythonSoftwareFoundation.Python.3.13_3.13.3824.0_x64__qbz5n2kfra8p0\Lib\urllib\request.py"[0m, line [35m466[0m, in [35m_call_chain[0m
    result = func(*args)
[2026-08-12 17:27:13]   File [35m"C:\Program Files\WindowsApps\PythonSoftwareFoundation.Python.3.13_3.13.3824.0_x64__qbz5n2kfra8p0\Lib\urllib\request.py"[0m, line [35m1348[0m, in [35mhttp_open[0m
    return [31mself.do_open[0m[1;31m(http.client.HTTPConnection, req)[0m
           [31m~~~~~~~~~~~~[0m[1;31m^^^^^^^^^^^^^^^^^^^^^^^^^^^^^^^^^[0m
[2026-08-12 17:27:13]   File [35m"C:\Program Files\WindowsApps\PythonSoftwareFoundation.Python.3.13_3.13.3824.0_x64__qbz5n2kfra8p0\Lib\urllib\request.py"[0m, line [35m1322[0m, in [35mdo_open[0m
    raise URLError(err)
[2026-08-12 17:27:13] [1;35murllib.error.URLError[0m: [35m<urlopen error [WinError 10060] A connection attempt failed because the connected party did not properly respond after a period of time, or established connection failed because connected host has failed to respond>[0m
[2026-08-13 11:12:18] 
stopping server...

