[2026-08-06 11:26:28] The "mixing_temp" can be between 25 and 80 degrees Celsius. The "bath_temp" can be between 5 and 25 degrees Celsius. The "pullcast_speed" can be between 1 and 20 mm/s. The "coupon_to_bath_wait_time" can be between 0 and 600 seconds. The "nips_bath_wait_time" can be between 1200 and 1800seconds. The "nitrogen" can be either True or False. The "polymer_wt" maximum is 17.0 and the "additive_wt" maximum is 4.0. The "polymer_wt" and "additive_wt" should be within the triangular bounds [(17.0, 0.0), (17.0, 4.0), (0.0, 0.0)].

[2026-08-06 11:26:38] [master_processing] active branches: ['image_processing']

[2026-08-06 11:26:38] server listening on 169.254.230.148:8000

[2026-08-06 11:26:38] kicking off first experiment: {'mixing_temp': 25, 'bath_temp': 5, 'pullcast_speed': 10, 'nitrogen': True, 'coupon_to_bath_wait_time': 60, 'nips_bath_wait_time': 101, 'polymer_wt': 10.0, 'additive_wt': 0.0, 'stock_metadata': {'polymer_stock_wt_percent': 17.0, 'additive_stock_polymer_wt_percent': 17.0, 'additive_stock_additive_wt_percent': 4.0}}

[2026-08-06 11:26:38] Python recieved!

[2026-08-06 11:26:38] Exact payload being sent: {"mixing_temp": 25, "bath_temp": 5, "pullcast_speed": 10, "nitrogen": true, "coupon_to_bath_wait_time": 60, "nips_bath_wait_time": 101, "polymer_wt": 10.0, "additive_wt": 0.0, "stock_metadata": {"polymer_stock_wt_percent": 17.0, "additive_stock_polymer_wt_percent": 17.0, "additive_stock_additive_wt_percent": 4.0}}

[2026-08-06 11:26:38] Opentrons response: Creating Membrane with following parameters: {"mixing_temp": 25, "bath_temp": 5, "pullcast_speed": 10, "nitrogen": true, "coupon_to_bath_wait_time": 60, "nips_bath_wait_time": 101, "polymer_wt": 10.0, "additive_wt": 0.0, "stock_metadata": {"polymer_stock_wt_percent": 17.0, "additive_stock_polymer_wt_percent": 17.0, "additive_stock_additive_wt_percent": 4.0}}

[2026-08-06 11:26:38] robot started — loop running. Ctrl+C to stop.

[2026-08-06 13:06:07] ── PROTOCOL LOG (Opentrons) ────────────────────────────────────────

[2026-08-06 13:06:07] [2026-08-06 15:26:52] Recievied request for membrane with following parameters:

[2026-08-06 13:06:07] [2026-08-06 15:26:52] {'mixing_temp': 25, 'bath_temp': 5, 'pullcast_speed': 10, 'nitrogen': True, 'coupon_to_bath_wait_time': 60, 'nips_bath_wait_time': 101, 'polymer_wt': 10.0, 'additive_wt': 0.0, 'stock_metadata': {'polymer_stock_wt_percent': 17.0, 'additive_stock_polymer_wt_percent': 17.0, 'additive_stock_additive_wt_percent': 4.0}}

[2026-08-06 13:06:07] [2026-08-06 15:26:52] Bath chilling process started.

[2026-08-06 13:06:07] [2026-08-06 15:26:52] Beginning zero tests on coupons.

[2026-08-06 13:06:07] [2026-08-06 15:26:52] Opentrons process started.

[2026-08-06 13:06:07] [2026-08-06 15:26:52] 
Target recipe

[2026-08-06 13:06:07] [2026-08-06 15:26:52] -------------

[2026-08-06 13:06:07] [2026-08-06 15:26:52] Total volume:      1000.00 uL

[2026-08-06 13:06:07] [2026-08-06 15:26:52] Target polymer:    10 wt%

[2026-08-06 13:06:07] [2026-08-06 15:26:52] Target additive:   0 wt%

[2026-08-06 13:06:07] [2026-08-06 15:26:52] 
Required volumes

[2026-08-06 13:06:07] [2026-08-06 15:26:52] ----------------

[2026-08-06 13:06:07] [2026-08-06 15:26:52] Normal polymer stock:      572.00 uL

[2026-08-06 13:06:07] [2026-08-06 15:26:52] Polymer-additive stock:    0.00 uL

[2026-08-06 13:06:07] [2026-08-06 15:26:52] Pure solvent:              428.00 uL

[2026-08-06 13:06:07] [2026-08-06 15:26:52] Total:                     1000.00 uL

[2026-08-06 13:06:07] [2026-08-06 15:26:52] 
Final composition check

[2026-08-06 13:06:07] [2026-08-06 15:26:52] -----------------------

[2026-08-06 13:06:07] [2026-08-06 15:26:52] Polymer:    10.0043 wt%

[2026-08-06 13:06:07] [2026-08-06 15:26:52] Additive:   0.0000 wt%

[2026-08-06 13:06:07] [2026-08-06 15:26:52] Solvent:    89.9957 wt%

[2026-08-06 13:06:07] [2026-08-06 15:27:19] Test has started!

[2026-08-06 13:06:07] [2026-08-06 15:27:43] Temperature set to 25.

[2026-08-06 13:06:07] [2026-08-06 15:27:55] entered if statement!!!

[2026-08-06 13:06:07] [2026-08-06 15:31:39] Test complete!

[2026-08-06 13:06:07] [2026-08-06 15:31:44] Safe: True

[2026-08-06 13:06:07] [2026-08-06 15:31:44] Recent: True

[2026-08-06 13:06:07] [2026-08-06 15:31:44] Time: 1786030304.849072

[2026-08-06 13:06:07] [2026-08-06 15:31:44] mTime: 1786030279.4444172

[2026-08-06 13:06:07] [2026-08-06 15:31:57] Test has started!

[2026-08-06 13:06:07] [2026-08-06 15:32:20] entered if statement!!!

[2026-08-06 13:06:07] [2026-08-06 15:36:18] Test complete!

[2026-08-06 13:06:07] [2026-08-06 15:36:23] Safe: True

[2026-08-06 13:06:07] [2026-08-06 15:36:23] Recent: True

[2026-08-06 13:06:07] [2026-08-06 15:36:23] Time: 1786030583.2587373

[2026-08-06 13:06:07] [2026-08-06 15:36:23] mTime: 1786030558.2914848

[2026-08-06 13:06:07] [2026-08-06 15:36:36] Test has started!

[2026-08-06 13:06:07] [2026-08-06 15:40:55] Test complete!

[2026-08-06 13:06:07] [2026-08-06 15:41:01] Safe: True

[2026-08-06 13:06:07] [2026-08-06 15:41:01] Recent: True

[2026-08-06 13:06:07] [2026-08-06 15:41:01] Time: 1786030861.2285826

[2026-08-06 13:06:07] [2026-08-06 15:41:01] mTime: 1786030836.071136

[2026-08-06 13:06:07] [2026-08-06 15:41:14] Test has started!

[2026-08-06 13:06:07] [2026-08-06 15:41:49] aspirate

[2026-08-06 13:06:07] [2026-08-06 15:41:49] 0

[2026-08-06 13:06:07] [2026-08-06 15:41:49] 10

[2026-08-06 13:06:07] [2026-08-06 15:44:08] dispense

[2026-08-06 13:06:07] [2026-08-06 15:44:08] 0

[2026-08-06 13:06:07] [2026-08-06 15:44:08] 10

[2026-08-06 13:06:07] [2026-08-06 15:45:33] Test complete!

[2026-08-06 13:06:07] [2026-08-06 15:45:37] aspirate

[2026-08-06 13:06:07] [2026-08-06 15:45:37] 1

[2026-08-06 13:06:07] [2026-08-06 15:45:37] 10

[2026-08-06 13:06:07] [2026-08-06 15:45:38] Safe: True

[2026-08-06 13:06:07] [2026-08-06 15:45:38] Recent: True

[2026-08-06 13:06:07] [2026-08-06 15:45:38] Time: 1786031138.5788727

[2026-08-06 13:06:07] [2026-08-06 15:45:38] mTime: 1786031113.546013

[2026-08-06 13:06:07] [2026-08-06 15:47:55] dispense

[2026-08-06 13:06:07] [2026-08-06 15:47:55] 1

[2026-08-06 13:06:07] [2026-08-06 15:47:55] 10

[2026-08-06 13:06:07] [2026-08-06 15:49:24] aspirate

[2026-08-06 13:06:07] [2026-08-06 15:49:24] 2

[2026-08-06 13:06:07] [2026-08-06 15:49:24] 10

[2026-08-06 13:06:07] [2026-08-06 15:51:43] dispense

[2026-08-06 13:06:07] [2026-08-06 15:51:43] 2

[2026-08-06 13:06:07] [2026-08-06 15:51:43] 10

[2026-08-06 13:06:07] [2026-08-06 15:53:12] aspirate

[2026-08-06 13:06:07] [2026-08-06 15:53:12] 3

[2026-08-06 13:06:07] [2026-08-06 15:53:12] 10

[2026-08-06 13:06:07] [2026-08-06 15:55:30] dispense

[2026-08-06 13:06:07] [2026-08-06 15:55:30] 3

[2026-08-06 13:06:07] [2026-08-06 15:55:30] 10

[2026-08-06 13:06:07] [2026-08-06 15:56:59] aspirate

[2026-08-06 13:06:07] [2026-08-06 15:56:59] 4

[2026-08-06 13:06:07] [2026-08-06 15:56:59] 10

[2026-08-06 13:06:07] [2026-08-06 15:59:18] dispense

[2026-08-06 13:06:07] [2026-08-06 15:59:18] 4

[2026-08-06 13:06:07] [2026-08-06 15:59:18] 10

[2026-08-06 13:06:07] [2026-08-06 16:00:47] aspirate

[2026-08-06 13:06:07] [2026-08-06 16:00:47] 5

[2026-08-06 13:06:07] [2026-08-06 16:00:47] 10

[2026-08-06 13:06:07] [2026-08-06 16:03:05] dispense

[2026-08-06 13:06:07] [2026-08-06 16:03:05] 5

[2026-08-06 13:06:07] [2026-08-06 16:03:05] 10

[2026-08-06 13:06:07] [2026-08-06 16:04:34] aspirate

[2026-08-06 13:06:07] [2026-08-06 16:04:34] 6

[2026-08-06 13:06:07] [2026-08-06 16:04:34] 10

[2026-08-06 13:06:07] [2026-08-06 16:06:53] dispense

[2026-08-06 13:06:07] [2026-08-06 16:06:53] 6

[2026-08-06 13:06:07] [2026-08-06 16:06:53] 10

[2026-08-06 13:06:07] [2026-08-06 16:08:22] aspirate

[2026-08-06 13:06:07] [2026-08-06 16:08:22] 7

[2026-08-06 13:06:07] [2026-08-06 16:08:22] 10

[2026-08-06 13:06:07] [2026-08-06 16:10:40] dispense

[2026-08-06 13:06:07] [2026-08-06 16:10:40] 7

[2026-08-06 13:06:07] [2026-08-06 16:10:40] 10

[2026-08-06 13:06:07] [2026-08-06 16:12:09] aspirate

[2026-08-06 13:06:07] [2026-08-06 16:12:09] 8

[2026-08-06 13:06:07] [2026-08-06 16:12:09] 10

[2026-08-06 13:06:07] [2026-08-06 16:14:28] dispense

[2026-08-06 13:06:07] [2026-08-06 16:14:28] 8

[2026-08-06 13:06:07] [2026-08-06 16:14:28] 10

[2026-08-06 13:06:07] [2026-08-06 16:15:57] aspirate

[2026-08-06 13:06:07] [2026-08-06 16:15:57] 9

[2026-08-06 13:06:07] [2026-08-06 16:15:57] 10

[2026-08-06 13:06:07] [2026-08-06 16:18:32] dispense

[2026-08-06 13:06:07] [2026-08-06 16:18:32] 9

[2026-08-06 13:06:07] [2026-08-06 16:18:32] 10

[2026-08-06 13:06:07] [2026-08-06 16:18:32] 2291.484362928197

[2026-08-06 13:06:07] [2026-08-06 16:25:23] entered if statement!!!

[2026-08-06 13:06:07] [2026-08-06 16:26:54] Joined both subprocesses.

[2026-08-06 13:06:07] [2026-08-06 16:27:43] Pullcast complete.

[2026-08-06 13:06:07] [2026-08-06 16:27:43] Nitrogen on.

[2026-08-06 13:06:07] [2026-08-06 16:28:55] Nitrogen off.

[2026-08-06 13:06:07] [2026-08-06 16:29:05] Membrane sitting in bath for 101 seconds.

[2026-08-06 13:06:07] [2026-08-06 16:29:14] Nitrogen cap has been put away.

[2026-08-06 13:06:07] [2026-08-06 16:29:29] Ring has been placed on the coupon.

[2026-08-06 13:06:07] [2026-08-06 16:32:43] Cleaning knife

[2026-08-06 13:06:07] [2026-08-06 16:33:43] Knife cleaning finished.

[2026-08-06 13:06:07] [2026-08-06 16:41:23] Initial membrane picture taken.

[2026-08-06 13:06:07] [2026-08-06 16:41:52] Test has started!

[2026-08-06 13:06:07] [2026-08-06 16:48:13] Test complete!

[2026-08-06 13:06:07] [2026-08-06 16:48:18] Safe: True

[2026-08-06 13:06:07] [2026-08-06 16:48:18] Recent: True

[2026-08-06 13:06:07] [2026-08-06 16:48:18] Time: 1786034898.8186378

[2026-08-06 13:06:07] [2026-08-06 16:48:18] mTime: 1786034873.7591572

[2026-08-06 13:06:07] [2026-08-06 16:48:31] Test has started!

[2026-08-06 13:06:07] [2026-08-06 16:53:39] Test complete!

[2026-08-06 13:06:07] [2026-08-06 16:53:44] Safe: True

[2026-08-06 13:06:07] [2026-08-06 16:53:44] Recent: True

[2026-08-06 13:06:07] [2026-08-06 16:53:44] Time: 1786035224.3356051

[2026-08-06 13:06:07] [2026-08-06 16:53:44] mTime: 1786035199.3817866

[2026-08-06 13:06:07] [2026-08-06 16:53:57] Test has started!

[2026-08-06 13:06:07] [2026-08-06 16:59:16] Test complete!

[2026-08-06 13:06:07] [2026-08-06 16:59:21] Safe: True

[2026-08-06 13:06:07] [2026-08-06 16:59:21] Recent: True

[2026-08-06 13:06:07] [2026-08-06 16:59:21] Time: 1786035561.4530568

[2026-08-06 13:06:07] [2026-08-06 16:59:21] mTime: 1786035536.488058

[2026-08-06 13:06:07] [2026-08-06 16:59:34] Test has started!

[2026-08-06 13:06:07] [2026-08-06 17:04:46] Test complete!

[2026-08-06 13:06:07] [2026-08-06 17:04:52] Safe: True

[2026-08-06 13:06:07] [2026-08-06 17:04:52] Recent: True

[2026-08-06 13:06:07] [2026-08-06 17:04:52] Time: 1786035892.0446968

[2026-08-06 13:06:07] [2026-08-06 17:04:52] mTime: 1786035867.123933

[2026-08-06 13:06:07] [2026-08-06 17:05:18] Final membrane picture taken.

[2026-08-06 13:06:07] [2026-08-06 17:05:35] Coupon successfully discarded.

[2026-08-06 13:06:07] [2026-08-06 17:06:21] Done

[2026-08-06 13:06:07] [2026-08-06 17:06:21] {'temperature': '23.80', 'humidity': '50.72'}

[2026-08-06 13:06:07] ── END PROTOCOL LOG ───────────────────────────────────────────────

[2026-08-06 13:06:07] 
[1/5] organising files...

[2026-08-06 13:06:07] Condition already tested. New folder: 10.0-0.0add-5deg-60s-N2-101s_run2

[2026-08-06 13:06:07] [START] condition=10.0-0.0add-5deg-60s-N2-101s_run2

[2026-08-06 13:06:07] [2/5] processing pipeline for: 10.0-0.0add-5deg-60s-N2-101s_run2

[2026-08-06 13:06:20] [3/5] generating initial report...

[2026-08-06 13:06:20] [4/5] running active learning...

[2026-08-06 13:07:17]   JSON result: C:\Users\opentrons\Documents\Auto-Membranes\JSON_results\llm_result_10.0-0.0add-5deg-60s-N2-101s_run2.json

[2026-08-06 13:07:17] [5/5] next params: {'mixing_temp': 25, 'bath_temp': 5, 'pullcast_speed': 10, 'nitrogen': True, 'coupon_to_bath_wait_time': 60, 'nips_bath_wait_time': 101, 'polymer_wt': 11.0, 'additive_wt': 0.0, 'stock_metadata': {'polymer_stock_wt_percent': 17.0, 'additive_stock_polymer_wt_percent': 17.0, 'additive_stock_additive_wt_percent': 4.0}}

[2026-08-06 13:07:17] Python recieved!

[2026-08-06 13:07:17] Exact payload being sent: {"mixing_temp": 25, "bath_temp": 5, "pullcast_speed": 10, "nitrogen": true, "coupon_to_bath_wait_time": 60, "nips_bath_wait_time": 101, "polymer_wt": 11.0, "additive_wt": 0.0, "stock_metadata": {"polymer_stock_wt_percent": 17.0, "additive_stock_polymer_wt_percent": 17.0, "additive_stock_additive_wt_percent": 4.0}}

[2026-08-06 13:07:17] Opentrons response: Creating Membrane with following parameters: {"mixing_temp": 25, "bath_temp": 5, "pullcast_speed": 10, "nitrogen": true, "coupon_to_bath_wait_time": 60, "nips_bath_wait_time": 101, "polymer_wt": 11.0, "additive_wt": 0.0, "stock_metadata": {"polymer_stock_wt_percent": 17.0, "additive_stock_polymer_wt_percent": 17.0, "additive_stock_additive_wt_percent": 4.0}}

[2026-08-06 13:07:17] [DONE] 10.0-0.0add-5deg-60s-N2-101s_run2  elapsed=70.2s

[2026-08-06 14:46:34] ── PROTOCOL LOG (Opentrons) ────────────────────────────────────────

[2026-08-06 14:46:34] [2026-08-06 17:07:31] Recievied request for membrane with following parameters:

[2026-08-06 14:46:34] [2026-08-06 17:07:31] {'mixing_temp': 25, 'bath_temp': 5, 'pullcast_speed': 10, 'nitrogen': True, 'coupon_to_bath_wait_time': 60, 'nips_bath_wait_time': 101, 'polymer_wt': 11.0, 'additive_wt': 0.0, 'stock_metadata': {'polymer_stock_wt_percent': 17.0, 'additive_stock_polymer_wt_percent': 17.0, 'additive_stock_additive_wt_percent': 4.0}}

[2026-08-06 14:46:34] [2026-08-06 17:07:31] Bath chilling process started.

[2026-08-06 14:46:34] [2026-08-06 17:07:31] Beginning zero tests on coupons.

[2026-08-06 14:46:34] [2026-08-06 17:07:31] Opentrons process started.

[2026-08-06 14:46:34] [2026-08-06 17:07:31] 
Target recipe

[2026-08-06 14:46:34] [2026-08-06 17:07:31] -------------

[2026-08-06 14:46:34] [2026-08-06 17:07:31] Total volume:      1000.00 uL

[2026-08-06 14:46:34] [2026-08-06 17:07:31] Target polymer:    11 wt%

[2026-08-06 14:46:34] [2026-08-06 17:07:31] Target additive:   0 wt%

[2026-08-06 14:46:34] [2026-08-06 17:07:31] 
Required volumes

[2026-08-06 14:46:34] [2026-08-06 17:07:31] ----------------

[2026-08-06 14:46:34] [2026-08-06 17:07:31] Normal polymer stock:      631.00 uL

[2026-08-06 14:46:34] [2026-08-06 17:07:31] Polymer-additive stock:    0.00 uL

[2026-08-06 14:46:34] [2026-08-06 17:07:31] Pure solvent:              369.00 uL

[2026-08-06 14:46:34] [2026-08-06 17:07:31] Total:                     1000.00 uL

[2026-08-06 14:46:34] [2026-08-06 17:07:31] 
Final composition check

[2026-08-06 14:46:34] [2026-08-06 17:07:31] -----------------------

[2026-08-06 14:46:34] [2026-08-06 17:07:31] Polymer:    10.9925 wt%

[2026-08-06 14:46:34] [2026-08-06 17:07:31] Additive:   0.0000 wt%

[2026-08-06 14:46:34] [2026-08-06 17:07:31] Solvent:    89.0075 wt%

[2026-08-06 14:46:34] [2026-08-06 17:07:32] Temperature set to 25.

[2026-08-06 14:46:34] [2026-08-06 17:07:32] 4.51

[2026-08-06 14:46:34] [2026-08-06 17:07:33] 4.5

[2026-08-06 14:46:34] [2026-08-06 17:07:34] 4.5

[2026-08-06 14:46:34] [2026-08-06 17:07:35] 4.51

[2026-08-06 14:46:34] [2026-08-06 17:07:36] 4.52

[2026-08-06 14:46:34] [2026-08-06 17:07:37] 4.54

[2026-08-06 14:46:34] [2026-08-06 17:07:39] 4.59

[2026-08-06 14:46:34] [2026-08-06 17:07:40] 4.63

[2026-08-06 14:46:34] [2026-08-06 17:07:41] 4.69

[2026-08-06 14:46:34] [2026-08-06 17:07:42] 4.76

[2026-08-06 14:46:34] [2026-08-06 17:07:43] 4.81

[2026-08-06 14:46:34] [2026-08-06 17:07:44] entered if statement!!!

[2026-08-06 14:46:34] [2026-08-06 17:07:44] 4.89

[2026-08-06 14:46:34] [2026-08-06 17:07:58] Test has started!

[2026-08-06 14:46:34] [2026-08-06 17:12:23] Test complete!

[2026-08-06 14:46:34] [2026-08-06 17:12:28] Safe: True

[2026-08-06 14:46:34] [2026-08-06 17:12:28] Recent: True

[2026-08-06 14:46:34] [2026-08-06 17:12:28] Time: 1786036348.3573394

[2026-08-06 14:46:34] [2026-08-06 17:12:28] mTime: 1786036323.4502304

[2026-08-06 14:46:34] [2026-08-06 17:12:30] entered if statement!!!

[2026-08-06 14:46:34] [2026-08-06 17:12:41] Test has started!

[2026-08-06 14:46:34] [2026-08-06 17:17:03] Test complete!

[2026-08-06 14:46:34] [2026-08-06 17:17:08] Safe: True

[2026-08-06 14:46:34] [2026-08-06 17:17:08] Recent: True

[2026-08-06 14:46:34] [2026-08-06 17:17:08] Time: 1786036628.437365

[2026-08-06 14:46:34] [2026-08-06 17:17:08] mTime: 1786036603.3821998

[2026-08-06 14:46:34] [2026-08-06 17:17:21] Test has started!

[2026-08-06 14:46:34] [2026-08-06 17:21:46] Test complete!

[2026-08-06 14:46:34] [2026-08-06 17:21:51] Safe: True

[2026-08-06 14:46:34] [2026-08-06 17:21:51] Recent: True

[2026-08-06 14:46:34] [2026-08-06 17:21:51] Time: 1786036911.7208843

[2026-08-06 14:46:34] [2026-08-06 17:21:51] mTime: 1786036886.5560677

[2026-08-06 14:46:34] [2026-08-06 17:22:04] Test has started!

[2026-08-06 14:46:34] [2026-08-06 17:22:19] aspirate

[2026-08-06 14:46:34] [2026-08-06 17:22:19] 0

[2026-08-06 14:46:34] [2026-08-06 17:22:19] 10

[2026-08-06 14:46:34] [2026-08-06 17:24:38] dispense

[2026-08-06 14:46:34] [2026-08-06 17:24:38] 0

[2026-08-06 14:46:34] [2026-08-06 17:24:38] 10

[2026-08-06 14:46:34] [2026-08-06 17:26:07] aspirate

[2026-08-06 14:46:34] [2026-08-06 17:26:07] 1

[2026-08-06 14:46:34] [2026-08-06 17:26:07] 10

[2026-08-06 14:46:34] [2026-08-06 17:26:27] Test complete!

[2026-08-06 14:46:34] [2026-08-06 17:26:32] Safe: True

[2026-08-06 14:46:34] [2026-08-06 17:26:32] Recent: True

[2026-08-06 14:46:34] [2026-08-06 17:26:32] Time: 1786037192.5470712

[2026-08-06 14:46:34] [2026-08-06 17:26:32] mTime: 1786037167.2312846

[2026-08-06 14:46:34] [2026-08-06 17:28:26] dispense

[2026-08-06 14:46:34] [2026-08-06 17:28:26] 1

[2026-08-06 14:46:34] [2026-08-06 17:28:26] 10

[2026-08-06 14:46:34] [2026-08-06 17:29:54] aspirate

[2026-08-06 14:46:34] [2026-08-06 17:29:54] 2

[2026-08-06 14:46:34] [2026-08-06 17:29:54] 10

[2026-08-06 14:46:34] [2026-08-06 17:32:13] dispense

[2026-08-06 14:46:34] [2026-08-06 17:32:13] 2

[2026-08-06 14:46:34] [2026-08-06 17:32:13] 10

[2026-08-06 14:46:34] [2026-08-06 17:33:42] aspirate

[2026-08-06 14:46:34] [2026-08-06 17:33:42] 3

[2026-08-06 14:46:34] [2026-08-06 17:33:42] 10

[2026-08-06 14:46:34] [2026-08-06 17:36:01] dispense

[2026-08-06 14:46:34] [2026-08-06 17:36:01] 3

[2026-08-06 14:46:34] [2026-08-06 17:36:01] 10

[2026-08-06 14:46:34] [2026-08-06 17:37:30] aspirate

[2026-08-06 14:46:34] [2026-08-06 17:37:30] 4

[2026-08-06 14:46:34] [2026-08-06 17:37:30] 10

[2026-08-06 14:46:34] [2026-08-06 17:39:48] dispense

[2026-08-06 14:46:34] [2026-08-06 17:39:48] 4

[2026-08-06 14:46:34] [2026-08-06 17:39:48] 10

[2026-08-06 14:46:34] [2026-08-06 17:41:17] aspirate

[2026-08-06 14:46:34] [2026-08-06 17:41:17] 5

[2026-08-06 14:46:34] [2026-08-06 17:41:17] 10

[2026-08-06 14:46:34] [2026-08-06 17:43:36] dispense

[2026-08-06 14:46:34] [2026-08-06 17:43:36] 5

[2026-08-06 14:46:34] [2026-08-06 17:43:36] 10

[2026-08-06 14:46:34] [2026-08-06 17:45:05] aspirate

[2026-08-06 14:46:34] [2026-08-06 17:45:05] 6

[2026-08-06 14:46:34] [2026-08-06 17:45:05] 10

[2026-08-06 14:46:34] [2026-08-06 17:47:23] dispense

[2026-08-06 14:46:34] [2026-08-06 17:47:23] 6

[2026-08-06 14:46:34] [2026-08-06 17:47:23] 10

[2026-08-06 14:46:34] [2026-08-06 17:48:52] aspirate

[2026-08-06 14:46:34] [2026-08-06 17:48:52] 7

[2026-08-06 14:46:34] [2026-08-06 17:48:52] 10

[2026-08-06 14:46:34] [2026-08-06 17:51:11] dispense

[2026-08-06 14:46:34] [2026-08-06 17:51:11] 7

[2026-08-06 14:46:34] [2026-08-06 17:51:11] 10

[2026-08-06 14:46:34] [2026-08-06 17:52:40] aspirate

[2026-08-06 14:46:34] [2026-08-06 17:52:40] 8

[2026-08-06 14:46:34] [2026-08-06 17:52:40] 10

[2026-08-06 14:46:34] [2026-08-06 17:54:58] dispense

[2026-08-06 14:46:34] [2026-08-06 17:54:58] 8

[2026-08-06 14:46:34] [2026-08-06 17:54:58] 10

[2026-08-06 14:46:34] [2026-08-06 17:56:27] aspirate

[2026-08-06 14:46:34] [2026-08-06 17:56:27] 9

[2026-08-06 14:46:34] [2026-08-06 17:56:27] 10

[2026-08-06 14:46:34] [2026-08-06 17:59:02] dispense

[2026-08-06 14:46:34] [2026-08-06 17:59:02] 9

[2026-08-06 14:46:34] [2026-08-06 17:59:02] 10

[2026-08-06 14:46:34] [2026-08-06 17:59:02] 2291.4321969375014

[2026-08-06 14:46:34] [2026-08-06 18:05:53] entered if statement!!!

[2026-08-06 14:46:34] [2026-08-06 18:07:25] Joined both subprocesses.

[2026-08-06 14:46:34] [2026-08-06 18:08:13] Pullcast complete.

[2026-08-06 14:46:34] [2026-08-06 18:08:13] Nitrogen on.

[2026-08-06 14:46:34] [2026-08-06 18:09:26] Nitrogen off.

[2026-08-06 14:46:34] [2026-08-06 18:09:36] Membrane sitting in bath for 101 seconds.

[2026-08-06 14:46:34] [2026-08-06 18:09:45] Nitrogen cap has been put away.

[2026-08-06 14:46:34] [2026-08-06 18:10:00] Ring has been placed on the coupon.

[2026-08-06 14:46:34] [2026-08-06 18:13:14] Cleaning knife

[2026-08-06 14:46:34] [2026-08-06 18:14:14] Knife cleaning finished.

[2026-08-06 14:46:34] [2026-08-06 18:21:53] Initial membrane picture taken.

[2026-08-06 14:46:34] [2026-08-06 18:22:22] Test has started!

[2026-08-06 14:46:34] [2026-08-06 18:27:55] Test complete!

[2026-08-06 14:46:34] [2026-08-06 18:28:00] Safe: True

[2026-08-06 14:46:34] [2026-08-06 18:28:00] Recent: True

[2026-08-06 14:46:34] [2026-08-06 18:28:00] Time: 1786040880.755377

[2026-08-06 14:46:34] [2026-08-06 18:28:00] mTime: 1786040855.129853

[2026-08-06 14:46:34] [2026-08-06 18:28:13] Test has started!

[2026-08-06 14:46:34] [2026-08-06 18:33:44] Test complete!

[2026-08-06 14:46:34] [2026-08-06 18:33:49] Safe: True

[2026-08-06 14:46:34] [2026-08-06 18:33:49] Recent: True

[2026-08-06 14:46:34] [2026-08-06 18:33:49] Time: 1786041229.3634737

[2026-08-06 14:46:34] [2026-08-06 18:33:49] mTime: 1786041203.825385

[2026-08-06 14:46:34] [2026-08-06 18:34:02] Test has started!

[2026-08-06 14:46:34] [2026-08-06 18:39:31] Test complete!

[2026-08-06 14:46:34] [2026-08-06 18:39:36] Safe: True

[2026-08-06 14:46:34] [2026-08-06 18:39:36] Recent: True

[2026-08-06 14:46:34] [2026-08-06 18:39:36] Time: 1786041576.5667205

[2026-08-06 14:46:34] [2026-08-06 18:39:36] mTime: 1786041551.0094366

[2026-08-06 14:46:34] [2026-08-06 18:39:49] Test has started!

[2026-08-06 14:46:34] [2026-08-06 18:45:13] Test complete!

[2026-08-06 14:46:34] [2026-08-06 18:45:18] Safe: True

[2026-08-06 14:46:34] [2026-08-06 18:45:18] Recent: True

[2026-08-06 14:46:34] [2026-08-06 18:45:18] Time: 1786041918.9871888

[2026-08-06 14:46:34] [2026-08-06 18:45:18] mTime: 1786041893.3563485

[2026-08-06 14:46:34] [2026-08-06 18:45:45] Final membrane picture taken.

[2026-08-06 14:46:34] [2026-08-06 18:46:02] Coupon successfully discarded.

[2026-08-06 14:46:34] [2026-08-06 18:46:48] Done

[2026-08-06 14:46:34] [2026-08-06 18:46:48] {'temperature': '24.24', 'humidity': '48.93'}

[2026-08-06 14:46:34] ── END PROTOCOL LOG ───────────────────────────────────────────────

[2026-08-06 14:46:34] 
[1/5] organising files...

[2026-08-06 14:46:34] [START] condition=11.0-0.0add-5deg-60s-N2-101s

[2026-08-06 14:46:34] [2/5] processing pipeline for: 11.0-0.0add-5deg-60s-N2-101s

[2026-08-06 14:46:41] [3/5] generating initial report...

[2026-08-06 14:46:41] [4/5] running active learning...

[2026-08-06 14:47:00]   JSON result: C:\Users\opentrons\Documents\Auto-Membranes\JSON_results\llm_result_11.0-0.0add-5deg-60s-N2-101s.json

[2026-08-06 14:47:00] [5/5] next params: {'mixing_temp': 25, 'bath_temp': 5, 'pullcast_speed': 10, 'nitrogen': True, 'coupon_to_bath_wait_time': 60, 'nips_bath_wait_time': 101, 'polymer_wt': 12.0, 'additive_wt': 0.0, 'stock_metadata': {'polymer_stock_wt_percent': 17.0, 'additive_stock_polymer_wt_percent': 17.0, 'additive_stock_additive_wt_percent': 4.0}}

[2026-08-06 14:47:00] Python recieved!

[2026-08-06 14:47:00] Exact payload being sent: {"mixing_temp": 25, "bath_temp": 5, "pullcast_speed": 10, "nitrogen": true, "coupon_to_bath_wait_time": 60, "nips_bath_wait_time": 101, "polymer_wt": 12.0, "additive_wt": 0.0, "stock_metadata": {"polymer_stock_wt_percent": 17.0, "additive_stock_polymer_wt_percent": 17.0, "additive_stock_additive_wt_percent": 4.0}}

[2026-08-06 14:47:00] Opentrons response: Creating Membrane with following parameters: {"mixing_temp": 25, "bath_temp": 5, "pullcast_speed": 10, "nitrogen": true, "coupon_to_bath_wait_time": 60, "nips_bath_wait_time": 101, "polymer_wt": 12.0, "additive_wt": 0.0, "stock_metadata": {"polymer_stock_wt_percent": 17.0, "additive_stock_polymer_wt_percent": 17.0, "additive_stock_additive_wt_percent": 4.0}}

[2026-08-06 14:47:00] [DONE] 11.0-0.0add-5deg-60s-N2-101s  elapsed=26.8s

[2026-08-06 16:01:12] 
stopping server...

