[2026-08-10 14:28:21] [master_processing] active branches: ['curve_segmentation', 'image_processing']

[2026-08-10 14:28:21] server listening on 169.254.230.148:8000

[2026-08-10 14:28:21] kicking off first experiment: {'mixing_temp': 60, 'bath_temp': 5, 'pullcast_speed': 1, 'nitrogen': True, 'coupon_to_bath_wait_time': 300, 'nips_bath_wait_time': 1800, 'polymer_wt': 21, 'additive_wt': 0, 'stock_metadata': {'polymer_stock_wt_percent': 21.0, 'additive_stock_polymer_wt_percent': 21.0, 'additive_stock_additive_wt_percent': 4.0}}

[2026-08-10 14:28:21] Python recieved!

[2026-08-10 14:28:21] Exact payload being sent: {"mixing_temp": 60, "bath_temp": 5, "pullcast_speed": 1, "nitrogen": true, "coupon_to_bath_wait_time": 300, "nips_bath_wait_time": 1800, "polymer_wt": 21, "additive_wt": 0, "stock_metadata": {"polymer_stock_wt_percent": 21.0, "additive_stock_polymer_wt_percent": 21.0, "additive_stock_additive_wt_percent": 4.0}}

[2026-08-10 14:28:21] Opentrons response: Creating Membrane with following parameters: {"mixing_temp": 60, "bath_temp": 5, "pullcast_speed": 1, "nitrogen": true, "coupon_to_bath_wait_time": 300, "nips_bath_wait_time": 1800, "polymer_wt": 21, "additive_wt": 0, "stock_metadata": {"polymer_stock_wt_percent": 21.0, "additive_stock_polymer_wt_percent": 21.0, "additive_stock_additive_wt_percent": 4.0}}

[2026-08-10 14:28:21] robot started — loop running. Ctrl+C to stop.

[2026-08-10 16:00:28] ── PROTOCOL LOG (Opentrons) ────────────────────────────────────────

[2026-08-10 16:00:28] [2026-08-10 18:28:38] Recievied request for membrane with following parameters:

[2026-08-10 16:00:28] [2026-08-10 18:28:38] {'mixing_temp': 60, 'bath_temp': 5, 'pullcast_speed': 1, 'nitrogen': True, 'coupon_to_bath_wait_time': 300, 'nips_bath_wait_time': 1800, 'polymer_wt': 21, 'additive_wt': 0, 'stock_metadata': {'polymer_stock_wt_percent': 21.0, 'additive_stock_polymer_wt_percent': 21.0, 'additive_stock_additive_wt_percent': 4.0}}

[2026-08-10 16:00:28] [2026-08-10 18:28:38] Bath chilling process started.

[2026-08-10 16:00:28] [2026-08-10 18:28:38] Beginning zero tests on coupons.

[2026-08-10 16:00:28] [2026-08-10 18:28:38] Opentrons process started.

[2026-08-10 16:00:28] [2026-08-10 18:28:38] 
Target recipe

[2026-08-10 16:00:28] [2026-08-10 18:28:38] -------------

[2026-08-10 16:00:28] [2026-08-10 18:28:38] Total volume:      1000.00 uL

[2026-08-10 16:00:28] [2026-08-10 18:28:38] Target polymer:    21 wt%

[2026-08-10 16:00:28] [2026-08-10 18:28:38] Target additive:   0 wt%

[2026-08-10 16:00:28] [2026-08-10 18:28:38] 
Required volumes

[2026-08-10 16:00:28] [2026-08-10 18:28:38] ----------------

[2026-08-10 16:00:28] [2026-08-10 18:28:38] Normal polymer stock:      1000.00 uL

[2026-08-10 16:00:28] [2026-08-10 18:28:38] Polymer-additive stock:    0.00 uL

[2026-08-10 16:00:28] [2026-08-10 18:28:38] Pure solvent:              0.00 uL

[2026-08-10 16:00:28] [2026-08-10 18:28:38] Total:                     1000.00 uL

[2026-08-10 16:00:28] [2026-08-10 18:28:38] 
Final composition check

[2026-08-10 16:00:28] [2026-08-10 18:28:38] -----------------------

[2026-08-10 16:00:28] [2026-08-10 18:28:38] Polymer:    21.0000 wt%

[2026-08-10 16:00:28] [2026-08-10 18:28:38] Additive:   0.0000 wt%

[2026-08-10 16:00:28] [2026-08-10 18:28:38] Solvent:    79.0000 wt%

[2026-08-10 16:00:28] [2026-08-10 18:28:38] Solution will be pulled from stock polymer bottle.

[2026-08-10 16:00:28] [2026-08-10 18:28:39] 11.08

[2026-08-10 16:00:28] [2026-08-10 18:28:40] 11.08

[2026-08-10 16:00:28] [2026-08-10 18:28:41] 11.08

[2026-08-10 16:00:28] [2026-08-10 18:28:42] 11.08

[2026-08-10 16:00:28] [2026-08-10 18:28:43] 11.12

[2026-08-10 16:00:28] [2026-08-10 18:28:44] 11.21

[2026-08-10 16:00:28] [2026-08-10 18:28:45] 11.3

[2026-08-10 16:00:28] [2026-08-10 18:28:47] 11.58

[2026-08-10 16:00:28] [2026-08-10 18:28:48] 11.68

[2026-08-10 16:00:28] [2026-08-10 18:28:49] 11.79

[2026-08-10 16:00:28] [2026-08-10 18:28:50] 11.9

[2026-08-10 16:00:28] [2026-08-10 18:28:51] 11.98

[2026-08-10 16:00:28] [2026-08-10 18:28:52] 12.06

[2026-08-10 16:00:28] [2026-08-10 18:28:53] 12.13

[2026-08-10 16:00:28] [2026-08-10 18:28:54] 12.2

[2026-08-10 16:00:28] [2026-08-10 18:28:55] 12.25

[2026-08-10 16:00:28] [2026-08-10 18:28:56] 12.31

[2026-08-10 16:00:28] [2026-08-10 18:28:58] 12.38

[2026-08-10 16:00:28] [2026-08-10 18:28:59] 12.44

[2026-08-10 16:00:28] [2026-08-10 18:29:00] 12.52

[2026-08-10 16:00:28] [2026-08-10 18:29:01] 12.59

[2026-08-10 16:00:28] [2026-08-10 18:29:02] 12.68

[2026-08-10 16:00:28] [2026-08-10 18:29:03] 12.75

[2026-08-10 16:00:28] [2026-08-10 18:29:04] 12.85

[2026-08-10 16:00:28] [2026-08-10 18:29:05] 12.94

[2026-08-10 16:00:28] [2026-08-10 18:29:05] Test has started!

[2026-08-10 16:00:28] [2026-08-10 18:29:06] 13.03

[2026-08-10 16:00:28] [2026-08-10 18:29:08] 13.13

[2026-08-10 16:00:28] [2026-08-10 18:29:09] 13.21

[2026-08-10 16:00:28] [2026-08-10 18:29:10] 13.31

[2026-08-10 16:00:28] [2026-08-10 18:29:11] 13.38

[2026-08-10 16:00:28] [2026-08-10 18:29:12] 13.47

[2026-08-10 16:00:28] [2026-08-10 18:29:13] 13.56

[2026-08-10 16:00:28] [2026-08-10 18:29:14] 13.62

[2026-08-10 16:00:28] [2026-08-10 18:29:15] 13.7

[2026-08-10 16:00:28] [2026-08-10 18:29:16] 13.76

[2026-08-10 16:00:28] [2026-08-10 18:29:17] 13.82

[2026-08-10 16:00:28] [2026-08-10 18:29:19] 13.87

[2026-08-10 16:00:28] [2026-08-10 18:29:20] 13.92

[2026-08-10 16:00:28] [2026-08-10 18:29:21] 13.96

[2026-08-10 16:00:28] [2026-08-10 18:29:22] 13.99

[2026-08-10 16:00:28] [2026-08-10 18:29:23] 14.02

[2026-08-10 16:00:28] [2026-08-10 18:29:24] 14.04

[2026-08-10 16:00:28] [2026-08-10 18:29:25] 14.05

[2026-08-10 16:00:28] [2026-08-10 18:29:26] 14.06

[2026-08-10 16:00:28] [2026-08-10 18:29:27] 14.07

[2026-08-10 16:00:28] [2026-08-10 18:29:28] 14.06

[2026-08-10 16:00:28] [2026-08-10 18:29:30] 14.06

[2026-08-10 16:00:28] [2026-08-10 18:29:31] 14.04

[2026-08-10 16:00:28] [2026-08-10 18:29:32] 14.03

[2026-08-10 16:00:28] [2026-08-10 18:29:33] 14.0

[2026-08-10 16:00:28] [2026-08-10 18:29:34] 13.97

[2026-08-10 16:00:28] [2026-08-10 18:29:35] 13.94

[2026-08-10 16:00:28] [2026-08-10 18:29:36] 13.9

[2026-08-10 16:00:28] [2026-08-10 18:29:37] 13.87

[2026-08-10 16:00:28] [2026-08-10 18:29:38] 13.82

[2026-08-10 16:00:28] [2026-08-10 18:29:40] 13.79

[2026-08-10 16:00:28] [2026-08-10 18:29:41] 13.74

[2026-08-10 16:00:28] [2026-08-10 18:29:42] 13.69

[2026-08-10 16:00:28] [2026-08-10 18:29:43] 13.65

[2026-08-10 16:00:28] [2026-08-10 18:29:44] 13.61

[2026-08-10 16:00:28] [2026-08-10 18:29:45] 13.56

[2026-08-10 16:00:28] [2026-08-10 18:29:46] 13.51

[2026-08-10 16:00:28] [2026-08-10 18:29:47] 13.47

[2026-08-10 16:00:28] [2026-08-10 18:29:48] 13.41

[2026-08-10 16:00:28] [2026-08-10 18:29:49] 13.36

[2026-08-10 16:00:28] [2026-08-10 18:29:51] 13.31

[2026-08-10 16:00:28] [2026-08-10 18:29:52] 13.26

[2026-08-10 16:00:28] [2026-08-10 18:29:53] 13.21

[2026-08-10 16:00:28] [2026-08-10 18:29:54] 13.16

[2026-08-10 16:00:28] [2026-08-10 18:29:55] 13.11

[2026-08-10 16:00:28] [2026-08-10 18:29:56] 13.05

[2026-08-10 16:00:28] [2026-08-10 18:29:57] 13.0

[2026-08-10 16:00:28] [2026-08-10 18:29:58] 12.95

[2026-08-10 16:00:28] [2026-08-10 18:29:59] 12.89

[2026-08-10 16:00:28] [2026-08-10 18:30:01] 12.84

[2026-08-10 16:00:28] [2026-08-10 18:30:02] 12.79

[2026-08-10 16:00:28] [2026-08-10 18:30:03] 12.73

[2026-08-10 16:00:28] [2026-08-10 18:30:04] 12.68

[2026-08-10 16:00:28] [2026-08-10 18:30:05] 12.63

[2026-08-10 16:00:28] [2026-08-10 18:30:06] 12.58

[2026-08-10 16:00:28] [2026-08-10 18:30:07] 12.52

[2026-08-10 16:00:28] [2026-08-10 18:30:08] 12.48

[2026-08-10 16:00:28] [2026-08-10 18:30:09] 12.42

[2026-08-10 16:00:28] [2026-08-10 18:30:10] 12.37

[2026-08-10 16:00:28] [2026-08-10 18:30:12] 12.32

[2026-08-10 16:00:28] [2026-08-10 18:30:13] 12.26

[2026-08-10 16:00:28] [2026-08-10 18:30:14] 12.22

[2026-08-10 16:00:28] [2026-08-10 18:30:15] 12.16

[2026-08-10 16:00:28] [2026-08-10 18:30:16] 12.11

[2026-08-10 16:00:28] [2026-08-10 18:30:17] 12.06

[2026-08-10 16:00:28] [2026-08-10 18:30:18] 12.0

[2026-08-10 16:00:28] [2026-08-10 18:30:19] 11.95

[2026-08-10 16:00:28] [2026-08-10 18:30:20] 11.89

[2026-08-10 16:00:28] [2026-08-10 18:30:21] 11.84

[2026-08-10 16:00:28] [2026-08-10 18:30:23] 11.79

[2026-08-10 16:00:28] [2026-08-10 18:30:24] 11.74

[2026-08-10 16:00:28] [2026-08-10 18:30:25] 11.68

[2026-08-10 16:00:28] [2026-08-10 18:30:26] 11.63

[2026-08-10 16:00:28] [2026-08-10 18:30:27] 11.58

[2026-08-10 16:00:28] [2026-08-10 18:30:28] 11.53

[2026-08-10 16:00:28] [2026-08-10 18:30:29] 11.48

[2026-08-10 16:00:28] [2026-08-10 18:30:30] 11.43

[2026-08-10 16:00:28] [2026-08-10 18:30:31] 11.38

[2026-08-10 16:00:28] [2026-08-10 18:30:33] 11.32

[2026-08-10 16:00:28] [2026-08-10 18:30:34] 11.27

[2026-08-10 16:00:28] [2026-08-10 18:30:35] 11.22

[2026-08-10 16:00:28] [2026-08-10 18:30:36] 11.17

[2026-08-10 16:00:28] [2026-08-10 18:30:37] 11.12

[2026-08-10 16:00:28] [2026-08-10 18:30:38] 11.07

[2026-08-10 16:00:28] [2026-08-10 18:30:39] 11.03

[2026-08-10 16:00:28] [2026-08-10 18:30:40] 10.97

[2026-08-10 16:00:28] [2026-08-10 18:30:41] 10.92

[2026-08-10 16:00:28] [2026-08-10 18:30:42] 10.87

[2026-08-10 16:00:28] [2026-08-10 18:30:44] 10.82

[2026-08-10 16:00:28] [2026-08-10 18:30:45] 10.77

[2026-08-10 16:00:28] [2026-08-10 18:30:46] 10.72

[2026-08-10 16:00:28] [2026-08-10 18:30:47] 10.67

[2026-08-10 16:00:28] [2026-08-10 18:30:48] 10.62

[2026-08-10 16:00:28] [2026-08-10 18:30:49] 10.57

[2026-08-10 16:00:28] [2026-08-10 18:30:50] 10.53

[2026-08-10 16:00:28] [2026-08-10 18:30:51] 10.48

[2026-08-10 16:00:28] [2026-08-10 18:30:52] 10.43

[2026-08-10 16:00:28] [2026-08-10 18:30:53] 10.38

[2026-08-10 16:00:28] [2026-08-10 18:30:55] 10.34

[2026-08-10 16:00:28] [2026-08-10 18:30:56] 10.28

[2026-08-10 16:00:28] [2026-08-10 18:30:57] 10.23

[2026-08-10 16:00:28] [2026-08-10 18:30:58] 10.19

[2026-08-10 16:00:28] [2026-08-10 18:30:59] 10.14

[2026-08-10 16:00:28] [2026-08-10 18:31:00] 10.09

[2026-08-10 16:00:28] [2026-08-10 18:31:01] 10.05

[2026-08-10 16:00:28] [2026-08-10 18:31:02] 9.99

[2026-08-10 16:00:28] [2026-08-10 18:31:03] 9.95

[2026-08-10 16:00:28] [2026-08-10 18:31:05] 9.9

[2026-08-10 16:00:28] [2026-08-10 18:31:06] 9.86

[2026-08-10 16:00:28] [2026-08-10 18:31:07] 9.81

[2026-08-10 16:00:28] [2026-08-10 18:31:08] 9.77

[2026-08-10 16:00:28] [2026-08-10 18:31:09] 9.72

[2026-08-10 16:00:28] [2026-08-10 18:31:10] 9.67

[2026-08-10 16:00:28] [2026-08-10 18:31:11] 9.63

[2026-08-10 16:00:28] [2026-08-10 18:31:12] 9.58

[2026-08-10 16:00:28] [2026-08-10 18:31:13] 9.54

[2026-08-10 16:00:28] [2026-08-10 18:31:14] 9.49

[2026-08-10 16:00:28] [2026-08-10 18:31:16] 9.45

[2026-08-10 16:00:28] [2026-08-10 18:31:17] 9.4

[2026-08-10 16:00:28] [2026-08-10 18:31:18] 9.35

[2026-08-10 16:00:28] [2026-08-10 18:31:19] 9.31

[2026-08-10 16:00:28] [2026-08-10 18:31:20] 9.26

[2026-08-10 16:00:28] [2026-08-10 18:31:21] 9.22

[2026-08-10 16:00:28] [2026-08-10 18:31:22] 9.17

[2026-08-10 16:00:28] [2026-08-10 18:31:23] 9.13

[2026-08-10 16:00:28] [2026-08-10 18:31:24] 9.09

[2026-08-10 16:00:28] [2026-08-10 18:31:25] 9.04

[2026-08-10 16:00:28] [2026-08-10 18:31:27] 9.0

[2026-08-10 16:00:28] [2026-08-10 18:31:28] 8.95

[2026-08-10 16:00:28] [2026-08-10 18:31:29] 8.91

[2026-08-10 16:00:28] [2026-08-10 18:31:30] 8.87

[2026-08-10 16:00:28] [2026-08-10 18:31:31] 8.83

[2026-08-10 16:00:28] [2026-08-10 18:31:32] 8.78

[2026-08-10 16:00:28] [2026-08-10 18:31:33] 8.73

[2026-08-10 16:00:28] [2026-08-10 18:31:34] 8.69

[2026-08-10 16:00:28] [2026-08-10 18:31:35] 8.64

[2026-08-10 16:00:28] [2026-08-10 18:31:37] 8.61

[2026-08-10 16:00:28] [2026-08-10 18:31:38] 8.56

[2026-08-10 16:00:28] [2026-08-10 18:31:39] 8.52

[2026-08-10 16:00:28] [2026-08-10 18:31:40] 8.48

[2026-08-10 16:00:28] [2026-08-10 18:31:41] 8.43

[2026-08-10 16:00:28] [2026-08-10 18:31:42] 8.39

[2026-08-10 16:00:28] [2026-08-10 18:31:43] 8.35

[2026-08-10 16:00:28] [2026-08-10 18:31:44] 8.31

[2026-08-10 16:00:28] [2026-08-10 18:31:45] 8.27

[2026-08-10 16:00:28] [2026-08-10 18:31:46] 8.23

[2026-08-10 16:00:28] [2026-08-10 18:31:48] 8.19

[2026-08-10 16:00:28] [2026-08-10 18:31:49] 8.14

[2026-08-10 16:00:28] [2026-08-10 18:31:50] 8.11

[2026-08-10 16:00:28] [2026-08-10 18:31:51] 8.06

[2026-08-10 16:00:28] [2026-08-10 18:31:52] 8.02

[2026-08-10 16:00:28] [2026-08-10 18:31:53] 7.98

[2026-08-10 16:00:28] [2026-08-10 18:31:54] 7.93

[2026-08-10 16:00:28] [2026-08-10 18:31:55] 7.9

[2026-08-10 16:00:28] [2026-08-10 18:31:56] 7.85

[2026-08-10 16:00:28] [2026-08-10 18:31:58] 7.82

[2026-08-10 16:00:28] [2026-08-10 18:31:59] 7.77

[2026-08-10 16:00:28] [2026-08-10 18:32:00] 7.74

[2026-08-10 16:00:28] [2026-08-10 18:32:01] 7.69

[2026-08-10 16:00:28] [2026-08-10 18:32:02] 7.65

[2026-08-10 16:00:28] [2026-08-10 18:32:03] 7.61

[2026-08-10 16:00:28] [2026-08-10 18:32:04] 7.57

[2026-08-10 16:00:28] [2026-08-10 18:32:05] 7.54

[2026-08-10 16:00:28] [2026-08-10 18:32:06] 7.49

[2026-08-10 16:00:28] [2026-08-10 18:32:07] 7.46

[2026-08-10 16:00:28] [2026-08-10 18:32:09] 7.42

[2026-08-10 16:00:28] [2026-08-10 18:32:10] 7.38

[2026-08-10 16:00:28] [2026-08-10 18:32:11] 7.35

[2026-08-10 16:00:28] [2026-08-10 18:32:12] 7.31

[2026-08-10 16:00:28] [2026-08-10 18:32:13] 7.27

[2026-08-10 16:00:28] [2026-08-10 18:32:14] 7.23

[2026-08-10 16:00:28] [2026-08-10 18:32:15] 7.19

[2026-08-10 16:00:28] [2026-08-10 18:32:16] 7.15

[2026-08-10 16:00:28] [2026-08-10 18:32:17] 7.11

[2026-08-10 16:00:28] [2026-08-10 18:32:19] 7.08

[2026-08-10 16:00:28] [2026-08-10 18:32:20] 7.04

[2026-08-10 16:00:28] [2026-08-10 18:32:21] 7.0

[2026-08-10 16:00:28] [2026-08-10 18:32:22] 6.96

[2026-08-10 16:00:28] [2026-08-10 18:32:23] 6.92

[2026-08-10 16:00:28] [2026-08-10 18:32:24] 6.89

[2026-08-10 16:00:28] [2026-08-10 18:32:25] 6.85

[2026-08-10 16:00:28] [2026-08-10 18:32:26] 6.81

[2026-08-10 16:00:28] [2026-08-10 18:32:27] 6.77

[2026-08-10 16:00:28] [2026-08-10 18:32:28] 6.74

[2026-08-10 16:00:28] [2026-08-10 18:32:30] 6.7

[2026-08-10 16:00:28] [2026-08-10 18:32:31] 6.65

[2026-08-10 16:00:28] [2026-08-10 18:32:32] 6.62

[2026-08-10 16:00:28] [2026-08-10 18:32:33] 6.58

[2026-08-10 16:00:28] [2026-08-10 18:32:34] 6.55

[2026-08-10 16:00:28] [2026-08-10 18:32:35] 6.51

[2026-08-10 16:00:28] [2026-08-10 18:32:36] 6.48

[2026-08-10 16:00:28] [2026-08-10 18:32:37] 6.44

[2026-08-10 16:00:28] [2026-08-10 18:32:38] 6.4

[2026-08-10 16:00:28] [2026-08-10 18:32:39] 6.36

[2026-08-10 16:00:28] [2026-08-10 18:32:41] 6.32

[2026-08-10 16:00:28] [2026-08-10 18:32:42] 6.29

[2026-08-10 16:00:28] [2026-08-10 18:32:43] 6.25

[2026-08-10 16:00:28] [2026-08-10 18:32:44] 6.21

[2026-08-10 16:00:28] [2026-08-10 18:32:45] 6.18

[2026-08-10 16:00:28] [2026-08-10 18:32:46] 6.14

[2026-08-10 16:00:28] [2026-08-10 18:32:47] 6.11

[2026-08-10 16:00:28] [2026-08-10 18:32:48] 6.07

[2026-08-10 16:00:28] [2026-08-10 18:32:49] 6.04

[2026-08-10 16:00:28] [2026-08-10 18:32:51] 6.01

[2026-08-10 16:00:28] [2026-08-10 18:32:52] 5.97

[2026-08-10 16:00:28] [2026-08-10 18:32:53] 5.94

[2026-08-10 16:00:28] [2026-08-10 18:32:54] 5.9

[2026-08-10 16:00:28] [2026-08-10 18:32:55] 5.88

[2026-08-10 16:00:28] [2026-08-10 18:32:56] 5.84

[2026-08-10 16:00:28] [2026-08-10 18:32:57] 5.81

[2026-08-10 16:00:28] [2026-08-10 18:32:58] 5.78

[2026-08-10 16:00:28] [2026-08-10 18:32:59] 5.74

[2026-08-10 16:00:28] [2026-08-10 18:33:00] 5.71

[2026-08-10 16:00:28] [2026-08-10 18:33:02] 5.67

[2026-08-10 16:00:28] [2026-08-10 18:33:03] 5.64

[2026-08-10 16:00:28] [2026-08-10 18:33:04] 5.61

[2026-08-10 16:00:28] [2026-08-10 18:33:05] 5.58

[2026-08-10 16:00:28] [2026-08-10 18:33:06] 5.54

[2026-08-10 16:00:28] [2026-08-10 18:33:07] 5.5

[2026-08-10 16:00:28] [2026-08-10 18:33:08] 5.47

[2026-08-10 16:00:28] [2026-08-10 18:33:09] 5.43

[2026-08-10 16:00:28] [2026-08-10 18:33:10] 5.4

[2026-08-10 16:00:28] [2026-08-10 18:33:11] 5.36

[2026-08-10 16:00:28] [2026-08-10 18:33:13] 5.33

[2026-08-10 16:00:28] [2026-08-10 18:33:14] 5.3

[2026-08-10 16:00:28] [2026-08-10 18:33:15] 5.27

[2026-08-10 16:00:28] [2026-08-10 18:33:16] 5.24

[2026-08-10 16:00:28] [2026-08-10 18:33:17] 5.2

[2026-08-10 16:00:28] [2026-08-10 18:33:18] 5.17

[2026-08-10 16:00:28] [2026-08-10 18:33:19] 5.13

[2026-08-10 16:00:28] [2026-08-10 18:33:20] 5.1

[2026-08-10 16:00:28] [2026-08-10 18:33:34] Test complete!

[2026-08-10 16:00:28] [2026-08-10 18:33:39] Safe: True

[2026-08-10 16:00:28] [2026-08-10 18:33:39] Recent: True

[2026-08-10 16:00:28] [2026-08-10 18:33:39] Time: 1786386819.4498162

[2026-08-10 16:00:28] [2026-08-10 18:33:39] mTime: 1786386791.5120506

[2026-08-10 16:00:28] [2026-08-10 18:33:52] Test has started!

[2026-08-10 16:00:28] [2026-08-10 18:35:38] entered if statement!!!

[2026-08-10 16:00:28] [2026-08-10 18:38:17] Test complete!

[2026-08-10 16:00:28] [2026-08-10 18:38:22] Safe: True

[2026-08-10 16:00:28] [2026-08-10 18:38:22] Recent: True

[2026-08-10 16:00:28] [2026-08-10 18:38:22] Time: 1786387102.8427439

[2026-08-10 16:00:28] [2026-08-10 18:38:22] mTime: 1786387074.8866913

[2026-08-10 16:00:28] [2026-08-10 18:38:35] Test has started!

[2026-08-10 16:00:28] [2026-08-10 18:42:59] Test complete!

[2026-08-10 16:00:28] [2026-08-10 18:43:04] Safe: True

[2026-08-10 16:00:28] [2026-08-10 18:43:04] Recent: True

[2026-08-10 16:00:28] [2026-08-10 18:43:04] Time: 1786387384.6640809

[2026-08-10 16:00:28] [2026-08-10 18:43:04] mTime: 1786387356.6287718

[2026-08-10 16:00:28] [2026-08-10 18:43:17] Test has started!

[2026-08-10 16:00:28] [2026-08-10 18:47:42] Test complete!

[2026-08-10 16:00:28] [2026-08-10 18:47:47] Safe: True

[2026-08-10 16:00:28] [2026-08-10 18:47:47] Recent: True

[2026-08-10 16:00:28] [2026-08-10 18:47:47] Time: 1786387667.700307

[2026-08-10 16:00:28] [2026-08-10 18:47:47] mTime: 1786387639.8063238

[2026-08-10 16:00:28] [2026-08-10 18:48:13] Joined both subprocesses.

[2026-08-10 16:00:28] [2026-08-10 18:50:36] Pullcast complete.

[2026-08-10 16:00:28] [2026-08-10 18:50:36] Nitrogen on.

[2026-08-10 16:00:28] [2026-08-10 18:55:49] Nitrogen off.

[2026-08-10 16:00:28] [2026-08-10 18:56:01] Membrane sitting in bath for 1800 seconds.

[2026-08-10 16:00:28] [2026-08-10 18:56:10] Nitrogen cap has been put away.

[2026-08-10 16:00:28] [2026-08-10 18:56:25] Ring has been placed on the coupon.

[2026-08-10 16:00:28] [2026-08-10 18:56:25] Cleaning knife

[2026-08-10 16:00:28] [2026-08-10 18:57:25] Knife cleaning finished.

[2026-08-10 16:00:28] [2026-08-10 19:36:34] Initial membrane picture taken.

[2026-08-10 16:00:28] [2026-08-10 19:37:03] Test has started!

[2026-08-10 16:00:28] [2026-08-10 19:41:45] Test complete!

[2026-08-10 16:00:28] [2026-08-10 19:41:50] Safe: True

[2026-08-10 16:00:28] [2026-08-10 19:41:50] Recent: True

[2026-08-10 16:00:28] [2026-08-10 19:41:50] Time: 1786390910.40742

[2026-08-10 16:00:28] [2026-08-10 19:41:50] mTime: 1786390882.514776

[2026-08-10 16:00:28] [2026-08-10 19:42:03] Test has started!

[2026-08-10 16:00:28] [2026-08-10 19:48:50] Test complete!

[2026-08-10 16:00:28] [2026-08-10 19:48:55] Safe: True

[2026-08-10 16:00:28] [2026-08-10 19:48:55] Recent: True

[2026-08-10 16:00:28] [2026-08-10 19:48:55] Time: 1786391335.1997447

[2026-08-10 16:00:28] [2026-08-10 19:48:55] mTime: 1786391307.0975661

[2026-08-10 16:00:28] [2026-08-10 19:49:07] Test has started!

[2026-08-10 16:00:28] [2026-08-10 19:53:48] Test complete!

[2026-08-10 16:00:28] [2026-08-10 19:53:53] Safe: True

[2026-08-10 16:00:28] [2026-08-10 19:53:53] Recent: True

[2026-08-10 16:00:28] [2026-08-10 19:53:53] Time: 1786391633.820428

[2026-08-10 16:00:28] [2026-08-10 19:53:53] mTime: 1786391605.8994925

[2026-08-10 16:00:28] [2026-08-10 19:54:06] Test has started!

[2026-08-10 16:00:28] [2026-08-10 19:59:11] Test complete!

[2026-08-10 16:00:28] [2026-08-10 19:59:16] Safe: True

[2026-08-10 16:00:28] [2026-08-10 19:59:16] Recent: True

[2026-08-10 16:00:28] [2026-08-10 19:59:16] Time: 1786391956.9487596

[2026-08-10 16:00:28] [2026-08-10 19:59:16] mTime: 1786391929.003592

[2026-08-10 16:00:28] [2026-08-10 19:59:42] Final membrane picture taken.

[2026-08-10 16:00:28] [2026-08-10 19:59:59] Coupon successfully discarded.

[2026-08-10 16:00:28] [2026-08-10 20:00:45] Done

[2026-08-10 16:00:28] [2026-08-10 20:00:45] {'temperature': '24.51', 'humidity': '49.01'}

[2026-08-10 16:00:28] ── END PROTOCOL LOG ───────────────────────────────────────────────

[2026-08-10 16:00:28] 
[1/5] organising files...

[2026-08-10 16:00:28] Condition already tested. New folder: 21-0add-5deg-300s-N2-1800s_run2

[2026-08-10 16:00:28] [START] condition=21-0add-5deg-300s-N2-1800s_run2

[2026-08-10 16:00:28] [2/5] processing pipeline for: 21-0add-5deg-300s-N2-1800s_run2

[2026-08-10 16:00:28] ==============================================================================================================

[2026-08-10 16:00:28] Condition: 21-0add-5deg-300s-N2-1800s_run2 | pairs: 4

[2026-08-10 16:00:29] 

------------ NEW REP ---------------

[2026-08-10 16:00:29] Average Standard Deviation: 66.93482112839935

[2026-08-10 16:00:30] Toe end strain (zero point): 0.0678 [knee]

[2026-08-10 16:00:35] PW + Double: 0.23329409656228087

[2026-08-10 16:00:35] Piecewise Chosen! 0.14509042092404054 | Drop Calculation: 0.19231591482179375

[2026-08-10 16:01:08]   elastic_r2                          19/30  NRMSE-score=0.634 (RMSE=53.80, range=146.90)

[2026-08-10 16:01:08]   plateau_r2_start                     0/15  R²(first 40%)=-4412.097

[2026-08-10 16:01:08]   densification_r2                     0/15  R²=-0.077

[2026-08-10 16:01:08]   yield_accuracy                      20/25  elastic tail undershoots data by 28.5% of elastic range

[2026-08-10 16:01:08]   junction_continuity                 11/15  gap=4.0%

[2026-08-10 16:01:08]   plateau_r2_full_penalty              0/0  R²(full)=0.662

[2026-08-10 16:01:08]   elastic_modulus_penalty              0/0  E=334.6 bar ok

[2026-08-10 16:01:08]   bp1_accuracy_penalty                 0/0  GAM already flat at bp1 — ok | plateau spans -485% of remaining stress — ok

[2026-08-10 16:01:08]   changepoint_curvature_penalty        0/0  d2_norm=1.10, linear_stretch=100%

[2026-08-10 16:01:08]   slope_ratio_penalty                  0/0  plateau/elastic slope ratio=-0.42 — good separation

[2026-08-10 16:01:08]   DATA FLAGS (no score impact — route to goodData_eval):

[2026-08-10 16:01:08]     elastic_half_consistency: first-half R²=-0.105 vs second-half R²=-195.946 (gap=195.841)

[2026-08-10 16:01:08] Score: 50/100 → FAIL

[2026-08-10 16:01:08] Good Fit: False

[2026-08-10 16:01:09] 

------------ NEW REP ---------------

[2026-08-10 16:01:09] Average Standard Deviation: 58.457302862993686

[2026-08-10 16:01:11] Toe end strain (zero point): 0.0814 [knee]

[2026-08-10 16:01:17] PW + Double: 0.617154682698788

[2026-08-10 16:01:17] Drop Chosen! 0.2732493119801239 | Piecewise Calculation: 0.5338989188694788

[2026-08-10 16:01:52]   find_breakpoints returned None — skipping trial

[2026-08-10 16:01:52] 

------------ NEW REP ---------------

[2026-08-10 16:01:52] Average Standard Deviation: 68.21915032842725

[2026-08-10 16:01:52] Skipping GAM for 21-0add-5deg-300s-N2-1800s_run2 | rep 3 (thickness=-5.3 µm — no membrane)

[2026-08-10 16:01:53] 

------------ NEW REP ---------------

[2026-08-10 16:01:53] Average Standard Deviation: 65.80702061549712

[2026-08-10 16:01:53] Toe end strain (zero point): 0.0000

[2026-08-10 16:02:35] PW + Double: None

[2026-08-10 16:02:35] Piecewise Chosen! -0.27496084800289194 | Drop Calculation: 0.05985251639228986

[2026-08-10 16:02:58]   elastic_r2                          22/30  NRMSE-score=0.747 (RMSE=36.74, range=145.08)

[2026-08-10 16:02:58]   plateau_r2_start                     0/15  R²(first 40%)=-6783.662

[2026-08-10 16:02:58]   densification_r2                     0/15  R²=0.000

[2026-08-10 16:02:58]   yield_accuracy                      20/25  elastic tail undershoots data by 25.8% of elastic range

[2026-08-10 16:02:58]   junction_continuity                  0/15  gap=23.8%

[2026-08-10 16:02:58]   plateau_r2_full_penalty             -10/0  R²(full)=-0.004

[2026-08-10 16:02:58]   elastic_modulus_penalty              0/0  E=226.2 bar ok

[2026-08-10 16:02:58]   bp1_accuracy_penalty                 0/0  GAM already flat at bp1 — ok | plateau spans -1% of remaining stress — ok

[2026-08-10 16:02:58]   slope_ratio_penalty                  0/0  plateau/elastic slope ratio=-0.01 — good separation

[2026-08-10 16:02:58]   catastrophic_slope_ordering          0/0  densif=-547.2 <= plateau=-2.4

[2026-08-10 16:02:58]   CATASTROPHIC HALVING: 32 → 16

[2026-08-10 16:02:58]   DATA FLAGS (no score impact — route to goodData_eval):

[2026-08-10 16:02:58]     elastic_half_consistency: first-half R²=-87604.999 vs second-half R²=-0.003 (gap=87604.997)

[2026-08-10 16:02:58] Score: 16/100 → FAIL

[2026-08-10 16:02:59] Good Fit: False

[2026-08-10 16:03:00] CV (21-0add-5deg-300s-N2-1800s_run2) [preDiscard]: 1.4132155987448338

[2026-08-10 16:03:01] CV (21-0add-5deg-300s-N2-1800s_run2) [postDiscard]: nan

[2026-08-10 16:03:01] 

------------ NEW REP ---------------

[2026-08-10 16:03:01] Average Standard Deviation: 43.9475061538138

[2026-08-10 16:03:01] Toe end strain (zero point): 0.0798

[2026-08-10 16:03:03] PW + Double: None

[2026-08-10 16:03:03] Piecewise Chosen! -0.06356950927193113 | Drop Calculation: 0.23265323071264715

[2026-08-10 16:03:50]   elastic_r2                          24/30  NRMSE-score=0.803 (RMSE=0.01, range=0.03)

[2026-08-10 16:03:50]   plateau_r2_start                     0/15  insufficient data

[2026-08-10 16:03:50]   densification_r2                     0/15  insufficient data

[2026-08-10 16:03:50]   yield_accuracy                      20/25  elastic tail undershoots data by 31.7% of elastic range

[2026-08-10 16:03:50]   junction_continuity                  0/15  gap=21317.0%

[2026-08-10 16:03:50]   elastic_modulus_penalty             -5/0  E=-2.0 bar out of range

[2026-08-10 16:03:50]   bp1_accuracy_penalty                 0/0  GAM already flat at bp1 — ok | plateau spans -134% of remaining stress — ok

[2026-08-10 16:03:50]   catastrophic_slope_vs_modulus        0/0  slope ratio=86.73 — plateau slope ≥95% of elastic

[2026-08-10 16:03:50]   CATASTROPHIC HALVING: 39 → 20

[2026-08-10 16:03:50] Score: 20/100 → FAIL

[2026-08-10 16:03:51] Good Fit: False

[2026-08-10 16:03:52]   All fits failed for 21-0add-5deg-300s-N2-1800s_run2 — wrote NaN postDiscard row

[2026-08-10 16:04:13] [3/5] generating initial report...

[2026-08-10 16:04:13] [4/5] running active learning...

[2026-08-10 16:04:31]   JSON result: C:\Users\opentrons\Documents\Auto-Membranes\data\llm_results\llm_result_21-0add-5deg-300s-N2-1800s_run2.json

[2026-08-10 16:04:31] [5/5] next params: {'mixing_temp': 60, 'bath_temp': 15, 'pullcast_speed': 5, 'nitrogen': False, 'coupon_to_bath_wait_time': 30, 'nips_bath_wait_time': 1800, 'polymer_wt': 21.0, 'additive_wt': 2.0, 'stock_metadata': {'polymer_stock_wt_percent': 21.0, 'additive_stock_polymer_wt_percent': 21.0, 'additive_stock_additive_wt_percent': 4.0}}

[2026-08-10 16:04:31] Python recieved!

[2026-08-10 16:04:31] Exact payload being sent: {"mixing_temp": 60, "bath_temp": 15, "pullcast_speed": 5, "nitrogen": false, "coupon_to_bath_wait_time": 30, "nips_bath_wait_time": 1800, "polymer_wt": 21.0, "additive_wt": 2.0, "stock_metadata": {"polymer_stock_wt_percent": 21.0, "additive_stock_polymer_wt_percent": 21.0, "additive_stock_additive_wt_percent": 4.0}}

[2026-08-10 16:04:32] Opentrons response: Creating Membrane with following parameters: {"mixing_temp": 60, "bath_temp": 15, "pullcast_speed": 5, "nitrogen": false, "coupon_to_bath_wait_time": 30, "nips_bath_wait_time": 1800, "polymer_wt": 21.0, "additive_wt": 2.0, "stock_metadata": {"polymer_stock_wt_percent": 21.0, "additive_stock_polymer_wt_percent": 21.0, "additive_stock_additive_wt_percent": 4.0}}

[2026-08-10 16:04:32] [DONE] 21-0add-5deg-300s-N2-1800s_run2  elapsed=243.5s

