[2026-08-10 09:58:41] The "mixing_temp" can be between 25 and 80 degrees Celsius. The "bath_temp" can be between 5 and 25 degrees Celsius. The "pullcast_speed" can be between 1 and 20 mm/s. The "coupon_to_bath_wait_time" can be between 0 and 600 seconds. The "nips_bath_wait_time" can be between 1200 and 1800seconds. The "nitrogen" can be either True or False. The "polymer_wt" maximum is 21.0 and the "additive_wt" maximum is 4.0. The "polymer_wt" and "additive_wt" should be within the triangular bounds [(21.0, 0.0), (21.0, 4.0), (0.0, 0.0)].

[2026-08-10 09:58:43] 21.0
 [2026-08-10 09:58:43] ->
 [2026-08-10 09:58:43] 21

[2026-08-10 09:58:43] 0.0
 [2026-08-10 09:58:43] ->
 [2026-08-10 09:58:43] 0

[2026-08-10 09:58:43] 0.5
 [2026-08-10 09:58:43] ->
 [2026-08-10 09:58:43] 0p5

[2026-08-10 09:58:43] 4.0
 [2026-08-10 09:58:43] ->
 [2026-08-10 09:58:43] 4

[2026-08-10 09:58:43] 17
 [2026-08-10 09:58:43] ->
 [2026-08-10 09:58:43] 17

[2026-08-10 09:58:43] 25
 [2026-08-10 09:58:43] ->
 [2026-08-10 09:58:43] 25

[2026-08-10 09:58:43] 1807
 [2026-08-10 09:58:43] ->
 [2026-08-10 09:58:43] 1807

[2026-08-10 09:58:43] 3.5
 [2026-08-10 09:58:43] ->
 [2026-08-10 09:58:43] 3p5

