[2026-08-13 13:24:21] [master_processing] active branches: ['curve_segmentation', 'image_processing']

[2026-08-13 13:24:22] server listening on 169.254.230.148:8000

[2026-08-13 13:24:22] kicking off first experiment: {'mixing_temp': 25, 'bath_temp': 5, 'pullcast_speed': 10, 'nitrogen': True, 'coupon_to_bath_wait_time': 6, 'nips_bath_wait_time': 121, 'polymer_wt': 10, 'additive_wt': 0, 'stock_metadata': {'polymer_stock_wt_percent': 17.0, 'additive_stock_polymer_wt_percent': 17.0, 'additive_stock_additive_wt_percent': 4.0}}

[2026-08-13 13:24:22] Python recieved!

[2026-08-13 13:24:22] Exact payload being sent: {"mixing_temp": 25, "bath_temp": 5, "pullcast_speed": 10, "nitrogen": true, "coupon_to_bath_wait_time": 6, "nips_bath_wait_time": 121, "polymer_wt": 10, "additive_wt": 0, "stock_metadata": {"polymer_stock_wt_percent": 17.0, "additive_stock_polymer_wt_percent": 17.0, "additive_stock_additive_wt_percent": 4.0}}

[2026-08-13 13:24:22] Opentrons response: Creating Membrane with following parameters: {"mixing_temp": 25, "bath_temp": 5, "pullcast_speed": 10, "nitrogen": true, "coupon_to_bath_wait_time": 6, "nips_bath_wait_time": 121, "polymer_wt": 10, "additive_wt": 0, "stock_metadata": {"polymer_stock_wt_percent": 17.0, "additive_stock_polymer_wt_percent": 17.0, "additive_stock_additive_wt_percent": 4.0}}

[2026-08-13 13:24:22] robot started — loop running. Ctrl+C to stop.

[2026-08-13 15:00:08] ── PROTOCOL LOG (Opentrons) ────────────────────────────────────────

[2026-08-13 15:00:08] [2026-08-13 17:24:39] Recievied request for membrane with following parameters:

[2026-08-13 15:00:08] [2026-08-13 17:24:39] {'mixing_temp': 25, 'bath_temp': 5, 'pullcast_speed': 10, 'nitrogen': True, 'coupon_to_bath_wait_time': 6, 'nips_bath_wait_time': 121, 'polymer_wt': 10, 'additive_wt': 0, 'stock_metadata': {'polymer_stock_wt_percent': 17.0, 'additive_stock_polymer_wt_percent': 17.0, 'additive_stock_additive_wt_percent': 4.0}}

[2026-08-13 15:00:08] [2026-08-13 17:24:39] Bath chilling process started.

[2026-08-13 15:00:08] [2026-08-13 17:24:40] Beginning zero tests on coupons.

[2026-08-13 15:00:08] [2026-08-13 17:24:40] Opentrons process started.

[2026-08-13 15:00:08] [2026-08-13 17:24:40] 
Target recipe

[2026-08-13 15:00:08] [2026-08-13 17:24:40] -------------

[2026-08-13 15:00:08] [2026-08-13 17:24:40] Total volume:      1000.00 uL

[2026-08-13 15:00:08] [2026-08-13 17:24:40] Target polymer:    10 wt%

[2026-08-13 15:00:08] [2026-08-13 17:24:40] Target additive:   0 wt%

[2026-08-13 15:00:08] [2026-08-13 17:24:40] 
Required volumes

[2026-08-13 15:00:08] [2026-08-13 17:24:40] ----------------

[2026-08-13 15:00:08] [2026-08-13 17:24:40] Normal polymer stock:      572.00 uL

[2026-08-13 15:00:08] [2026-08-13 17:24:40] Polymer-additive stock:    0.00 uL

[2026-08-13 15:00:08] [2026-08-13 17:24:40] Pure solvent:              428.00 uL

[2026-08-13 15:00:08] [2026-08-13 17:24:40] Total:                     1000.00 uL

[2026-08-13 15:00:08] [2026-08-13 17:24:40] 
Final composition check

[2026-08-13 15:00:08] [2026-08-13 17:24:40] -----------------------

[2026-08-13 15:00:08] [2026-08-13 17:24:40] Polymer:    10.0043 wt%

[2026-08-13 15:00:08] [2026-08-13 17:24:40] Additive:   0.0000 wt%

[2026-08-13 15:00:08] [2026-08-13 17:24:40] Solvent:    89.9957 wt%

[2026-08-13 15:00:08] [2026-08-13 17:25:06] Test has started!

[2026-08-13 15:00:08] [2026-08-13 17:28:01] Test complete!

[2026-08-13 15:00:08] [2026-08-13 17:28:06] Safe: True

[2026-08-13 15:00:08] [2026-08-13 17:28:06] Recent: True

[2026-08-13 15:00:08] [2026-08-13 17:28:06] Time: 1786642086.2920594

[2026-08-13 15:00:08] [2026-08-13 17:28:06] mTime: 1786642057.6596873

[2026-08-13 15:00:08] [2026-08-13 17:28:18] Test has started!

[2026-08-13 15:00:08] [2026-08-13 17:29:25] Temperature set to 25.

[2026-08-13 15:00:08] [2026-08-13 17:29:38] entered if statement!!!

[2026-08-13 15:00:08] [2026-08-13 17:31:11] Test complete!

[2026-08-13 15:00:08] [2026-08-13 17:31:16] Safe: True

[2026-08-13 15:00:08] [2026-08-13 17:31:16] Recent: True

[2026-08-13 15:00:08] [2026-08-13 17:31:16] Time: 1786642276.902825

[2026-08-13 15:00:08] [2026-08-13 17:31:16] mTime: 1786642248.1822643

[2026-08-13 15:00:08] [2026-08-13 17:31:29] Test has started!

[2026-08-13 15:00:08] [2026-08-13 17:34:03] entered if statement!!!

[2026-08-13 15:00:08] [2026-08-13 17:34:23] Test complete!

[2026-08-13 15:00:08] [2026-08-13 17:34:28] Safe: True

[2026-08-13 15:00:08] [2026-08-13 17:34:28] Recent: True

[2026-08-13 15:00:08] [2026-08-13 17:34:28] Time: 1786642468.480796

[2026-08-13 15:00:08] [2026-08-13 17:34:28] mTime: 1786642439.7903407

[2026-08-13 15:00:08] [2026-08-13 17:34:41] Test has started!

[2026-08-13 15:00:08] [2026-08-13 17:37:34] Test complete!

[2026-08-13 15:00:08] [2026-08-13 17:37:39] Safe: True

[2026-08-13 15:00:08] [2026-08-13 17:37:39] Recent: True

[2026-08-13 15:00:08] [2026-08-13 17:37:39] Time: 1786642659.7726028

[2026-08-13 15:00:08] [2026-08-13 17:37:39] mTime: 1786642630.9264042

[2026-08-13 15:00:08] [2026-08-13 17:43:32] aspirate

[2026-08-13 15:00:08] [2026-08-13 17:43:32] 0

[2026-08-13 15:00:08] [2026-08-13 17:43:32] 10

[2026-08-13 15:00:08] [2026-08-13 17:45:50] dispense

[2026-08-13 15:00:08] [2026-08-13 17:45:50] 0

[2026-08-13 15:00:08] [2026-08-13 17:45:50] 10

[2026-08-13 15:00:08] [2026-08-13 17:47:19] aspirate

[2026-08-13 15:00:08] [2026-08-13 17:47:19] 1

[2026-08-13 15:00:08] [2026-08-13 17:47:19] 10

[2026-08-13 15:00:08] [2026-08-13 17:49:38] dispense

[2026-08-13 15:00:08] [2026-08-13 17:49:38] 1

[2026-08-13 15:00:08] [2026-08-13 17:49:38] 10

[2026-08-13 15:00:08] [2026-08-13 17:51:07] aspirate

[2026-08-13 15:00:08] [2026-08-13 17:51:07] 2

[2026-08-13 15:00:08] [2026-08-13 17:51:07] 10

[2026-08-13 15:00:08] [2026-08-13 17:53:25] dispense

[2026-08-13 15:00:08] [2026-08-13 17:53:25] 2

[2026-08-13 15:00:08] [2026-08-13 17:53:25] 10

[2026-08-13 15:00:08] [2026-08-13 17:54:54] aspirate

[2026-08-13 15:00:08] [2026-08-13 17:54:54] 3

[2026-08-13 15:00:08] [2026-08-13 17:54:54] 10

[2026-08-13 15:00:08] [2026-08-13 17:57:13] dispense

[2026-08-13 15:00:08] [2026-08-13 17:57:13] 3

[2026-08-13 15:00:08] [2026-08-13 17:57:13] 10

[2026-08-13 15:00:08] [2026-08-13 17:58:42] aspirate

[2026-08-13 15:00:08] [2026-08-13 17:58:42] 4

[2026-08-13 15:00:08] [2026-08-13 17:58:42] 10

[2026-08-13 15:00:08] [2026-08-13 18:01:00] dispense

[2026-08-13 15:00:08] [2026-08-13 18:01:00] 4

[2026-08-13 15:00:08] [2026-08-13 18:01:00] 10

[2026-08-13 15:00:08] [2026-08-13 18:02:29] aspirate

[2026-08-13 15:00:08] [2026-08-13 18:02:29] 5

[2026-08-13 15:00:08] [2026-08-13 18:02:29] 10

[2026-08-13 15:00:08] [2026-08-13 18:04:48] dispense

[2026-08-13 15:00:08] [2026-08-13 18:04:48] 5

[2026-08-13 15:00:08] [2026-08-13 18:04:48] 10

[2026-08-13 15:00:08] [2026-08-13 18:06:17] aspirate

[2026-08-13 15:00:08] [2026-08-13 18:06:17] 6

[2026-08-13 15:00:08] [2026-08-13 18:06:17] 10

[2026-08-13 15:00:08] [2026-08-13 18:08:35] dispense

[2026-08-13 15:00:08] [2026-08-13 18:08:35] 6

[2026-08-13 15:00:08] [2026-08-13 18:08:35] 10

[2026-08-13 15:00:08] [2026-08-13 18:10:04] aspirate

[2026-08-13 15:00:08] [2026-08-13 18:10:04] 7

[2026-08-13 15:00:08] [2026-08-13 18:10:04] 10

[2026-08-13 15:00:08] [2026-08-13 18:12:23] dispense

[2026-08-13 15:00:08] [2026-08-13 18:12:23] 7

[2026-08-13 15:00:08] [2026-08-13 18:12:23] 10

[2026-08-13 15:00:08] [2026-08-13 18:13:52] aspirate

[2026-08-13 15:00:08] [2026-08-13 18:13:52] 8

[2026-08-13 15:00:08] [2026-08-13 18:13:52] 10

[2026-08-13 15:00:08] [2026-08-13 18:16:10] dispense

[2026-08-13 15:00:08] [2026-08-13 18:16:10] 8

[2026-08-13 15:00:08] [2026-08-13 18:16:10] 10

[2026-08-13 15:00:08] [2026-08-13 18:17:39] aspirate

[2026-08-13 15:00:08] [2026-08-13 18:17:39] 9

[2026-08-13 15:00:08] [2026-08-13 18:17:39] 10

[2026-08-13 15:00:08] [2026-08-13 18:20:14] dispense

[2026-08-13 15:00:08] [2026-08-13 18:20:14] 9

[2026-08-13 15:00:08] [2026-08-13 18:20:14] 10

[2026-08-13 15:00:08] [2026-08-13 18:20:14] 2291.3623950621113

[2026-08-13 15:00:08] [2026-08-13 18:27:05] entered if statement!!!

[2026-08-13 15:00:08] [2026-08-13 18:28:37] Joined both subprocesses.

[2026-08-13 15:00:08] [2026-08-13 18:29:25] Pullcast complete.

[2026-08-13 15:00:08] [2026-08-13 18:29:25] Nitrogen on.

[2026-08-13 15:00:08] [2026-08-13 18:29:44] Nitrogen off.

[2026-08-13 15:00:08] [2026-08-13 18:29:55] Membrane sitting in bath for 121 seconds.

[2026-08-13 15:00:08] [2026-08-13 18:30:05] Nitrogen cap has been put away.

[2026-08-13 15:00:08] [2026-08-13 18:30:20] Ring has been placed on the coupon.

[2026-08-13 15:00:08] [2026-08-13 18:34:25] Cleaning knife

[2026-08-13 15:00:08] [2026-08-13 18:35:26] Knife cleaning finished.

[2026-08-13 15:00:08] [2026-08-13 18:42:32] Initial membrane picture taken.

[2026-08-13 15:00:08] [2026-08-13 18:43:01] Test has started!

[2026-08-13 15:00:08] [2026-08-13 18:46:45] Test complete!

[2026-08-13 15:00:08] [2026-08-13 18:46:50] Safe: True

[2026-08-13 15:00:08] [2026-08-13 18:46:50] Recent: True

[2026-08-13 15:00:08] [2026-08-13 18:46:50] Time: 1786646810.9852223

[2026-08-13 15:00:08] [2026-08-13 18:46:50] mTime: 1786646782.265906

[2026-08-13 15:00:08] [2026-08-13 18:47:03] Test has started!

[2026-08-13 15:00:08] [2026-08-13 18:50:48] Test complete!

[2026-08-13 15:00:08] [2026-08-13 18:50:54] Safe: True

[2026-08-13 15:00:08] [2026-08-13 18:50:54] Recent: True

[2026-08-13 15:00:08] [2026-08-13 18:50:54] Time: 1786647054.0498836

[2026-08-13 15:00:08] [2026-08-13 18:50:54] mTime: 1786647025.354133

[2026-08-13 15:00:08] [2026-08-13 18:51:06] Test has started!

[2026-08-13 15:00:08] [2026-08-13 18:54:51] Test complete!

[2026-08-13 15:00:08] [2026-08-13 18:54:57] Safe: True

[2026-08-13 15:00:08] [2026-08-13 18:54:57] Recent: True

[2026-08-13 15:00:08] [2026-08-13 18:54:57] Time: 1786647297.0466642

[2026-08-13 15:00:08] [2026-08-13 18:54:57] mTime: 1786647268.3769894

[2026-08-13 15:00:08] [2026-08-13 18:55:09] Test has started!

[2026-08-13 15:00:08] [2026-08-13 18:58:52] Test complete!

[2026-08-13 15:00:08] [2026-08-13 18:58:57] Safe: True

[2026-08-13 15:00:08] [2026-08-13 18:58:57] Recent: True

[2026-08-13 15:00:08] [2026-08-13 18:58:57] Time: 1786647537.4316354

[2026-08-13 15:00:08] [2026-08-13 18:58:57] mTime: 1786647508.6310658

[2026-08-13 15:00:08] [2026-08-13 18:59:23] Final membrane picture taken.

[2026-08-13 15:00:08] [2026-08-13 18:59:40] Coupon successfully discarded.

[2026-08-13 15:00:08] [2026-08-13 19:00:26] Done

[2026-08-13 15:00:08] [2026-08-13 19:00:26] {'temperature': '24.88', 'humidity': '45.98'}

[2026-08-13 15:00:08] ── END PROTOCOL LOG ───────────────────────────────────────────────

[2026-08-13 15:00:08] 
[1/5] organising files...

[2026-08-13 15:00:08] Condition already tested. New folder: 10-0add-5deg-6s-N2-121s_run4

[2026-08-13 15:00:08] [START] condition=10-0add-5deg-6s-N2-121s_run4

[2026-08-13 15:00:08] [2/5] processing pipeline for: 10-0add-5deg-6s-N2-121s_run4

[2026-08-13 15:00:08] ==============================================================================================================

[2026-08-13 15:00:08] Condition: 10-0add-5deg-6s-N2-121s_run4 | pairs: 4

[2026-08-13 15:00:09] 

------------ NEW REP ---------------

[2026-08-13 15:00:09] Average Standard Deviation: 67.65258297764758

[2026-08-13 15:00:09] Skipping GAM for 10-0add-5deg-6s-N2-121s_run4 | rep 1 (thickness=-49.1 µm — no membrane)

[2026-08-13 15:00:10] 

------------ NEW REP ---------------

[2026-08-13 15:00:10] Average Standard Deviation: 66.97040625878797

[2026-08-13 15:00:10] Skipping GAM for 10-0add-5deg-6s-N2-121s_run4 | rep 2 (thickness=-21.3 µm — no membrane)

[2026-08-13 15:00:11] 

------------ NEW REP ---------------

[2026-08-13 15:00:11] Average Standard Deviation: 68.24995661581394

[2026-08-13 15:00:11] Skipping GAM for 10-0add-5deg-6s-N2-121s_run4 | rep 3 (thickness=-61.9 µm — no membrane)

[2026-08-13 15:00:11] 

------------ NEW REP ---------------

[2026-08-13 15:00:11] Average Standard Deviation: 67.44994801947735

[2026-08-13 15:00:11] Skipping GAM for 10-0add-5deg-6s-N2-121s_run4 | rep 4 (thickness=-37.9 µm — no membrane)

[2026-08-13 15:00:12] CV (10-0add-5deg-6s-N2-121s_run4): nan

[2026-08-13 15:00:20] [3/5] generating initial report...

[2026-08-13 15:00:20] [4/5] running active learning...

[2026-08-13 15:00:43]   JSON result: C:\Users\opentrons\Documents\Auto-Membranes\data\llm_results\llm_result_10-0add-5deg-6s-N2-121s_run4.json

[2026-08-13 15:00:43] [5/5] next params: {'mixing_temp': 60, 'bath_temp': 5, 'pullcast_speed': 5, 'nitrogen': True, 'coupon_to_bath_wait_time': 30, 'nips_bath_wait_time': 1800, 'polymer_wt': 17.0, 'additive_wt': 0.0, 'stock_metadata': {'polymer_stock_wt_percent': 17.0, 'additive_stock_polymer_wt_percent': 17.0, 'additive_stock_additive_wt_percent': 4.0}}

[2026-08-13 15:00:43] Python recieved!

[2026-08-13 15:00:43] Exact payload being sent: {"mixing_temp": 60, "bath_temp": 5, "pullcast_speed": 5, "nitrogen": true, "coupon_to_bath_wait_time": 30, "nips_bath_wait_time": 1800, "polymer_wt": 17.0, "additive_wt": 0.0, "stock_metadata": {"polymer_stock_wt_percent": 17.0, "additive_stock_polymer_wt_percent": 17.0, "additive_stock_additive_wt_percent": 4.0}}

[2026-08-13 15:00:43] Opentrons response: Creating Membrane with following parameters: {"mixing_temp": 60, "bath_temp": 5, "pullcast_speed": 5, "nitrogen": true, "coupon_to_bath_wait_time": 30, "nips_bath_wait_time": 1800, "polymer_wt": 17.0, "additive_wt": 0.0, "stock_metadata": {"polymer_stock_wt_percent": 17.0, "additive_stock_polymer_wt_percent": 17.0, "additive_stock_additive_wt_percent": 4.0}}

[2026-08-13 15:00:43] [DONE] 10-0add-5deg-6s-N2-121s_run4  elapsed=34.6s

[2026-08-13 16:14:13] ── PROTOCOL LOG (Opentrons) ────────────────────────────────────────

[2026-08-13 16:14:13] [2026-08-13 19:01:01] Recievied request for membrane with following parameters:

[2026-08-13 16:14:13] [2026-08-13 19:01:01] {'mixing_temp': 60, 'bath_temp': 5, 'pullcast_speed': 5, 'nitrogen': True, 'coupon_to_bath_wait_time': 30, 'nips_bath_wait_time': 1800, 'polymer_wt': 17.0, 'additive_wt': 0.0, 'stock_metadata': {'polymer_stock_wt_percent': 17.0, 'additive_stock_polymer_wt_percent': 17.0, 'additive_stock_additive_wt_percent': 4.0}}

[2026-08-13 16:14:13] [2026-08-13 19:01:01] Bath chilling process started.

[2026-08-13 16:14:13] [2026-08-13 19:01:01] Beginning zero tests on coupons.

[2026-08-13 16:14:13] [2026-08-13 19:01:01] Opentrons process started.

[2026-08-13 16:14:13] [2026-08-13 19:01:01] 
Target recipe

[2026-08-13 16:14:13] [2026-08-13 19:01:01] -------------

[2026-08-13 16:14:13] [2026-08-13 19:01:01] Total volume:      1000.00 uL

[2026-08-13 16:14:13] [2026-08-13 19:01:01] Target polymer:    17 wt%

[2026-08-13 16:14:13] [2026-08-13 19:01:01] Target additive:   0 wt%

[2026-08-13 16:14:13] [2026-08-13 19:01:01] 
Required volumes

[2026-08-13 16:14:13] [2026-08-13 19:01:01] ----------------

[2026-08-13 16:14:13] [2026-08-13 19:01:01] Normal polymer stock:      1000.00 uL

[2026-08-13 16:14:13] [2026-08-13 19:01:01] Polymer-additive stock:    0.00 uL

[2026-08-13 16:14:13] [2026-08-13 19:01:01] Pure solvent:              0.00 uL

[2026-08-13 16:14:13] [2026-08-13 19:01:01] Total:                     1000.00 uL

[2026-08-13 16:14:13] [2026-08-13 19:01:01] 
Final composition check

[2026-08-13 16:14:13] [2026-08-13 19:01:01] -----------------------

[2026-08-13 16:14:13] [2026-08-13 19:01:01] Polymer:    17.0000 wt%

[2026-08-13 16:14:13] [2026-08-13 19:01:01] Additive:   0.0000 wt%

[2026-08-13 16:14:13] [2026-08-13 19:01:01] Solvent:    83.0000 wt%

[2026-08-13 16:14:13] [2026-08-13 19:01:01] Solution will be pulled from stock polymer bottle.

[2026-08-13 16:14:13] [2026-08-13 19:01:01] 4.41

[2026-08-13 16:14:13] [2026-08-13 19:01:03] 4.4

[2026-08-13 16:14:13] [2026-08-13 19:01:04] 4.39

[2026-08-13 16:14:13] [2026-08-13 19:01:05] 4.39

[2026-08-13 16:14:13] [2026-08-13 19:01:06] 4.39

[2026-08-13 16:14:13] [2026-08-13 19:01:07] 4.39

[2026-08-13 16:14:13] [2026-08-13 19:01:08] 4.4

[2026-08-13 16:14:13] [2026-08-13 19:01:09] 4.41

[2026-08-13 16:14:13] [2026-08-13 19:01:10] 4.42

[2026-08-13 16:14:13] [2026-08-13 19:01:11] 4.43

[2026-08-13 16:14:13] [2026-08-13 19:01:12] 4.45

[2026-08-13 16:14:13] [2026-08-13 19:01:14] 4.48

[2026-08-13 16:14:13] [2026-08-13 19:01:15] 4.51

[2026-08-13 16:14:13] [2026-08-13 19:01:16] 4.54

[2026-08-13 16:14:13] [2026-08-13 19:01:17] 4.57

[2026-08-13 16:14:13] [2026-08-13 19:01:18] 4.6

[2026-08-13 16:14:13] [2026-08-13 19:01:19] 4.63

[2026-08-13 16:14:13] [2026-08-13 19:01:20] 4.66

[2026-08-13 16:14:13] [2026-08-13 19:01:21] 4.7

[2026-08-13 16:14:13] [2026-08-13 19:01:22] 4.74

[2026-08-13 16:14:13] [2026-08-13 19:01:24] 4.77

[2026-08-13 16:14:13] [2026-08-13 19:01:25] 4.81

[2026-08-13 16:14:13] [2026-08-13 19:01:26] 4.84

[2026-08-13 16:14:13] [2026-08-13 19:01:27] 4.89

[2026-08-13 16:14:13] [2026-08-13 19:01:28] Test has started!

[2026-08-13 16:14:13] [2026-08-13 19:04:23] Test complete!

[2026-08-13 16:14:13] [2026-08-13 19:04:28] Safe: True

[2026-08-13 16:14:13] [2026-08-13 19:04:28] Recent: True

[2026-08-13 16:14:13] [2026-08-13 19:04:28] Time: 1786647868.5503488

[2026-08-13 16:14:13] [2026-08-13 19:04:28] mTime: 1786647839.7616265

[2026-08-13 16:14:13] [2026-08-13 19:04:41] Test has started!

[2026-08-13 16:14:13] [2026-08-13 19:07:36] Test complete!

[2026-08-13 16:14:13] [2026-08-13 19:07:41] Safe: True

[2026-08-13 16:14:13] [2026-08-13 19:07:41] Recent: True

[2026-08-13 16:14:13] [2026-08-13 19:07:41] Time: 1786648061.4199836

[2026-08-13 16:14:13] [2026-08-13 19:07:41] mTime: 1786648032.6075504

[2026-08-13 16:14:13] [2026-08-13 19:07:54] Test has started!

[2026-08-13 16:14:13] [2026-08-13 19:08:00] entered if statement!!!

[2026-08-13 16:14:13] [2026-08-13 19:10:48] Test complete!

[2026-08-13 16:14:13] [2026-08-13 19:10:53] Safe: True

[2026-08-13 16:14:13] [2026-08-13 19:10:54] Recent: True

[2026-08-13 16:14:13] [2026-08-13 19:10:54] Time: 1786648254.0005527

[2026-08-13 16:14:13] [2026-08-13 19:10:54] mTime: 1786648225.2167552

[2026-08-13 16:14:13] [2026-08-13 19:11:06] Test has started!

[2026-08-13 16:14:13] [2026-08-13 19:14:01] Test complete!

[2026-08-13 16:14:13] [2026-08-13 19:14:06] Safe: True

[2026-08-13 16:14:13] [2026-08-13 19:14:06] Recent: True

[2026-08-13 16:14:13] [2026-08-13 19:14:06] Time: 1786648446.690516

[2026-08-13 16:14:13] [2026-08-13 19:14:06] mTime: 1786648417.6268039

[2026-08-13 16:14:13] [2026-08-13 19:14:32] Joined both subprocesses.

[2026-08-13 16:14:13] [2026-08-13 19:15:31] Pullcast complete.

[2026-08-13 16:14:13] [2026-08-13 19:15:31] Nitrogen on.

[2026-08-13 16:14:13] [2026-08-13 19:16:14] Nitrogen off.

[2026-08-13 16:14:13] [2026-08-13 19:16:25] Membrane sitting in bath for 1800 seconds.

[2026-08-13 16:14:13] [2026-08-13 19:16:34] Nitrogen cap has been put away.

[2026-08-13 16:14:13] [2026-08-13 19:16:50] Ring has been placed on the coupon.

[2026-08-13 16:14:13] [2026-08-13 19:20:31] Cleaning knife

[2026-08-13 16:14:13] [2026-08-13 19:21:31] Knife cleaning finished.

[2026-08-13 16:14:13] [2026-08-13 19:56:58] Initial membrane picture taken.

[2026-08-13 16:14:13] [2026-08-13 19:57:28] Test has started!

[2026-08-13 16:14:13] [2026-08-13 20:01:09] Test complete!

[2026-08-13 16:14:13] [2026-08-13 20:01:14] Safe: True

[2026-08-13 16:14:13] [2026-08-13 20:01:14] Recent: True

[2026-08-13 16:14:13] [2026-08-13 20:01:14] Time: 1786651274.4460702

[2026-08-13 16:14:13] [2026-08-13 20:01:14] mTime: 1786651245.4237375

[2026-08-13 16:14:13] [2026-08-13 20:01:27] Test has started!

[2026-08-13 16:14:13] [2026-08-13 20:05:06] Test complete!

[2026-08-13 16:14:13] [2026-08-13 20:05:11] Safe: True

[2026-08-13 16:14:13] [2026-08-13 20:05:11] Recent: True

[2026-08-13 16:14:13] [2026-08-13 20:05:11] Time: 1786651511.147769

[2026-08-13 16:14:13] [2026-08-13 20:05:11] mTime: 1786651482.1040988

[2026-08-13 16:14:13] [2026-08-13 20:05:23] Test has started!

[2026-08-13 16:14:13] [2026-08-13 20:09:03] Test complete!

[2026-08-13 16:14:13] [2026-08-13 20:09:08] Safe: True

[2026-08-13 16:14:13] [2026-08-13 20:09:08] Recent: True

[2026-08-13 16:14:13] [2026-08-13 20:09:08] Time: 1786651748.8543792

[2026-08-13 16:14:13] [2026-08-13 20:09:08] mTime: 1786651719.7074285

[2026-08-13 16:14:13] [2026-08-13 20:09:21] Test has started!

[2026-08-13 16:14:13] [2026-08-13 20:12:57] Test complete!

[2026-08-13 16:14:13] [2026-08-13 20:13:02] Safe: True

[2026-08-13 16:14:13] [2026-08-13 20:13:02] Recent: True

[2026-08-13 16:14:13] [2026-08-13 20:13:02] Time: 1786651982.2171092

[2026-08-13 16:14:13] [2026-08-13 20:13:02] mTime: 1786651953.1806765

[2026-08-13 16:14:13] [2026-08-13 20:13:28] Final membrane picture taken.

[2026-08-13 16:14:13] [2026-08-13 20:13:45] Coupon successfully discarded.

[2026-08-13 16:14:13] [2026-08-13 20:14:31] Done

[2026-08-13 16:14:13] [2026-08-13 20:14:31] {'temperature': '24.36', 'humidity': '46.34'}

[2026-08-13 16:14:13] ── END PROTOCOL LOG ───────────────────────────────────────────────

[2026-08-13 16:14:13] 
[1/5] organising files...

[2026-08-13 16:14:13] [START] condition=17-0add-5deg-30s-N2-1800s

[2026-08-13 16:14:13] [2/5] processing pipeline for: 17-0add-5deg-30s-N2-1800s

[2026-08-13 16:14:13] ==============================================================================================================

[2026-08-13 16:14:13] Condition: 17-0add-5deg-30s-N2-1800s | pairs: 4

[2026-08-13 16:14:13] 

------------ NEW REP ---------------

[2026-08-13 16:14:13] Average Standard Deviation: 56.318316063697786

[2026-08-13 16:14:18] Toe end strain (zero point): 0.0000

[2026-08-13 16:14:25] PW + Double: 0.09812396079505456

[2026-08-13 16:14:25] Piecewise Chosen! 0.09152392099189363 | Drop Calculation: 0.06327188670318677

[2026-08-13 16:14:49]   elastic_r2                          29/30  NRMSE-score=0.967 (RMSE=0.80, range=24.29)

[2026-08-13 16:14:49]   plateau_r2_start                    14/15  R²(first 40%)=0.957

[2026-08-13 16:14:49]   densification_r2                    14/15  R²=0.900

[2026-08-13 16:14:49]   yield_accuracy                      25/25  elastic tail overshoots data by 0.3% of elastic range

[2026-08-13 16:14:49]   junction_continuity                 12/15  gap=3.3%

[2026-08-13 16:14:49]   plateau_r2_full_penalty              0/0  R²(full)=0.878

[2026-08-13 16:14:49]   elastic_modulus_penalty              0/0  E=264.2 bar ok

[2026-08-13 16:14:49]   bp1_accuracy_penalty                -5/0  GAM slope drops 50% in early plateau — bp1 suspect | plateau spans 29% of remaining stress — ok

[2026-08-13 16:14:49]   changepoint_curvature_penalty        0/0  d2_norm=0.90, linear_stretch=20%

[2026-08-13 16:14:49]   slope_ratio_penalty                  0/0  plateau/elastic slope ratio=0.42 — good separation

[2026-08-13 16:14:49] Score: 89/100 → PASS

[2026-08-13 16:14:50] Good Fit: True

[2026-08-13 16:14:50] 

------------ NEW REP ---------------

[2026-08-13 16:14:50] Average Standard Deviation: 56.72155393699499

[2026-08-13 16:14:50] Skipping GAM for 17-0add-5deg-30s-N2-1800s | rep 2 (thickness=15.9 µm — no membrane)

[2026-08-13 16:14:51] 

------------ NEW REP ---------------

[2026-08-13 16:14:51] Average Standard Deviation: 56.26060384301157

[2026-08-13 16:14:51] Skipping GAM for 17-0add-5deg-30s-N2-1800s | rep 3 (thickness=25.6 µm — no membrane)

[2026-08-13 16:14:52] 

------------ NEW REP ---------------

[2026-08-13 16:14:52] Average Standard Deviation: 56.22612822139535

[2026-08-13 16:14:52] Skipping GAM for 17-0add-5deg-30s-N2-1800s | rep 4 (thickness=-8.7 µm — no membrane)

[2026-08-13 16:14:52] CV (17-0add-5deg-30s-N2-1800s): nan

[2026-08-13 16:14:52] 

------------ NEW REP ---------------

[2026-08-13 16:14:52] Average Standard Deviation: 43.870379838252994

[2026-08-13 16:14:54] Toe end strain (zero point): 0.0000

[2026-08-13 16:14:59] PW + Double: 0.09079341801505839

[2026-08-13 16:14:59] Piecewise Chosen! 0.08786991605284207 | Drop Calculation: 0.06282594634553555

[2026-08-13 16:15:19]   elastic_r2                          29/30  NRMSE-score=0.968 (RMSE=0.75, range=23.02)

[2026-08-13 16:15:19]   plateau_r2_start                    15/15  R²(first 40%)=0.980

[2026-08-13 16:15:19]   densification_r2                    14/15  R²=0.934

[2026-08-13 16:15:19]   yield_accuracy                      25/25  elastic tail overshoots data by 0.6% of elastic range

[2026-08-13 16:15:19]   junction_continuity                 12/15  gap=3.4%

[2026-08-13 16:15:19]   plateau_r2_full_penalty              0/0  R²(full)=0.827

[2026-08-13 16:15:19]   elastic_modulus_penalty              0/0  E=267.5 bar ok

[2026-08-13 16:15:19]   bp1_accuracy_penalty                -5/0  GAM slope drops 51% in early plateau — bp1 suspect | plateau spans 29% of remaining stress — ok

[2026-08-13 16:15:19]   changepoint_curvature_penalty        0/0  d2_norm=2.28, linear_stretch=27%

[2026-08-13 16:15:19]   slope_ratio_penalty                  0/0  plateau/elastic slope ratio=0.42 — good separation

[2026-08-13 16:15:19] Score: 90/100 → PASS

[2026-08-13 16:15:20] Good Fit: True

[2026-08-13 16:15:27] [3/5] generating initial report...

[2026-08-13 16:15:27] [4/5] running active learning...

[2026-08-13 16:15:50]   JSON result: C:\Users\opentrons\Documents\Auto-Membranes\data\llm_results\llm_result_17-0add-5deg-30s-N2-1800s.json

[2026-08-13 16:15:50] [5/5] next params: {'mixing_temp': 80, 'bath_temp': 5, 'pullcast_speed': 5, 'nitrogen': True, 'coupon_to_bath_wait_time': 90, 'nips_bath_wait_time': 1800, 'polymer_wt': 17.0, 'additive_wt': 0.0, 'stock_metadata': {'polymer_stock_wt_percent': 17.0, 'additive_stock_polymer_wt_percent': 17.0, 'additive_stock_additive_wt_percent': 4.0}}

[2026-08-13 16:15:50] Python recieved!

[2026-08-13 16:15:50] Exact payload being sent: {"mixing_temp": 80, "bath_temp": 5, "pullcast_speed": 5, "nitrogen": true, "coupon_to_bath_wait_time": 90, "nips_bath_wait_time": 1800, "polymer_wt": 17.0, "additive_wt": 0.0, "stock_metadata": {"polymer_stock_wt_percent": 17.0, "additive_stock_polymer_wt_percent": 17.0, "additive_stock_additive_wt_percent": 4.0}}

[2026-08-13 16:15:50] Opentrons response: Creating Membrane with following parameters: {"mixing_temp": 80, "bath_temp": 5, "pullcast_speed": 5, "nitrogen": true, "coupon_to_bath_wait_time": 90, "nips_bath_wait_time": 1800, "polymer_wt": 17.0, "additive_wt": 0.0, "stock_metadata": {"polymer_stock_wt_percent": 17.0, "additive_stock_polymer_wt_percent": 17.0, "additive_stock_additive_wt_percent": 4.0}}

[2026-08-13 16:15:50] [DONE] 17-0add-5deg-30s-N2-1800s  elapsed=97.0s

[2026-08-13 17:28:42] ── PROTOCOL LOG (Opentrons) ────────────────────────────────────────

[2026-08-13 17:28:42] [2026-08-13 20:16:08] Recievied request for membrane with following parameters:

[2026-08-13 17:28:42] [2026-08-13 20:16:08] {'mixing_temp': 80, 'bath_temp': 5, 'pullcast_speed': 5, 'nitrogen': True, 'coupon_to_bath_wait_time': 90, 'nips_bath_wait_time': 1800, 'polymer_wt': 17.0, 'additive_wt': 0.0, 'stock_metadata': {'polymer_stock_wt_percent': 17.0, 'additive_stock_polymer_wt_percent': 17.0, 'additive_stock_additive_wt_percent': 4.0}}

[2026-08-13 17:28:42] [2026-08-13 20:16:08] Bath chilling process started.

[2026-08-13 17:28:42] [2026-08-13 20:16:08] Beginning zero tests on coupons.

[2026-08-13 17:28:42] [2026-08-13 20:16:08] Opentrons process started.

[2026-08-13 17:28:42] [2026-08-13 20:16:08] 
Target recipe

[2026-08-13 17:28:42] [2026-08-13 20:16:08] -------------

[2026-08-13 17:28:42] [2026-08-13 20:16:08] Total volume:      1000.00 uL

[2026-08-13 17:28:42] [2026-08-13 20:16:08] Target polymer:    17 wt%

[2026-08-13 17:28:42] [2026-08-13 20:16:08] Target additive:   0 wt%

[2026-08-13 17:28:42] [2026-08-13 20:16:08] 
Required volumes

[2026-08-13 17:28:42] [2026-08-13 20:16:08] ----------------

[2026-08-13 17:28:42] [2026-08-13 20:16:08] Normal polymer stock:      1000.00 uL

[2026-08-13 17:28:42] [2026-08-13 20:16:08] Polymer-additive stock:    0.00 uL

[2026-08-13 17:28:42] [2026-08-13 20:16:08] Pure solvent:              0.00 uL

[2026-08-13 17:28:42] [2026-08-13 20:16:08] Total:                     1000.00 uL

[2026-08-13 17:28:42] [2026-08-13 20:16:08] 
Final composition check

[2026-08-13 17:28:42] [2026-08-13 20:16:08] -----------------------

[2026-08-13 17:28:42] [2026-08-13 20:16:08] Polymer:    17.0000 wt%

[2026-08-13 17:28:42] [2026-08-13 20:16:08] Additive:   0.0000 wt%

[2026-08-13 17:28:42] [2026-08-13 20:16:08] Solvent:    83.0000 wt%

[2026-08-13 17:28:42] [2026-08-13 20:16:08] Solution will be pulled from stock polymer bottle.

[2026-08-13 17:28:42] [2026-08-13 20:16:09] 3.88

[2026-08-13 17:28:42] [2026-08-13 20:16:10] 3.89

[2026-08-13 17:28:42] [2026-08-13 20:16:11] 3.89

[2026-08-13 17:28:42] [2026-08-13 20:16:12] 3.9

[2026-08-13 17:28:42] [2026-08-13 20:16:13] 3.92

[2026-08-13 17:28:42] [2026-08-13 20:16:14] 3.97

[2026-08-13 17:28:42] [2026-08-13 20:16:15] 4.04

[2026-08-13 17:28:42] [2026-08-13 20:16:16] 4.13

[2026-08-13 17:28:42] [2026-08-13 20:16:17] 4.24

[2026-08-13 17:28:42] [2026-08-13 20:16:19] 4.33

[2026-08-13 17:28:42] [2026-08-13 20:16:20] 4.44

[2026-08-13 17:28:42] [2026-08-13 20:16:21] 4.52

[2026-08-13 17:28:42] [2026-08-13 20:16:22] 4.61

[2026-08-13 17:28:42] [2026-08-13 20:16:23] 4.7

[2026-08-13 17:28:42] [2026-08-13 20:16:24] 4.77

[2026-08-13 17:28:42] [2026-08-13 20:16:25] 4.84

[2026-08-13 17:28:42] [2026-08-13 20:16:35] Test has started!

[2026-08-13 17:28:42] [2026-08-13 20:19:36] Test complete!

[2026-08-13 17:28:42] [2026-08-13 20:19:41] Safe: True

[2026-08-13 17:28:42] [2026-08-13 20:19:41] Recent: True

[2026-08-13 17:28:42] [2026-08-13 20:19:41] Time: 1786652381.85162

[2026-08-13 17:28:42] [2026-08-13 20:19:41] mTime: 1786652352.807878

[2026-08-13 17:28:42] [2026-08-13 20:19:54] Test has started!

[2026-08-13 17:28:42] [2026-08-13 20:22:57] Test complete!

[2026-08-13 17:28:42] [2026-08-13 20:23:02] Safe: True

[2026-08-13 17:28:42] [2026-08-13 20:23:02] Recent: True

[2026-08-13 17:28:42] [2026-08-13 20:23:02] Time: 1786652582.6608324

[2026-08-13 17:28:42] [2026-08-13 20:23:02] mTime: 1786652553.6295757

[2026-08-13 17:28:42] [2026-08-13 20:23:07] entered if statement!!!

[2026-08-13 17:28:42] [2026-08-13 20:23:15] Test has started!

[2026-08-13 17:28:42] [2026-08-13 20:26:16] Test complete!

[2026-08-13 17:28:42] [2026-08-13 20:26:21] Safe: True

[2026-08-13 17:28:42] [2026-08-13 20:26:21] Recent: True

[2026-08-13 17:28:42] [2026-08-13 20:26:21] Time: 1786652781.6954453

[2026-08-13 17:28:42] [2026-08-13 20:26:21] mTime: 1786652752.6820867

[2026-08-13 17:28:42] [2026-08-13 20:26:34] Test has started!

[2026-08-13 17:28:42] [2026-08-13 20:29:35] Test complete!

[2026-08-13 17:28:42] [2026-08-13 20:29:40] Safe: True

[2026-08-13 17:28:42] [2026-08-13 20:29:40] Recent: True

[2026-08-13 17:28:42] [2026-08-13 20:29:40] Time: 1786652980.7039125

[2026-08-13 17:28:42] [2026-08-13 20:29:40] mTime: 1786652951.6902106

[2026-08-13 17:28:42] [2026-08-13 20:30:06] Joined both subprocesses.

[2026-08-13 17:28:42] [2026-08-13 20:31:05] Pullcast complete.

[2026-08-13 17:28:42] [2026-08-13 20:31:05] Nitrogen on.

[2026-08-13 17:28:42] [2026-08-13 20:32:48] Nitrogen off.

[2026-08-13 17:28:42] [2026-08-13 20:32:59] Membrane sitting in bath for 1800 seconds.

[2026-08-13 17:28:42] [2026-08-13 20:33:09] Nitrogen cap has been put away.

[2026-08-13 17:28:42] [2026-08-13 20:33:23] Ring has been placed on the coupon.

[2026-08-13 17:28:42] [2026-08-13 20:36:05] Cleaning knife

[2026-08-13 17:28:42] [2026-08-13 20:37:05] Knife cleaning finished.

[2026-08-13 17:28:42] [2026-08-13 21:13:33] Initial membrane picture taken.

[2026-08-13 17:28:42] [2026-08-13 21:14:02] Test has started!

[2026-08-13 17:28:42] [2026-08-13 21:17:08] Test complete!

[2026-08-13 17:28:42] [2026-08-13 21:17:14] Safe: True

[2026-08-13 17:28:42] [2026-08-13 21:17:14] Recent: True

[2026-08-13 17:28:42] [2026-08-13 21:17:14] Time: 1786655834.0572503

[2026-08-13 17:28:42] [2026-08-13 21:17:14] mTime: 1786655805.018795

[2026-08-13 17:28:42] [2026-08-13 21:17:26] Test has started!

[2026-08-13 17:28:42] [2026-08-13 21:20:36] Test complete!

[2026-08-13 17:28:42] [2026-08-13 21:20:41] Safe: True

[2026-08-13 17:28:42] [2026-08-13 21:20:41] Recent: True

[2026-08-13 17:28:42] [2026-08-13 21:20:41] Time: 1786656041.5680735

[2026-08-13 17:28:42] [2026-08-13 21:20:41] mTime: 1786656012.5195441

[2026-08-13 17:28:42] [2026-08-13 21:20:54] Test has started!

[2026-08-13 17:28:42] [2026-08-13 21:24:05] Test complete!

[2026-08-13 17:28:42] [2026-08-13 21:24:10] Safe: True

[2026-08-13 17:28:42] [2026-08-13 21:24:10] Recent: True

[2026-08-13 17:28:42] [2026-08-13 21:24:10] Time: 1786656250.2861526

[2026-08-13 17:28:42] [2026-08-13 21:24:10] mTime: 1786656221.1401074

[2026-08-13 17:28:42] [2026-08-13 21:24:23] Test has started!

[2026-08-13 17:28:42] [2026-08-13 21:27:26] Test complete!

[2026-08-13 17:28:42] [2026-08-13 21:27:31] Safe: True

[2026-08-13 17:28:42] [2026-08-13 21:27:31] Recent: True

[2026-08-13 17:28:42] [2026-08-13 21:27:31] Time: 1786656451.6727686

[2026-08-13 17:28:42] [2026-08-13 21:27:31] mTime: 1786656422.5997963

[2026-08-13 17:28:42] [2026-08-13 21:27:57] Final membrane picture taken.

[2026-08-13 17:28:42] [2026-08-13 21:28:15] Coupon successfully discarded.

[2026-08-13 17:28:42] [2026-08-13 21:29:00] Done

[2026-08-13 17:28:42] [2026-08-13 21:29:00] {'temperature': '24.12', 'humidity': '47.57'}

[2026-08-13 17:28:42] ── END PROTOCOL LOG ───────────────────────────────────────────────

[2026-08-13 17:28:42] 
[1/5] organising files...

[2026-08-13 17:28:42] [START] condition=17-0add-5deg-90s-N2-1800s

[2026-08-13 17:28:42] [2/5] processing pipeline for: 17-0add-5deg-90s-N2-1800s

[2026-08-13 17:28:42] ==============================================================================================================

[2026-08-13 17:28:42] Condition: 17-0add-5deg-90s-N2-1800s | pairs: 4

[2026-08-13 17:28:43] 

------------ NEW REP ---------------

[2026-08-13 17:28:43] Average Standard Deviation: 48.35238210797846

[2026-08-13 17:28:43] Toe end strain (zero point): 0.0277

[2026-08-13 17:28:48] PW + Double: 0.06271012358180597

[2026-08-13 17:28:48] Piecewise Chosen! 0.00548367170870264 | Drop Calculation: 0.031620912949548684

[2026-08-13 17:28:57]   elastic_r2                          23/30  NRMSE-score=0.772 (RMSE=0.44, range=1.94)

[2026-08-13 17:28:57]   plateau_r2_start                    11/15  R²(first 40%)=0.712

[2026-08-13 17:28:57]   densification_r2                     0/15  R²=-4.217

[2026-08-13 17:28:57]   yield_accuracy                      20/25  elastic tail undershoots data by 31.6% of elastic range

[2026-08-13 17:28:57]   junction_continuity                  0/15  gap=75.9%

[2026-08-13 17:28:57]   plateau_r2_full_penalty             -10/0  R²(full)=-0.693

[2026-08-13 17:28:57]   elastic_modulus_penalty             -5/0  E=0.8 bar out of range

[2026-08-13 17:28:57]   bp1_accuracy_penalty                 0/0  GAM slope stable in early plateau (drop=-6169%) — ok | plateau spans 13% of remaining stress — ok

[2026-08-13 17:28:57]   changepoint_curvature_penalty        0/0  d2_norm=1.47, linear_stretch=53%

[2026-08-13 17:28:57]   catastrophic_slope_vs_modulus        0/0  slope ratio=277.75 — plateau slope ≥95% of elastic

[2026-08-13 17:28:57]   catastrophic_slope_ordering          0/0  densif=-2129.1 <= plateau=231.7

[2026-08-13 17:28:57]   CATASTROPHIC HALVING: 39 → 20

[2026-08-13 17:28:57]   DATA FLAGS (no score impact — route to goodData_eval):

[2026-08-13 17:28:57]     elastic_half_consistency: first-half R²=-5.034 vs second-half R²=-0.935 (gap=4.099)

[2026-08-13 17:28:57] Score: 20/100 → FAIL

[2026-08-13 17:28:59] PW + Double: None

[2026-08-13 17:28:59] Drop Chosen! 0.02436451881698356 | Piecewise Calculation: None

[2026-08-13 17:29:09]   elastic_r2                          22/30  NRMSE-score=0.730 (RMSE=40.62, range=150.65)

[2026-08-13 17:29:09]   plateau_r2_start                     0/15  R²(first 40%)=-18.108

[2026-08-13 17:29:09]   densification_r2                     0/15  R²=-0.197

[2026-08-13 17:29:09]   yield_accuracy                      20/25  elastic tail undershoots data by 35.4% of elastic range

[2026-08-13 17:29:09]   junction_continuity                 13/15  gap=2.3%

[2026-08-13 17:29:09]   plateau_r2_full_penalty             -10/0  R²(full)=0.201

[2026-08-13 17:29:09]   elastic_modulus_penalty              0/0  E=1963.5 bar ok

[2026-08-13 17:29:09]   bp1_accuracy_penalty                 0/0  plateau spans -102% of remaining stress — ok

[2026-08-13 17:29:09]   changepoint_curvature_penalty        0/0  d2_norm=1.03, linear_stretch=100%

[2026-08-13 17:29:09]   slope_ratio_penalty                  0/0  plateau/elastic slope ratio=-1.40 — good separation

[2026-08-13 17:29:09]   DATA FLAGS (no score impact — route to goodData_eval):

[2026-08-13 17:29:09]     elastic_half_consistency: first-half R²=-235.446 vs second-half R²=-0.234 (gap=235.212)

[2026-08-13 17:29:09] Score: 45/100 → FAIL

[2026-08-13 17:29:09]   toe-mask retry: masked strain < 0.0055, good=False

[2026-08-13 17:29:09] Good Fit: False

[2026-08-13 17:29:10] 

------------ NEW REP ---------------

[2026-08-13 17:29:10] Average Standard Deviation: 53.17969628664187

[2026-08-13 17:29:10] Skipping GAM for 17-0add-5deg-90s-N2-1800s | rep 2 (thickness=-20.5 µm — no membrane)

[2026-08-13 17:29:11] 

------------ NEW REP ---------------

[2026-08-13 17:29:11] Average Standard Deviation: 58.43132156294184

[2026-08-13 17:29:11] Skipping GAM for 17-0add-5deg-90s-N2-1800s | rep 3 (thickness=-29.4 µm — no membrane)

[2026-08-13 17:29:12] 

------------ NEW REP ---------------

[2026-08-13 17:29:12] Average Standard Deviation: 47.11707442756936

[2026-08-13 17:29:12] Skipping GAM for 17-0add-5deg-90s-N2-1800s | rep 4 (thickness=30.9 µm — no membrane)

[2026-08-13 17:29:12] CV (17-0add-5deg-90s-N2-1800s) [preDiscard]: nan

[2026-08-13 17:29:13] CV (17-0add-5deg-90s-N2-1800s) [postDiscard]: nan

[2026-08-13 17:29:13] 

------------ NEW REP ---------------

[2026-08-13 17:29:13] Average Standard Deviation: 43.94019722232833

[2026-08-13 17:29:13] Toe end strain (zero point): -0.0020

[2026-08-13 17:29:17] PW + Double: 0.05902199952921391

[2026-08-13 17:29:17] Piecewise Chosen! 0.0025723009690385703 | Drop Calculation: 0.03119329374223194

[2026-08-13 17:29:23]   FIND_CHANGEPOINT_FIT FAILED: fit region too small - plateau = 0 pts, densification=398 pts - score forced to 0

[2026-08-13 17:29:23]   All fits failed for 17-0add-5deg-90s-N2-1800s — postDiscard row built from all-discarded reps

[2026-08-13 17:29:28] [3/5] generating initial report...

[2026-08-13 17:29:28] [4/5] running active learning...

[2026-08-13 17:29:52]   JSON result: C:\Users\opentrons\Documents\Auto-Membranes\data\llm_results\llm_result_17-0add-5deg-90s-N2-1800s.json

[2026-08-13 17:29:52] [5/5] next params: {'mixing_temp': 70, 'bath_temp': 5, 'pullcast_speed': 8, 'nitrogen': True, 'coupon_to_bath_wait_time': 15, 'nips_bath_wait_time': 1800, 'polymer_wt': 17.0, 'additive_wt': 0.0, 'stock_metadata': {'polymer_stock_wt_percent': 17.0, 'additive_stock_polymer_wt_percent': 17.0, 'additive_stock_additive_wt_percent': 4.0}}

[2026-08-13 17:29:52] Python recieved!

[2026-08-13 17:29:52] Exact payload being sent: {"mixing_temp": 70, "bath_temp": 5, "pullcast_speed": 8, "nitrogen": true, "coupon_to_bath_wait_time": 15, "nips_bath_wait_time": 1800, "polymer_wt": 17.0, "additive_wt": 0.0, "stock_metadata": {"polymer_stock_wt_percent": 17.0, "additive_stock_polymer_wt_percent": 17.0, "additive_stock_additive_wt_percent": 4.0}}

[2026-08-13 17:29:52] Opentrons response: Creating Membrane with following parameters: {"mixing_temp": 70, "bath_temp": 5, "pullcast_speed": 8, "nitrogen": true, "coupon_to_bath_wait_time": 15, "nips_bath_wait_time": 1800, "polymer_wt": 17.0, "additive_wt": 0.0, "stock_metadata": {"polymer_stock_wt_percent": 17.0, "additive_stock_polymer_wt_percent": 17.0, "additive_stock_additive_wt_percent": 4.0}}

[2026-08-13 17:29:52] [DONE] 17-0add-5deg-90s-N2-1800s  elapsed=69.8s

[2026-08-13 18:43:46] ── PROTOCOL LOG (Opentrons) ────────────────────────────────────────

[2026-08-13 18:43:46] [2026-08-13 21:30:10] Recievied request for membrane with following parameters:

[2026-08-13 18:43:46] [2026-08-13 21:30:10] {'mixing_temp': 70, 'bath_temp': 5, 'pullcast_speed': 8, 'nitrogen': True, 'coupon_to_bath_wait_time': 15, 'nips_bath_wait_time': 1800, 'polymer_wt': 17.0, 'additive_wt': 0.0, 'stock_metadata': {'polymer_stock_wt_percent': 17.0, 'additive_stock_polymer_wt_percent': 17.0, 'additive_stock_additive_wt_percent': 4.0}}

[2026-08-13 18:43:46] [2026-08-13 21:30:10] Bath chilling process started.

[2026-08-13 18:43:46] [2026-08-13 21:30:10] Beginning zero tests on coupons.

[2026-08-13 18:43:46] [2026-08-13 21:30:10] Opentrons process started.

[2026-08-13 18:43:46] [2026-08-13 21:30:10] 
Target recipe

[2026-08-13 18:43:46] [2026-08-13 21:30:10] -------------

[2026-08-13 18:43:46] [2026-08-13 21:30:10] Total volume:      1000.00 uL

[2026-08-13 18:43:46] [2026-08-13 21:30:10] Target polymer:    17 wt%

[2026-08-13 18:43:46] [2026-08-13 21:30:10] Target additive:   0 wt%

[2026-08-13 18:43:46] [2026-08-13 21:30:10] 
Required volumes

[2026-08-13 18:43:46] [2026-08-13 21:30:10] ----------------

[2026-08-13 18:43:46] [2026-08-13 21:30:10] Normal polymer stock:      1000.00 uL

[2026-08-13 18:43:46] [2026-08-13 21:30:10] Polymer-additive stock:    0.00 uL

[2026-08-13 18:43:46] [2026-08-13 21:30:10] Pure solvent:              0.00 uL

[2026-08-13 18:43:46] [2026-08-13 21:30:10] Total:                     1000.00 uL

[2026-08-13 18:43:46] [2026-08-13 21:30:10] 
Final composition check

[2026-08-13 18:43:46] [2026-08-13 21:30:10] -----------------------

[2026-08-13 18:43:46] [2026-08-13 21:30:10] Polymer:    17.0000 wt%

[2026-08-13 18:43:46] [2026-08-13 21:30:10] Additive:   0.0000 wt%

[2026-08-13 18:43:46] [2026-08-13 21:30:10] Solvent:    83.0000 wt%

[2026-08-13 18:43:46] [2026-08-13 21:30:10] Solution will be pulled from stock polymer bottle.

[2026-08-13 18:43:46] [2026-08-13 21:30:11] 4.32

[2026-08-13 18:43:46] [2026-08-13 21:30:12] 4.32

[2026-08-13 18:43:46] [2026-08-13 21:30:13] 4.31

[2026-08-13 18:43:46] [2026-08-13 21:30:14] 4.31

[2026-08-13 18:43:46] [2026-08-13 21:30:15] 4.33

[2026-08-13 18:43:46] [2026-08-13 21:30:16] 4.35

[2026-08-13 18:43:46] [2026-08-13 21:30:17] 4.39

[2026-08-13 18:43:46] [2026-08-13 21:30:18] 4.45

[2026-08-13 18:43:46] [2026-08-13 21:30:19] 4.5

[2026-08-13 18:43:46] [2026-08-13 21:30:21] 4.56

[2026-08-13 18:43:46] [2026-08-13 21:30:22] 4.62

[2026-08-13 18:43:46] [2026-08-13 21:30:23] 4.68

[2026-08-13 18:43:46] [2026-08-13 21:30:24] 4.75

[2026-08-13 18:43:46] [2026-08-13 21:30:25] 4.8

[2026-08-13 18:43:46] [2026-08-13 21:30:26] 4.86

[2026-08-13 18:43:46] [2026-08-13 21:30:37] Test has started!

[2026-08-13 18:43:46] [2026-08-13 21:33:34] Test complete!

[2026-08-13 18:43:46] [2026-08-13 21:33:39] Safe: True

[2026-08-13 18:43:46] [2026-08-13 21:33:39] Recent: True

[2026-08-13 18:43:46] [2026-08-13 21:33:39] Time: 1786656819.9452121

[2026-08-13 18:43:46] [2026-08-13 21:33:39] mTime: 1786656790.8992667

[2026-08-13 18:43:46] [2026-08-13 21:33:52] Test has started!

[2026-08-13 18:43:46] [2026-08-13 21:36:46] Test complete!

[2026-08-13 18:43:46] [2026-08-13 21:36:51] Safe: True

[2026-08-13 18:43:46] [2026-08-13 21:36:51] Recent: True

[2026-08-13 18:43:46] [2026-08-13 21:36:51] Time: 1786657011.425157

[2026-08-13 18:43:46] [2026-08-13 21:36:51] mTime: 1786656982.5094848

[2026-08-13 18:43:46] [2026-08-13 21:37:04] Test has started!

[2026-08-13 18:43:46] [2026-08-13 21:37:10] entered if statement!!!

[2026-08-13 18:43:46] [2026-08-13 21:39:57] Test complete!

[2026-08-13 18:43:46] [2026-08-13 21:40:02] Safe: True

[2026-08-13 18:43:46] [2026-08-13 21:40:02] Recent: True

[2026-08-13 18:43:46] [2026-08-13 21:40:02] Time: 1786657202.2641485

[2026-08-13 18:43:46] [2026-08-13 21:40:02] mTime: 1786657173.1722999

[2026-08-13 18:43:46] [2026-08-13 21:40:15] Test has started!

[2026-08-13 18:43:46] [2026-08-13 21:43:07] Test complete!

[2026-08-13 18:43:46] [2026-08-13 21:43:12] Safe: True

[2026-08-13 18:43:46] [2026-08-13 21:43:12] Recent: True

[2026-08-13 18:43:46] [2026-08-13 21:43:12] Time: 1786657392.8013434

[2026-08-13 18:43:46] [2026-08-13 21:43:12] mTime: 1786657363.9016197

[2026-08-13 18:43:46] [2026-08-13 21:43:38] Joined both subprocesses.

[2026-08-13 18:43:46] [2026-08-13 21:44:30] Pullcast complete.

[2026-08-13 18:43:46] [2026-08-13 21:44:30] Nitrogen on.

[2026-08-13 18:43:46] [2026-08-13 21:44:58] Nitrogen off.

[2026-08-13 18:43:46] [2026-08-13 21:45:09] Membrane sitting in bath for 1800 seconds.

[2026-08-13 18:43:46] [2026-08-13 21:45:18] Nitrogen cap has been put away.

[2026-08-13 18:43:46] [2026-08-13 21:45:33] Ring has been placed on the coupon.

[2026-08-13 18:43:46] [2026-08-13 21:49:30] Cleaning knife

[2026-08-13 18:43:46] [2026-08-13 21:50:30] Knife cleaning finished.

[2026-08-13 18:43:46] [2026-08-13 22:25:42] Initial membrane picture taken.

[2026-08-13 18:43:46] [2026-08-13 22:26:12] Test has started!

[2026-08-13 18:43:46] [2026-08-13 22:29:58] Test complete!

[2026-08-13 18:43:46] [2026-08-13 22:30:03] Safe: True

[2026-08-13 18:43:46] [2026-08-13 22:30:03] Recent: True

[2026-08-13 18:43:46] [2026-08-13 22:30:03] Time: 1786660203.6130755

[2026-08-13 18:43:46] [2026-08-13 22:30:03] mTime: 1786660174.6431

[2026-08-13 18:43:46] [2026-08-13 22:30:16] Test has started!

[2026-08-13 18:43:46] [2026-08-13 22:34:23] Test complete!

[2026-08-13 18:43:46] [2026-08-13 22:34:28] Safe: True

[2026-08-13 18:43:46] [2026-08-13 22:34:28] Recent: True

[2026-08-13 18:43:46] [2026-08-13 22:34:28] Time: 1786660468.6338508

[2026-08-13 18:43:46] [2026-08-13 22:34:28] mTime: 1786660439.6327972

[2026-08-13 18:43:46] [2026-08-13 22:34:41] Test has started!

[2026-08-13 18:43:46] [2026-08-13 22:38:20] Test complete!

[2026-08-13 18:43:46] [2026-08-13 22:38:25] Safe: True

[2026-08-13 18:43:46] [2026-08-13 22:38:25] Recent: True

[2026-08-13 18:43:46] [2026-08-13 22:38:25] Time: 1786660705.3286493

[2026-08-13 18:43:46] [2026-08-13 22:38:25] mTime: 1786660676.2492542

[2026-08-13 18:43:46] [2026-08-13 22:38:38] Test has started!

[2026-08-13 18:43:46] [2026-08-13 22:42:30] Test complete!

[2026-08-13 18:43:46] [2026-08-13 22:42:35] Safe: True

[2026-08-13 18:43:46] [2026-08-13 22:42:35] Recent: True

[2026-08-13 18:43:46] [2026-08-13 22:42:35] Time: 1786660955.6695435

[2026-08-13 18:43:46] [2026-08-13 22:42:35] mTime: 1786660926.475075

[2026-08-13 18:43:46] [2026-08-13 22:43:01] Final membrane picture taken.

[2026-08-13 18:43:46] [2026-08-13 22:43:19] Coupon successfully discarded.

[2026-08-13 18:43:46] [2026-08-13 22:44:04] Done

[2026-08-13 18:43:46] [2026-08-13 22:44:04] {'temperature': '23.91', 'humidity': '48.33'}

[2026-08-13 18:43:46] ── END PROTOCOL LOG ───────────────────────────────────────────────

[2026-08-13 18:43:46] 
[1/5] organising files...

[2026-08-13 18:43:46] [START] condition=17-0add-5deg-15s-N2-1800s

[2026-08-13 18:43:46] [2/5] processing pipeline for: 17-0add-5deg-15s-N2-1800s

[2026-08-13 18:43:46] ==============================================================================================================

[2026-08-13 18:43:46] Condition: 17-0add-5deg-15s-N2-1800s | pairs: 4

[2026-08-13 18:43:47] 

------------ NEW REP ---------------

[2026-08-13 18:43:47] Average Standard Deviation: 55.32610868893743

[2026-08-13 18:43:47] Skipping GAM for 17-0add-5deg-15s-N2-1800s | rep 1 (thickness=-35.2 µm — no membrane)

[2026-08-13 18:43:48] 

------------ NEW REP ---------------

[2026-08-13 18:43:48] Average Standard Deviation: 61.96932752240355

[2026-08-13 18:43:52] Toe end strain (zero point): 0.0000

[2026-08-13 18:43:58] PW + Double: 0.17917711664922334

[2026-08-13 18:43:58] Piecewise Chosen! 0.1796266986066642 | Drop Calculation: 0.2980776852220194

[2026-08-13 18:44:15]   elastic_r2                          29/30  NRMSE-score=0.954 (RMSE=0.15, range=3.25)

[2026-08-13 18:44:15]   plateau_r2_start                    15/15  R²(first 40%)=0.990

[2026-08-13 18:44:15]   densification_r2                    11/15  R²=0.724

[2026-08-13 18:44:15]   yield_accuracy                      25/25  elastic tail undershoots data by 3.1% of elastic range

[2026-08-13 18:44:15]   junction_continuity                  8/15  gap=7.3%

[2026-08-13 18:44:15]   plateau_r2_full_penalty             -10/0  R²(full)=0.407

[2026-08-13 18:44:15]   elastic_modulus_penalty              0/0  E=18.7 bar ok

[2026-08-13 18:44:15]   bp1_accuracy_penalty                 0/0  GAM slope stable in early plateau (drop=-357%) — ok | plateau spans 21% of remaining stress — ok

[2026-08-13 18:44:15]   changepoint_curvature_penalty        0/0  d2_norm=1.22, linear_stretch=20%

[2026-08-13 18:44:15]   catastrophic_slope_vs_modulus        0/0  slope ratio=2.88 — plateau slope ≥95% of elastic

[2026-08-13 18:44:15]   CATASTROPHIC HALVING: 78 → 39

[2026-08-13 18:44:15] Score: 39/100 → FAIL

[2026-08-13 18:44:21] PW + Double: 0.3941231926425816

[2026-08-13 18:44:21] Drop Chosen! 0.1796865261087549 | Piecewise Calculation: 0.3894171001129648

[2026-08-13 18:44:37]   elastic_r2                          28/30  NRMSE-score=0.947 (RMSE=0.16, range=3.06)

[2026-08-13 18:44:37]   plateau_r2_start                    13/15  R²(first 40%)=0.879

[2026-08-13 18:44:37]   densification_r2                    11/15  R²=0.758

[2026-08-13 18:44:37]   yield_accuracy                      25/25  elastic tail undershoots data by 1.1% of elastic range

[2026-08-13 18:44:37]   junction_continuity                 10/15  gap=5.0%

[2026-08-13 18:44:37]   plateau_r2_full_penalty             -10/0  R²(full)=0.363

[2026-08-13 18:44:37]   elastic_modulus_penalty              0/0  E=42.4 bar ok

[2026-08-13 18:44:37]   bp1_accuracy_penalty                 0/0  GAM slope stable in early plateau (drop=-253%) — ok | plateau spans 22% of remaining stress — ok

[2026-08-13 18:44:37]   changepoint_curvature_penalty        0/0  d2_norm=1.00, linear_stretch=20%

[2026-08-13 18:44:37]   catastrophic_slope_vs_modulus        0/0  slope ratio=1.42 — plateau slope ≥95% of elastic

[2026-08-13 18:44:37]   CATASTROPHIC HALVING: 77 → 38

[2026-08-13 18:44:37] Score: 38/100 → FAIL

[2026-08-13 18:44:37]   toe-mask retry: masked strain < 0.1796, good=False

[2026-08-13 18:44:38] Good Fit: False

[2026-08-13 18:44:38] 

------------ NEW REP ---------------

[2026-08-13 18:44:38] Average Standard Deviation: 54.41194925906663

[2026-08-13 18:44:38] Toe end strain (zero point): 0.0826

[2026-08-13 18:44:43] PW + Double: 0.12585555726860032

[2026-08-13 18:44:43] Piecewise Chosen! 0.02837454787779355 | Drop Calculation: 0.2517944117266464

[2026-08-13 18:45:04]   elastic_r2                          26/30  NRMSE-score=0.867 (RMSE=0.08, range=0.63)

[2026-08-13 18:45:04]   plateau_r2_start                    15/15  R²(first 40%)=0.985

[2026-08-13 18:45:04]   densification_r2                    14/15  R²=0.954

[2026-08-13 18:45:04]   yield_accuracy                      24/25  elastic tail undershoots data by 11.8% of elastic range

[2026-08-13 18:45:04]   junction_continuity                  0/15  gap=199.2%

[2026-08-13 18:45:04]   plateau_r2_full_penalty              0/0  R²(full)=0.893

[2026-08-13 18:45:04]   elastic_modulus_penalty              0/0  E=18.6 bar ok

[2026-08-13 18:45:04]   bp1_accuracy_penalty                -30/0  GAM slope stable in early plateau (drop=-89%) — ok | plateau spans 76% of remaining stress — elastic peak likely wrong

[2026-08-13 18:45:04]   changepoint_curvature_penalty        0/0  d2_norm=5.72, linear_stretch=33%

[2026-08-13 18:45:04]   catastrophic_slope_vs_modulus        0/0  slope ratio=5.26 — plateau slope ≥95% of elastic

[2026-08-13 18:45:04]   CATASTROPHIC HALVING: 49 → 24

[2026-08-13 18:45:04]   DATA FLAGS (no score impact — route to goodData_eval):

[2026-08-13 18:45:04]     elastic_half_consistency: first-half R²=0.435 vs second-half R²=0.002 (gap=0.433)

[2026-08-13 18:45:04] Score: 24/100 → FAIL

[2026-08-13 18:45:11] PW + Double: 0.07531342667953488

[2026-08-13 18:45:11] Piecewise Chosen! 0.03519743669570441 | Drop Calculation: 0.20994829147604466

[2026-08-13 18:45:32]   elastic_r2                          25/30  NRMSE-score=0.830 (RMSE=0.16, range=0.95)

[2026-08-13 18:45:32]   plateau_r2_start                    15/15  R²(first 40%)=0.984

[2026-08-13 18:45:32]   densification_r2                    14/15  R²=0.950

[2026-08-13 18:45:32]   yield_accuracy                      20/25  elastic tail undershoots data by 20.8% of elastic range

[2026-08-13 18:45:32]   junction_continuity                  0/15  gap=172.9%

[2026-08-13 18:45:32]   plateau_r2_full_penalty              0/0  R²(full)=0.885

[2026-08-13 18:45:32]   elastic_modulus_penalty             -5/0  E=-9.4 bar out of range

[2026-08-13 18:45:32]   bp1_accuracy_penalty                -30/0  GAM slope stable in early plateau (drop=-46%) — ok | plateau spans 76% of remaining stress — elastic peak likely wrong

[2026-08-13 18:45:32]   changepoint_curvature_penalty        0/0  d2_norm=6.35, linear_stretch=33%

[2026-08-13 18:45:32]   slope_ratio_penalty                  0/0  plateau/elastic slope ratio=-10.52 — good separation

[2026-08-13 18:45:32]   catastrophic_slope_vs_modulus        0/0  slope ratio=-10.52 — plateau slope ≥95% of elastic

[2026-08-13 18:45:32]   CATASTROPHIC HALVING: 39 → 20

[2026-08-13 18:45:32]   DATA FLAGS (no score impact — route to goodData_eval):

[2026-08-13 18:45:32]     elastic_half_consistency: first-half R²=-6.105 vs second-half R²=-0.362 (gap=5.743)

[2026-08-13 18:45:32] Score: 20/100 → FAIL

[2026-08-13 18:45:32]   toe-mask retry: masked strain < 0.0284, good=False

[2026-08-13 18:45:32] Good Fit: False

[2026-08-13 18:45:33] 

------------ NEW REP ---------------

[2026-08-13 18:45:33] Average Standard Deviation: 62.05345158172095

[2026-08-13 18:45:33] Skipping GAM for 17-0add-5deg-15s-N2-1800s | rep 4 (thickness=6.9 µm — no membrane)

[2026-08-13 18:45:34] CV (17-0add-5deg-15s-N2-1800s) [preDiscard]: 0.18870905000599353

[2026-08-13 18:45:34] CV (17-0add-5deg-15s-N2-1800s) [postDiscard]: nan

[2026-08-13 18:45:34] 

------------ NEW REP ---------------

[2026-08-13 18:45:34] Average Standard Deviation: 43.84295501318302

[2026-08-13 18:45:35] Toe end strain (zero point): 0.0000

[2026-08-13 18:45:38] PW + Double: 0.17342208830802813

[2026-08-13 18:45:38] Piecewise Chosen! 0.16592415467092547 | Drop Calculation: 0.031873415986439356

[2026-08-13 18:46:03]   elastic_r2                          29/30  NRMSE-score=0.953 (RMSE=0.23, range=4.89)

[2026-08-13 18:46:03]   plateau_r2_start                    15/15  R²(first 40%)=0.990

[2026-08-13 18:46:03]   densification_r2                    15/15  R²=0.973

[2026-08-13 18:46:03]   yield_accuracy                      25/25  elastic tail undershoots data by 2.2% of elastic range

[2026-08-13 18:46:03]   junction_continuity                  0/15  gap=42.4%

[2026-08-13 18:46:03]   plateau_r2_full_penalty              0/0  R²(full)=0.975

[2026-08-13 18:46:03]   elastic_modulus_penalty              0/0  E=28.1 bar ok

[2026-08-13 18:46:03]   bp1_accuracy_penalty                -30/0  GAM slope stable in early plateau (drop=-21%) — ok | plateau spans 58% of remaining stress — elastic peak likely wrong

[2026-08-13 18:46:03]   changepoint_curvature_penalty        0/0  d2_norm=2.49, linear_stretch=47%

[2026-08-13 18:46:03]   catastrophic_slope_vs_modulus        0/0  slope ratio=3.80 — plateau slope ≥95% of elastic

[2026-08-13 18:46:03]   CATASTROPHIC HALVING: 54 → 27

[2026-08-13 18:46:03] Score: 27/100 → FAIL

[2026-08-13 18:46:04] Good Fit: False

[2026-08-13 18:46:05]   All fits failed for 17-0add-5deg-15s-N2-1800s — postDiscard row built from all-discarded reps

[2026-08-13 18:46:11] [3/5] generating initial report...

[2026-08-13 18:46:11] [4/5] running active learning...

[2026-08-13 18:46:37]   JSON result: C:\Users\opentrons\Documents\Auto-Membranes\data\llm_results\llm_result_17-0add-5deg-15s-N2-1800s.json

[2026-08-13 18:46:37] [5/5] next params: {'mixing_temp': 65, 'bath_temp': 5, 'pullcast_speed': 5, 'nitrogen': True, 'coupon_to_bath_wait_time': 45, 'nips_bath_wait_time': 1800, 'polymer_wt': 17.0, 'additive_wt': 0.0, 'stock_metadata': {'polymer_stock_wt_percent': 17.0, 'additive_stock_polymer_wt_percent': 17.0, 'additive_stock_additive_wt_percent': 4.0}}

[2026-08-13 18:46:37] Python recieved!

[2026-08-13 18:46:37] Exact payload being sent: {"mixing_temp": 65, "bath_temp": 5, "pullcast_speed": 5, "nitrogen": true, "coupon_to_bath_wait_time": 45, "nips_bath_wait_time": 1800, "polymer_wt": 17.0, "additive_wt": 0.0, "stock_metadata": {"polymer_stock_wt_percent": 17.0, "additive_stock_polymer_wt_percent": 17.0, "additive_stock_additive_wt_percent": 4.0}}

[2026-08-13 18:46:37] Opentrons response: Creating Membrane with following parameters: {"mixing_temp": 65, "bath_temp": 5, "pullcast_speed": 5, "nitrogen": true, "coupon_to_bath_wait_time": 45, "nips_bath_wait_time": 1800, "polymer_wt": 17.0, "additive_wt": 0.0, "stock_metadata": {"polymer_stock_wt_percent": 17.0, "additive_stock_polymer_wt_percent": 17.0, "additive_stock_additive_wt_percent": 4.0}}

[2026-08-13 18:46:37] [DONE] 17-0add-5deg-15s-N2-1800s  elapsed=170.8s

[2026-08-13 19:24:43] 
stopping server...

