[2026-07-28 14:53:09] The "mixing_temp" can be between 25 and 80 degrees Celsius. The "bath_temp" can be between 5 and 25 degrees Celsius. The "weight_percent" can be between 10 and 17 percent. The "pullcast_speed" can be between 1 and 20 mm/s. The "coupon_to_bath_wait_time" can be between 0 and 600 seconds. The "nips_bath_wait_time" can be between 1200 and 1800seconds. The "nitrogen" can be either True or False. The "polymer_wt" maximum is 21.0 and the "additive_wt" maximum is 4.0. The "polymer_wt" and "additive_wt" should be within the triangular bounds [(21.0, 0.0), (21.0, 4.0), (0.0, 0.0)].

[2026-07-28 14:53:19] [master_processing] active branches: ['image_processing']

[2026-07-28 14:53:19] server listening on 169.254.230.148:8000

[2026-07-28 14:53:19] kicking off first experiment: {'mixing_temp': 25, 'bath_temp': 5, 'pullcast_speed': 10, 'nitrogen': True, 'coupon_to_bath_wait_time': 60, 'nips_bath_wait_time': 101, 'polymer_wt': 21.0, 'additive_wt': 0.0, 'stock_metadata': {'polymer_stock_wt_percent': 21.0, 'additive_stock_polymer_wt_percent': 21.0, 'additive_stock_additive_wt_percent': 4.0}}

[2026-07-28 14:53:19] Python recieved!

[2026-07-28 14:53:19] Exact payload being sent: {"mixing_temp": 25, "bath_temp": 5, "pullcast_speed": 10, "nitrogen": true, "coupon_to_bath_wait_time": 60, "nips_bath_wait_time": 101, "polymer_wt": 21.0, "additive_wt": 0.0, "stock_metadata": {"polymer_stock_wt_percent": 21.0, "additive_stock_polymer_wt_percent": 21.0, "additive_stock_additive_wt_percent": 4.0}}

[2026-07-28 14:53:19] Opentrons response: Creating Membrane with following parameters: {"mixing_temp": 25, "bath_temp": 5, "pullcast_speed": 10, "nitrogen": true, "coupon_to_bath_wait_time": 60, "nips_bath_wait_time": 101, "polymer_wt": 21.0, "additive_wt": 0.0, "stock_metadata": {"polymer_stock_wt_percent": 21.0, "additive_stock_polymer_wt_percent": 21.0, "additive_stock_additive_wt_percent": 4.0}}

[2026-07-28 14:53:19] robot started — loop running. Ctrl+C to stop.

[2026-07-28 15:16:55] Error: unable to take picture

[2026-07-28 15:18:10] Error: unable to take picture

[2026-07-28 15:20:12] ── PROTOCOL LOG (Opentrons) ────────────────────────────────────────

[2026-07-28 15:20:12] [2026-07-28 18:53:29] Recievied request for membrane with following parameters:

[2026-07-28 15:20:12] [2026-07-28 18:53:29] {'mixing_temp': 25, 'bath_temp': 5, 'pullcast_speed': 10, 'nitrogen': True, 'coupon_to_bath_wait_time': 60, 'nips_bath_wait_time': 101, 'polymer_wt': 21.0, 'additive_wt': 0.0, 'stock_metadata': {'polymer_stock_wt_percent': 21.0, 'additive_stock_polymer_wt_percent': 21.0, 'additive_stock_additive_wt_percent': 4.0}}

[2026-07-28 15:20:12] [2026-07-28 18:53:29] Bath chilling process started.

[2026-07-28 15:20:12] [2026-07-28 18:53:29] Simulating zero tests.

[2026-07-28 15:20:12] [2026-07-28 18:53:29] Beginning zero tests on coupons.

[2026-07-28 15:20:12] [2026-07-28 18:53:29] Opentrons process started.

[2026-07-28 15:20:12] [2026-07-28 18:53:29] 
Target recipe

[2026-07-28 15:20:12] [2026-07-28 18:53:29] -------------

[2026-07-28 15:20:12] [2026-07-28 18:53:29] Total volume:      1000.00 uL

[2026-07-28 15:20:12] [2026-07-28 18:53:29] Target polymer:    21 wt%

[2026-07-28 15:20:12] [2026-07-28 18:53:29] Target additive:   0 wt%

[2026-07-28 15:20:12] [2026-07-28 18:53:29] 
Required volumes

[2026-07-28 15:20:12] [2026-07-28 18:53:29] ----------------

[2026-07-28 15:20:12] [2026-07-28 18:53:29] Normal polymer stock:      1000.00 uL

[2026-07-28 15:20:12] [2026-07-28 18:53:29] Polymer-additive stock:    0.00 uL

[2026-07-28 15:20:12] [2026-07-28 18:53:29] Pure solvent:              0.00 uL

[2026-07-28 15:20:12] [2026-07-28 18:53:29] Total:                     1000.00 uL

[2026-07-28 15:20:12] [2026-07-28 18:53:29] 
Final composition check

[2026-07-28 15:20:12] [2026-07-28 18:53:29] -----------------------

[2026-07-28 15:20:12] [2026-07-28 18:53:29] Polymer:    21.0000 wt%

[2026-07-28 15:20:12] [2026-07-28 18:53:29] Additive:   0.0000 wt%

[2026-07-28 15:20:12] [2026-07-28 18:53:29] Solvent:    79.0000 wt%

[2026-07-28 15:20:12] [2026-07-28 18:53:29] Solution will be pulled from stock polymer bottle.

[2026-07-28 15:20:12] [2026-07-28 19:00:29] entered if statement!!!

[2026-07-28 15:20:12] [2026-07-28 19:02:46] Joined both subprocesses.

[2026-07-28 15:20:12] [2026-07-28 19:03:35] Pullcast complete.

[2026-07-28 15:20:12] [2026-07-28 19:03:35] Nitrogen on.

[2026-07-28 15:20:12] [2026-07-28 19:04:48] Nitrogen off.

[2026-07-28 15:20:12] [2026-07-28 19:04:58] Membrane sitting in bath for 101 seconds.

[2026-07-28 15:20:12] [2026-07-28 19:05:07] Nitrogen cap has been put away.

[2026-07-28 15:20:12] [2026-07-28 19:05:22] Ring has been placed on the coupon.

[2026-07-28 15:20:12] [2026-07-28 19:17:05] Initial membrane picture taken.

[2026-07-28 15:20:12] [2026-07-28 19:17:26] Simulating compression tests.

[2026-07-28 15:20:12] [2026-07-28 19:18:20] Final membrane picture taken.

[2026-07-28 15:20:12] [2026-07-28 19:18:37] Coupon successfully discarded.

[2026-07-28 15:20:12] [2026-07-28 19:18:37] Cleaning knife

[2026-07-28 15:20:12] [2026-07-28 19:19:38] Knife cleaning finished.

[2026-07-28 15:20:12] [2026-07-28 19:20:22] Done

[2026-07-28 15:20:12] ── END PROTOCOL LOG ───────────────────────────────────────────────

[2026-07-28 15:20:12] 
[1/5] organising files...

[2026-07-28 15:20:12] [START] condition=21.0-0.0add-5deg-60s-N2-101s

[2026-07-28 15:20:12] [2/5] processing pipeline for: 21.0-0.0add-5deg-60s-N2-101s

[2026-07-28 15:20:29] [3/5] generating initial report...

[2026-07-28 15:20:29] [4/5] additive iteration mode — skipping active learning...

[2026-07-28 15:20:29]   JSON result: C:\Users\opentrons\Documents\Auto-Membranes\llm_result_21.0-0.0add-5deg-60s-N2-101s.json

[2026-07-28 15:20:29] [5/5] next params: {'mixing_temp': 25, 'bath_temp': 5, 'pullcast_speed': 10, 'nitrogen': True, 'coupon_to_bath_wait_time': 60, 'nips_bath_wait_time': 101, 'polymer_wt': 21.0, 'additive_wt': 0.5, 'stock_metadata': {'polymer_stock_wt_percent': 21.0, 'additive_stock_polymer_wt_percent': 21.0, 'additive_stock_additive_wt_percent': 4.0}}

[2026-07-28 15:20:29] Python recieved!

[2026-07-28 15:20:29] Exact payload being sent: {"mixing_temp": 25, "bath_temp": 5, "pullcast_speed": 10, "nitrogen": true, "coupon_to_bath_wait_time": 60, "nips_bath_wait_time": 101, "polymer_wt": 21.0, "additive_wt": 0.5, "stock_metadata": {"polymer_stock_wt_percent": 21.0, "additive_stock_polymer_wt_percent": 21.0, "additive_stock_additive_wt_percent": 4.0}}

[2026-07-28 15:20:29] Opentrons response: Creating Membrane with following parameters: {"mixing_temp": 25, "bath_temp": 5, "pullcast_speed": 10, "nitrogen": true, "coupon_to_bath_wait_time": 60, "nips_bath_wait_time": 101, "polymer_wt": 21.0, "additive_wt": 0.5, "stock_metadata": {"polymer_stock_wt_percent": 21.0, "additive_stock_polymer_wt_percent": 21.0, "additive_stock_additive_wt_percent": 4.0}}

[2026-07-28 15:20:29] [DONE] 21.0-0.0add-5deg-60s-N2-101s  elapsed=16.6s

[2026-07-28 16:43:33] Error: unable to take picture

[2026-07-28 16:44:47] Error: unable to take picture

[2026-07-28 16:46:50] ── PROTOCOL LOG (Opentrons) ────────────────────────────────────────

[2026-07-28 16:46:50] [2026-07-28 19:20:39] Recievied request for membrane with following parameters:

[2026-07-28 16:46:50] [2026-07-28 19:20:39] {'mixing_temp': 25, 'bath_temp': 5, 'pullcast_speed': 10, 'nitrogen': True, 'coupon_to_bath_wait_time': 60, 'nips_bath_wait_time': 101, 'polymer_wt': 21.0, 'additive_wt': 0.5, 'stock_metadata': {'polymer_stock_wt_percent': 21.0, 'additive_stock_polymer_wt_percent': 21.0, 'additive_stock_additive_wt_percent': 4.0}}

[2026-07-28 16:46:50] [2026-07-28 19:20:39] Bath chilling process started.

[2026-07-28 16:46:50] [2026-07-28 19:20:39] Simulating zero tests.

[2026-07-28 16:46:50] [2026-07-28 19:20:39] Beginning zero tests on coupons.

[2026-07-28 16:46:50] [2026-07-28 19:20:39] Opentrons process started.

[2026-07-28 16:46:50] [2026-07-28 19:20:39] 
Target recipe

[2026-07-28 16:46:50] [2026-07-28 19:20:39] -------------

[2026-07-28 16:46:50] [2026-07-28 19:20:39] Total volume:      1000.00 uL

[2026-07-28 16:46:50] [2026-07-28 19:20:39] Target polymer:    21 wt%

[2026-07-28 16:46:50] [2026-07-28 19:20:39] Target additive:   0.5 wt%

[2026-07-28 16:46:50] [2026-07-28 19:20:39] 
Required volumes

[2026-07-28 16:46:50] [2026-07-28 19:20:39] ----------------

[2026-07-28 16:46:50] [2026-07-28 19:20:39] Normal polymer stock:      877.00 uL

[2026-07-28 16:46:50] [2026-07-28 19:20:39] Polymer-additive stock:    123.00 uL

[2026-07-28 16:46:50] [2026-07-28 19:20:39] Pure solvent:              0.00 uL

[2026-07-28 16:46:50] [2026-07-28 19:20:39] Total:                     1000.00 uL

[2026-07-28 16:46:50] [2026-07-28 19:20:39] 
Final composition check

[2026-07-28 16:46:50] [2026-07-28 19:20:39] -----------------------

[2026-07-28 16:46:50] [2026-07-28 19:20:39] Polymer:    21.0000 wt%

[2026-07-28 16:46:50] [2026-07-28 19:20:39] Additive:   0.4998 wt%

[2026-07-28 16:46:50] [2026-07-28 19:20:39] Solvent:    78.5002 wt%

[2026-07-28 16:46:50] [2026-07-28 19:20:39] 4.77

[2026-07-28 16:46:50] [2026-07-28 19:20:40] 4.76

[2026-07-28 16:46:50] [2026-07-28 19:20:41] 4.75

[2026-07-28 16:46:50] [2026-07-28 19:20:42] 4.75

[2026-07-28 16:46:50] [2026-07-28 19:20:44] 4.74

[2026-07-28 16:46:50] [2026-07-28 19:20:45] 4.73

[2026-07-28 16:46:50] [2026-07-28 19:20:46] 4.71

[2026-07-28 16:46:50] [2026-07-28 19:20:47] 4.7

[2026-07-28 16:46:50] [2026-07-28 19:20:48] 4.67

[2026-07-28 16:46:50] [2026-07-28 19:20:49] 4.65

[2026-07-28 16:46:50] [2026-07-28 19:20:50] 4.64

[2026-07-28 16:46:50] [2026-07-28 19:20:51] 4.62

[2026-07-28 16:46:50] [2026-07-28 19:20:52] 4.61

[2026-07-28 16:46:50] [2026-07-28 19:20:54] 4.61

[2026-07-28 16:46:50] [2026-07-28 19:20:55] 4.6

[2026-07-28 16:46:50] [2026-07-28 19:20:56] 4.6

[2026-07-28 16:46:50] [2026-07-28 19:20:57] 4.6

[2026-07-28 16:46:50] [2026-07-28 19:20:58] 4.61

[2026-07-28 16:46:50] [2026-07-28 19:20:59] 4.61

[2026-07-28 16:46:50] [2026-07-28 19:21:00] 4.62

[2026-07-28 16:46:50] [2026-07-28 19:21:01] 4.63

[2026-07-28 16:46:50] [2026-07-28 19:21:02] 4.65

[2026-07-28 16:46:50] [2026-07-28 19:21:03] 4.67

[2026-07-28 16:46:50] [2026-07-28 19:21:05] 4.69

[2026-07-28 16:46:50] [2026-07-28 19:21:06] 4.71

[2026-07-28 16:46:50] [2026-07-28 19:21:07] 4.73

[2026-07-28 16:46:50] [2026-07-28 19:21:08] 4.76

[2026-07-28 16:46:50] [2026-07-28 19:21:09] 4.78

[2026-07-28 16:46:50] [2026-07-28 19:21:10] 4.81

[2026-07-28 16:46:50] [2026-07-28 19:21:11] 4.83

[2026-07-28 16:46:50] [2026-07-28 19:21:12] 4.86

[2026-07-28 16:46:50] [2026-07-28 19:21:13] 4.88

[2026-07-28 16:46:50] [2026-07-28 19:21:29] Temperature set to 25.

[2026-07-28 16:46:50] [2026-07-28 19:22:32] entered if statement!!!

[2026-07-28 16:46:50] [2026-07-28 19:33:19] entered if statement!!!

[2026-07-28 16:46:50] [2026-07-28 19:44:19] aspirate

[2026-07-28 16:46:50] [2026-07-28 19:44:19] 0

[2026-07-28 16:46:50] [2026-07-28 19:44:19] 10

[2026-07-28 16:46:50] [2026-07-28 19:46:38] dispense

[2026-07-28 16:46:50] [2026-07-28 19:46:38] 0

[2026-07-28 16:46:50] [2026-07-28 19:46:38] 10

[2026-07-28 16:46:50] [2026-07-28 19:48:07] aspirate

[2026-07-28 16:46:50] [2026-07-28 19:48:07] 1

[2026-07-28 16:46:50] [2026-07-28 19:48:07] 10

[2026-07-28 16:46:50] [2026-07-28 19:50:25] dispense

[2026-07-28 16:46:50] [2026-07-28 19:50:25] 1

[2026-07-28 16:46:50] [2026-07-28 19:50:25] 10

[2026-07-28 16:46:50] [2026-07-28 19:51:54] aspirate

[2026-07-28 16:46:50] [2026-07-28 19:51:54] 2

[2026-07-28 16:46:50] [2026-07-28 19:51:54] 10

[2026-07-28 16:46:50] [2026-07-28 19:54:13] dispense

[2026-07-28 16:46:50] [2026-07-28 19:54:13] 2

[2026-07-28 16:46:50] [2026-07-28 19:54:13] 10

[2026-07-28 16:46:50] [2026-07-28 19:55:42] aspirate

[2026-07-28 16:46:50] [2026-07-28 19:55:42] 3

[2026-07-28 16:46:50] [2026-07-28 19:55:42] 10

[2026-07-28 16:46:50] [2026-07-28 19:58:00] dispense

[2026-07-28 16:46:50] [2026-07-28 19:58:00] 3

[2026-07-28 16:46:50] [2026-07-28 19:58:00] 10

[2026-07-28 16:46:50] [2026-07-28 19:59:29] aspirate

[2026-07-28 16:46:50] [2026-07-28 19:59:29] 4

[2026-07-28 16:46:50] [2026-07-28 19:59:29] 10

[2026-07-28 16:46:50] [2026-07-28 20:01:48] dispense

[2026-07-28 16:46:50] [2026-07-28 20:01:48] 4

[2026-07-28 16:46:50] [2026-07-28 20:01:48] 10

[2026-07-28 16:46:50] [2026-07-28 20:03:17] aspirate

[2026-07-28 16:46:50] [2026-07-28 20:03:17] 5

[2026-07-28 16:46:50] [2026-07-28 20:03:17] 10

[2026-07-28 16:46:50] [2026-07-28 20:05:35] dispense

[2026-07-28 16:46:50] [2026-07-28 20:05:35] 5

[2026-07-28 16:46:50] [2026-07-28 20:05:35] 10

[2026-07-28 16:46:50] [2026-07-28 20:07:04] aspirate

[2026-07-28 16:46:50] [2026-07-28 20:07:04] 6

[2026-07-28 16:46:50] [2026-07-28 20:07:04] 10

[2026-07-28 16:46:50] [2026-07-28 20:09:23] dispense

[2026-07-28 16:46:50] [2026-07-28 20:09:23] 6

[2026-07-28 16:46:50] [2026-07-28 20:09:23] 10

[2026-07-28 16:46:50] [2026-07-28 20:10:52] aspirate

[2026-07-28 16:46:50] [2026-07-28 20:10:52] 7

[2026-07-28 16:46:50] [2026-07-28 20:10:52] 10

[2026-07-28 16:46:50] [2026-07-28 20:13:10] dispense

[2026-07-28 16:46:50] [2026-07-28 20:13:10] 7

[2026-07-28 16:46:50] [2026-07-28 20:13:10] 10

[2026-07-28 16:46:50] [2026-07-28 20:14:39] aspirate

[2026-07-28 16:46:50] [2026-07-28 20:14:39] 8

[2026-07-28 16:46:50] [2026-07-28 20:14:39] 10

[2026-07-28 16:46:50] [2026-07-28 20:16:58] dispense

[2026-07-28 16:46:50] [2026-07-28 20:16:58] 8

[2026-07-28 16:46:50] [2026-07-28 20:16:58] 10

[2026-07-28 16:46:50] [2026-07-28 20:18:27] aspirate

[2026-07-28 16:46:50] [2026-07-28 20:18:27] 9

[2026-07-28 16:46:50] [2026-07-28 20:18:27] 10

[2026-07-28 16:46:50] [2026-07-28 20:21:02] dispense

[2026-07-28 16:46:50] [2026-07-28 20:21:02] 9

[2026-07-28 16:46:50] [2026-07-28 20:21:02] 10

[2026-07-28 16:46:50] [2026-07-28 20:21:02] 2291.67496053176

[2026-07-28 16:46:50] [2026-07-28 20:27:53] entered if statement!!!

[2026-07-28 16:46:50] [2026-07-28 20:29:24] Joined both subprocesses.

[2026-07-28 16:46:50] [2026-07-28 20:30:13] Pullcast complete.

[2026-07-28 16:46:50] [2026-07-28 20:30:13] Nitrogen on.

[2026-07-28 16:46:50] [2026-07-28 20:31:26] Nitrogen off.

[2026-07-28 16:46:50] [2026-07-28 20:31:35] Membrane sitting in bath for 101 seconds.

[2026-07-28 16:46:50] [2026-07-28 20:31:45] Nitrogen cap has been put away.

[2026-07-28 16:46:50] [2026-07-28 20:32:00] Ring has been placed on the coupon.

[2026-07-28 16:46:50] [2026-07-28 20:43:43] Initial membrane picture taken.

[2026-07-28 16:46:50] [2026-07-28 20:44:03] Simulating compression tests.

[2026-07-28 16:46:50] [2026-07-28 20:44:57] Final membrane picture taken.

[2026-07-28 16:46:50] [2026-07-28 20:45:14] Coupon successfully discarded.

[2026-07-28 16:46:50] [2026-07-28 20:45:14] Cleaning knife

[2026-07-28 16:46:50] [2026-07-28 20:46:15] Knife cleaning finished.

[2026-07-28 16:46:50] [2026-07-28 20:47:00] Done

[2026-07-28 16:46:50] ── END PROTOCOL LOG ───────────────────────────────────────────────

[2026-07-28 16:46:50] 
[1/5] organising files...

[2026-07-28 16:46:50] [START] condition=21.0-0.5add-25degMix-5deg-60s-N2-101s

[2026-07-28 16:46:50] [2/5] processing pipeline for: 21.0-0.5add-25degMix-5deg-60s-N2-101s

[2026-07-28 16:47:02] [3/5] generating initial report...

[2026-07-28 16:47:02] [4/5] additive iteration mode — skipping active learning...

[2026-07-28 16:47:02]   JSON result: C:\Users\opentrons\Documents\Auto-Membranes\llm_result_21.0-0.5add-25degMix-5deg-60s-N2-101s.json

[2026-07-28 16:47:02] [5/5] next params: {'mixing_temp': 25, 'bath_temp': 5, 'pullcast_speed': 10, 'nitrogen': True, 'coupon_to_bath_wait_time': 60, 'nips_bath_wait_time': 101, 'polymer_wt': 21.0, 'additive_wt': 1.0, 'stock_metadata': {'polymer_stock_wt_percent': 21.0, 'additive_stock_polymer_wt_percent': 21.0, 'additive_stock_additive_wt_percent': 4.0}}

[2026-07-28 16:47:02] Python recieved!

[2026-07-28 16:47:02] Exact payload being sent: {"mixing_temp": 25, "bath_temp": 5, "pullcast_speed": 10, "nitrogen": true, "coupon_to_bath_wait_time": 60, "nips_bath_wait_time": 101, "polymer_wt": 21.0, "additive_wt": 1.0, "stock_metadata": {"polymer_stock_wt_percent": 21.0, "additive_stock_polymer_wt_percent": 21.0, "additive_stock_additive_wt_percent": 4.0}}

[2026-07-28 16:47:02] Opentrons response: Creating Membrane with following parameters: {"mixing_temp": 25, "bath_temp": 5, "pullcast_speed": 10, "nitrogen": true, "coupon_to_bath_wait_time": 60, "nips_bath_wait_time": 101, "polymer_wt": 21.0, "additive_wt": 1.0, "stock_metadata": {"polymer_stock_wt_percent": 21.0, "additive_stock_polymer_wt_percent": 21.0, "additive_stock_additive_wt_percent": 4.0}}

[2026-07-28 16:47:02] [DONE] 21.0-0.5add-25degMix-5deg-60s-N2-101s  elapsed=11.7s

[2026-07-28 18:10:07] Error: unable to take picture

[2026-07-28 18:11:21] Error: unable to take picture

[2026-07-28 18:13:24] ── PROTOCOL LOG (Opentrons) ────────────────────────────────────────

[2026-07-28 18:13:24] [2026-07-28 20:47:11] Recievied request for membrane with following parameters:

[2026-07-28 18:13:24] [2026-07-28 20:47:11] {'mixing_temp': 25, 'bath_temp': 5, 'pullcast_speed': 10, 'nitrogen': True, 'coupon_to_bath_wait_time': 60, 'nips_bath_wait_time': 101, 'polymer_wt': 21.0, 'additive_wt': 1.0, 'stock_metadata': {'polymer_stock_wt_percent': 21.0, 'additive_stock_polymer_wt_percent': 21.0, 'additive_stock_additive_wt_percent': 4.0}}

[2026-07-28 18:13:24] [2026-07-28 20:47:11] Bath chilling process started.

[2026-07-28 18:13:24] [2026-07-28 20:47:11] Simulating zero tests.

[2026-07-28 18:13:24] [2026-07-28 20:47:11] Beginning zero tests on coupons.

[2026-07-28 18:13:24] [2026-07-28 20:47:11] Opentrons process started.

[2026-07-28 18:13:24] [2026-07-28 20:47:11] 
Target recipe

[2026-07-28 18:13:24] [2026-07-28 20:47:11] -------------

[2026-07-28 18:13:24] [2026-07-28 20:47:11] Total volume:      1000.00 uL

[2026-07-28 18:13:24] [2026-07-28 20:47:11] Target polymer:    21 wt%

[2026-07-28 18:13:24] [2026-07-28 20:47:11] Target additive:   1 wt%

[2026-07-28 18:13:24] [2026-07-28 20:47:11] 
Required volumes

[2026-07-28 18:13:24] [2026-07-28 20:47:11] ----------------

[2026-07-28 18:13:24] [2026-07-28 20:47:11] Normal polymer stock:      753.00 uL

[2026-07-28 18:13:24] [2026-07-28 20:47:11] Polymer-additive stock:    247.00 uL

[2026-07-28 18:13:24] [2026-07-28 20:47:11] Pure solvent:              0.00 uL

[2026-07-28 18:13:24] [2026-07-28 20:47:11] Total:                     1000.00 uL

[2026-07-28 18:13:24] [2026-07-28 20:47:11] 
Final composition check

[2026-07-28 18:13:24] [2026-07-28 20:47:11] -----------------------

[2026-07-28 18:13:24] [2026-07-28 20:47:11] Polymer:    21.0000 wt%

[2026-07-28 18:13:24] [2026-07-28 20:47:11] Additive:   1.0015 wt%

[2026-07-28 18:13:24] [2026-07-28 20:47:11] Solvent:    77.9985 wt%

[2026-07-28 18:13:24] [2026-07-28 20:48:04] Temperature set to 25.

[2026-07-28 18:13:24] [2026-07-28 20:49:52] entered if statement!!!

[2026-07-28 18:13:24] [2026-07-28 21:00:38] entered if statement!!!

[2026-07-28 18:13:24] [2026-07-28 21:10:53] aspirate

[2026-07-28 18:13:24] [2026-07-28 21:10:53] 0

[2026-07-28 18:13:24] [2026-07-28 21:10:53] 10

[2026-07-28 18:13:24] [2026-07-28 21:13:12] dispense

[2026-07-28 18:13:24] [2026-07-28 21:13:12] 0

[2026-07-28 18:13:24] [2026-07-28 21:13:12] 10

[2026-07-28 18:13:24] [2026-07-28 21:14:40] aspirate

[2026-07-28 18:13:24] [2026-07-28 21:14:41] 1

[2026-07-28 18:13:24] [2026-07-28 21:14:41] 10

[2026-07-28 18:13:24] [2026-07-28 21:16:59] dispense

[2026-07-28 18:13:24] [2026-07-28 21:16:59] 1

[2026-07-28 18:13:24] [2026-07-28 21:16:59] 10

[2026-07-28 18:13:24] [2026-07-28 21:18:28] aspirate

[2026-07-28 18:13:24] [2026-07-28 21:18:28] 2

[2026-07-28 18:13:24] [2026-07-28 21:18:28] 10

[2026-07-28 18:13:24] [2026-07-28 21:20:47] dispense

[2026-07-28 18:13:24] [2026-07-28 21:20:47] 2

[2026-07-28 18:13:24] [2026-07-28 21:20:47] 10

[2026-07-28 18:13:24] [2026-07-28 21:22:16] aspirate

[2026-07-28 18:13:24] [2026-07-28 21:22:16] 3

[2026-07-28 18:13:24] [2026-07-28 21:22:16] 10

[2026-07-28 18:13:24] [2026-07-28 21:24:34] dispense

[2026-07-28 18:13:24] [2026-07-28 21:24:34] 3

[2026-07-28 18:13:24] [2026-07-28 21:24:34] 10

[2026-07-28 18:13:24] [2026-07-28 21:26:03] aspirate

[2026-07-28 18:13:24] [2026-07-28 21:26:03] 4

[2026-07-28 18:13:24] [2026-07-28 21:26:03] 10

[2026-07-28 18:13:24] [2026-07-28 21:28:22] dispense

[2026-07-28 18:13:24] [2026-07-28 21:28:22] 4

[2026-07-28 18:13:24] [2026-07-28 21:28:22] 10

[2026-07-28 18:13:24] [2026-07-28 21:29:51] aspirate

[2026-07-28 18:13:24] [2026-07-28 21:29:51] 5

[2026-07-28 18:13:24] [2026-07-28 21:29:51] 10

[2026-07-28 18:13:24] [2026-07-28 21:32:09] dispense

[2026-07-28 18:13:24] [2026-07-28 21:32:09] 5

[2026-07-28 18:13:24] [2026-07-28 21:32:09] 10

[2026-07-28 18:13:24] [2026-07-28 21:33:38] aspirate

[2026-07-28 18:13:24] [2026-07-28 21:33:38] 6

[2026-07-28 18:13:24] [2026-07-28 21:33:38] 10

[2026-07-28 18:13:24] [2026-07-28 21:35:57] dispense

[2026-07-28 18:13:24] [2026-07-28 21:35:57] 6

[2026-07-28 18:13:24] [2026-07-28 21:35:57] 10

[2026-07-28 18:13:24] [2026-07-28 21:37:26] aspirate

[2026-07-28 18:13:24] [2026-07-28 21:37:26] 7

[2026-07-28 18:13:24] [2026-07-28 21:37:26] 10

[2026-07-28 18:13:24] [2026-07-28 21:39:44] dispense

[2026-07-28 18:13:24] [2026-07-28 21:39:44] 7

[2026-07-28 18:13:24] [2026-07-28 21:39:44] 10

[2026-07-28 18:13:24] [2026-07-28 21:41:13] aspirate

[2026-07-28 18:13:24] [2026-07-28 21:41:13] 8

[2026-07-28 18:13:24] [2026-07-28 21:41:13] 10

[2026-07-28 18:13:24] [2026-07-28 21:43:32] dispense

[2026-07-28 18:13:24] [2026-07-28 21:43:32] 8

[2026-07-28 18:13:24] [2026-07-28 21:43:32] 10

[2026-07-28 18:13:24] [2026-07-28 21:45:01] aspirate

[2026-07-28 18:13:24] [2026-07-28 21:45:01] 9

[2026-07-28 18:13:24] [2026-07-28 21:45:01] 10

[2026-07-28 18:13:24] [2026-07-28 21:47:35] dispense

[2026-07-28 18:13:24] [2026-07-28 21:47:35] 9

[2026-07-28 18:13:24] [2026-07-28 21:47:35] 10

[2026-07-28 18:13:24] [2026-07-28 21:47:35] 2291.7588974069804

[2026-07-28 18:13:24] [2026-07-28 21:54:27] entered if statement!!!

[2026-07-28 18:13:24] [2026-07-28 21:55:58] Joined both subprocesses.

[2026-07-28 18:13:24] [2026-07-28 21:56:47] Pullcast complete.

[2026-07-28 18:13:24] [2026-07-28 21:56:47] Nitrogen on.

[2026-07-28 18:13:24] [2026-07-28 21:57:59] Nitrogen off.

[2026-07-28 18:13:24] [2026-07-28 21:58:09] Membrane sitting in bath for 101 seconds.

[2026-07-28 18:13:24] [2026-07-28 21:58:19] Nitrogen cap has been put away.

[2026-07-28 18:13:24] [2026-07-28 21:58:33] Ring has been placed on the coupon.

[2026-07-28 18:13:24] [2026-07-28 22:10:16] Initial membrane picture taken.

[2026-07-28 18:13:24] [2026-07-28 22:10:37] Simulating compression tests.

[2026-07-28 18:13:24] [2026-07-28 22:11:31] Final membrane picture taken.

[2026-07-28 18:13:24] [2026-07-28 22:11:48] Coupon successfully discarded.

[2026-07-28 18:13:24] [2026-07-28 22:11:48] Cleaning knife

[2026-07-28 18:13:24] [2026-07-28 22:12:49] Knife cleaning finished.

[2026-07-28 18:13:24] [2026-07-28 22:13:34] Done

[2026-07-28 18:13:24] ── END PROTOCOL LOG ───────────────────────────────────────────────

[2026-07-28 18:13:24] 
[1/5] organising files...

[2026-07-28 18:13:24] [START] condition=21.0-1.0add-25degMix-5deg-60s-N2-101s

[2026-07-28 18:13:24] [2/5] processing pipeline for: 21.0-1.0add-25degMix-5deg-60s-N2-101s

[2026-07-28 18:13:37] [3/5] generating initial report...

[2026-07-28 18:13:37] [4/5] additive iteration mode — skipping active learning...

[2026-07-28 18:13:37]   JSON result: C:\Users\opentrons\Documents\Auto-Membranes\llm_result_21.0-1.0add-25degMix-5deg-60s-N2-101s.json

[2026-07-28 18:13:37] [5/5] next params: {'mixing_temp': 25, 'bath_temp': 5, 'pullcast_speed': 10, 'nitrogen': True, 'coupon_to_bath_wait_time': 60, 'nips_bath_wait_time': 101, 'polymer_wt': 21.0, 'additive_wt': 1.5, 'stock_metadata': {'polymer_stock_wt_percent': 21.0, 'additive_stock_polymer_wt_percent': 21.0, 'additive_stock_additive_wt_percent': 4.0}}

[2026-07-28 18:13:37] Python recieved!

[2026-07-28 18:13:37] Exact payload being sent: {"mixing_temp": 25, "bath_temp": 5, "pullcast_speed": 10, "nitrogen": true, "coupon_to_bath_wait_time": 60, "nips_bath_wait_time": 101, "polymer_wt": 21.0, "additive_wt": 1.5, "stock_metadata": {"polymer_stock_wt_percent": 21.0, "additive_stock_polymer_wt_percent": 21.0, "additive_stock_additive_wt_percent": 4.0}}

[2026-07-28 18:13:37] Opentrons response: Creating Membrane with following parameters: {"mixing_temp": 25, "bath_temp": 5, "pullcast_speed": 10, "nitrogen": true, "coupon_to_bath_wait_time": 60, "nips_bath_wait_time": 101, "polymer_wt": 21.0, "additive_wt": 1.5, "stock_metadata": {"polymer_stock_wt_percent": 21.0, "additive_stock_polymer_wt_percent": 21.0, "additive_stock_additive_wt_percent": 4.0}}

[2026-07-28 18:13:37] [DONE] 21.0-1.0add-25degMix-5deg-60s-N2-101s  elapsed=12.6s

[2026-07-28 19:36:42] Error: unable to take picture

[2026-07-28 19:37:56] Error: unable to take picture

[2026-07-28 19:39:58] ── PROTOCOL LOG (Opentrons) ────────────────────────────────────────

[2026-07-28 19:39:58] [2026-07-28 22:13:46] Recievied request for membrane with following parameters:

[2026-07-28 19:39:58] [2026-07-28 22:13:46] {'mixing_temp': 25, 'bath_temp': 5, 'pullcast_speed': 10, 'nitrogen': True, 'coupon_to_bath_wait_time': 60, 'nips_bath_wait_time': 101, 'polymer_wt': 21.0, 'additive_wt': 1.5, 'stock_metadata': {'polymer_stock_wt_percent': 21.0, 'additive_stock_polymer_wt_percent': 21.0, 'additive_stock_additive_wt_percent': 4.0}}

[2026-07-28 19:39:58] [2026-07-28 22:13:46] Bath chilling process started.

[2026-07-28 19:39:58] [2026-07-28 22:13:46] Simulating zero tests.

[2026-07-28 19:39:58] [2026-07-28 22:13:46] Beginning zero tests on coupons.

[2026-07-28 19:39:58] [2026-07-28 22:13:46] Opentrons process started.

[2026-07-28 19:39:58] [2026-07-28 22:13:46] 
Target recipe

[2026-07-28 19:39:58] [2026-07-28 22:13:46] -------------

[2026-07-28 19:39:58] [2026-07-28 22:13:46] Total volume:      1000.00 uL

[2026-07-28 19:39:58] [2026-07-28 22:13:46] Target polymer:    21 wt%

[2026-07-28 19:39:58] [2026-07-28 22:13:46] Target additive:   1.5 wt%

[2026-07-28 19:39:58] [2026-07-28 22:13:46] 
Required volumes

[2026-07-28 19:39:58] [2026-07-28 22:13:46] ----------------

[2026-07-28 19:39:58] [2026-07-28 22:13:46] Normal polymer stock:      629.00 uL

[2026-07-28 19:39:58] [2026-07-28 22:13:46] Polymer-additive stock:    371.00 uL

[2026-07-28 19:39:58] [2026-07-28 22:13:46] Pure solvent:              0.00 uL

[2026-07-28 19:39:58] [2026-07-28 22:13:46] Total:                     1000.00 uL

[2026-07-28 19:39:58] [2026-07-28 22:13:46] 
Final composition check

[2026-07-28 19:39:58] [2026-07-28 22:13:46] -----------------------

[2026-07-28 19:39:58] [2026-07-28 22:13:46] Polymer:    21.0000 wt%

[2026-07-28 19:39:58] [2026-07-28 22:13:46] Additive:   1.5009 wt%

[2026-07-28 19:39:58] [2026-07-28 22:13:46] Solvent:    77.4991 wt%

[2026-07-28 19:39:58] [2026-07-28 22:13:47] 4.86

[2026-07-28 19:39:58] [2026-07-28 22:13:48] 4.85

[2026-07-28 19:39:58] [2026-07-28 22:13:49] 4.85

[2026-07-28 19:39:58] [2026-07-28 22:13:50] 4.84

[2026-07-28 19:39:58] [2026-07-28 22:13:51] 4.84

[2026-07-28 19:39:58] [2026-07-28 22:13:52] 4.82

[2026-07-28 19:39:58] [2026-07-28 22:13:53] 4.81

[2026-07-28 19:39:58] [2026-07-28 22:13:55] 4.79

[2026-07-28 19:39:58] [2026-07-28 22:13:56] 4.77

[2026-07-28 19:39:58] [2026-07-28 22:13:57] 4.75

[2026-07-28 19:39:58] [2026-07-28 22:13:58] 4.73

[2026-07-28 19:39:58] [2026-07-28 22:13:59] 4.72

[2026-07-28 19:39:58] [2026-07-28 22:14:00] 4.7

[2026-07-28 19:39:58] [2026-07-28 22:14:01] 4.7

[2026-07-28 19:39:58] [2026-07-28 22:14:02] 4.69

[2026-07-28 19:39:58] [2026-07-28 22:14:03] 4.69

[2026-07-28 19:39:58] [2026-07-28 22:14:05] 4.69

[2026-07-28 19:39:58] [2026-07-28 22:14:06] 4.69

[2026-07-28 19:39:58] [2026-07-28 22:14:07] 4.7

[2026-07-28 19:39:58] [2026-07-28 22:14:08] 4.7

[2026-07-28 19:39:58] [2026-07-28 22:14:09] 4.71

[2026-07-28 19:39:58] [2026-07-28 22:14:10] 4.72

[2026-07-28 19:39:58] [2026-07-28 22:14:11] 4.73

[2026-07-28 19:39:58] [2026-07-28 22:14:12] 4.75

[2026-07-28 19:39:58] [2026-07-28 22:14:13] 4.77

[2026-07-28 19:39:58] [2026-07-28 22:14:14] 4.79

[2026-07-28 19:39:58] [2026-07-28 22:14:16] 4.81

[2026-07-28 19:39:58] [2026-07-28 22:14:17] 4.83

[2026-07-28 19:39:58] [2026-07-28 22:14:18] 4.85

[2026-07-28 19:39:58] [2026-07-28 22:14:19] 4.87

[2026-07-28 19:39:58] [2026-07-28 22:14:20] 4.89

[2026-07-28 19:39:58] [2026-07-28 22:14:38] Temperature set to 25.

[2026-07-28 19:39:58] [2026-07-28 22:17:12] entered if statement!!!

[2026-07-28 19:39:58] [2026-07-28 22:27:58] entered if statement!!!

[2026-07-28 19:39:58] [2026-07-28 22:37:28] aspirate

[2026-07-28 19:39:58] [2026-07-28 22:37:28] 0

[2026-07-28 19:39:58] [2026-07-28 22:37:28] 10

[2026-07-28 19:39:58] [2026-07-28 22:39:46] dispense

[2026-07-28 19:39:58] [2026-07-28 22:39:46] 0

[2026-07-28 19:39:58] [2026-07-28 22:39:46] 10

[2026-07-28 19:39:58] [2026-07-28 22:41:15] aspirate

[2026-07-28 19:39:58] [2026-07-28 22:41:15] 1

[2026-07-28 19:39:58] [2026-07-28 22:41:15] 10

[2026-07-28 19:39:58] [2026-07-28 22:43:34] dispense

[2026-07-28 19:39:58] [2026-07-28 22:43:34] 1

[2026-07-28 19:39:58] [2026-07-28 22:43:34] 10

[2026-07-28 19:39:58] [2026-07-28 22:45:03] aspirate

[2026-07-28 19:39:58] [2026-07-28 22:45:03] 2

[2026-07-28 19:39:58] [2026-07-28 22:45:03] 10

[2026-07-28 19:39:58] [2026-07-28 22:47:21] dispense

[2026-07-28 19:39:58] [2026-07-28 22:47:21] 2

[2026-07-28 19:39:58] [2026-07-28 22:47:21] 10

[2026-07-28 19:39:58] [2026-07-28 22:48:50] aspirate

[2026-07-28 19:39:58] [2026-07-28 22:48:50] 3

[2026-07-28 19:39:58] [2026-07-28 22:48:50] 10

[2026-07-28 19:39:58] [2026-07-28 22:51:09] dispense

[2026-07-28 19:39:58] [2026-07-28 22:51:09] 3

[2026-07-28 19:39:58] [2026-07-28 22:51:09] 10

[2026-07-28 19:39:58] [2026-07-28 22:52:38] aspirate

[2026-07-28 19:39:58] [2026-07-28 22:52:38] 4

[2026-07-28 19:39:58] [2026-07-28 22:52:38] 10

[2026-07-28 19:39:58] [2026-07-28 22:54:56] dispense

[2026-07-28 19:39:58] [2026-07-28 22:54:56] 4

[2026-07-28 19:39:58] [2026-07-28 22:54:56] 10

[2026-07-28 19:39:58] [2026-07-28 22:56:25] aspirate

[2026-07-28 19:39:58] [2026-07-28 22:56:25] 5

[2026-07-28 19:39:58] [2026-07-28 22:56:25] 10

[2026-07-28 19:39:58] [2026-07-28 22:58:44] dispense

[2026-07-28 19:39:58] [2026-07-28 22:58:44] 5

[2026-07-28 19:39:58] [2026-07-28 22:58:44] 10

[2026-07-28 19:39:58] [2026-07-28 23:00:13] aspirate

[2026-07-28 19:39:58] [2026-07-28 23:00:13] 6

[2026-07-28 19:39:58] [2026-07-28 23:00:13] 10

[2026-07-28 19:39:58] [2026-07-28 23:02:32] dispense

[2026-07-28 19:39:58] [2026-07-28 23:02:32] 6

[2026-07-28 19:39:58] [2026-07-28 23:02:32] 10

[2026-07-28 19:39:58] [2026-07-28 23:04:00] aspirate

[2026-07-28 19:39:58] [2026-07-28 23:04:00] 7

[2026-07-28 19:39:58] [2026-07-28 23:04:00] 10

[2026-07-28 19:39:58] [2026-07-28 23:06:19] dispense

[2026-07-28 19:39:58] [2026-07-28 23:06:19] 7

[2026-07-28 19:39:58] [2026-07-28 23:06:19] 10

[2026-07-28 19:39:58] [2026-07-28 23:07:48] aspirate

[2026-07-28 19:39:58] [2026-07-28 23:07:48] 8

[2026-07-28 19:39:58] [2026-07-28 23:07:48] 10

[2026-07-28 19:39:58] [2026-07-28 23:10:07] dispense

[2026-07-28 19:39:58] [2026-07-28 23:10:07] 8

[2026-07-28 19:39:58] [2026-07-28 23:10:07] 10

[2026-07-28 19:39:58] [2026-07-28 23:11:36] aspirate

[2026-07-28 19:39:58] [2026-07-28 23:11:36] 9

[2026-07-28 19:39:58] [2026-07-28 23:11:36] 10

[2026-07-28 19:39:58] [2026-07-28 23:14:10] dispense

[2026-07-28 19:39:58] [2026-07-28 23:14:10] 9

[2026-07-28 19:39:58] [2026-07-28 23:14:10] 10

[2026-07-28 19:39:58] [2026-07-28 23:14:10] 2291.961811522022

[2026-07-28 19:39:58] [2026-07-28 23:21:02] entered if statement!!!

[2026-07-28 19:39:58] [2026-07-28 23:22:33] Joined both subprocesses.

[2026-07-28 19:39:58] [2026-07-28 23:23:22] Pullcast complete.

[2026-07-28 19:39:58] [2026-07-28 23:23:22] Nitrogen on.

[2026-07-28 19:39:58] [2026-07-28 23:24:35] Nitrogen off.

[2026-07-28 19:39:58] [2026-07-28 23:24:44] Membrane sitting in bath for 101 seconds.

[2026-07-28 19:39:58] [2026-07-28 23:24:54] Nitrogen cap has been put away.

[2026-07-28 19:39:58] [2026-07-28 23:25:09] Ring has been placed on the coupon.

[2026-07-28 19:39:58] [2026-07-28 23:36:51] Initial membrane picture taken.

[2026-07-28 19:39:58] [2026-07-28 23:37:12] Simulating compression tests.

[2026-07-28 19:39:58] [2026-07-28 23:38:06] Final membrane picture taken.

[2026-07-28 19:39:58] [2026-07-28 23:38:23] Coupon successfully discarded.

[2026-07-28 19:39:58] [2026-07-28 23:38:23] Cleaning knife

[2026-07-28 19:39:58] [2026-07-28 23:39:23] Knife cleaning finished.

[2026-07-28 19:39:58] [2026-07-28 23:40:08] Done

[2026-07-28 19:39:58] ── END PROTOCOL LOG ───────────────────────────────────────────────

[2026-07-28 19:39:58] 
[1/5] organising files...

[2026-07-28 19:39:58] [START] condition=21.0-1.5add-25degMix-5deg-60s-N2-101s

[2026-07-28 19:39:58] [2/5] processing pipeline for: 21.0-1.5add-25degMix-5deg-60s-N2-101s

[2026-07-28 19:40:12] [3/5] generating initial report...

[2026-07-28 19:40:12] [4/5] additive iteration mode — skipping active learning...

[2026-07-28 19:40:12]   JSON result: C:\Users\opentrons\Documents\Auto-Membranes\llm_result_21.0-1.5add-25degMix-5deg-60s-N2-101s.json

[2026-07-28 19:40:12] [5/5] next params: {'mixing_temp': 25, 'bath_temp': 5, 'pullcast_speed': 10, 'nitrogen': True, 'coupon_to_bath_wait_time': 60, 'nips_bath_wait_time': 101, 'polymer_wt': 21.0, 'additive_wt': 2.0, 'stock_metadata': {'polymer_stock_wt_percent': 21.0, 'additive_stock_polymer_wt_percent': 21.0, 'additive_stock_additive_wt_percent': 4.0}}

[2026-07-28 19:40:12] Python recieved!

[2026-07-28 19:40:12] Exact payload being sent: {"mixing_temp": 25, "bath_temp": 5, "pullcast_speed": 10, "nitrogen": true, "coupon_to_bath_wait_time": 60, "nips_bath_wait_time": 101, "polymer_wt": 21.0, "additive_wt": 2.0, "stock_metadata": {"polymer_stock_wt_percent": 21.0, "additive_stock_polymer_wt_percent": 21.0, "additive_stock_additive_wt_percent": 4.0}}

[2026-07-28 19:40:12] Opentrons response: Creating Membrane with following parameters: {"mixing_temp": 25, "bath_temp": 5, "pullcast_speed": 10, "nitrogen": true, "coupon_to_bath_wait_time": 60, "nips_bath_wait_time": 101, "polymer_wt": 21.0, "additive_wt": 2.0, "stock_metadata": {"polymer_stock_wt_percent": 21.0, "additive_stock_polymer_wt_percent": 21.0, "additive_stock_additive_wt_percent": 4.0}}

[2026-07-28 19:40:12] [DONE] 21.0-1.5add-25degMix-5deg-60s-N2-101s  elapsed=14.1s

[2026-07-28 21:03:18] Error: unable to take picture

[2026-07-28 21:04:32] Error: unable to take picture

[2026-07-28 21:06:34] ── PROTOCOL LOG (Opentrons) ────────────────────────────────────────

[2026-07-28 21:06:34] [2026-07-28 23:40:22] Recievied request for membrane with following parameters:

[2026-07-28 21:06:34] [2026-07-28 23:40:22] {'mixing_temp': 25, 'bath_temp': 5, 'pullcast_speed': 10, 'nitrogen': True, 'coupon_to_bath_wait_time': 60, 'nips_bath_wait_time': 101, 'polymer_wt': 21.0, 'additive_wt': 2.0, 'stock_metadata': {'polymer_stock_wt_percent': 21.0, 'additive_stock_polymer_wt_percent': 21.0, 'additive_stock_additive_wt_percent': 4.0}}

[2026-07-28 21:06:34] [2026-07-28 23:40:22] Bath chilling process started.

[2026-07-28 21:06:34] [2026-07-28 23:40:22] Simulating zero tests.

[2026-07-28 21:06:34] [2026-07-28 23:40:22] Beginning zero tests on coupons.

[2026-07-28 21:06:34] [2026-07-28 23:40:22] Opentrons process started.

[2026-07-28 21:06:34] [2026-07-28 23:40:22] 
Target recipe

[2026-07-28 21:06:34] [2026-07-28 23:40:22] -------------

[2026-07-28 21:06:34] [2026-07-28 23:40:22] Total volume:      1000.00 uL

[2026-07-28 21:06:34] [2026-07-28 23:40:22] Target polymer:    21 wt%

[2026-07-28 21:06:34] [2026-07-28 23:40:22] Target additive:   2 wt%

[2026-07-28 21:06:34] [2026-07-28 23:40:22] 
Required volumes

[2026-07-28 21:06:34] [2026-07-28 23:40:22] ----------------

[2026-07-28 21:06:34] [2026-07-28 23:40:22] Normal polymer stock:      505.00 uL

[2026-07-28 21:06:34] [2026-07-28 23:40:22] Polymer-additive stock:    495.00 uL

[2026-07-28 21:06:34] [2026-07-28 23:40:22] Pure solvent:              0.00 uL

[2026-07-28 21:06:34] [2026-07-28 23:40:22] Total:                     1000.00 uL

[2026-07-28 21:06:34] [2026-07-28 23:40:22] 
Final composition check

[2026-07-28 21:06:34] [2026-07-28 23:40:22] -----------------------

[2026-07-28 21:06:34] [2026-07-28 23:40:22] Polymer:    21.0000 wt%

[2026-07-28 21:06:34] [2026-07-28 23:40:22] Additive:   1.9980 wt%

[2026-07-28 21:06:34] [2026-07-28 23:40:22] Solvent:    77.0020 wt%

[2026-07-28 21:06:34] [2026-07-28 23:41:14] Temperature set to 25.

[2026-07-28 21:06:34] [2026-07-28 23:44:33] entered if statement!!!

[2026-07-28 21:06:34] [2026-07-28 23:55:19] entered if statement!!!

[2026-07-28 21:06:34] [2026-07-29 00:04:04] aspirate

[2026-07-28 21:06:34] [2026-07-29 00:04:04] 0

[2026-07-28 21:06:34] [2026-07-29 00:04:04] 10

[2026-07-28 21:06:34] [2026-07-29 00:06:23] dispense

[2026-07-28 21:06:34] [2026-07-29 00:06:23] 0

[2026-07-28 21:06:34] [2026-07-29 00:06:23] 10

[2026-07-28 21:06:34] [2026-07-29 00:07:52] aspirate

[2026-07-28 21:06:34] [2026-07-29 00:07:52] 1

[2026-07-28 21:06:34] [2026-07-29 00:07:52] 10

[2026-07-28 21:06:34] [2026-07-29 00:10:10] dispense

[2026-07-28 21:06:34] [2026-07-29 00:10:10] 1

[2026-07-28 21:06:34] [2026-07-29 00:10:10] 10

[2026-07-28 21:06:34] [2026-07-29 00:11:39] aspirate

[2026-07-28 21:06:34] [2026-07-29 00:11:39] 2

[2026-07-28 21:06:34] [2026-07-29 00:11:39] 10

[2026-07-28 21:06:34] [2026-07-29 00:13:58] dispense

[2026-07-28 21:06:34] [2026-07-29 00:13:58] 2

[2026-07-28 21:06:34] [2026-07-29 00:13:58] 10

[2026-07-28 21:06:34] [2026-07-29 00:15:27] aspirate

[2026-07-28 21:06:34] [2026-07-29 00:15:27] 3

[2026-07-28 21:06:34] [2026-07-29 00:15:27] 10

[2026-07-28 21:06:34] [2026-07-29 00:17:45] dispense

[2026-07-28 21:06:34] [2026-07-29 00:17:45] 3

[2026-07-28 21:06:34] [2026-07-29 00:17:45] 10

[2026-07-28 21:06:34] [2026-07-29 00:19:14] aspirate

[2026-07-28 21:06:34] [2026-07-29 00:19:14] 4

[2026-07-28 21:06:34] [2026-07-29 00:19:14] 10

[2026-07-28 21:06:34] [2026-07-29 00:21:33] dispense

[2026-07-28 21:06:34] [2026-07-29 00:21:33] 4

[2026-07-28 21:06:34] [2026-07-29 00:21:33] 10

[2026-07-28 21:06:34] [2026-07-29 00:23:02] aspirate

[2026-07-28 21:06:34] [2026-07-29 00:23:02] 5

[2026-07-28 21:06:34] [2026-07-29 00:23:02] 10

[2026-07-28 21:06:34] [2026-07-29 00:25:20] dispense

[2026-07-28 21:06:34] [2026-07-29 00:25:20] 5

[2026-07-28 21:06:34] [2026-07-29 00:25:20] 10

[2026-07-28 21:06:34] [2026-07-29 00:26:49] aspirate

[2026-07-28 21:06:34] [2026-07-29 00:26:49] 6

[2026-07-28 21:06:34] [2026-07-29 00:26:49] 10

[2026-07-28 21:06:34] [2026-07-29 00:29:08] dispense

[2026-07-28 21:06:34] [2026-07-29 00:29:08] 6

[2026-07-28 21:06:34] [2026-07-29 00:29:08] 10

[2026-07-28 21:06:34] [2026-07-29 00:30:37] aspirate

[2026-07-28 21:06:34] [2026-07-29 00:30:37] 7

[2026-07-28 21:06:34] [2026-07-29 00:30:37] 10

[2026-07-28 21:06:34] [2026-07-29 00:32:56] dispense

[2026-07-28 21:06:34] [2026-07-29 00:32:56] 7

[2026-07-28 21:06:34] [2026-07-29 00:32:56] 10

[2026-07-28 21:06:34] [2026-07-29 00:34:24] aspirate

[2026-07-28 21:06:34] [2026-07-29 00:34:24] 8

[2026-07-28 21:06:34] [2026-07-29 00:34:24] 10

[2026-07-28 21:06:34] [2026-07-29 00:36:43] dispense

[2026-07-28 21:06:34] [2026-07-29 00:36:43] 8

[2026-07-28 21:06:34] [2026-07-29 00:36:43] 10

[2026-07-28 21:06:34] [2026-07-29 00:38:12] aspirate

[2026-07-28 21:06:34] [2026-07-29 00:38:12] 9

[2026-07-28 21:06:34] [2026-07-29 00:38:12] 10

[2026-07-28 21:06:34] [2026-07-29 00:40:47] dispense

[2026-07-28 21:06:34] [2026-07-29 00:40:47] 9

[2026-07-28 21:06:34] [2026-07-29 00:40:47] 10

[2026-07-28 21:06:34] [2026-07-29 00:40:47] 2291.7368594901636

[2026-07-28 21:06:34] [2026-07-29 00:47:38] entered if statement!!!

[2026-07-28 21:06:34] [2026-07-29 00:49:09] Joined both subprocesses.

[2026-07-28 21:06:34] [2026-07-29 00:49:58] Pullcast complete.

[2026-07-28 21:06:34] [2026-07-29 00:49:58] Nitrogen on.

[2026-07-28 21:06:34] [2026-07-29 00:51:11] Nitrogen off.

[2026-07-28 21:06:34] [2026-07-29 00:51:20] Membrane sitting in bath for 101 seconds.

[2026-07-28 21:06:34] [2026-07-29 00:51:30] Nitrogen cap has been put away.

[2026-07-28 21:06:34] [2026-07-29 00:51:45] Ring has been placed on the coupon.

[2026-07-28 21:06:34] [2026-07-29 01:03:28] Initial membrane picture taken.

[2026-07-28 21:06:34] [2026-07-29 01:03:48] Simulating compression tests.

[2026-07-28 21:06:34] [2026-07-29 01:04:42] Final membrane picture taken.

[2026-07-28 21:06:34] [2026-07-29 01:04:59] Coupon successfully discarded.

[2026-07-28 21:06:34] [2026-07-29 01:04:59] Cleaning knife

[2026-07-28 21:06:34] [2026-07-29 01:06:00] Knife cleaning finished.

[2026-07-28 21:06:34] [2026-07-29 01:06:44] Done

[2026-07-28 21:06:34] ── END PROTOCOL LOG ───────────────────────────────────────────────

[2026-07-28 21:06:34] 
[1/5] organising files...

[2026-07-28 21:06:34] [START] condition=21.0-2.0add-25degMix-5deg-60s-N2-101s

[2026-07-28 21:06:34] [2/5] processing pipeline for: 21.0-2.0add-25degMix-5deg-60s-N2-101s

[2026-07-28 21:06:54] [3/5] generating initial report...

[2026-07-28 21:06:54] [4/5] additive iteration mode — skipping active learning...

[2026-07-28 21:06:54]   JSON result: C:\Users\opentrons\Documents\Auto-Membranes\llm_result_21.0-2.0add-25degMix-5deg-60s-N2-101s.json

[2026-07-28 21:06:54] [5/5] next params: {'mixing_temp': 25, 'bath_temp': 5, 'pullcast_speed': 10, 'nitrogen': True, 'coupon_to_bath_wait_time': 60, 'nips_bath_wait_time': 101, 'polymer_wt': 21.0, 'additive_wt': 2.5, 'stock_metadata': {'polymer_stock_wt_percent': 21.0, 'additive_stock_polymer_wt_percent': 21.0, 'additive_stock_additive_wt_percent': 4.0}}

[2026-07-28 21:06:54] Python recieved!

[2026-07-28 21:06:54] Exact payload being sent: {"mixing_temp": 25, "bath_temp": 5, "pullcast_speed": 10, "nitrogen": true, "coupon_to_bath_wait_time": 60, "nips_bath_wait_time": 101, "polymer_wt": 21.0, "additive_wt": 2.5, "stock_metadata": {"polymer_stock_wt_percent": 21.0, "additive_stock_polymer_wt_percent": 21.0, "additive_stock_additive_wt_percent": 4.0}}

[2026-07-28 21:06:54] Opentrons response: Creating Membrane with following parameters: {"mixing_temp": 25, "bath_temp": 5, "pullcast_speed": 10, "nitrogen": true, "coupon_to_bath_wait_time": 60, "nips_bath_wait_time": 101, "polymer_wt": 21.0, "additive_wt": 2.5, "stock_metadata": {"polymer_stock_wt_percent": 21.0, "additive_stock_polymer_wt_percent": 21.0, "additive_stock_additive_wt_percent": 4.0}}

[2026-07-28 21:06:54] [DONE] 21.0-2.0add-25degMix-5deg-60s-N2-101s  elapsed=19.6s

[2026-07-28 22:29:59] Error: unable to take picture

[2026-07-28 22:31:13] Error: unable to take picture

[2026-07-28 22:33:16] ── PROTOCOL LOG (Opentrons) ────────────────────────────────────────

[2026-07-28 22:33:16] [2026-07-29 01:07:04] Recievied request for membrane with following parameters:

[2026-07-28 22:33:16] [2026-07-29 01:07:04] {'mixing_temp': 25, 'bath_temp': 5, 'pullcast_speed': 10, 'nitrogen': True, 'coupon_to_bath_wait_time': 60, 'nips_bath_wait_time': 101, 'polymer_wt': 21.0, 'additive_wt': 2.5, 'stock_metadata': {'polymer_stock_wt_percent': 21.0, 'additive_stock_polymer_wt_percent': 21.0, 'additive_stock_additive_wt_percent': 4.0}}

[2026-07-28 22:33:16] [2026-07-29 01:07:04] Bath chilling process started.

[2026-07-28 22:33:16] [2026-07-29 01:07:04] Simulating zero tests.

[2026-07-28 22:33:16] [2026-07-29 01:07:04] Beginning zero tests on coupons.

[2026-07-28 22:33:16] [2026-07-29 01:07:04] Opentrons process started.

[2026-07-28 22:33:16] [2026-07-29 01:07:04] 
Target recipe

[2026-07-28 22:33:16] [2026-07-29 01:07:04] -------------

[2026-07-28 22:33:16] [2026-07-29 01:07:04] Total volume:      1000.00 uL

[2026-07-28 22:33:16] [2026-07-29 01:07:04] Target polymer:    21 wt%

[2026-07-28 22:33:16] [2026-07-29 01:07:04] Target additive:   2.5 wt%

[2026-07-28 22:33:16] [2026-07-29 01:07:04] 
Required volumes

[2026-07-28 22:33:16] [2026-07-29 01:07:04] ----------------

[2026-07-28 22:33:16] [2026-07-29 01:07:04] Normal polymer stock:      379.00 uL

[2026-07-28 22:33:16] [2026-07-29 01:07:04] Polymer-additive stock:    621.00 uL

[2026-07-28 22:33:16] [2026-07-29 01:07:04] Pure solvent:              0.00 uL

[2026-07-28 22:33:16] [2026-07-29 01:07:04] Total:                     1000.00 uL

[2026-07-28 22:33:16] [2026-07-29 01:07:04] 
Final composition check

[2026-07-28 22:33:16] [2026-07-29 01:07:04] -----------------------

[2026-07-28 22:33:16] [2026-07-29 01:07:04] Polymer:    21.0000 wt%

[2026-07-28 22:33:16] [2026-07-29 01:07:04] Additive:   2.5009 wt%

[2026-07-28 22:33:16] [2026-07-29 01:07:04] Solvent:    76.4991 wt%

[2026-07-28 22:33:16] [2026-07-29 01:07:04] 4.76

[2026-07-28 22:33:16] [2026-07-29 01:07:06] 4.73

[2026-07-28 22:33:16] [2026-07-29 01:07:07] 4.7

[2026-07-28 22:33:16] [2026-07-29 01:07:08] 4.68

[2026-07-28 22:33:16] [2026-07-29 01:07:09] 4.67

[2026-07-28 22:33:16] [2026-07-29 01:07:10] 4.66

[2026-07-28 22:33:16] [2026-07-29 01:07:11] 4.66

[2026-07-28 22:33:16] [2026-07-29 01:07:12] 4.67

[2026-07-28 22:33:16] [2026-07-29 01:07:13] 4.67

[2026-07-28 22:33:16] [2026-07-29 01:07:14] 4.67

[2026-07-28 22:33:16] [2026-07-29 01:07:15] 4.67

[2026-07-28 22:33:16] [2026-07-29 01:07:17] 4.67

[2026-07-28 22:33:16] [2026-07-29 01:07:18] 4.68

[2026-07-28 22:33:16] [2026-07-29 01:07:19] 4.68

[2026-07-28 22:33:16] [2026-07-29 01:07:20] 4.69

[2026-07-28 22:33:16] [2026-07-29 01:07:21] 4.7

[2026-07-28 22:33:16] [2026-07-29 01:07:22] 4.71

[2026-07-28 22:33:16] [2026-07-29 01:07:23] 4.72

[2026-07-28 22:33:16] [2026-07-29 01:07:24] 4.73

[2026-07-28 22:33:16] [2026-07-29 01:07:25] 4.75

[2026-07-28 22:33:16] [2026-07-29 01:07:26] 4.76

[2026-07-28 22:33:16] [2026-07-29 01:07:28] 4.78

[2026-07-28 22:33:16] [2026-07-29 01:07:29] 4.8

[2026-07-28 22:33:16] [2026-07-29 01:07:30] 4.83

[2026-07-28 22:33:16] [2026-07-29 01:07:31] 4.85

[2026-07-28 22:33:16] [2026-07-29 01:07:32] 4.87

[2026-07-28 22:33:16] [2026-07-29 01:07:33] 4.9

[2026-07-28 22:33:16] [2026-07-29 01:07:56] Temperature set to 25.

[2026-07-28 22:33:16] [2026-07-29 01:12:00] entered if statement!!!

[2026-07-28 22:33:16] [2026-07-29 01:22:46] entered if statement!!!

[2026-07-28 22:33:16] [2026-07-29 01:30:45] aspirate

[2026-07-28 22:33:16] [2026-07-29 01:30:45] 0

[2026-07-28 22:33:16] [2026-07-29 01:30:45] 10

[2026-07-28 22:33:16] [2026-07-29 01:33:04] dispense

[2026-07-28 22:33:16] [2026-07-29 01:33:04] 0

[2026-07-28 22:33:16] [2026-07-29 01:33:04] 10

[2026-07-28 22:33:16] [2026-07-29 01:34:33] aspirate

[2026-07-28 22:33:16] [2026-07-29 01:34:33] 1

[2026-07-28 22:33:16] [2026-07-29 01:34:33] 10

[2026-07-28 22:33:16] [2026-07-29 01:36:52] dispense

[2026-07-28 22:33:16] [2026-07-29 01:36:52] 1

[2026-07-28 22:33:16] [2026-07-29 01:36:52] 10

[2026-07-28 22:33:16] [2026-07-29 01:38:20] aspirate

[2026-07-28 22:33:16] [2026-07-29 01:38:20] 2

[2026-07-28 22:33:16] [2026-07-29 01:38:20] 10

[2026-07-28 22:33:16] [2026-07-29 01:40:39] dispense

[2026-07-28 22:33:16] [2026-07-29 01:40:39] 2

[2026-07-28 22:33:16] [2026-07-29 01:40:39] 10

[2026-07-28 22:33:16] [2026-07-29 01:42:08] aspirate

[2026-07-28 22:33:16] [2026-07-29 01:42:08] 3

[2026-07-28 22:33:16] [2026-07-29 01:42:08] 10

[2026-07-28 22:33:16] [2026-07-29 01:44:27] dispense

[2026-07-28 22:33:16] [2026-07-29 01:44:27] 3

[2026-07-28 22:33:16] [2026-07-29 01:44:27] 10

[2026-07-28 22:33:16] [2026-07-29 01:45:55] aspirate

[2026-07-28 22:33:16] [2026-07-29 01:45:55] 4

[2026-07-28 22:33:16] [2026-07-29 01:45:55] 10

[2026-07-28 22:33:16] [2026-07-29 01:48:14] dispense

[2026-07-28 22:33:16] [2026-07-29 01:48:14] 4

[2026-07-28 22:33:16] [2026-07-29 01:48:14] 10

[2026-07-28 22:33:16] [2026-07-29 01:49:43] aspirate

[2026-07-28 22:33:16] [2026-07-29 01:49:43] 5

[2026-07-28 22:33:16] [2026-07-29 01:49:43] 10

[2026-07-28 22:33:16] [2026-07-29 01:52:02] dispense

[2026-07-28 22:33:16] [2026-07-29 01:52:02] 5

[2026-07-28 22:33:16] [2026-07-29 01:52:02] 10

[2026-07-28 22:33:16] [2026-07-29 01:53:31] aspirate

[2026-07-28 22:33:16] [2026-07-29 01:53:31] 6

[2026-07-28 22:33:16] [2026-07-29 01:53:31] 10

[2026-07-28 22:33:16] [2026-07-29 01:55:49] dispense

[2026-07-28 22:33:16] [2026-07-29 01:55:49] 6

[2026-07-28 22:33:16] [2026-07-29 01:55:49] 10

[2026-07-28 22:33:16] [2026-07-29 01:57:18] aspirate

[2026-07-28 22:33:16] [2026-07-29 01:57:18] 7

[2026-07-28 22:33:16] [2026-07-29 01:57:18] 10

[2026-07-28 22:33:16] [2026-07-29 01:59:37] dispense

[2026-07-28 22:33:16] [2026-07-29 01:59:37] 7

[2026-07-28 22:33:16] [2026-07-29 01:59:37] 10

[2026-07-28 22:33:16] [2026-07-29 02:01:06] aspirate

[2026-07-28 22:33:16] [2026-07-29 02:01:06] 8

[2026-07-28 22:33:16] [2026-07-29 02:01:06] 10

[2026-07-28 22:33:16] [2026-07-29 02:03:24] dispense

[2026-07-28 22:33:16] [2026-07-29 02:03:24] 8

[2026-07-28 22:33:16] [2026-07-29 02:03:24] 10

[2026-07-28 22:33:16] [2026-07-29 02:04:53] aspirate

[2026-07-28 22:33:16] [2026-07-29 02:04:53] 9

[2026-07-28 22:33:16] [2026-07-29 02:04:53] 10

[2026-07-28 22:33:16] [2026-07-29 02:07:28] dispense

[2026-07-28 22:33:16] [2026-07-29 02:07:28] 9

[2026-07-28 22:33:16] [2026-07-29 02:07:28] 10

[2026-07-28 22:33:16] [2026-07-29 02:07:28] 2291.7119954801165

[2026-07-28 22:33:16] [2026-07-29 02:14:19] entered if statement!!!

[2026-07-28 22:33:16] [2026-07-29 02:15:50] Joined both subprocesses.

[2026-07-28 22:33:16] [2026-07-29 02:16:39] Pullcast complete.

[2026-07-28 22:33:16] [2026-07-29 02:16:39] Nitrogen on.

[2026-07-28 22:33:16] [2026-07-29 02:17:52] Nitrogen off.

[2026-07-28 22:33:16] [2026-07-29 02:18:01] Membrane sitting in bath for 101 seconds.

[2026-07-28 22:33:16] [2026-07-29 02:18:11] Nitrogen cap has been put away.

[2026-07-28 22:33:16] [2026-07-29 02:18:26] Ring has been placed on the coupon.

[2026-07-28 22:33:16] [2026-07-29 02:30:09] Initial membrane picture taken.

[2026-07-28 22:33:16] [2026-07-29 02:30:29] Simulating compression tests.

[2026-07-28 22:33:16] [2026-07-29 02:31:23] Final membrane picture taken.

[2026-07-28 22:33:16] [2026-07-29 02:31:40] Coupon successfully discarded.

[2026-07-28 22:33:16] [2026-07-29 02:31:40] Cleaning knife

[2026-07-28 22:33:16] [2026-07-29 02:32:41] Knife cleaning finished.

[2026-07-28 22:33:16] [2026-07-29 02:33:25] Done

[2026-07-28 22:33:16] ── END PROTOCOL LOG ───────────────────────────────────────────────

[2026-07-28 22:33:16] 
[1/5] organising files...

[2026-07-28 22:33:16] [START] condition=21.0-2.5add-25degMix-5deg-60s-N2-101s

[2026-07-28 22:33:16] [2/5] processing pipeline for: 21.0-2.5add-25degMix-5deg-60s-N2-101s

[2026-07-28 22:33:35] [3/5] generating initial report...

[2026-07-28 22:33:35] [4/5] additive iteration mode — skipping active learning...

[2026-07-28 22:33:35]   JSON result: C:\Users\opentrons\Documents\Auto-Membranes\llm_result_21.0-2.5add-25degMix-5deg-60s-N2-101s.json

[2026-07-28 22:33:35] [5/5] next params: {'mixing_temp': 25, 'bath_temp': 5, 'pullcast_speed': 10, 'nitrogen': True, 'coupon_to_bath_wait_time': 60, 'nips_bath_wait_time': 101, 'polymer_wt': 21.0, 'additive_wt': 3.0, 'stock_metadata': {'polymer_stock_wt_percent': 21.0, 'additive_stock_polymer_wt_percent': 21.0, 'additive_stock_additive_wt_percent': 4.0}}

[2026-07-28 22:33:35] Python recieved!

[2026-07-28 22:33:35] Exact payload being sent: {"mixing_temp": 25, "bath_temp": 5, "pullcast_speed": 10, "nitrogen": true, "coupon_to_bath_wait_time": 60, "nips_bath_wait_time": 101, "polymer_wt": 21.0, "additive_wt": 3.0, "stock_metadata": {"polymer_stock_wt_percent": 21.0, "additive_stock_polymer_wt_percent": 21.0, "additive_stock_additive_wt_percent": 4.0}}

[2026-07-28 22:33:35] Opentrons response: Creating Membrane with following parameters: {"mixing_temp": 25, "bath_temp": 5, "pullcast_speed": 10, "nitrogen": true, "coupon_to_bath_wait_time": 60, "nips_bath_wait_time": 101, "polymer_wt": 21.0, "additive_wt": 3.0, "stock_metadata": {"polymer_stock_wt_percent": 21.0, "additive_stock_polymer_wt_percent": 21.0, "additive_stock_additive_wt_percent": 4.0}}

[2026-07-28 22:33:35] [DONE] 21.0-2.5add-25degMix-5deg-60s-N2-101s  elapsed=19.6s

[2026-07-28 23:56:38] Error: unable to take picture

[2026-07-28 23:57:53] Error: unable to take picture

[2026-07-28 23:59:55] ── PROTOCOL LOG (Opentrons) ────────────────────────────────────────

[2026-07-28 23:59:55] [2026-07-29 02:33:45] Recievied request for membrane with following parameters:

[2026-07-28 23:59:55] [2026-07-29 02:33:45] {'mixing_temp': 25, 'bath_temp': 5, 'pullcast_speed': 10, 'nitrogen': True, 'coupon_to_bath_wait_time': 60, 'nips_bath_wait_time': 101, 'polymer_wt': 21.0, 'additive_wt': 3.0, 'stock_metadata': {'polymer_stock_wt_percent': 21.0, 'additive_stock_polymer_wt_percent': 21.0, 'additive_stock_additive_wt_percent': 4.0}}

[2026-07-28 23:59:55] [2026-07-29 02:33:45] Bath chilling process started.

[2026-07-28 23:59:55] [2026-07-29 02:33:45] Simulating zero tests.

[2026-07-28 23:59:55] [2026-07-29 02:33:45] Beginning zero tests on coupons.

[2026-07-28 23:59:55] [2026-07-29 02:33:45] Opentrons process started.

[2026-07-28 23:59:55] [2026-07-29 02:33:45] 
Target recipe

[2026-07-28 23:59:55] [2026-07-29 02:33:45] -------------

[2026-07-28 23:59:55] [2026-07-29 02:33:45] Total volume:      1000.00 uL

[2026-07-28 23:59:55] [2026-07-29 02:33:45] Target polymer:    21 wt%

[2026-07-28 23:59:55] [2026-07-29 02:33:45] Target additive:   3 wt%

[2026-07-28 23:59:55] [2026-07-29 02:33:45] 
Required volumes

[2026-07-28 23:59:55] [2026-07-29 02:33:45] ----------------

[2026-07-28 23:59:55] [2026-07-29 02:33:45] Normal polymer stock:      253.00 uL

[2026-07-28 23:59:55] [2026-07-29 02:33:45] Polymer-additive stock:    747.00 uL

[2026-07-28 23:59:55] [2026-07-29 02:33:45] Pure solvent:              0.00 uL

[2026-07-28 23:59:55] [2026-07-29 02:33:45] Total:                     1000.00 uL

[2026-07-28 23:59:55] [2026-07-29 02:33:45] 
Final composition check

[2026-07-28 23:59:55] [2026-07-29 02:33:45] -----------------------

[2026-07-28 23:59:55] [2026-07-29 02:33:45] Polymer:    21.0000 wt%

[2026-07-28 23:59:55] [2026-07-29 02:33:45] Additive:   3.0016 wt%

[2026-07-28 23:59:55] [2026-07-29 02:33:45] Solvent:    75.9984 wt%

[2026-07-28 23:59:55] [2026-07-29 02:33:46] 4.87

[2026-07-28 23:59:55] [2026-07-29 02:33:47] 4.86

[2026-07-28 23:59:55] [2026-07-29 02:33:48] 4.84

[2026-07-28 23:59:55] [2026-07-29 02:33:49] 4.82

[2026-07-28 23:59:55] [2026-07-29 02:33:50] 4.81

[2026-07-28 23:59:55] [2026-07-29 02:33:51] 4.81

[2026-07-28 23:59:55] [2026-07-29 02:33:52] 4.8

[2026-07-28 23:59:55] [2026-07-29 02:33:53] 4.8

[2026-07-28 23:59:55] [2026-07-29 02:33:54] 4.79

[2026-07-28 23:59:55] [2026-07-29 02:33:55] 4.79

[2026-07-28 23:59:55] [2026-07-29 02:33:57] 4.79

[2026-07-28 23:59:55] [2026-07-29 02:33:58] 4.79

[2026-07-28 23:59:55] [2026-07-29 02:33:59] 4.79

[2026-07-28 23:59:55] [2026-07-29 02:34:00] 4.79

[2026-07-28 23:59:55] [2026-07-29 02:34:01] 4.8

[2026-07-28 23:59:55] [2026-07-29 02:34:02] 4.8

[2026-07-28 23:59:55] [2026-07-29 02:34:03] 4.81

[2026-07-28 23:59:55] [2026-07-29 02:34:04] 4.82

[2026-07-28 23:59:55] [2026-07-29 02:34:05] 4.83

[2026-07-28 23:59:55] [2026-07-29 02:34:07] 4.85

[2026-07-28 23:59:55] [2026-07-29 02:34:08] 4.87

[2026-07-28 23:59:55] [2026-07-29 02:34:09] 4.88

[2026-07-28 23:59:55] [2026-07-29 02:34:10] 4.9

[2026-07-28 23:59:55] [2026-07-29 02:34:36] Temperature set to 25.

[2026-07-28 23:59:55] [2026-07-29 02:39:26] entered if statement!!!

[2026-07-28 23:59:55] [2026-07-29 02:50:12] entered if statement!!!

[2026-07-28 23:59:55] [2026-07-29 02:57:25] aspirate

[2026-07-28 23:59:55] [2026-07-29 02:57:25] 0

[2026-07-28 23:59:55] [2026-07-29 02:57:25] 10

[2026-07-28 23:59:55] [2026-07-29 02:59:44] dispense

[2026-07-28 23:59:55] [2026-07-29 02:59:44] 0

[2026-07-28 23:59:55] [2026-07-29 02:59:44] 10

[2026-07-28 23:59:55] [2026-07-29 03:01:13] aspirate

[2026-07-28 23:59:55] [2026-07-29 03:01:13] 1

[2026-07-28 23:59:55] [2026-07-29 03:01:13] 10

[2026-07-28 23:59:55] [2026-07-29 03:03:31] dispense

[2026-07-28 23:59:55] [2026-07-29 03:03:31] 1

[2026-07-28 23:59:55] [2026-07-29 03:03:31] 10

[2026-07-28 23:59:55] [2026-07-29 03:05:00] aspirate

[2026-07-28 23:59:55] [2026-07-29 03:05:00] 2

[2026-07-28 23:59:55] [2026-07-29 03:05:00] 10

[2026-07-28 23:59:55] [2026-07-29 03:07:19] dispense

[2026-07-28 23:59:55] [2026-07-29 03:07:19] 2

[2026-07-28 23:59:55] [2026-07-29 03:07:19] 10

[2026-07-28 23:59:55] [2026-07-29 03:08:48] aspirate

[2026-07-28 23:59:55] [2026-07-29 03:08:48] 3

[2026-07-28 23:59:55] [2026-07-29 03:08:48] 10

[2026-07-28 23:59:55] [2026-07-29 03:11:06] dispense

[2026-07-28 23:59:55] [2026-07-29 03:11:06] 3

[2026-07-28 23:59:55] [2026-07-29 03:11:06] 10

[2026-07-28 23:59:55] [2026-07-29 03:12:35] aspirate

[2026-07-28 23:59:55] [2026-07-29 03:12:35] 4

[2026-07-28 23:59:55] [2026-07-29 03:12:35] 10

[2026-07-28 23:59:55] [2026-07-29 03:14:54] dispense

[2026-07-28 23:59:55] [2026-07-29 03:14:54] 4

[2026-07-28 23:59:55] [2026-07-29 03:14:54] 10

[2026-07-28 23:59:55] [2026-07-29 03:16:23] aspirate

[2026-07-28 23:59:55] [2026-07-29 03:16:23] 5

[2026-07-28 23:59:55] [2026-07-29 03:16:23] 10

[2026-07-28 23:59:55] [2026-07-29 03:18:41] dispense

[2026-07-28 23:59:55] [2026-07-29 03:18:41] 5

[2026-07-28 23:59:55] [2026-07-29 03:18:41] 10

[2026-07-28 23:59:55] [2026-07-29 03:20:10] aspirate

[2026-07-28 23:59:55] [2026-07-29 03:20:10] 6

[2026-07-28 23:59:55] [2026-07-29 03:20:10] 10

[2026-07-28 23:59:55] [2026-07-29 03:22:29] dispense

[2026-07-28 23:59:55] [2026-07-29 03:22:29] 6

[2026-07-28 23:59:55] [2026-07-29 03:22:29] 10

[2026-07-28 23:59:55] [2026-07-29 03:23:58] aspirate

[2026-07-28 23:59:55] [2026-07-29 03:23:58] 7

[2026-07-28 23:59:55] [2026-07-29 03:23:58] 10

[2026-07-28 23:59:55] [2026-07-29 03:26:16] dispense

[2026-07-28 23:59:55] [2026-07-29 03:26:16] 7

[2026-07-28 23:59:55] [2026-07-29 03:26:16] 10

[2026-07-28 23:59:55] [2026-07-29 03:27:45] aspirate

[2026-07-28 23:59:55] [2026-07-29 03:27:45] 8

[2026-07-28 23:59:55] [2026-07-29 03:27:45] 10

[2026-07-28 23:59:55] [2026-07-29 03:30:04] dispense

[2026-07-28 23:59:55] [2026-07-29 03:30:04] 8

[2026-07-28 23:59:55] [2026-07-29 03:30:04] 10

[2026-07-28 23:59:55] [2026-07-29 03:31:33] aspirate

[2026-07-28 23:59:55] [2026-07-29 03:31:33] 9

[2026-07-28 23:59:55] [2026-07-29 03:31:33] 10

[2026-07-28 23:59:55] [2026-07-29 03:34:07] dispense

[2026-07-28 23:59:55] [2026-07-29 03:34:07] 9

[2026-07-28 23:59:55] [2026-07-29 03:34:07] 10

[2026-07-28 23:59:55] [2026-07-29 03:34:07] 2291.76869449066

[2026-07-28 23:59:55] [2026-07-29 03:40:59] entered if statement!!!

[2026-07-28 23:59:55] [2026-07-29 03:42:30] Joined both subprocesses.

[2026-07-28 23:59:55] [2026-07-29 03:43:19] Pullcast complete.

[2026-07-28 23:59:55] [2026-07-29 03:43:19] Nitrogen on.

[2026-07-28 23:59:55] [2026-07-29 03:44:32] Nitrogen off.

[2026-07-28 23:59:55] [2026-07-29 03:44:41] Membrane sitting in bath for 101 seconds.

[2026-07-28 23:59:55] [2026-07-29 03:44:51] Nitrogen cap has been put away.

[2026-07-28 23:59:55] [2026-07-29 03:45:06] Ring has been placed on the coupon.

[2026-07-28 23:59:55] [2026-07-29 03:56:48] Initial membrane picture taken.

[2026-07-28 23:59:55] [2026-07-29 03:57:09] Simulating compression tests.

[2026-07-28 23:59:55] [2026-07-29 03:58:03] Final membrane picture taken.

[2026-07-28 23:59:55] [2026-07-29 03:58:20] Coupon successfully discarded.

[2026-07-28 23:59:55] [2026-07-29 03:58:20] Cleaning knife

[2026-07-28 23:59:55] [2026-07-29 03:59:21] Knife cleaning finished.

[2026-07-28 23:59:55] [2026-07-29 04:00:05] Done

[2026-07-28 23:59:55] ── END PROTOCOL LOG ───────────────────────────────────────────────

[2026-07-28 23:59:55] 
[1/5] organising files...

[2026-07-28 23:59:55] [START] condition=21.0-3.0add-25degMix-5deg-60s-N2-101s

[2026-07-28 23:59:55] [2/5] processing pipeline for: 21.0-3.0add-25degMix-5deg-60s-N2-101s

[2026-07-29 00:00:32] [3/5] generating initial report...

[2026-07-29 00:00:32] [4/5] additive iteration mode — skipping active learning...

[2026-07-29 00:00:32]   JSON result: C:\Users\opentrons\Documents\Auto-Membranes\llm_result_21.0-3.0add-25degMix-5deg-60s-N2-101s.json

[2026-07-29 00:00:32] [5/5] next params: {'mixing_temp': 25, 'bath_temp': 5, 'pullcast_speed': 10, 'nitrogen': True, 'coupon_to_bath_wait_time': 60, 'nips_bath_wait_time': 101, 'polymer_wt': 21.0, 'additive_wt': 3.5, 'stock_metadata': {'polymer_stock_wt_percent': 21.0, 'additive_stock_polymer_wt_percent': 21.0, 'additive_stock_additive_wt_percent': 4.0}}

[2026-07-29 00:00:32] Python recieved!

[2026-07-29 00:00:32] Exact payload being sent: {"mixing_temp": 25, "bath_temp": 5, "pullcast_speed": 10, "nitrogen": true, "coupon_to_bath_wait_time": 60, "nips_bath_wait_time": 101, "polymer_wt": 21.0, "additive_wt": 3.5, "stock_metadata": {"polymer_stock_wt_percent": 21.0, "additive_stock_polymer_wt_percent": 21.0, "additive_stock_additive_wt_percent": 4.0}}

[2026-07-29 00:00:32] Opentrons response: Creating Membrane with following parameters: {"mixing_temp": 25, "bath_temp": 5, "pullcast_speed": 10, "nitrogen": true, "coupon_to_bath_wait_time": 60, "nips_bath_wait_time": 101, "polymer_wt": 21.0, "additive_wt": 3.5, "stock_metadata": {"polymer_stock_wt_percent": 21.0, "additive_stock_polymer_wt_percent": 21.0, "additive_stock_additive_wt_percent": 4.0}}

[2026-07-29 00:00:32] [DONE] 21.0-3.0add-25degMix-5deg-60s-N2-101s  elapsed=37.2s

[2026-07-29 01:23:34] Error: unable to take picture

[2026-07-29 01:24:48] Error: unable to take picture

[2026-07-29 01:26:51] ── PROTOCOL LOG (Opentrons) ────────────────────────────────────────

[2026-07-29 01:26:51] [2026-07-29 04:00:42] Recievied request for membrane with following parameters:

[2026-07-29 01:26:51] [2026-07-29 04:00:42] {'mixing_temp': 25, 'bath_temp': 5, 'pullcast_speed': 10, 'nitrogen': True, 'coupon_to_bath_wait_time': 60, 'nips_bath_wait_time': 101, 'polymer_wt': 21.0, 'additive_wt': 3.5, 'stock_metadata': {'polymer_stock_wt_percent': 21.0, 'additive_stock_polymer_wt_percent': 21.0, 'additive_stock_additive_wt_percent': 4.0}}

[2026-07-29 01:26:51] [2026-07-29 04:00:42] Bath chilling process started.

[2026-07-29 01:26:51] [2026-07-29 04:00:42] Simulating zero tests.

[2026-07-29 01:26:51] [2026-07-29 04:00:42] Beginning zero tests on coupons.

[2026-07-29 01:26:51] [2026-07-29 04:00:42] Opentrons process started.

[2026-07-29 01:26:51] [2026-07-29 04:00:42] 
Target recipe

[2026-07-29 01:26:51] [2026-07-29 04:00:42] -------------

[2026-07-29 01:26:51] [2026-07-29 04:00:42] Total volume:      1000.00 uL

[2026-07-29 01:26:51] [2026-07-29 04:00:42] Target polymer:    21 wt%

[2026-07-29 01:26:51] [2026-07-29 04:00:42] Target additive:   3.5 wt%

[2026-07-29 01:26:51] [2026-07-29 04:00:42] 
Required volumes

[2026-07-29 01:26:51] [2026-07-29 04:00:42] ----------------

[2026-07-29 01:26:51] [2026-07-29 04:00:42] Normal polymer stock:      127.00 uL

[2026-07-29 01:26:51] [2026-07-29 04:00:42] Polymer-additive stock:    873.00 uL

[2026-07-29 01:26:51] [2026-07-29 04:00:42] Pure solvent:              0.00 uL

[2026-07-29 01:26:51] [2026-07-29 04:00:42] Total:                     1000.00 uL

[2026-07-29 01:26:51] [2026-07-29 04:00:42] 
Final composition check

[2026-07-29 01:26:51] [2026-07-29 04:00:42] -----------------------

[2026-07-29 01:26:51] [2026-07-29 04:00:42] Polymer:    21.0000 wt%

[2026-07-29 01:26:51] [2026-07-29 04:00:42] Additive:   3.4999 wt%

[2026-07-29 01:26:51] [2026-07-29 04:00:42] Solvent:    75.5001 wt%

[2026-07-29 01:26:51] [2026-07-29 04:00:43] 4.73

[2026-07-29 01:26:51] [2026-07-29 04:00:44] 4.72

[2026-07-29 01:26:51] [2026-07-29 04:00:45] 4.72

[2026-07-29 01:26:51] [2026-07-29 04:00:46] 4.71

[2026-07-29 01:26:51] [2026-07-29 04:00:47] 4.7

[2026-07-29 01:26:51] [2026-07-29 04:00:48] 4.7

[2026-07-29 01:26:51] [2026-07-29 04:00:49] 4.69

[2026-07-29 01:26:51] [2026-07-29 04:00:51] 4.68

[2026-07-29 01:26:51] [2026-07-29 04:00:52] 4.68

[2026-07-29 01:26:51] [2026-07-29 04:00:53] 4.68

[2026-07-29 01:26:51] [2026-07-29 04:00:54] 4.68

[2026-07-29 01:26:51] [2026-07-29 04:00:55] 4.69

[2026-07-29 01:26:51] [2026-07-29 04:00:56] 4.7

[2026-07-29 01:26:51] [2026-07-29 04:00:57] 4.71

[2026-07-29 01:26:51] [2026-07-29 04:00:58] 4.72

[2026-07-29 01:26:51] [2026-07-29 04:00:59] 4.74

[2026-07-29 01:26:51] [2026-07-29 04:01:01] 4.76

[2026-07-29 01:26:51] [2026-07-29 04:01:02] 4.78

[2026-07-29 01:26:51] [2026-07-29 04:01:03] 4.8

[2026-07-29 01:26:51] [2026-07-29 04:01:04] 4.83

[2026-07-29 01:26:51] [2026-07-29 04:01:05] 4.85

[2026-07-29 01:26:51] [2026-07-29 04:01:06] 4.88

[2026-07-29 01:26:51] [2026-07-29 04:01:32] Temperature set to 25.

[2026-07-29 01:26:51] [2026-07-29 04:07:08] entered if statement!!!

[2026-07-29 01:26:51] [2026-07-29 04:17:54] entered if statement!!!

[2026-07-29 01:26:51] [2026-07-29 04:24:21] aspirate

[2026-07-29 01:26:51] [2026-07-29 04:24:21] 0

[2026-07-29 01:26:51] [2026-07-29 04:24:21] 10

[2026-07-29 01:26:51] [2026-07-29 04:26:40] dispense

[2026-07-29 01:26:51] [2026-07-29 04:26:40] 0

[2026-07-29 01:26:51] [2026-07-29 04:26:40] 10

[2026-07-29 01:26:51] [2026-07-29 04:28:09] aspirate

[2026-07-29 01:26:51] [2026-07-29 04:28:09] 1

[2026-07-29 01:26:51] [2026-07-29 04:28:09] 10

[2026-07-29 01:26:51] [2026-07-29 04:30:27] dispense

[2026-07-29 01:26:51] [2026-07-29 04:30:27] 1

[2026-07-29 01:26:51] [2026-07-29 04:30:27] 10

[2026-07-29 01:26:51] [2026-07-29 04:31:56] aspirate

[2026-07-29 01:26:51] [2026-07-29 04:31:56] 2

[2026-07-29 01:26:51] [2026-07-29 04:31:56] 10

[2026-07-29 01:26:51] [2026-07-29 04:34:15] dispense

[2026-07-29 01:26:51] [2026-07-29 04:34:15] 2

[2026-07-29 01:26:51] [2026-07-29 04:34:15] 10

[2026-07-29 01:26:51] [2026-07-29 04:35:44] aspirate

[2026-07-29 01:26:51] [2026-07-29 04:35:44] 3

[2026-07-29 01:26:51] [2026-07-29 04:35:44] 10

[2026-07-29 01:26:51] [2026-07-29 04:38:02] dispense

[2026-07-29 01:26:51] [2026-07-29 04:38:02] 3

[2026-07-29 01:26:51] [2026-07-29 04:38:02] 10

[2026-07-29 01:26:51] [2026-07-29 04:39:31] aspirate

[2026-07-29 01:26:51] [2026-07-29 04:39:31] 4

[2026-07-29 01:26:51] [2026-07-29 04:39:31] 10

[2026-07-29 01:26:51] [2026-07-29 04:41:50] dispense

[2026-07-29 01:26:51] [2026-07-29 04:41:50] 4

[2026-07-29 01:26:51] [2026-07-29 04:41:50] 10

[2026-07-29 01:26:51] [2026-07-29 04:43:19] aspirate

[2026-07-29 01:26:51] [2026-07-29 04:43:19] 5

[2026-07-29 01:26:51] [2026-07-29 04:43:19] 10

[2026-07-29 01:26:51] [2026-07-29 04:45:38] dispense

[2026-07-29 01:26:51] [2026-07-29 04:45:38] 5

[2026-07-29 01:26:51] [2026-07-29 04:45:38] 10

[2026-07-29 01:26:51] [2026-07-29 04:47:06] aspirate

[2026-07-29 01:26:51] [2026-07-29 04:47:06] 6

[2026-07-29 01:26:51] [2026-07-29 04:47:06] 10

[2026-07-29 01:26:51] [2026-07-29 04:49:25] dispense

[2026-07-29 01:26:51] [2026-07-29 04:49:25] 6

[2026-07-29 01:26:51] [2026-07-29 04:49:25] 10

[2026-07-29 01:26:51] [2026-07-29 04:50:54] aspirate

[2026-07-29 01:26:51] [2026-07-29 04:50:54] 7

[2026-07-29 01:26:51] [2026-07-29 04:50:54] 10

[2026-07-29 01:26:51] [2026-07-29 04:53:13] dispense

[2026-07-29 01:26:51] [2026-07-29 04:53:13] 7

[2026-07-29 01:26:51] [2026-07-29 04:53:13] 10

[2026-07-29 01:26:51] [2026-07-29 04:54:42] aspirate

[2026-07-29 01:26:51] [2026-07-29 04:54:42] 8

[2026-07-29 01:26:51] [2026-07-29 04:54:42] 10

[2026-07-29 01:26:51] [2026-07-29 04:57:00] dispense

[2026-07-29 01:26:51] [2026-07-29 04:57:00] 8

[2026-07-29 01:26:51] [2026-07-29 04:57:00] 10

[2026-07-29 01:26:51] [2026-07-29 04:58:29] aspirate

[2026-07-29 01:26:51] [2026-07-29 04:58:29] 9

[2026-07-29 01:26:51] [2026-07-29 04:58:29] 10

[2026-07-29 01:26:51] [2026-07-29 05:01:04] dispense

[2026-07-29 01:26:51] [2026-07-29 05:01:04] 9

[2026-07-29 01:26:51] [2026-07-29 05:01:04] 10

[2026-07-29 01:26:51] [2026-07-29 05:01:04] 2291.629449542146

[2026-07-29 01:26:51] [2026-07-29 05:07:55] entered if statement!!!

[2026-07-29 01:26:51] [2026-07-29 05:09:26] Joined both subprocesses.

[2026-07-29 01:26:51] [2026-07-29 05:10:15] Pullcast complete.

[2026-07-29 01:26:51] [2026-07-29 05:10:15] Nitrogen on.

[2026-07-29 01:26:51] [2026-07-29 05:11:28] Nitrogen off.

[2026-07-29 01:26:51] [2026-07-29 05:11:37] Membrane sitting in bath for 101 seconds.

[2026-07-29 01:26:51] [2026-07-29 05:11:47] Nitrogen cap has been put away.

[2026-07-29 01:26:51] [2026-07-29 05:12:02] Ring has been placed on the coupon.

[2026-07-29 01:26:51] [2026-07-29 05:23:45] Initial membrane picture taken.

[2026-07-29 01:26:51] [2026-07-29 05:24:05] Simulating compression tests.

[2026-07-29 01:26:51] [2026-07-29 05:24:59] Final membrane picture taken.

[2026-07-29 01:26:51] [2026-07-29 05:25:16] Coupon successfully discarded.

[2026-07-29 01:26:51] [2026-07-29 05:25:16] Cleaning knife

[2026-07-29 01:26:51] [2026-07-29 05:26:16] Knife cleaning finished.

[2026-07-29 01:26:51] [2026-07-29 05:27:01] Done

[2026-07-29 01:26:51] ── END PROTOCOL LOG ───────────────────────────────────────────────

[2026-07-29 01:26:51] 
[1/5] organising files...

[2026-07-29 01:26:51] [START] condition=21.0-3.5add-25degMix-5deg-60s-N2-101s

[2026-07-29 01:26:51] [2/5] processing pipeline for: 21.0-3.5add-25degMix-5deg-60s-N2-101s

[2026-07-29 01:27:03] [3/5] generating initial report...

[2026-07-29 01:27:03] [4/5] additive iteration mode — skipping active learning...

[2026-07-29 01:27:03]   JSON result: C:\Users\opentrons\Documents\Auto-Membranes\llm_result_21.0-3.5add-25degMix-5deg-60s-N2-101s.json

[2026-07-29 01:27:03] [5/5] next params: {'mixing_temp': 25, 'bath_temp': 5, 'pullcast_speed': 10, 'nitrogen': True, 'coupon_to_bath_wait_time': 60, 'nips_bath_wait_time': 101, 'polymer_wt': 21.0, 'additive_wt': 4.0, 'stock_metadata': {'polymer_stock_wt_percent': 21.0, 'additive_stock_polymer_wt_percent': 21.0, 'additive_stock_additive_wt_percent': 4.0}}

[2026-07-29 01:27:03] Python recieved!

[2026-07-29 01:27:03] Exact payload being sent: {"mixing_temp": 25, "bath_temp": 5, "pullcast_speed": 10, "nitrogen": true, "coupon_to_bath_wait_time": 60, "nips_bath_wait_time": 101, "polymer_wt": 21.0, "additive_wt": 4.0, "stock_metadata": {"polymer_stock_wt_percent": 21.0, "additive_stock_polymer_wt_percent": 21.0, "additive_stock_additive_wt_percent": 4.0}}

[2026-07-29 01:27:03] Opentrons response: Creating Membrane with following parameters: {"mixing_temp": 25, "bath_temp": 5, "pullcast_speed": 10, "nitrogen": true, "coupon_to_bath_wait_time": 60, "nips_bath_wait_time": 101, "polymer_wt": 21.0, "additive_wt": 4.0, "stock_metadata": {"polymer_stock_wt_percent": 21.0, "additive_stock_polymer_wt_percent": 21.0, "additive_stock_additive_wt_percent": 4.0}}

[2026-07-29 01:27:03] [DONE] 21.0-3.5add-25degMix-5deg-60s-N2-101s  elapsed=11.9s

[2026-07-29 01:50:39] Error: unable to take picture

[2026-07-29 01:51:53] Error: unable to take picture

[2026-07-29 01:53:55] ── PROTOCOL LOG (Opentrons) ────────────────────────────────────────

[2026-07-29 01:53:55] [2026-07-29 05:27:13] Recievied request for membrane with following parameters:

[2026-07-29 01:53:55] [2026-07-29 05:27:13] {'mixing_temp': 25, 'bath_temp': 5, 'pullcast_speed': 10, 'nitrogen': True, 'coupon_to_bath_wait_time': 60, 'nips_bath_wait_time': 101, 'polymer_wt': 21.0, 'additive_wt': 4.0, 'stock_metadata': {'polymer_stock_wt_percent': 21.0, 'additive_stock_polymer_wt_percent': 21.0, 'additive_stock_additive_wt_percent': 4.0}}

[2026-07-29 01:53:55] [2026-07-29 05:27:13] Bath chilling process started.

[2026-07-29 01:53:55] [2026-07-29 05:27:13] Simulating zero tests.

[2026-07-29 01:53:55] [2026-07-29 05:27:13] Beginning zero tests on coupons.

[2026-07-29 01:53:55] [2026-07-29 05:27:13] Opentrons process started.

[2026-07-29 01:53:55] [2026-07-29 05:27:13] 
Target recipe

[2026-07-29 01:53:55] [2026-07-29 05:27:13] -------------

[2026-07-29 01:53:55] [2026-07-29 05:27:13] Total volume:      1000.00 uL

[2026-07-29 01:53:55] [2026-07-29 05:27:13] Target polymer:    21 wt%

[2026-07-29 01:53:55] [2026-07-29 05:27:13] Target additive:   4 wt%

[2026-07-29 01:53:55] [2026-07-29 05:27:13] 
Required volumes

[2026-07-29 01:53:55] [2026-07-29 05:27:13] ----------------

[2026-07-29 01:53:55] [2026-07-29 05:27:13] Normal polymer stock:      0.00 uL

[2026-07-29 01:53:55] [2026-07-29 05:27:13] Polymer-additive stock:    1000.00 uL

[2026-07-29 01:53:55] [2026-07-29 05:27:13] Pure solvent:              0.00 uL

[2026-07-29 01:53:55] [2026-07-29 05:27:13] Total:                     1000.00 uL

[2026-07-29 01:53:55] [2026-07-29 05:27:13] 
Final composition check

[2026-07-29 01:53:55] [2026-07-29 05:27:13] -----------------------

[2026-07-29 01:53:55] [2026-07-29 05:27:13] Polymer:    21.0000 wt%

[2026-07-29 01:53:55] [2026-07-29 05:27:13] Additive:   4.0000 wt%

[2026-07-29 01:53:55] [2026-07-29 05:27:13] Solvent:    75.0000 wt%

[2026-07-29 01:53:55] [2026-07-29 05:27:13] Solution will be pulled from additive bottle.

[2026-07-29 01:53:55] [2026-07-29 05:34:12] entered if statement!!!

[2026-07-29 01:53:55] [2026-07-29 05:36:30] Joined both subprocesses.

[2026-07-29 01:53:55] [2026-07-29 05:37:19] Pullcast complete.

[2026-07-29 01:53:55] [2026-07-29 05:37:19] Nitrogen on.

[2026-07-29 01:53:55] [2026-07-29 05:38:32] Nitrogen off.

[2026-07-29 01:53:55] [2026-07-29 05:38:41] Membrane sitting in bath for 101 seconds.

[2026-07-29 01:53:55] [2026-07-29 05:38:51] Nitrogen cap has been put away.

[2026-07-29 01:53:55] [2026-07-29 05:39:06] Ring has been placed on the coupon.

[2026-07-29 01:53:55] [2026-07-29 05:50:49] Initial membrane picture taken.

[2026-07-29 01:53:55] [2026-07-29 05:51:09] Simulating compression tests.

[2026-07-29 01:53:55] [2026-07-29 05:52:03] Final membrane picture taken.

[2026-07-29 01:53:55] [2026-07-29 05:52:20] Coupon successfully discarded.

[2026-07-29 01:53:55] [2026-07-29 05:52:20] Cleaning knife

[2026-07-29 01:53:55] [2026-07-29 05:53:21] Knife cleaning finished.

[2026-07-29 01:53:55] [2026-07-29 05:54:05] Done

[2026-07-29 01:53:55] ── END PROTOCOL LOG ───────────────────────────────────────────────

[2026-07-29 01:53:55] 
[1/5] organising files...

[2026-07-29 01:53:55] [START] condition=21.0-4.0add-25degMix-5deg-60s-N2-101s

[2026-07-29 01:53:55] [2/5] processing pipeline for: 21.0-4.0add-25degMix-5deg-60s-N2-101s

[2026-07-29 01:55:31] [3/5] generating initial report...

[2026-07-29 01:55:31] [4/5] additive iteration mode — skipping active learning...

[2026-07-29 01:55:31] [ITERATE] all 9 additive amounts exhausted — no more experiments to send

[2026-07-29 16:26:57] 
stopping server...

